--------- beginning of system
12-13 23:13:52.973  2510  2793 I AppEyeFwkBlock: do monitor
12-13 23:13:54.475  2510  7840 W ProcessStats: Tracking association SourceState{1807dde com.resultmarketing.whatscard/10366 BTop #1968975} whose proc state 2 is better than process ProcessState{3b16654 com.android.vending/10154 pkg=com.android.vending} proc state 14 (4 skipped)
12-13 23:13:55.545  2510  4682 I HwBatteryService: power_ui state= 1 mQuickChargeStatus=1
12-13 23:13:55.545  2510  4682 I HwBatteryService: handleWirelessTxStatus
12-13 23:13:55.545  2510  4682 I HwBatteryService: switch not open, return, mWirelessTxFlag : 0
12-13 23:13:55.545  2510  4682 W HwBatteryService: need return. Invalid value: -1
12-13 23:13:55.546  2510  4682 D HwBatteryService: setHwChargeTimeRemaining, time = -1 String time: -1
12-13 23:13:55.556  2510  7840 I BatteryService: Processing new values: info={chargerAcOnline=false,chargerUsbOnline=true,chargerWirelessOnline=false,maxChargingCurrent=500000,maxChargingVoltage=5000000,batteryStatus=2=CHARGING,batteryHealth=2=GOOD,batteryPresent=true,batteryLevel=72,batteryVoltage=4131,batteryTemperature=327,batteryFullCharge=6589000,batteryChargeCounter=3500000,batteryTechnology=Unknown,batteryCapacityLevel=3=NORMAL,chargerDockOnline=false}, mBatteryLevelCritical=false, mPlugType=2, mLastPlugType=2
12-13 23:13:55.557  2510  7840 I BatteryService: check conditions changed
12-13 23:13:55.561  2510  7840 I BatteryService: Processing new values: info={chargerAcOnline=false,chargerUsbOnline=true,chargerWirelessOnline=false,maxChargingCurrent=500000,maxChargingVoltage=5000000,batteryStatus=2=CHARGING,batteryHealth=2=GOOD,batteryPresent=true,batteryLevel=72,batteryVoltage=4131,batteryTemperature=327,batteryFullCharge=6589000,batteryChargeCounter=3500000,batteryTechnology=Unknown,batteryCapacityLevel=3=NORMAL,chargerDockOnline=false}, mBatteryLevelCritical=false, mPlugType=2, mLastPlugType=2
12-13 23:13:55.561  2510  7840 I BatteryService: check conditions changed
12-13 23:13:58.973  2510  2793 I AppEyeFwkBlock: do monitor
12-13 23:13:59.642  2510  4823 I ActivityManager: sendIntentSender target:PendingIntentRecord{88f9c9e android broadcastIntent}, intent:flg=0x4 hwFlg=0x110
12-13 23:13:59.645  2510  4823 I PowerManagerService: wakeLock.mDisabled:false, mDeviceIdleMode:false, mProcState:0
12-13 23:13:59.645  2510  4823 I PowerManagerService: need acquire WakeLockSuspendBlocker
12-13 23:13:59.646  2510  4823 I PowerManagerService: Acquiring suspend blocker "PowerManagerService.WakeLocks".
12-13 23:13:59.653  2510  2879 D ActivityManager: sync unfroze 18263 com.hihonor.coauthservice for 10
12-13 23:13:59.658  2510  2879 D ActivityManager: sync unfroze 16627 com.hihonor.searchservice for 10
12-13 23:13:59.661  2510  2879 D ActivityManager: sync unfroze 16664 com.hihonor.systemmanager:security_scan for 10
12-13 23:13:59.663  2510  2879 D ActivityManager: sync unfroze 16745 com.hihonor.securitypluginbase:service for 10
12-13 23:13:59.666  2510  2879 D ActivityManager: sync unfroze 5325 com.hihonor.systemmanager for 10
12-13 23:13:59.667  2510  2879 D ActivityManager: sync unfroze 16486 com.android.keychain for 10
12-13 23:13:59.669  2510  2510 W ContextImpl: Calling a method in the system process without a qualified user: android.app.ContextImpl.sendBroadcast:1380 com.android.server.GcmFixer.HeartbeatReceiver.onReceive:31 android.app.LoadedApk$ReceiverDispatcher$Args$ReceiverRunnable.run:2016 android.os.Handler.handleCallback:997 android.os.Handler.dispatchMessage:111 
12-13 23:13:59.671  2510  2510 W ContextImpl: Calling a method in the system process without a qualified user: android.app.ContextImpl.sendBroadcast:1380 com.android.server.GcmFixer.HeartbeatReceiver.onReceive:32 android.app.LoadedApk$ReceiverDispatcher$Args$ReceiverRunnable.run:2016 android.os.Handler.handleCallback:997 android.os.Handler.dispatchMessage:111 
12-13 23:13:59.673  2510  2510 I HeartbeatReceiver: Sent heartbeat request...
12-13 23:13:59.673  2510  2510 I GcmHeartBeatFixer: scheduleHeartbeatRequest, fromNetworkStateChange: false
12-13 23:13:59.674  2510  2510 I GcmHeartBeatFixer: currentTime: 1765638839674 elapsedTime:2226300034 targetElapsedTime:2226600000 triggerAtMillis:1765639139640 diff:299966
12-13 23:13:59.674  2510  2510 I GcmHeartBeatFixer: setNextHeartbeatRequest at: 2025-12-13 11:18:59
12-13 23:13:59.679  2510  2510 I PowerManagerService: need release WakeLockSuspendBlocker
12-13 23:13:59.679  2510  2510 I PowerManagerService: Releasing suspend blocker "PowerManagerService.WakeLocks".
12-13 23:14:00.002  2510  4823 I PowerManagerService: wakeLock.mDisabled:false, mDeviceIdleMode:false, mProcState:0
12-13 23:14:00.003  2510  4823 I PowerManagerService: need acquire WakeLockSuspendBlocker
12-13 23:14:00.003  2510  4823 I PowerManagerService: Acquiring suspend blocker "PowerManagerService.WakeLocks".
12-13 23:14:00.009  2510  2510 I PowerManagerService: need release WakeLockSuspendBlocker
12-13 23:14:00.009  2510  2510 I PowerManagerService: Releasing suspend blocker "PowerManagerService.WakeLocks".
12-13 23:14:00.193  2510  7022 I PowerManagerService: wakeLock.mDisabled:false, mDeviceIdleMode:false, mProcState:3
12-13 23:14:00.194  2510  7022 I PowerManagerService: need acquire WakeLockSuspendBlocker
12-13 23:14:00.194  2510  7022 I PowerManagerService: Acquiring suspend blocker "PowerManagerService.WakeLocks".
12-13 23:14:00.210  2510  7022 I PowerManagerService: wakeLock.mDisabled:false, mDeviceIdleMode:false, mProcState:3
12-13 23:14:00.225  2510  7022 I AlarmManager: remove alarm reason:1 alarms:[Alarm{1361a8e type 2 origWhen 2226731780 whenElapsed 2226731780 PendingIntent{b81e7b4: PendingIntentRecord{ed3c758 com.google.android.gms/com.google.android.gms.gcm broadcastIntent}} com.google.android.gms procName com.google.android.gms.persistent}]
12-13 23:14:00.239  2510  7022 I PowerManagerService: need release WakeLockSuspendBlocker
12-13 23:14:00.240  2510  7022 I PowerManagerService: Releasing suspend blocker "PowerManagerService.WakeLocks".
12-13 23:14:00.246  2510  7022 I PowerManagerService: wakeLock.mDisabled:false, mDeviceIdleMode:false, mProcState:3
12-13 23:14:00.247  2510  7022 I PowerManagerService: need acquire WakeLockSuspendBlocker
12-13 23:14:00.247  2510  7022 I PowerManagerService: Acquiring suspend blocker "PowerManagerService.WakeLocks".
12-13 23:14:00.250  2510  7022 I PowerManagerService: wakeLock.mDisabled:false, mDeviceIdleMode:false, mProcState:3
12-13 23:14:00.267  2510  7022 I AlarmManager: remove alarm reason:1 alarms:[Alarm{c54dacb type 2 origWhen 2226360586 whenElapsed 2226360586 PendingIntent{7f4c2af: PendingIntentRecord{ed3c758 com.google.android.gms/com.google.android.gms.gcm broadcastIntent}} com.google.android.gms procName com.google.android.gms.persistent}]
12-13 23:14:00.274  2510  7022 I PowerManagerService: need release WakeLockSuspendBlocker
12-13 23:14:00.274  2510  7022 I PowerManagerService: Releasing suspend blocker "PowerManagerService.WakeLocks".
12-13 23:14:00.530  2510  2795 W Watchdog: waitState=[0] waitedHalf=[false]
12-13 23:14:00.530  2510  2795 W Watchdog: watchdogKick kickCounter=[150]
12-13 23:14:03.721  2510  4682 I HwBatteryService: power_ui state= 1 mQuickChargeStatus=1
12-13 23:14:03.721  2510  4682 I HwBatteryService: handleWirelessTxStatus
12-13 23:14:03.722  2510  4682 I HwBatteryService: switch not open, return, mWirelessTxFlag : 0
12-13 23:14:03.722  2510  4682 W HwBatteryService: need return. Invalid value: -1
12-13 23:14:03.722  2510  4682 D HwBatteryService: setHwChargeTimeRemaining, time = -1 String time: -1
12-13 23:14:03.733  2510  7022 I BatteryService: Processing new values: info={chargerAcOnline=false,chargerUsbOnline=true,chargerWirelessOnline=false,maxChargingCurrent=500000,maxChargingVoltage=5000000,batteryStatus=2=CHARGING,batteryHealth=2=GOOD,batteryPresent=true,batteryLevel=72,batteryVoltage=4132,batteryTemperature=327,batteryFullCharge=6589000,batteryChargeCounter=3500000,batteryTechnology=Unknown,batteryCapacityLevel=3=NORMAL,chargerDockOnline=false}, mBatteryLevelCritical=false, mPlugType=2, mLastPlugType=2
12-13 23:14:03.734  2510  7022 I BatteryService: check conditions changed
12-13 23:14:03.738  2510  7022 I BatteryService: Processing new values: info={chargerAcOnline=false,chargerUsbOnline=true,chargerWirelessOnline=false,maxChargingCurrent=500000,maxChargingVoltage=5000000,batteryStatus=2=CHARGING,batteryHealth=2=GOOD,batteryPresent=true,batteryLevel=72,batteryVoltage=4132,batteryTemperature=327,batteryFullCharge=6589000,batteryChargeCounter=3500000,batteryTechnology=Unknown,batteryCapacityLevel=3=NORMAL,chargerDockOnline=false}, mBatteryLevelCritical=false, mPlugType=2, mLastPlugType=2
12-13 23:14:03.739  2510  7022 I BatteryService: check conditions changed
12-13 23:14:04.793  2510  3143 I PowerManagerService: UL_Power mReadyToBgReport: true
12-13 23:14:04.793  2510  3143 I HwPowerManagerService: UL_Power Screen timeout occured. mStayOn = false, mProximityPositive = false, mWakeLockSummary = 0x0, mUserActivitySummary = 0x0, powerGroupWakeLockSummary = 0x0, powerGroupUserActivitySummary = 0x2, mScreenBrightnessBoostInProgress = false
12-13 23:14:04.811  2510  3143 I DisplayPowerController[0]: Want screen on.
12-13 23:14:04.812  2510  3143 I HwNormalizedAutomaticBrightnessController: isLightSensorEnabled=falsemLightSensorEnabledfalse
12-13 23:14:04.817  2510  3143 I DisplayPowerController[0]: mAutomaticBrightnessController.configure start enter from there.brightnessState=NaN
12-13 23:14:04.817  2510  3143 I HwNormalizedRampAnimator: useHealthEyeAnimationTimeEnable=true
12-13 23:14:04.818  2510  3143 E HwNormalizedAutomaticBrightnessController: mDarkAdaptDetector is null, dark adapt may not enable
12-13 23:14:04.818  2510  3143 D HwNormalizedRampAnimator: darkAdaptDimmingMode: 0
12-13 23:14:04.819  2510  3143 I DisplayDimModifier: Dim brightness= 0.05
12-13 23:14:04.819  2510  3143 I HwNormalizedManualBrightnessController[0]: sdr brightness =12.75
12-13 23:14:04.819  2510  3143 I DisplayPowerController[0]: Animating brightness: target=0.05, rate=0.7058824, newTarget=0.05, newSdrTarget=0.05, newLocalTarget=0.05, brightnessFloat255=12.75, AutoBrightnessEnable=false, mDisplayStatePolicy: 2
12-13 23:14:04.823  2510  3143 V DisplayPowerController[0]: Brightness [0.05] reason changing to: 'manual [ dim ]', previous reason: 'manual'.
12-13 23:14:04.823  2510  3143 I DisplayPowerController[0]: BrightnessEvent: disp=0, physDisp=local:4630946507567894145, displayState=ON, displayPolicy=DIM, brt=0.05, initBrt=0.24465968, rcmdBrt=NaN, preBrt=NaN, lux=0.0, preLux=0.0, hbmMax=1.0, hbmMode=off, rbcStrength=50, thrmMax=1.0, powerFactor=1.0, wasShortTermModelActive=true, flags=, reason=manual [ dim ], autoBrightness=false, strategy=InvalidBrightnessStrategy, autoBrightnessMode=default
12-13 23:14:04.829  2510  3143 I HwNormalizedRampAnimator: updateFrameRate, frameRate=120, mFps=60
12-13 23:14:04.829  2510  3143 I HwNormalizedRampAnimator: hbm_dimming target=500 rate=180 duration=3.0
12-13 23:14:04.829  2510  3143 I HwNormalizedRampAnimator: hbm_dimming target=500 rate=180 duration=3.0
12-13 23:14:04.829  2510  3143 I HwNormalizedRampAnimator: hbm_dimming target=500 rate=180 duration=3.0
12-13 23:14:04.846  2510  3143 I HwNormalizedRampAnimator: updateFrameRate, frameRate=60, mFps=120
12-13 23:14:04.848  2510  6385 I DisplayManagerService: state: 2, currentState: 2
12-13 23:14:04.851  2510  6385 I DisplayDeviceConfig: hasSdrToHdrRatioSpline = false
12-13 23:14:04.864  2510  6385 I DisplayManagerService: state: 2, currentState: 2
12-13 23:14:04.867  2510  6385 I DisplayDeviceConfig: hasSdrToHdrRatioSpline = false
12-13 23:14:04.884  2510  6385 I DisplayManagerService: state: 2, currentState: 2
12-13 23:14:04.888  2510  6385 I DisplayDeviceConfig: hasSdrToHdrRatioSpline = false
12-13 23:14:04.901  2510  6385 I DisplayManagerService: state: 2, currentState: 2
12-13 23:14:04.904  2510  6385 I DisplayDeviceConfig: hasSdrToHdrRatioSpline = false
12-13 23:14:04.914  2510  6385 I DisplayManagerService: state: 2, currentState: 2
12-13 23:14:04.916  2510  6385 I DisplayDeviceConfig: hasSdrToHdrRatioSpline = false
12-13 23:14:04.931  2510  6385 I DisplayManagerService: state: 2, currentState: 2
12-13 23:14:04.933  2510  6385 I DisplayDeviceConfig: hasSdrToHdrRatioSpline = false
12-13 23:14:04.948  2510  6385 I DisplayManagerService: state: 2, currentState: 2
12-13 23:14:04.951  2510  6385 I DisplayDeviceConfig: hasSdrToHdrRatioSpline = false
12-13 23:14:04.964  2510  6385 I DisplayManagerService: state: 2, currentState: 2
12-13 23:14:04.967  2510  6385 I DisplayDeviceConfig: hasSdrToHdrRatioSpline = false
12-13 23:14:04.973  2510  2793 I AppEyeFwkBlock: do monitor
12-13 23:14:04.981  2510  6385 I DisplayManagerService: state: 2, currentState: 2
12-13 23:14:04.983  2510  6385 I DisplayDeviceConfig: hasSdrToHdrRatioSpline = false
12-13 23:14:04.998  2510  6385 I DisplayManagerService: state: 2, currentState: 2
12-13 23:14:05.001  2510  6385 I DisplayDeviceConfig: hasSdrToHdrRatioSpline = false
12-13 23:14:05.017  2510  6385 I DisplayManagerService: state: 2, currentState: 2
12-13 23:14:05.020  2510  6385 I DisplayDeviceConfig: hasSdrToHdrRatioSpline = false
12-13 23:14:05.035  2510  6385 I DisplayManagerService: state: 2, currentState: 2
12-13 23:14:05.038  2510  6385 I DisplayDeviceConfig: hasSdrToHdrRatioSpline = false
12-13 23:14:05.051  2510  6385 I DisplayManagerService: state: 2, currentState: 2
12-13 23:14:05.054  2510  6385 I DisplayDeviceConfig: hasSdrToHdrRatioSpline = false
12-13 23:14:05.065  2510  6385 I DisplayManagerService: state: 2, currentState: 2
12-13 23:14:05.069  2510  6385 I DisplayDeviceConfig: hasSdrToHdrRatioSpline = false
12-13 23:14:05.085  2510  6385 I DisplayManagerService: state: 2, currentState: 2
12-13 23:14:05.087  2510  6385 I DisplayDeviceConfig: hasSdrToHdrRatioSpline = false
12-13 23:14:05.100  2510  6385 I DisplayManagerService: state: 2, currentState: 2
12-13 23:14:05.104  2510  6385 I DisplayDeviceConfig: hasSdrToHdrRatioSpline = false
12-13 23:14:05.116  2510  6385 I DisplayManagerService: state: 2, currentState: 2
12-13 23:14:05.120  2510  6385 I DisplayDeviceConfig: hasSdrToHdrRatioSpline = false
12-13 23:14:05.135  2510  6385 I DisplayManagerService: state: 2, currentState: 2
12-13 23:14:05.138  2510  6385 I DisplayDeviceConfig: hasSdrToHdrRatioSpline = false
12-13 23:14:05.151  2510  6385 I DisplayManagerService: state: 2, currentState: 2
12-13 23:14:05.156  2510  6385 I DisplayDeviceConfig: hasSdrToHdrRatioSpline = false
12-13 23:14:05.167  2510  6385 I DisplayManagerService: state: 2, currentState: 2
12-13 23:14:05.170  2510  6385 I DisplayDeviceConfig: hasSdrToHdrRatioSpline = false
12-13 23:14:05.184  2510  6385 I DisplayManagerService: state: 2, currentState: 2
12-13 23:14:05.186  2510  6385 I DisplayDeviceConfig: hasSdrToHdrRatioSpline = false
12-13 23:14:05.204  2510  6385 I DisplayManagerService: state: 2, currentState: 2
12-13 23:14:05.206  2510  6385 I DisplayDeviceConfig: hasSdrToHdrRatioSpline = false
12-13 23:14:05.218  2510  6385 I DisplayManagerService: state: 2, currentState: 2
12-13 23:14:05.220  2510  6385 I DisplayDeviceConfig: hasSdrToHdrRatioSpline = false
12-13 23:14:05.236  2510  6385 I DisplayManagerService: state: 2, currentState: 2
12-13 23:14:05.238  2510  6385 I DisplayDeviceConfig: hasSdrToHdrRatioSpline = false
12-13 23:14:05.252  2510  6385 I DisplayManagerService: state: 2, currentState: 2
12-13 23:14:05.255  2510  6385 I DisplayDeviceConfig: hasSdrToHdrRatioSpline = false
12-13 23:14:05.267  2510  6385 I DisplayManagerService: state: 2, currentState: 2
12-13 23:14:05.270  2510  6385 I DisplayDeviceConfig: hasSdrToHdrRatioSpline = false
12-13 23:14:05.284  2510  6385 I DisplayManagerService: state: 2, currentState: 2
12-13 23:14:05.288  2510  6385 I DisplayDeviceConfig: hasSdrToHdrRatioSpline = false
12-13 23:14:05.302  2510  6385 I DisplayManagerService: state: 2, currentState: 2
12-13 23:14:05.305  2510  6385 I DisplayDeviceConfig: hasSdrToHdrRatioSpline = false
12-13 23:14:05.318  2510  6385 I DisplayManagerService: state: 2, currentState: 2
12-13 23:14:05.321  2510  6385 I DisplayDeviceConfig: hasSdrToHdrRatioSpline = false
12-13 23:14:05.333  2510  6385 I DisplayManagerService: state: 2, currentState: 2
12-13 23:14:05.335  2510  6385 I DisplayDeviceConfig: hasSdrToHdrRatioSpline = false
12-13 23:14:05.350  2510  6385 I DisplayManagerService: state: 2, currentState: 2
12-13 23:14:05.353  2510  6385 I DisplayDeviceConfig: hasSdrToHdrRatioSpline = false
12-13 23:14:05.369  2510  6385 I DisplayManagerService: state: 2, currentState: 2
12-13 23:14:05.372  2510  6385 I DisplayDeviceConfig: hasSdrToHdrRatioSpline = false
12-13 23:14:05.383  2510  6385 I DisplayManagerService: state: 2, currentState: 2
12-13 23:14:05.387  2510  6385 I DisplayDeviceConfig: hasSdrToHdrRatioSpline = false
12-13 23:14:05.399  2510  6385 I DisplayManagerService: state: 2, currentState: 2
12-13 23:14:05.403  2510  6385 I DisplayDeviceConfig: hasSdrToHdrRatioSpline = false
12-13 23:14:05.418  2510  6385 I DisplayManagerService: state: 2, currentState: 2
12-13 23:14:05.421  2510  6385 I DisplayDeviceConfig: hasSdrToHdrRatioSpline = false
12-13 23:14:05.432  2510  6385 I DisplayManagerService: state: 2, currentState: 2
12-13 23:14:05.434  2510  6385 I DisplayDeviceConfig: hasSdrToHdrRatioSpline = false
12-13 23:14:05.450  2510  6385 I DisplayManagerService: state: 2, currentState: 2
12-13 23:14:05.452  2510  6385 I DisplayDeviceConfig: hasSdrToHdrRatioSpline = false
12-13 23:14:05.467  2510  6385 I DisplayManagerService: state: 2, currentState: 2
12-13 23:14:05.470  2510  6385 I DisplayDeviceConfig: hasSdrToHdrRatioSpline = false
12-13 23:14:05.483  2510  6385 I DisplayManagerService: state: 2, currentState: 2
12-13 23:14:05.486  2510  6385 I DisplayDeviceConfig: hasSdrToHdrRatioSpline = false
12-13 23:14:05.502  2510  6385 I DisplayManagerService: state: 2, currentState: 2
12-13 23:14:05.504  2510  6385 I DisplayDeviceConfig: hasSdrToHdrRatioSpline = false
12-13 23:14:05.517  2510  6385 I DisplayManagerService: state: 2, currentState: 2
12-13 23:14:05.519  2510  6385 I DisplayDeviceConfig: hasSdrToHdrRatioSpline = false
12-13 23:14:05.536  2510  6385 I DisplayManagerService: state: 2, currentState: 2
12-13 23:14:05.538  2510  6385 I DisplayDeviceConfig: hasSdrToHdrRatioSpline = false
12-13 23:14:05.553  2510  6385 I DisplayManagerService: state: 2, currentState: 2
12-13 23:14:05.555  2510  6385 I DisplayDeviceConfig: hasSdrToHdrRatioSpline = false
12-13 23:14:05.569  2510  6385 I DisplayManagerService: state: 2, currentState: 2
12-13 23:14:05.572  2510  6385 I DisplayDeviceConfig: hasSdrToHdrRatioSpline = false
12-13 23:14:05.586  2510  6385 I DisplayManagerService: state: 2, currentState: 2
12-13 23:14:05.589  2510  6385 I DisplayDeviceConfig: hasSdrToHdrRatioSpline = false
12-13 23:14:05.603  2510  6385 I DisplayManagerService: state: 2, currentState: 2
12-13 23:14:05.606  2510  6385 I DisplayDeviceConfig: hasSdrToHdrRatioSpline = false
12-13 23:14:05.619  2510  6385 I DisplayManagerService: state: 2, currentState: 2
12-13 23:14:05.622  2510  6385 I DisplayDeviceConfig: hasSdrToHdrRatioSpline = false
12-13 23:14:05.637  2510  6385 I DisplayManagerService: state: 2, currentState: 2
12-13 23:14:05.639  2510  6385 I DisplayDeviceConfig: hasSdrToHdrRatioSpline = false
12-13 23:14:05.651  2510  6385 I DisplayManagerService: state: 2, currentState: 2
12-13 23:14:05.655  2510  6385 I DisplayDeviceConfig: hasSdrToHdrRatioSpline = false
12-13 23:14:05.669  2510  6385 I DisplayManagerService: state: 2, currentState: 2
12-13 23:14:05.672  2510  6385 I DisplayDeviceConfig: hasSdrToHdrRatioSpline = false
12-13 23:14:05.685  2510  6385 I DisplayManagerService: state: 2, currentState: 2
12-13 23:14:05.688  2510  6385 I DisplayDeviceConfig: hasSdrToHdrRatioSpline = false
12-13 23:14:05.704  2510  6385 I DisplayManagerService: state: 2, currentState: 2
12-13 23:14:05.707  2510  6385 I DisplayDeviceConfig: hasSdrToHdrRatioSpline = false
12-13 23:14:05.721  2510  6385 I DisplayManagerService: state: 2, currentState: 2
12-13 23:14:05.723  2510  6385 I DisplayDeviceConfig: hasSdrToHdrRatioSpline = false
12-13 23:14:05.735  2510  6385 I DisplayManagerService: state: 2, currentState: 2
12-13 23:14:05.737  2510  6385 I DisplayDeviceConfig: hasSdrToHdrRatioSpline = false
12-13 23:14:05.752  2510  6385 I DisplayManagerService: state: 2, currentState: 2
12-13 23:14:05.754  2510  6385 I DisplayDeviceConfig: hasSdrToHdrRatioSpline = false
12-13 23:14:05.770  2510  6385 I DisplayManagerService: state: 2, currentState: 2
12-13 23:14:05.773  2510  6385 I DisplayDeviceConfig: hasSdrToHdrRatioSpline = false
12-13 23:14:05.787  2510  6385 I DisplayManagerService: state: 2, currentState: 2
12-13 23:14:05.789  2510  6385 I DisplayDeviceConfig: hasSdrToHdrRatioSpline = false
12-13 23:14:05.803  2510  6385 I DisplayManagerService: state: 2, currentState: 2
12-13 23:14:05.806  2510  6385 I DisplayDeviceConfig: hasSdrToHdrRatioSpline = false
12-13 23:14:05.818  2510  6385 I DisplayManagerService: state: 2, currentState: 2
12-13 23:14:05.822  2510  6385 I DisplayDeviceConfig: hasSdrToHdrRatioSpline = false
12-13 23:14:05.836  2510  6385 I DisplayManagerService: state: 2, currentState: 2
12-13 23:14:05.838  2510  6385 I DisplayDeviceConfig: hasSdrToHdrRatioSpline = false
12-13 23:14:05.851  2510  6385 I DisplayManagerService: state: 2, currentState: 2
12-13 23:14:05.855  2510  6385 I DisplayDeviceConfig: hasSdrToHdrRatioSpline = false
12-13 23:14:05.870  2510  6385 I DisplayManagerService: state: 2, currentState: 2
12-13 23:14:05.873  2510  6385 I DisplayDeviceConfig: hasSdrToHdrRatioSpline = false
12-13 23:14:05.885  2510  6385 I DisplayManagerService: state: 2, currentState: 2
12-13 23:14:05.890  2510  6385 I DisplayDeviceConfig: hasSdrToHdrRatioSpline = false
12-13 23:14:05.905  2510  6385 I DisplayManagerService: state: 2, currentState: 2
12-13 23:14:05.907  2510  6385 I DisplayDeviceConfig: hasSdrToHdrRatioSpline = false
--------- beginning of main
12-13 23:14:05.915  2286  2286 I HwcComposer: AidlComposer set brightness to 0.131380, set brightnessNits to -1.000000
12-13 23:14:05.917  2359  2359 I aptouch_daemon: check_idle_status, idle in. 300
12-13 23:14:05.921  2510  6385 I DisplayManagerService: state: 2, currentState: 2
12-13 23:14:05.922  2286  2403 I SurfaceFlinger: AIDL set brightness to DisplayBrightness{sdrWhitePoint: 0.130647, sdrWhitePointNits: -1.000000, displayBrightness: 0.130647, displayBrightnessNits: -1.000000, localBrightness: 0.143104, localBrightnessNits: -1.000000} from pid = 2510
12-13 23:14:05.922  2286  2286 D SurfaceFlinger: Before Extend DC Nits is -1.000000, Brightness is 0.130647
12-13 23:14:05.922  2286  2286 D SurfaceFlinger: After Extend DC Nits is -1.000000, Brightness is 0.130647
12-13 23:14:05.923  2510  6385 I DisplayDeviceConfig: hasSdrToHdrRatioSpline = false
12-13 23:14:05.930  2286  2286 I HwcComposer: AidlComposer set brightness to 0.130647, set brightnessNits to -1.000000
12-13 23:14:05.935  2510  6385 I DisplayManagerService: state: 2, currentState: 2
12-13 23:14:05.936  2286  2300 I SurfaceFlinger: AIDL set brightness to DisplayBrightness{sdrWhitePoint: 0.129670, sdrWhitePointNits: -1.000000, displayBrightness: 0.129670, displayBrightnessNits: -1.000000, localBrightness: 0.142294, localBrightnessNits: -1.000000} from pid = 2510
12-13 23:14:05.936  2286  2286 D SurfaceFlinger: Before Extend DC Nits is -1.000000, Brightness is 0.129670
12-13 23:14:05.937  2286  2286 D SurfaceFlinger: After Extend DC Nits is -1.000000, Brightness is 0.129670
12-13 23:14:05.937  2510  6385 I DisplayDeviceConfig: hasSdrToHdrRatioSpline = false
12-13 23:14:05.947  2286  2286 I HwcComposer: AidlComposer set brightness to 0.129670, set brightnessNits to -1.000000
12-13 23:14:05.952  2510  6385 I DisplayManagerService: state: 2, currentState: 2
12-13 23:14:05.953  2286  2403 I SurfaceFlinger: AIDL set brightness to DisplayBrightness{sdrWhitePoint: 0.128938, sdrWhitePointNits: -1.000000, displayBrightness: 0.128938, displayBrightnessNits: -1.000000, localBrightness: 0.141485, localBrightnessNits: -1.000000} from pid = 2510
12-13 23:14:05.954  2286  2286 D SurfaceFlinger: Before Extend DC Nits is -1.000000, Brightness is 0.128938
12-13 23:14:05.954  2286  2286 D SurfaceFlinger: After Extend DC Nits is -1.000000, Brightness is 0.128938
12-13 23:14:05.955  2510  6385 I DisplayDeviceConfig: hasSdrToHdrRatioSpline = false
12-13 23:14:05.956  2359  2359 I aptouch_daemon: check_idle_status, idle out.
12-13 23:14:05.963  2286  2286 I HwcComposer: AidlComposer set brightness to 0.128938, set brightnessNits to -1.000000
12-13 23:14:05.970  2510  6385 I DisplayManagerService: state: 2, currentState: 2
12-13 23:14:05.971  2286  2300 I SurfaceFlinger: AIDL set brightness to DisplayBrightness{sdrWhitePoint: 0.128205, sdrWhitePointNits: -1.000000, displayBrightness: 0.128205, displayBrightnessNits: -1.000000, localBrightness: 0.140675, localBrightnessNits: -1.000000} from pid = 2510
12-13 23:14:05.971  2152 14116 I sensors-hal: handle_sns_std_sensor_event:150, ambient_light_event: ts=2226306330090054, lux = 76, raw_adc=126, raw_2=1542
12-13 23:14:05.971  2286  2286 D SurfaceFlinger: Before Extend DC Nits is -1.000000, Brightness is 0.128205
12-13 23:14:05.971  2286  2286 D SurfaceFlinger: After Extend DC Nits is -1.000000, Brightness is 0.128205
12-13 23:14:05.972  2510  6385 I DisplayDeviceConfig: hasSdrToHdrRatioSpline = false
12-13 23:14:05.981  2286  2286 I HwcComposer: AidlComposer set brightness to 0.128205, set brightnessNits to -1.000000
12-13 23:14:05.986  2510  6385 I DisplayManagerService: state: 2, currentState: 2
12-13 23:14:05.987  2286  6283 I SurfaceFlinger: AIDL set brightness to DisplayBrightness{sdrWhitePoint: 0.127228, sdrWhitePointNits: -1.000000, displayBrightness: 0.127228, displayBrightnessNits: -1.000000, localBrightness: 0.139866, localBrightnessNits: -1.000000} from pid = 2510
12-13 23:14:05.987  2286  2286 D SurfaceFlinger: Before Extend DC Nits is -1.000000, Brightness is 0.127228
12-13 23:14:05.988  2286  2286 D SurfaceFlinger: After Extend DC Nits is -1.000000, Brightness is 0.127228
12-13 23:14:05.988  2510  6385 I DisplayDeviceConfig: hasSdrToHdrRatioSpline = false
12-13 23:14:05.997  2286  2286 I HwcComposer: AidlComposer set brightness to 0.127228, set brightnessNits to -1.000000
12-13 23:14:06.004  2510  6385 I DisplayManagerService: state: 2, currentState: 2
12-13 23:14:06.005  2286  6283 I SurfaceFlinger: AIDL set brightness to DisplayBrightness{sdrWhitePoint: 0.126496, sdrWhitePointNits: -1.000000, displayBrightness: 0.126496, displayBrightnessNits: -1.000000, localBrightness: 0.139056, localBrightnessNits: -1.000000} from pid = 2510
12-13 23:14:06.005  2286  2286 D SurfaceFlinger: Before Extend DC Nits is -1.000000, Brightness is 0.126496
12-13 23:14:06.006  2286  2286 D SurfaceFlinger: After Extend DC Nits is -1.000000, Brightness is 0.126496
12-13 23:14:06.006  2510  6385 I DisplayDeviceConfig: hasSdrToHdrRatioSpline = false
12-13 23:14:06.014  2286  2286 I HwcComposer: AidlComposer set brightness to 0.126496, set brightnessNits to -1.000000
12-13 23:14:06.014  2246  4974 E libnav  : CablComputeBacklightLevel(): UpdateType = DifferentSceneUpdate
12-13 23:14:06.021  2510  6385 I DisplayManagerService: state: 2, currentState: 2
12-13 23:14:06.023  2286  6283 I SurfaceFlinger: AIDL set brightness to DisplayBrightness{sdrWhitePoint: 0.125519, sdrWhitePointNits: -1.000000, displayBrightness: 0.125519, displayBrightnessNits: -1.000000, localBrightness: 0.138247, localBrightnessNits: -1.000000} from pid = 2510
12-13 23:14:06.023  2286  2286 D SurfaceFlinger: Before Extend DC Nits is -1.000000, Brightness is 0.125519
12-13 23:14:06.023  2286  2286 D SurfaceFlinger: After Extend DC Nits is -1.000000, Brightness is 0.125519
12-13 23:14:06.024  2510  6385 I DisplayDeviceConfig: hasSdrToHdrRatioSpline = false
12-13 23:14:06.030  2286  2286 I HwcComposer: AidlComposer set brightness to 0.125519, set brightnessNits to -1.000000
12-13 23:14:06.030  2246  4974 E libnav  : CablComputeBacklightLevel(): UpdateType = DifferentSceneUpdate
12-13 23:14:06.038  2510  6385 I DisplayManagerService: state: 2, currentState: 2
12-13 23:14:06.039  2286  2403 I SurfaceFlinger: AIDL set brightness to DisplayBrightness{sdrWhitePoint: 0.124786, sdrWhitePointNits: -1.000000, displayBrightness: 0.124786, displayBrightnessNits: -1.000000, localBrightness: 0.137437, localBrightnessNits: -1.000000} from pid = 2510
12-13 23:14:06.039  2286  2286 D SurfaceFlinger: Before Extend DC Nits is -1.000000, Brightness is 0.124786
12-13 23:14:06.039  2286  2286 D SurfaceFlinger: After Extend DC Nits is -1.000000, Brightness is 0.124786
12-13 23:14:06.041  2510  6385 I DisplayDeviceConfig: hasSdrToHdrRatioSpline = false
12-13 23:14:06.047  2286  2286 I HwcComposer: AidlComposer set brightness to 0.124786, set brightnessNits to -1.000000
12-13 23:14:06.048  2246  4974 E libnav  : CablComputeBacklightLevel(): UpdateType = DifferentSceneUpdate
12-13 23:14:06.053  2510  6385 I DisplayManagerService: state: 2, currentState: 2
12-13 23:14:06.055  2286  2300 I SurfaceFlinger: AIDL set brightness to DisplayBrightness{sdrWhitePoint: 0.124054, sdrWhitePointNits: -1.000000, displayBrightness: 0.124054, displayBrightnessNits: -1.000000, localBrightness: 0.136627, localBrightnessNits: -1.000000} from pid = 2510
12-13 23:14:06.056  2286  2286 D SurfaceFlinger: Before Extend DC Nits is -1.000000, Brightness is 0.124054
12-13 23:14:06.056  2286  2286 D SurfaceFlinger: After Extend DC Nits is -1.000000, Brightness is 0.124054
12-13 23:14:06.057  2510  6385 I DisplayDeviceConfig: hasSdrToHdrRatioSpline = false
12-13 23:14:06.064  2286  2286 I HwcComposer: AidlComposer set brightness to 0.124054, set brightnessNits to -1.000000
12-13 23:14:06.064  2246  4974 E libnav  : CablComputeBacklightLevel(): UpdateType = DifferentSceneUpdate
12-13 23:14:06.070  2510  6385 I DisplayManagerService: state: 2, currentState: 2
12-13 23:14:06.071  2286  2403 I SurfaceFlinger: AIDL set brightness to DisplayBrightness{sdrWhitePoint: 0.123077, sdrWhitePointNits: -1.000000, displayBrightness: 0.123077, displayBrightnessNits: -1.000000, localBrightness: 0.135818, localBrightnessNits: -1.000000} from pid = 2510
12-13 23:14:06.071  2286  2286 D SurfaceFlinger: Before Extend DC Nits is -1.000000, Brightness is 0.123077
12-13 23:14:06.071  2286  2286 D SurfaceFlinger: After Extend DC Nits is -1.000000, Brightness is 0.123077
12-13 23:14:06.072  2510  6385 I DisplayDeviceConfig: hasSdrToHdrRatioSpline = false
12-13 23:14:06.081  2286  2286 I HwcComposer: AidlComposer set brightness to 0.123077, set brightnessNits to -1.000000
12-13 23:14:06.086  2510  6385 I DisplayManagerService: state: 2, currentState: 2
12-13 23:14:06.087  2286  2403 I SurfaceFlinger: AIDL set brightness to DisplayBrightness{sdrWhitePoint: 0.122344, sdrWhitePointNits: -1.000000, displayBrightness: 0.122344, displayBrightnessNits: -1.000000, localBrightness: 0.135008, localBrightnessNits: -1.000000} from pid = 2510
12-13 23:14:06.088  2286  2286 D SurfaceFlinger: Before Extend DC Nits is -1.000000, Brightness is 0.122344
12-13 23:14:06.088  2286  2286 D SurfaceFlinger: After Extend DC Nits is -1.000000, Brightness is 0.122344
12-13 23:14:06.089  2510  6385 I DisplayDeviceConfig: hasSdrToHdrRatioSpline = false
12-13 23:14:06.097  2152 14128 I sensors-hal: handle_sns_client_event:442, accel_sample(accelcal_available:0): ts=2226306441007346 ns; value = [0.209370, 0.217435, 9.571886], status=3
12-13 23:14:06.097  2246  4974 E libnav  : CablComputeBacklightLevel(): UpdateType = DifferentSceneUpdate
12-13 23:14:06.097  2286  2286 I HwcComposer: AidlComposer set brightness to 0.122344, set brightnessNits to -1.000000
12-13 23:14:06.104  2510  6385 I DisplayManagerService: state: 2, currentState: 2
12-13 23:14:06.106  2286  2298 I SurfaceFlinger: AIDL set brightness to DisplayBrightness{sdrWhitePoint: 0.121612, sdrWhitePointNits: -1.000000, displayBrightness: 0.121612, displayBrightnessNits: -1.000000, localBrightness: 0.134199, localBrightnessNits: -1.000000} from pid = 2510
12-13 23:14:06.106  2286  2286 D SurfaceFlinger: Before Extend DC Nits is -1.000000, Brightness is 0.121612
12-13 23:14:06.106  2286  2286 D SurfaceFlinger: After Extend DC Nits is -1.000000, Brightness is 0.121612
12-13 23:14:06.107  2510  6385 I DisplayDeviceConfig: hasSdrToHdrRatioSpline = false
12-13 23:14:06.114  2286  2286 I HwcComposer: AidlComposer set brightness to 0.121612, set brightnessNits to -1.000000
12-13 23:14:06.114  2246  4974 E libnav  : CablComputeBacklightLevel(): UpdateType = DifferentSceneUpdate
12-13 23:14:06.122  2510  6385 I DisplayManagerService: state: 2, currentState: 2
12-13 23:14:06.123  2286  2298 I SurfaceFlinger: AIDL set brightness to DisplayBrightness{sdrWhitePoint: 0.120635, sdrWhitePointNits: -1.000000, displayBrightness: 0.120635, displayBrightnessNits: -1.000000, localBrightness: 0.133389, localBrightnessNits: -1.000000} from pid = 2510
12-13 23:14:06.124  2286  2286 D SurfaceFlinger: Before Extend DC Nits is -1.000000, Brightness is 0.120635
12-13 23:14:06.124  2286  2286 D SurfaceFlinger: After Extend DC Nits is -1.000000, Brightness is 0.120635
12-13 23:14:06.124  2510  6385 I DisplayDeviceConfig: hasSdrToHdrRatioSpline = false
12-13 23:14:06.131  2286  2286 I HwcComposer: AidlComposer set brightness to 0.120635, set brightnessNits to -1.000000
12-13 23:14:06.131  2246  4974 E libnav  : CablComputeBacklightLevel(): UpdateType = DifferentSceneUpdate
12-13 23:14:06.137  2510  6385 I DisplayManagerService: state: 2, currentState: 2
12-13 23:14:06.138  2152 14116 I sensors-hal: handle_sns_std_sensor_event:150, ambient_light_event: ts=2226306496092919, lux = 70, raw_adc=117, raw_2=1542
12-13 23:14:06.139  2286  2403 I SurfaceFlinger: AIDL set brightness to DisplayBrightness{sdrWhitePoint: 0.119902, sdrWhitePointNits: -1.000000, displayBrightness: 0.119902, displayBrightnessNits: -1.000000, localBrightness: 0.132579, localBrightnessNits: -1.000000} from pid = 2510
12-13 23:14:06.139  2286  2286 D SurfaceFlinger: Before Extend DC Nits is -1.000000, Brightness is 0.119902
12-13 23:14:06.139  2286  2286 D SurfaceFlinger: After Extend DC Nits is -1.000000, Brightness is 0.119902
12-13 23:14:06.140  2510  6385 I DisplayDeviceConfig: hasSdrToHdrRatioSpline = false
12-13 23:14:06.149  2286  2286 I HwcComposer: AidlComposer set brightness to 0.119902, set brightnessNits to -1.000000
12-13 23:14:06.153  2510  6385 I DisplayManagerService: state: 2, currentState: 2
12-13 23:14:06.154  2286  2298 I SurfaceFlinger: AIDL set brightness to DisplayBrightness{sdrWhitePoint: 0.119170, sdrWhitePointNits: -1.000000, displayBrightness: 0.119170, displayBrightnessNits: -1.000000, localBrightness: 0.131770, localBrightnessNits: -1.000000} from pid = 2510
12-13 23:14:06.155  2286  2286 D SurfaceFlinger: Before Extend DC Nits is -1.000000, Brightness is 0.119170
12-13 23:14:06.155  2286  2286 D SurfaceFlinger: After Extend DC Nits is -1.000000, Brightness is 0.119170
12-13 23:14:06.155  2510  6385 I DisplayDeviceConfig: hasSdrToHdrRatioSpline = false
12-13 23:14:06.156  2359  2359 E afehal  : to enter IDLE mode , Interval=120/2800/0/1
12-13 23:14:06.157  2359  2359 I aptouch_daemon: change_to_idlemode, enter idle, ret=0x0000
12-13 23:14:06.165  2286  2286 I HwcComposer: AidlComposer set brightness to 0.119170, set brightnessNits to -1.000000
12-13 23:14:06.167  2359  2359 I aptouch_daemon: check_idle_status, idle in. 300
12-13 23:14:06.170  2510  6385 I DisplayManagerService: state: 2, currentState: 2
12-13 23:14:06.171  2286  2298 I SurfaceFlinger: AIDL set brightness to DisplayBrightness{sdrWhitePoint: 0.118193, sdrWhitePointNits: -1.000000, displayBrightness: 0.118193, displayBrightnessNits: -1.000000, localBrightness: 0.130960, localBrightnessNits: -1.000000} from pid = 2510
12-13 23:14:06.171  2286  2286 D SurfaceFlinger: Before Extend DC Nits is -1.000000, Brightness is 0.118193
12-13 23:14:06.171  2286  2286 D SurfaceFlinger: After Extend DC Nits is -1.000000, Brightness is 0.118193
12-13 23:14:06.172  2510  6385 I DisplayDeviceConfig: hasSdrToHdrRatioSpline = false
12-13 23:14:06.181  2286  2286 I HwcComposer: AidlComposer set brightness to 0.118193, set brightnessNits to -1.000000
12-13 23:14:06.185  2510  6385 I DisplayManagerService: state: 2, currentState: 2
12-13 23:14:06.186  2286  2403 I SurfaceFlinger: AIDL set brightness to DisplayBrightness{sdrWhitePoint: 0.117460, sdrWhitePointNits: -1.000000, displayBrightness: 0.117460, displayBrightnessNits: -1.000000, localBrightness: 0.130151, localBrightnessNits: -1.000000} from pid = 2510
12-13 23:14:06.187  2286  2286 D SurfaceFlinger: Before Extend DC Nits is -1.000000, Brightness is 0.117460
12-13 23:14:06.187  2286  2286 D SurfaceFlinger: After Extend DC Nits is -1.000000, Brightness is 0.117460
12-13 23:14:06.188  2510  6385 I DisplayDeviceConfig: hasSdrToHdrRatioSpline = false
12-13 23:14:06.198  2286  2286 I HwcComposer: AidlComposer set brightness to 0.117460, set brightnessNits to -1.000000
12-13 23:14:06.203  2510  6385 I DisplayManagerService: state: 2, currentState: 2
12-13 23:14:06.205  2286  2403 I SurfaceFlinger: AIDL set brightness to DisplayBrightness{sdrWhitePoint: 0.116484, sdrWhitePointNits: -1.000000, displayBrightness: 0.116484, displayBrightnessNits: -1.000000, localBrightness: 0.129341, localBrightnessNits: -1.000000} from pid = 2510
12-13 23:14:06.205  2286  2286 D SurfaceFlinger: Before Extend DC Nits is -1.000000, Brightness is 0.116484
12-13 23:14:06.205  2286  2286 D SurfaceFlinger: After Extend DC Nits is -1.000000, Brightness is 0.116484
12-13 23:14:06.207  2510  6385 I DisplayDeviceConfig: hasSdrToHdrRatioSpline = false
12-13 23:14:06.207  2359  2359 I aptouch_daemon: check_idle_status, idle out.
12-13 23:14:06.215  2286  2286 I HwcComposer: AidlComposer set brightness to 0.116484, set brightnessNits to -1.000000
12-13 23:14:06.221  2510  6385 I DisplayManagerService: state: 2, currentState: 2
12-13 23:14:06.222  2286  2403 I SurfaceFlinger: AIDL set brightness to DisplayBrightness{sdrWhitePoint: 0.115751, sdrWhitePointNits: -1.000000, displayBrightness: 0.115751, displayBrightnessNits: -1.000000, localBrightness: 0.128531, localBrightnessNits: -1.000000} from pid = 2510
12-13 23:14:06.223  2286  2286 D SurfaceFlinger: Before Extend DC Nits is -1.000000, Brightness is 0.115751
12-13 23:14:06.223  2286  2286 D SurfaceFlinger: After Extend DC Nits is -1.000000, Brightness is 0.115751
12-13 23:14:06.224  2510  6385 I DisplayDeviceConfig: hasSdrToHdrRatioSpline = false
12-13 23:14:06.231  2286  2286 I HwcComposer: AidlComposer set brightness to 0.115751, set brightnessNits to -1.000000
12-13 23:14:06.235  2510  6385 I DisplayManagerService: state: 2, currentState: 2
12-13 23:14:06.237  2286  2403 I SurfaceFlinger: AIDL set brightness to DisplayBrightness{sdrWhitePoint: 0.115018, sdrWhitePointNits: -1.000000, displayBrightness: 0.115018, displayBrightnessNits: -1.000000, localBrightness: 0.127722, localBrightnessNits: -1.000000} from pid = 2510
12-13 23:14:06.237  2286  2286 D SurfaceFlinger: Before Extend DC Nits is -1.000000, Brightness is 0.115018
12-13 23:14:06.237  2286  2286 D SurfaceFlinger: After Extend DC Nits is -1.000000, Brightness is 0.115018
12-13 23:14:06.238  2510  6385 I DisplayDeviceConfig: hasSdrToHdrRatioSpline = false
12-13 23:14:06.240  2510 15434 W AwareLog: AwareMem_SysTrim: no app proc need to trim/kill
12-13 23:14:06.248  2286  2286 I HwcComposer: AidlComposer set brightness to 0.115018, set brightnessNits to -1.000000
12-13 23:14:06.253  2510  6385 I DisplayManagerService: state: 2, currentState: 2
12-13 23:14:06.254  2286  2298 I SurfaceFlinger: AIDL set brightness to DisplayBrightness{sdrWhitePoint: 0.114042, sdrWhitePointNits: -1.000000, displayBrightness: 0.114042, displayBrightnessNits: -1.000000, localBrightness: 0.126912, localBrightnessNits: -1.000000} from pid = 2510
12-13 23:14:06.254  2286  2286 D SurfaceFlinger: Before Extend DC Nits is -1.000000, Brightness is 0.114042
12-13 23:14:06.254  2286  2286 D SurfaceFlinger: After Extend DC Nits is -1.000000, Brightness is 0.114042
12-13 23:14:06.255  2510  6385 I DisplayDeviceConfig: hasSdrToHdrRatioSpline = false
12-13 23:14:06.257  2141 18025 I vendor.qti.bluetooth@1.0-ibs_handler: ProcessIbsCmd: Received IBS_WAKE_IND: 0xFD
12-13 23:14:06.258  2141 18025 D vendor.qti.bluetooth@1.0-ibs_handler: SerialClockVote: vote for UART CLK ON
12-13 23:14:06.258  2141 18025 D vendor.qti.bluetooth@1.0-wake_lock: Acquire wakelock is acquired 
12-13 23:14:06.258  2141 18025 I vendor.qti.bluetooth@1.0-ibs_handler: ProcessIbsCmd: Writing IBS_WAKE_ACK
12-13 23:14:06.264 17942 18033 I gatt-ScanHelper: onScanResult() dev:xx:xx:xx:xx:BA:E8 rssi:-90 packages com.google.android.gms6 
12-13 23:14:06.264  2510  6210 E HwQoEJNI: sendQoeCmd. open monitor_fd error
12-13 23:14:06.264  2510  6210 E TcpInfoMonitor: error, current tcpInfo result is null!
12-13 23:14:06.264  2286  2286 I HwcComposer: AidlComposer set brightness to 0.114042, set brightnessNits to -1.000000
12-13 23:14:06.270  2510  6385 I DisplayManagerService: state: 2, currentState: 2
12-13 23:14:06.271  2286  2298 I SurfaceFlinger: AIDL set brightness to DisplayBrightness{sdrWhitePoint: 0.113309, sdrWhitePointNits: -1.000000, displayBrightness: 0.113309, displayBrightnessNits: -1.000000, localBrightness: 0.126103, localBrightnessNits: -1.000000} from pid = 2510
12-13 23:14:06.272  2286  2286 D SurfaceFlinger: Before Extend DC Nits is -1.000000, Brightness is 0.113309
12-13 23:14:06.272  2286  2286 D SurfaceFlinger: After Extend DC Nits is -1.000000, Brightness is 0.113309
12-13 23:14:06.272  2510  6385 I DisplayDeviceConfig: hasSdrToHdrRatioSpline = false
12-13 23:14:06.281  2286  2286 I HwcComposer: AidlComposer set brightness to 0.113309, set brightnessNits to -1.000000
12-13 23:14:06.285  2510  6385 I DisplayManagerService: state: 2, currentState: 2
12-13 23:14:06.288  2286  2403 I SurfaceFlinger: AIDL set brightness to DisplayBrightness{sdrWhitePoint: 0.112576, sdrWhitePointNits: -1.000000, displayBrightness: 0.112576, displayBrightnessNits: -1.000000, localBrightness: 0.125293, localBrightnessNits: -1.000000} from pid = 2510
12-13 23:14:06.288  2286  2286 D SurfaceFlinger: Before Extend DC Nits is -1.000000, Brightness is 0.112576
12-13 23:14:06.288  2286  2286 D SurfaceFlinger: After Extend DC Nits is -1.000000, Brightness is 0.112576
12-13 23:14:06.289  2510  6385 I DisplayDeviceConfig: hasSdrToHdrRatioSpline = false
12-13 23:14:06.298  2286  2286 I HwcComposer: AidlComposer set brightness to 0.112576, set brightnessNits to -1.000000
12-13 23:14:06.299  2141 18025 I vendor.qti.bluetooth@1.0-ibs_handler: ProcessIbsCmd: Received IBS_SLEEP_IND: 0xFE
12-13 23:14:06.299  2141 18025 D vendor.qti.bluetooth@1.0-ibs_handler: SerialClockVote: vote for UART CLK OFF
12-13 23:14:06.304  2510  6385 I DisplayManagerService: state: 2, currentState: 2
12-13 23:14:06.304  2152 14116 I sensors-hal: handle_sns_std_sensor_event:150, ambient_light_event: ts=2226306662095002, lux = 74, raw_adc=123, raw_2=1542
12-13 23:14:06.305  2286  2298 I SurfaceFlinger: AIDL set brightness to DisplayBrightness{sdrWhitePoint: 0.111600, sdrWhitePointNits: -1.000000, displayBrightness: 0.111600, displayBrightnessNits: -1.000000, localBrightness: 0.124483, localBrightnessNits: -1.000000} from pid = 2510
12-13 23:14:06.305  2286  2286 D SurfaceFlinger: Before Extend DC Nits is -1.000000, Brightness is 0.111600
12-13 23:14:06.306  2286  2286 D SurfaceFlinger: After Extend DC Nits is -1.000000, Brightness is 0.111600
12-13 23:14:06.306  2510  6385 I DisplayDeviceConfig: hasSdrToHdrRatioSpline = false
12-13 23:14:06.314  2286  2286 I HwcComposer: AidlComposer set brightness to 0.111600, set brightnessNits to -1.000000
12-13 23:14:06.319  2510  6385 I DisplayManagerService: state: 2, currentState: 2
12-13 23:14:06.320  2286  2403 I SurfaceFlinger: AIDL set brightness to DisplayBrightness{sdrWhitePoint: 0.110867, sdrWhitePointNits: -1.000000, displayBrightness: 0.110867, displayBrightnessNits: -1.000000, localBrightness: 0.123674, localBrightnessNits: -1.000000} from pid = 2510
12-13 23:14:06.320  2286  2286 D SurfaceFlinger: Before Extend DC Nits is -1.000000, Brightness is 0.110867
12-13 23:14:06.320  2286  2286 D SurfaceFlinger: After Extend DC Nits is -1.000000, Brightness is 0.110867
12-13 23:14:06.321  2510  6385 I DisplayDeviceConfig: hasSdrToHdrRatioSpline = false
12-13 23:14:06.331  2286  2286 I HwcComposer: AidlComposer set brightness to 0.110867, set brightnessNits to -1.000000
12-13 23:14:06.337  2510  6385 I DisplayManagerService: state: 2, currentState: 2
12-13 23:14:06.338  2286  2403 I SurfaceFlinger: AIDL set brightness to DisplayBrightness{sdrWhitePoint: 0.110134, sdrWhitePointNits: -1.000000, displayBrightness: 0.110134, displayBrightnessNits: -1.000000, localBrightness: 0.122864, localBrightnessNits: -1.000000} from pid = 2510
12-13 23:14:06.338  2286  2286 D SurfaceFlinger: Before Extend DC Nits is -1.000000, Brightness is 0.110134
12-13 23:14:06.338  2286  2286 D SurfaceFlinger: After Extend DC Nits is -1.000000, Brightness is 0.110134
12-13 23:14:06.339  2510  6385 I DisplayDeviceConfig: hasSdrToHdrRatioSpline = false
12-13 23:14:06.348  2286  2286 I HwcComposer: AidlComposer set brightness to 0.110134, set brightnessNits to -1.000000
12-13 23:14:06.352  2510  6385 I DisplayManagerService: state: 2, currentState: 2
12-13 23:14:06.354  2286  2403 I SurfaceFlinger: AIDL set brightness to DisplayBrightness{sdrWhitePoint: 0.109158, sdrWhitePointNits: -1.000000, displayBrightness: 0.109158, displayBrightnessNits: -1.000000, localBrightness: 0.122055, localBrightnessNits: -1.000000} from pid = 2510
12-13 23:14:06.354  2286  2286 D SurfaceFlinger: Before Extend DC Nits is -1.000000, Brightness is 0.109158
12-13 23:14:06.354  2286  2286 D SurfaceFlinger: After Extend DC Nits is -1.000000, Brightness is 0.109158
12-13 23:14:06.355  2510  6385 I DisplayDeviceConfig: hasSdrToHdrRatioSpline = false
12-13 23:14:06.365  2286  2286 I HwcComposer: AidlComposer set brightness to 0.109158, set brightnessNits to -1.000000
12-13 23:14:06.370  2510  6385 I DisplayManagerService: state: 2, currentState: 2
12-13 23:14:06.371  2286  2403 I SurfaceFlinger: AIDL set brightness to DisplayBrightness{sdrWhitePoint: 0.108425, sdrWhitePointNits: -1.000000, displayBrightness: 0.108425, displayBrightnessNits: -1.000000, localBrightness: 0.121245, localBrightnessNits: -1.000000} from pid = 2510
12-13 23:14:06.372  2286  2286 D SurfaceFlinger: Before Extend DC Nits is -1.000000, Brightness is 0.108425
12-13 23:14:06.372  2286  2286 D SurfaceFlinger: After Extend DC Nits is -1.000000, Brightness is 0.108425
12-13 23:14:06.373  2510  6385 I DisplayDeviceConfig: hasSdrToHdrRatioSpline = false
12-13 23:14:06.381  2286  2286 I HwcComposer: AidlComposer set brightness to 0.108425, set brightnessNits to -1.000000
12-13 23:14:06.388  2510  6385 I DisplayManagerService: state: 2, currentState: 2
12-13 23:14:06.389  2286  2403 I SurfaceFlinger: AIDL set brightness to DisplayBrightness{sdrWhitePoint: 0.107448, sdrWhitePointNits: -1.000000, displayBrightness: 0.107448, displayBrightnessNits: -1.000000, localBrightness: 0.120435, localBrightnessNits: -1.000000} from pid = 2510
12-13 23:14:06.389  2286  2286 D SurfaceFlinger: Before Extend DC Nits is -1.000000, Brightness is 0.107448
12-13 23:14:06.389  2286  2286 D SurfaceFlinger: After Extend DC Nits is -1.000000, Brightness is 0.107448
12-13 23:14:06.390  2510  6385 I DisplayDeviceConfig: hasSdrToHdrRatioSpline = false
12-13 23:14:06.398  2286  2286 I HwcComposer: AidlComposer set brightness to 0.107448, set brightnessNits to -1.000000
12-13 23:14:06.403  2510  6385 I DisplayManagerService: state: 2, currentState: 2
12-13 23:14:06.405  2286  2298 I SurfaceFlinger: AIDL set brightness to DisplayBrightness{sdrWhitePoint: 0.106716, sdrWhitePointNits: -1.000000, displayBrightness: 0.106716, displayBrightnessNits: -1.000000, localBrightness: 0.119626, localBrightnessNits: -1.000000} from pid = 2510
12-13 23:14:06.405  2286  2286 D SurfaceFlinger: Before Extend DC Nits is -1.000000, Brightness is 0.106716
12-13 23:14:06.406  2286  2286 D SurfaceFlinger: After Extend DC Nits is -1.000000, Brightness is 0.106716
12-13 23:14:06.406  2510  6385 I DisplayDeviceConfig: hasSdrToHdrRatioSpline = false
12-13 23:14:06.406  2359  2359 E afehal  : to enter IDLE mode , Interval=120/2800/0/1
12-13 23:14:06.407  2359  2359 I aptouch_daemon: change_to_idlemode, enter idle, ret=0x0000
12-13 23:14:06.415  2286  2286 I HwcComposer: AidlComposer set brightness to 0.106716, set brightnessNits to -1.000000
12-13 23:14:06.418  2359  2359 I aptouch_daemon: check_idle_status, idle in. 300
12-13 23:14:06.421  2510  6385 I DisplayManagerService: state: 2, currentState: 2
12-13 23:14:06.422  2286  2403 I SurfaceFlinger: AIDL set brightness to DisplayBrightness{sdrWhitePoint: 0.105983, sdrWhitePointNits: -1.000000, displayBrightness: 0.105983, displayBrightnessNits: -1.000000, localBrightness: 0.118816, localBrightnessNits: -1.000000} from pid = 2510
12-13 23:14:06.423  2286  2286 D SurfaceFlinger: Before Extend DC Nits is -1.000000, Brightness is 0.105983
12-13 23:14:06.423  2286  2286 D SurfaceFlinger: After Extend DC Nits is -1.000000, Brightness is 0.105983
12-13 23:14:06.423  2510  6385 I DisplayDeviceConfig: hasSdrToHdrRatioSpline = false
12-13 23:14:06.431  2286  2286 I HwcComposer: AidlComposer set brightness to 0.105983, set brightnessNits to -1.000000
12-13 23:14:06.436  2510  6385 I DisplayManagerService: state: 2, currentState: 2
