12-13 23:19:26.520  2510  6210 E HwQoEJNI: sendQoeCmd. open monitor_fd error
12-13 23:19:26.521  2510  6210 I HnDualBandManager: handle2gApStrongWifiRssiChange
12-13 23:19:26.734 17670 17675 E bms_file: file /sys/class/hw_power/charger/direct_charger/direct_charge_succ is invalid
12-13 23:19:26.736 17670 17675 E bms_file: file /sys/class/hw_power/charger/direct_charger_hsc/direct_charge_succ is invalid
12-13 23:19:26.738 17670 17675 E bms_file: file /sys/class/hw_power/charger/direct_charger/direct_charge_succ is invalid
12-13 23:19:26.738 17670 17675 E bms_file: file /sys/class/hw_power/charger/direct_charger_hsc/direct_charge_succ is invalid
12-13 23:19:26.740 17670 17675 E bms_file: file sys/class/hw_power/adsp_dts is invalid
12-13 23:19:26.741 17670 17675 E bms_file: file /sys/class/backlight/panel1-backlight/brightness is invalid
12-13 23:19:26.744 17670 17675 E bms_file: file /sys/class/hw_power/charger/direct_charger/direct_charge_succ is invalid
12-13 23:19:26.745 17670 17675 E bms_file: file /sys/class/hw_power/charger/direct_charger_hsc/direct_charge_succ is invalid
12-13 23:19:26.746 17670 17675 E bms_file: file /sys/class/hw_power/charger/direct_charger/direct_charge_succ is invalid
12-13 23:19:26.746 17670 17675 E bms_file: file /sys/class/hw_power/charger/direct_charger_hsc/direct_charge_succ is invalid
12-13 23:19:26.748 17670 17675 E bms_file: file /sys/class/hw_power/charger/direct_charger/direct_charge_succ is invalid
12-13 23:19:26.748 17670 17675 E bms_file: file /sys/class/hw_power/charger/direct_charger_hsc/direct_charge_succ is invalid
12-13 23:19:26.749 17670 17675 E bms_file: file /sys/class/hw_power/charger/charge_data/iin_thermal is invalid
12-13 23:19:26.749 17670 17675 I bms_behavior: monitor interval count 74
12-13 23:19:26.830  2143  4070 W ServiceManagerCppClient: Waited one second for vendor.qti.qhcp.IQHDC/default (is service started? Number of threads started in the threadpool: 3. Are binder threads started and available?)
12-13 23:19:26.832  2253  2377 W ServiceManagerCppClient: Waited one second for vendor.qti.qhcp.IQHDC/default (is service started? Number of threads started in the threadpool: 2. Are binder threads started and available?)
12-13 23:19:26.836   983 23085 W libc    : Unable to set property "ctl.interface_start" to "aidl/vendor.qti.qhcp.IQHDC/default": PROP_ERROR_HANDLE_CONTROL_MESSAGE (0x20)
12-13 23:19:26.837   983 23086 W libc    : Unable to set property "ctl.interface_start" to "aidl/vendor.qti.qhcp.IQHDC/default": PROP_ERROR_HANDLE_CONTROL_MESSAGE (0x20)
12-13 23:19:26.989  2152 14128 I sensors-hal: handle_sns_client_event:442, accel_sample(accelcal_available:0): ts=2226627332600704 ns; value = [0.426216, 0.184584, 9.599662], status=3
12-13 23:19:27.588  2152 14128 I sensors-hal: handle_sns_client_event:442, accel_sample(accelcal_available:0): ts=2226627923091172 ns; value = [0.462368, 0.203019, 9.581182], status=3
12-13 23:19:27.834  2143  4070 W ServiceManagerCppClient: Waited one second for vendor.qti.qhcp.IQHDC/default (is service started? Number of threads started in the threadpool: 3. Are binder threads started and available?)
12-13 23:19:27.836  2253  2377 W ServiceManagerCppClient: Waited one second for vendor.qti.qhcp.IQHDC/default (is service started? Number of threads started in the threadpool: 2. Are binder threads started and available?)
12-13 23:19:27.839   983 23087 W libc    : Unable to set property "ctl.interface_start" to "aidl/vendor.qti.qhcp.IQHDC/default": PROP_ERROR_HANDLE_CONTROL_MESSAGE (0x20)
12-13 23:19:27.847   983 23098 W libc    : Unable to set property "ctl.interface_start" to "aidl/vendor.qti.qhcp.IQHDC/default": PROP_ERROR_HANDLE_CONTROL_MESSAGE (0x20)
12-13 23:19:27.979  2510  4823 W AlarmManager: WAKEUP alarm fcc3911 when: 2226628338 maxWhen: 2226628338 pkg: com.hihonor.awareness proc: com.hihonor.awareness tag: *walarm*:com.hihonor.awareness.action.alarm.notice trigger action: com.hihonor.awareness.action.alarm.notice
12-13 23:19:27.984  2510  4823 I PowerManagerService: wakeLock.mDisabled:false, mDeviceIdleMode:false, mProcState:0
12-13 23:19:27.987  2510  4823 I ActivityManager: sendIntentSender target:PendingIntentRecord{2acf8a5 com.hihonor.awareness broadcastIntent}, intent:flg=0x4 hwFlg=0x110
12-13 23:19:27.997  2510  2879 D ActivityManager: sync unfroze 20647 com.hihonor.awareness:dp.ofdb for 10
12-13 23:19:27.998  6493  6493 E LocalCalendar: invalid param calendarId. 
12-13 23:19:28.000  6493  6493 E LocalCalendar: invalid param calendarId. 
12-13 23:19:28.002 23707 23910 W AWARENESS_TM:  received:1765639167978(23:19:27:978)
12-13 23:19:28.002 23707 23910 I AWARENESS_TM: trigger at:1765639168002,firstTime:1765639167978
12-13 23:19:28.004 23707 23910 I AWARENESS_TM: time list is cleared
12-13 23:19:28.004 23707 23910 W AWARENESS_TM: ftt:-9223372036854775808,ts:[]
12-13 23:19:28.004 23707 23910 W AWARENESS_TM: p to:{1765639167978=[com.hihonor.awareness.server.atomicability.ChargeScreenOffAbility@28e774328e7743]}
12-13 23:19:28.006 23707 23910 I AWARENESS_ChargeLockAbility: data received : 8005
12-13 23:19:28.006 23707 23910 I AWARENESS_ChargeLockAbility: receive time trigger data
12-13 23:19:28.007 23707 23923 I AWARENESS_ChargeLockFence: data received: 1765639167978
12-13 23:19:28.007 23707 23910 I AWARENESS_ChargeLockFence: data received: 1765639167978
12-13 23:19:28.007 23707 23910 I AWARENESS_FenceManager: sendMsg a:BIND,package:brain,fence: OfflineAsm_FusionTrainTrigger_DeviceStatusFence_1_NONE
12-13 23:19:28.007 23707 23923 I AWARENESS_FenceManager: sendMsg a:BIND,package:brain,fence: PluginPackageAssembler_PluginPackageTrigger_DeviceStatusFence_1_NONE
12-13 23:19:28.008 23707 23858 E AWARENESS_FenceManager: connected: false
12-13 23:19:28.008 23707 23858 E AWARENESS_FenceManager: connected: false
12-13 23:19:28.008 23707 23858 E AWARENESS_FenceManager: triggerByMessager bindService action : com.hihonor.brain.action.BIND_AWARENESS_START, packageName : com.hihonor.brain
12-13 23:19:28.011  2510  2879 I NotificationService: pag com.hihonor.brain dosen't have notification permission
12-13 23:19:28.014  2510  2784 I WifiEnhanceMonitor: notifyUidStateChanged
12-13 23:19:28.017 20777 20777 I Brain_AwMsgService: onCreate
12-13 23:19:28.017 23707 23858 E AWARENESS_FenceManager: triggerByMessager bindService action : com.hihonor.brain.action.BIND_AWARENESS_START, packageName : com.hihonor.brain
12-13 23:19:28.017 20777 20777 I Brain_AwMsgService: onBind.
12-13 23:19:28.018  2278  2310 D AudioPolicyService: getUidState(10046) cacheIter->second.first, return cacheIter->second.second(19)
12-13 23:19:28.021 23707 23707 I AWARENESS_FenceManager: Brain Con
12-13 23:19:28.022  6777  7481 I AppManager: dependence has been existed:23707 -> 20777
12-13 23:19:28.024  6493  6493 I StatusBarPromptController: switchPrompt
12-13 23:19:28.025  6493  6493 I HnPanelViewControllerImpl: onPanelOpenChange isPanelFullExpanded=true, isPanelFullCollapsed=false
12-13 23:19:28.025  6777  7481 I AppManager: dependence has been existed:23707 -> 20777
12-13 23:19:28.025  6493  6493 D StatusBar: onPanelExpansionChanged:1.0
12-13 23:19:28.025  6493  6493 D NotificationPanelView: Updating panel sysui state flags: fullyExpanded=true inQs=false
12-13 23:19:28.025  6493  6493 D SysUiState: SysUiState changed: old=1478 new=1478
12-13 23:19:28.025  6493  6493 I StatusBarPromptController: switchPrompt
12-13 23:19:28.026 20777 20882 I Brain_OfflineAsm: Aw feed DeviceStatusFence#OfflineAsm_FusionTrainTrigger_DeviceStatusFence_1_NONE
12-13 23:19:28.026 23707 23858 I AWARENESS_D_P_InquiryProviderCallExecMethod: invoke begin, calling pkg name: com.hihonor.awareness
12-13 23:19:28.026  6493  6493 I HnPanelViewControllerImpl: onPanelOpenChange isPanelFullExpanded=true, isPanelFullCollapsed=false
12-13 23:19:28.026  6493  6493 D StatusBar: onPanelExpansionChanged:1.0
12-13 23:19:28.026 23707 23858 W AWARENESS_D_P_DataQueryComponentContainer: null supplier for: queryCityCode
12-13 23:19:28.026  6493  6493 D NotificationPanelView: Updating panel sysui state flags: fullyExpanded=true inQs=false
12-13 23:19:28.026 23707 23858 I AWARENESS_D_P_InquiryProviderCallExecMethod: invoke duration is 0
12-13 23:19:28.026  6493  6493 D SysUiState: SysUiState changed: old=1478 new=1478
12-13 23:19:28.026 23707 23858 W Intelli_Analytics_DpIQCacheHelper: inquiry value is null or invalid, refuse update cache
12-13 23:19:28.026  6493  6493 I StatusBarPromptController: switchPrompt
12-13 23:19:28.026 20777 20881 I Brain_OfflineAsm: dispatch DeviceStatusFence#OfflineAsm_FusionTrainTrigger_DeviceStatusFence_1_NONE
12-13 23:19:28.026 20777 20881 I Brain_EventBus: OfflineAsm loaded
12-13 23:19:28.026  6493  6493 I HnPanelViewControllerImpl: onPanelOpenChange isPanelFullExpanded=true, isPanelFullCollapsed=false
12-13 23:19:28.026  6493  6493 D StatusBar: onPanelExpansionChanged:1.0
12-13 23:19:28.026  6493  6493 D NotificationPanelView: Updating panel sysui state flags: fullyExpanded=true inQs=false
12-13 23:19:28.026  6493  6493 D SysUiState: SysUiState changed: old=1478 new=1478
12-13 23:19:28.026 20777 20881 I Brain_OfflineAsm: business has 1 listener execute success true
12-13 23:19:28.027  6493  6493 I StatusBarPromptController: switchPrompt
12-13 23:19:28.027  6493  6493 W HwBkDropView: setAnim0.0 0
12-13 23:19:28.027  6493  6493 I StatusBarPromptController: switchPrompt
12-13 23:19:28.027 20777 20882 I Brain_PluginPackageAssembler: Aw feed DeviceStatusFence#PluginPackageAssembler_PluginPackageTrigger_DeviceStatusFence_1_NONE
12-13 23:19:28.027 20777 20881 I Brain_PluginPackageAssembler: dispatch DeviceStatusFence#PluginPackageAssembler_PluginPackageTrigger_DeviceStatusFence_1_NONE
12-13 23:19:28.027 20777 20881 I Brain_EventBus: PluginPackageAssembler loaded
12-13 23:19:28.028 23707 23858 I AWARENESS_D_P_InquiryProviderCallExecMethod: invoke begin, calling pkg name: com.hihonor.awareness
12-13 23:19:28.028 20777 20881 I Brain_PluginPackageAssembler: business has 1 listener execute success true
12-13 23:19:28.028 23707 23858 W AWARENESS_D_P_DataQueryComponentContainer: null supplier for: queryCityCode
12-13 23:19:28.028 23707 23858 I AWARENESS_D_P_InquiryProviderCallExecMethod: invoke duration is 0
12-13 23:19:28.028 23707 23858 W Intelli_Analytics_DpIQCacheHelper: inquiry value is null or invalid, refuse update cache
12-13 23:19:28.028 20777 20890 I Brain_OfflineAsm: [ts]start tsk OfflineAsm_FusionTrainTrigger_DeviceStatusFence_1_NONE
12-13 23:19:28.028 20777 20895 I Brain_PluginPackageAssembler: [ts]start tsk PluginPackageAssembler_PluginPackageTrigger_DeviceStatusFence_1_NONE
12-13 23:19:28.028 20777 20890 I Brain_FusionTrainTrigger: last train time:1765638951893, curTime:1765639168028, less 6 hours, ignore.
12-13 23:19:28.028 20777 20895 I Brain_PluginPackageTrigger: ovs_fenceConf: DeviceStatusConf{deviceStatus=IN_CHARGING_AND_SCREEN_OFF, triggerTimeGap=100000}
12-13 23:19:28.028 20777 20890 I Brain_OfflineAsm: FusionTrainTrigger result:KEEP:PAUSE, sink:0
12-13 23:19:28.029 20777 20895 I Brain_PluginPackageAssembler: PluginPackageTrigger result:KEEP:STOP, sink:1
12-13 23:19:28.029 20777 20890 I Brain_OfflineAsm: [ts]end tsk
12-13 23:19:28.029 20777 20890 I Brain_OfflineAsm: join end.
12-13 23:19:28.029 20777 20895 I Brain_DfxHelper: [dfx]PluginPackageAssembler_Bind stats count:40
12-13 23:19:28.029 20777 20890 I Brain_com.hihonor.voiceengine: [ts]start tsk SinkAbility
12-13 23:19:28.029 20777 20890 I Brain_CommonUtil: pkg = com.hihonor.voiceengine, action:com.hihonor.brain.action.NOTIFY
12-13 23:19:28.029 20777 20895 I Brain_PluginPackageAssembler: [ts]end tsk
12-13 23:19:28.029 20777 20895 I Brain_PluginPackageAssembler: join end.
12-13 23:19:28.031  6493  6493 D Choreographer: still have 1995 traversal callbacks
12-13 23:19:28.034  2510  7081 D ActivityManager: sync unfroze 20820 com.hihonor.voiceengine for 6
12-13 23:19:28.035  2510  2784 I WifiEnhanceMonitor: notifyUidStateChanged
12-13 23:19:28.037  2278  2310 D AudioPolicyService: getUidState(10205) !cacheIter->second.first, return PROCESS_STATE_UNKNOWN
12-13 23:19:28.037  2278  2310 D AudioPolicyService: getUidState(10205) cacheIter->second.first, return cacheIter->second.second(-1)
12-13 23:19:28.037 20820 20820 I BrainClient: BrainReceiverService: onCreate
12-13 23:19:28.038 20820 20820 I BrainClient: BrainReceiverService: onBind
12-13 23:19:28.040 20777 20777 I Brain_ServiceSinkRepo: service connect.
12-13 23:19:28.041 20820 23099 I VOICE_Engine_BrainFenceNotifyService: onNotify to voiceengine
12-13 23:19:28.041 20820 23099 I VOICE_Engine_BrainFenceNotifyService: onNotify. map contents: {content={"content":"","type":"DeviceStatusFence"}}
12-13 23:19:28.041 20820 20820 I AI_VOICE_SDK: VoiceEnginePolicyReceiver: receive packageName: 
12-13 23:19:28.041 20820 23099 I VOICE_Engine_BrainFenceNotifyService: content:{"content":"","type":"DeviceStatusFence"}
12-13 23:19:28.041 20820 20820 I AI_VOICE_SDK: VoiceEnginePolicyReceiver: receive callType: DeviceStatusFence
12-13 23:19:28.041 20820 23099 I VOICE_Engine_BrainFenceNotifyService: start to notifyTTS
12-13 23:19:28.041 20820 20820 I AI_VOICE_SDK: VoiceEnginePolicyReceiver: receive content: 
12-13 23:19:28.041 20820 23099 I AI_VOICE_SDK: PolicyService: policyReceiver is not null
12-13 23:19:28.042 20820 23099 I VOICE_Engine_ThreadPoolExecutorUtil: ThreadPoolExecutorUtil execute
12-13 23:19:28.043 20777 20890 I Brain_ServiceSinkRepo: notify com.hihonor.voiceengine#com.hihonor.brain.action.NOTIFY, end.
12-13 23:19:28.043 20820 23100 I VOICE_Engine_BrainFenceNotifyManager: notify fenceNotifyData: com.hihonor.plugin.voice.service.asr.data2cloud.FenceNoticeReceiver
12-13 23:19:28.043 20777 20890 I Brain_com.hihonor.voiceengine: [ts]end tsk
12-13 23:19:28.043 20777 20890 I Brain_com.hihonor.voiceengine: join end.
12-13 23:19:28.043 20820 20820 I AI_VOICE_SDK: VoiceEnginePolicyReceiver: received screen_on broadcast, send stop signal to UploadService, on stop
12-13 23:19:28.043 20820 20820 I VOICE_Engine_BrainFenceNotifyService: onNotify, receive exit message, stop upload operate.
12-13 23:19:28.043 20820 20820 I VOICE_Engine_ThreadPoolExecutorUtil: ThreadPoolExecutorUtil execute
12-13 23:19:28.044 20820 20820 I AI_VOICE_SDK: VoiceEnginePolicyReceiver: receive packageName: 
12-13 23:19:28.044 20820 20820 I AI_VOICE_SDK: VoiceEnginePolicyReceiver: receive callType: DeviceStatusFence
12-13 23:19:28.044 20820 20820 I AI_VOICE_SDK: VoiceEnginePolicyReceiver: receive content: 
12-13 23:19:28.044 20820 23101 I AI_VOICE_SDK: PolicyService: unRegisterPolicy
12-13 23:19:28.046 20820 20820 I AI_VOICE_SDK: VoiceEnginePolicyReceiver: All conditions are met, start update
12-13 23:19:28.046 20820 20820 I VOICE_Engine_ThreadPoolExecutorUtil: ThreadPoolExecutorUtil execute
12-13 23:19:28.046 20820 23101 I VOICE_Engine_BrainFenceNotifyService: onNotify, enter start check update TTS by brain notify.
12-13 23:19:28.046 20820 23101 I LSM_MultilingualUpdateProvider: call is invoked
12-13 23:19:28.046 20820 23101 I LSM_MultilingualUpdateProvider: call get is ability available.
12-13 23:19:28.046 20820 23101 I LSM_CommonUtil: updateModelInterfaceVersion(): SM8750,SM8650,SM8550,SM8475,SM8450
12-13 23:19:28.047 20820 23100 E VOICE_Engine_BrainFenceNotifyManager: load class exception: ClassNotFoundException
12-13 23:19:28.047 20820 23100 E VOICE_Engine_BrainFenceNotifyManager: plugin fence notify instance is null: voice
12-13 23:19:28.188  2152 14128 I sensors-hal: handle_sns_client_event:442, accel_sample(accelcal_available:0): ts=2226628529548672 ns; value = [0.432776, 0.176491, 9.589560], status=3
12-13 23:19:28.248  9043  9043 I wpa_supplicant: nl80211: vendor command vendor_id=4980, subcmd=13
12-13 23:19:28.254  2710  2710 I cnss-daemon: nl80211 response handler invoked
12-13 23:19:28.254  2710  2710 I cnss-daemon: nl80211_response_handler: cmd 103, vendorID 4980, subcmd 13  received
12-13 23:19:28.254  8927  8995 I WifiHAL : event received NL80211_CMD_VENDOR, vendor_id = 0x1374, subcmd = 0xd
12-13 23:19:28.256  9043  9043 I wpa_supplicant: nl80211: Ignore unsupported QCA vendor event 13
12-13 23:19:28.789  2152 14128 I sensors-hal: handle_sns_client_event:442, accel_sample(accelcal_available:0): ts=2226629120056277 ns; value = [0.470078, 0.179173, 9.569923], status=3
12-13 23:19:28.836  2143  4070 W ServiceManagerCppClient: Waited one second for vendor.qti.qhcp.IQHDC/default (is service started? Number of threads started in the threadpool: 3. Are binder threads started and available?)
12-13 23:19:28.839  2253  2377 W ServiceManagerCppClient: Waited one second for vendor.qti.qhcp.IQHDC/default (is service started? Number of threads started in the threadpool: 2. Are binder threads started and available?)
12-13 23:19:28.842   983 23103 W libc    : Unable to set property "ctl.interface_start" to "aidl/vendor.qti.qhcp.IQHDC/default": PROP_ERROR_HANDLE_CONTROL_MESSAGE (0x20)
12-13 23:19:28.843   983 23104 W libc    : Unable to set property "ctl.interface_start" to "aidl/vendor.qti.qhcp.IQHDC/default": PROP_ERROR_HANDLE_CONTROL_MESSAGE (0x20)
12-13 23:19:29.017  2510  2793 I AppEyeFwkBlock: do monitor
12-13 23:19:29.219  2634  2634 E Thermal-daemon:hn_thermal: [shell_back] tempNew :31  tempOld :32
12-13 23:19:29.219  2634  2634 E Thermal-daemon:hn_thermal: [ambient_temp_v2] tempNew :33  tempOld :34
12-13 23:19:29.309 26180 26180 D BoundBrokerSvc: onUnbind: Intent { act=com.google.android.gms.libs.gmscorelogger.service.START dat=chimera-action:/... cmp=com.google.android.gms/.chimera.PersistentDirectBootAwareApiService }
12-13 23:19:29.389  2152 14128 I sensors-hal: handle_sns_client_event:442, accel_sample(accelcal_available:0): ts=2226629720503516 ns; value = [0.457628, 0.158582, 9.591185], status=3
12-13 23:19:29.530  2510  6210 E HwQoEJNI: sendQoeCmd. open monitor_fd error
12-13 23:19:29.530  2510  6210 I HnDualBandManager: handle2gApStrongWifiRssiChange
