12-13 16:33:08.453  2152 29800 I sensors-hal: handle_sns_std_sensor_event:150, ambient_light_event: ts=2202248810987673, lux = 75, raw_adc=137, raw_2=262
12-13 16:33:08.524  2141 18029 I vendor.qti.bluetooth@1.0-ibs_handler: DeviceSleep: TX Awake, Sending SLEEP_IND
12-13 16:33:08.524  2141 18029 D vendor.qti.bluetooth@1.0-ibs_handler: SerialClockVote: vote for UART CLK OFF
12-13 16:33:08.545   968   968 D lowmemorykiller: critical pressure event polling check
12-13 16:33:08.546   968   968 D lowmemorykiller: thrashing: 0% thrashing_limit: 60%
12-13 16:33:08.546   968   968 D lowmemorykiller: Not killing for critical pressure event polling check
12-13 16:33:08.553  6822  7313 I Linkturbo_XEngineProc: handleScreenStatusChanged. type: 6
12-13 16:33:08.555  6822  7313 I SmartDualCardSM: IdleState:got msg.what=EVENT_SEARCH_NETWORK_TIMEOUT
12-13 16:33:08.556  6822  7313 I SmartDualCardSM: isNeedMonitorAppQoe return false
12-13 16:33:08.556  6822  7313 I SmartDualCardSM: resetAppQoeState
12-13 16:33:08.618  2152 29800 I sensors-hal: handle_sns_std_sensor_event:150, ambient_light_event: ts=2202248976988194, lux = 81, raw_adc=168, raw_2=262
12-13 16:33:08.645   968   968 D lowmemorykiller: critical pressure event polling check
12-13 16:33:08.646   968   968 D lowmemorykiller: Not killing for critical pressure event polling check
12-13 16:33:08.663   968   968 D lowmemorykiller: critical pressure event triggered
12-13 16:33:08.664   968   968 D lowmemorykiller: thrashing: 0% thrashing_limit: 60%
12-13 16:33:08.664   968   968 D lowmemorykiller: Not killing for critical pressure event trigger
12-13 16:33:08.675  2141 18020 D vendor.qti.bluetooth@1.0-wake_lock: Release wakelock is released 
12-13 16:33:08.703 23707 23858 I AWARENESS_FenceManager: unbind BrainService
12-13 16:33:08.705 21135 21135 I Brain_AwMsgService: onDestroy
12-13 16:33:08.706 21135 21198 I Brain_Sched: [ts]start tsk applyForResourceUse
12-13 16:33:08.709  6777 24385 W PowerKit_Impl: Permission Denial: can't CALL powerkit service from pid=21135, uid=10046, pkg=com.hihonor.brain, permission = com.hihonor.android.powerkit.permission.BIND
12-13 16:33:08.709  2510  2784 I WifiEnhanceMonitor: notifyUidStateChanged
12-13 16:33:08.709  2278 14985 D AudioPolicyService: getUidState(10046) cacheIter->second.first, return cacheIter->second.second(6)
12-13 16:33:08.710 21135 21198 I Brain_PowerKitUtil: com.hihonor.brain applyForResourceUse result: false
12-13 16:33:08.711 21135 21198 I Brain_Sched: [ts]end tsk
12-13 16:33:08.712  2510  2784 I WifiEnhanceMonitor: notifyUidStateChanged
12-13 16:33:08.713  2278 14985 D AudioPolicyService: getUidState(10046) cacheIter->second.first, return cacheIter->second.second(10)
12-13 16:33:08.714  2253  2377 W ServiceManagerCppClient: Waited one second for vendor.qti.qhcp.IQHDC/default (is service started? Number of threads started in the threadpool: 2. Are binder threads started and available?)
12-13 16:33:08.716   983 29957 W libc    : Unable to set property "ctl.interface_start" to "aidl/vendor.qti.qhcp.IQHDC/default": PROP_ERROR_HANDLE_CONTROL_MESSAGE (0x20)
12-13 16:33:08.737  2253  2375 E ANDR-PERF-OPTSHANDLER: ANDR-PERF-OPTSHANDLER: modify_sysfsnode() 1164: Perflock resource /sys/devices/system/cpu/bus_dcvs/L3/soc:qcom,memlat:l3:prime/min_freq not supported
12-13 16:33:08.737  2253  2375 E ANDR-PERF-RESOURCEQS: ANDR-PERF-RESOURCEQS: RemoveAndApply() 292: Failed to reset optimization here [13, 22]
12-13 16:33:08.744   968   968 D lowmemorykiller: critical pressure event polling check
12-13 16:33:08.744   968   968 D lowmemorykiller: thrashing: 0% thrashing_limit: 60%
12-13 16:33:08.745   968   968 D lowmemorykiller: Not killing for critical pressure event polling check
12-13 16:33:08.843   968   968 D lowmemorykiller: critical pressure event polling check
12-13 16:33:08.843   968   968 D lowmemorykiller: thrashing: 0% thrashing_limit: 60%
12-13 16:33:08.844   968   968 D lowmemorykiller: Not killing for critical pressure event polling check
12-13 16:33:08.897  6822  7308 I ConnCureController: handleMessage: msg[4]
12-13 16:33:08.899  6822  7308 I ConnCureController: canPerformConnCure: wifi link normally
12-13 16:33:08.899  6822  7308 D ConnCureConfigManager: isCaredApp: input = com.resultmarketing.whatscard
12-13 16:33:08.899  6822  7308 I ConnCureController: checkDataWhenCallPending isCaredApp:false,isAllowed:true,isDataEnabled:true
12-13 16:33:08.899  6822  7308 E ConnCureController: checkDataWhileSlaveCall oversea version, return.
12-13 16:33:08.910  2510  6210 E HwQoEJNI: sendQoeCmd. open monitor_fd error
12-13 16:33:08.934 24809 25238 I AMLog[5de6ebc8b1]: FastUpdateManager downloadOrCancel() called with: eventName = USER_PRESENT
12-13 16:33:08.934 24809 25238 I AMLog[5de6ebc8b1]: FastUpdateManager cancelDownload() called with: eventName = USER_PRESENT
12-13 16:33:08.934 24809 25238 I AMLog[5de6ebc8b1]: FastUpdateManager cancelDownload: updateList = []
12-13 16:33:08.934 24809 25238 I AMLog[5de6ebc8b1]: FastUpdateManager launchPendingDownload() called with: eventName = USER_PRESENT
12-13 16:33:08.943   968   968 D lowmemorykiller: critical pressure event polling check
12-13 16:33:08.943   968   968 D lowmemorykiller: thrashing: 0% thrashing_limit: 60%
12-13 16:33:08.944   968   968 D lowmemorykiller: Not killing for critical pressure event polling check
12-13 16:33:08.950  2152 29800 I sensors-hal: handle_sns_std_sensor_event:150, ambient_light_event: ts=2202249308987933, lux = 133, raw_adc=224, raw_2=262
12-13 16:33:08.952  2253  2375 E ANDR-PERF-UTIL: ANDR-PERF-UTIL: change_node_val() 319: Failed to update node /sys/class/kgsl/kgsl-3d0/touch_wake with value 1
12-13 16:33:08.952  2253  2375 E ANDR-PERF-RESOURCEQS: ANDR-PERF-RESOURCEQS: AddAndApply() 167: Failed to apply optimization [10, 13]
12-13 16:33:08.979  2253  2375 E ANDR-PERF-UTIL: ANDR-PERF-UTIL: change_node_val() 319: Failed to update node /sys/class/kgsl/kgsl-3d0/touch_wake with value 0
12-13 16:33:08.979  2253  2375 E ANDR-PERF-RESOURCEQS: ANDR-PERF-RESOURCEQS: RemoveAndApply() 292: Failed to reset optimization here [10, 13]
12-13 16:33:09.044   968   968 D lowmemorykiller: critical pressure event polling check
12-13 16:33:09.044   968   968 D lowmemorykiller: thrashing: 0% thrashing_limit: 60%
12-13 16:33:09.045   968   968 D lowmemorykiller: Not killing for critical pressure event polling check
12-13 16:33:09.116  2152 29800 I sensors-hal: handle_sns_std_sensor_event:150, ambient_light_event: ts=2202249474988454, lux = 111, raw_adc=233, raw_2=262
12-13 16:33:09.118  2253  2375 E ANDR-PERF-UTIL: ANDR-PERF-UTIL: change_node_val() 319: Failed to update node /sys/class/kgsl/kgsl-3d0/touch_wake with value 1
12-13 16:33:09.118  2253  2375 E ANDR-PERF-RESOURCEQS: ANDR-PERF-RESOURCEQS: AddAndApply() 167: Failed to apply optimization [10, 13]
12-13 16:33:09.144   968   968 D lowmemorykiller: critical pressure event polling check
12-13 16:33:09.145   968   968 D lowmemorykiller: thrashing: 0% thrashing_limit: 60%
12-13 16:33:09.145  2253  2375 E ANDR-PERF-UTIL: ANDR-PERF-UTIL: change_node_val() 319: Failed to update node /sys/class/kgsl/kgsl-3d0/touch_wake with value 0
12-13 16:33:09.145  2253  2375 E ANDR-PERF-RESOURCEQS: ANDR-PERF-RESOURCEQS: RemoveAndApply() 292: Failed to reset optimization here [10, 13]
12-13 16:33:09.145   968   968 D lowmemorykiller: Not killing for critical pressure event polling check
12-13 16:33:09.216  6493  6493 I KgBaseUtils: path=<private>,vlu=<private>
12-13 16:33:09.217  6493  6493 I KgBaseUtils: path=<private>,vlu=<private>
12-13 16:33:09.243   968   968 D lowmemorykiller: critical pressure event polling check
12-13 16:33:09.243   968   968 D lowmemorykiller: thrashing: 0% thrashing_limit: 60%
12-13 16:33:09.244   968   968 D lowmemorykiller: Not killing for critical pressure event polling check
12-13 16:33:09.282  2152 29800 I sensors-hal: handle_sns_std_sensor_event:150, ambient_light_event: ts=2202249640987621, lux = 141, raw_adc=235, raw_2=262
12-13 16:33:09.284  2253  2375 E ANDR-PERF-UTIL: ANDR-PERF-UTIL: change_node_val() 319: Failed to update node /sys/class/kgsl/kgsl-3d0/touch_wake with value 1
12-13 16:33:09.284  2253  2375 E ANDR-PERF-RESOURCEQS: ANDR-PERF-RESOURCEQS: AddAndApply() 167: Failed to apply optimization [10, 13]
12-13 16:33:09.309 18358 18877 V AudioManager: getMode...
12-13 16:33:09.310  2510  7024 I AS.AudioService: getMode mode = 0
12-13 16:33:09.311  2253  2375 E ANDR-PERF-UTIL: ANDR-PERF-UTIL: change_node_val() 319: Failed to update node /sys/class/kgsl/kgsl-3d0/touch_wake with value 0
12-13 16:33:09.311  2253  2375 E ANDR-PERF-RESOURCEQS: ANDR-PERF-RESOURCEQS: RemoveAndApply() 292: Failed to reset optimization here [10, 13]
12-13 16:33:09.313 18358 18877 V AudioManager: getMode...
12-13 16:33:09.313  2510  7024 I AS.AudioService: getMode mode = 0
12-13 16:33:09.315 18358 18877 V AudioManager: getMode...
12-13 16:33:09.315  2510  7024 I AS.AudioService: getMode mode = 0
12-13 16:33:09.321  2510  7024 I PowerManagerService: wakeLock.mDisabled:false, mDeviceIdleMode:false, mProcState:10
12-13 16:33:09.322  2510  7024 I PowerManagerService: need acquire WakeLockSuspendBlocker
12-13 16:33:09.322  2510  7024 I PowerManagerService: Acquiring suspend blocker "PowerManagerService.WakeLocks".
12-13 16:33:09.322  1242 17087 I android.system.suspend-service: incSuspendCounter++ success,name:PowerManagerService.WakeLocks mUseSuspendCounter:1 mSuspendCounter:2: Success
12-13 16:33:09.323  2510  7024 I power   : acquire wakelock: PowerManagerService.WakeLocks
12-13 16:33:09.330  2510  7024 I PowerManagerService: wakeLock.mDisabled:false, mDeviceIdleMode:false, mProcState:10
12-13 16:33:09.343  2510  7024 I PowerManagerService: wakeLock.mDisabled:false, mDeviceIdleMode:false, mProcState:10
12-13 16:33:09.344   968   968 D lowmemorykiller: critical pressure event polling check
12-13 16:33:09.344   968   968 D lowmemorykiller: thrashing: 0% thrashing_limit: 60%
12-13 16:33:09.345   968   968 D lowmemorykiller: Not killing for critical pressure event polling check
12-13 16:33:09.348  2510  7024 I PowerManagerService: wakeLock.mDisabled:false, mDeviceIdleMode:false, mProcState:10
12-13 16:33:09.355  2510  7024 I PowerManagerService: wakeLock.mDisabled:false, mDeviceIdleMode:false, mProcState:10
12-13 16:33:09.355  2143  4070 W ServiceManagerCppClient: Waited one second for vendor.qti.qhcp.IQHDC/default (is service started? Number of threads started in the threadpool: 3. Are binder threads started and available?)
12-13 16:33:09.359   983 29965 W libc    : Unable to set property "ctl.interface_start" to "aidl/vendor.qti.qhcp.IQHDC/default": PROP_ERROR_HANDLE_CONTROL_MESSAGE (0x20)
12-13 16:33:09.385  2510  7024 I PowerManagerService: wakeLock.mDisabled:false, mDeviceIdleMode:false, mProcState:10
12-13 16:33:09.385  2510  7024 W ProcBatteryStats: timer is running , not start, name: com.tencent.mm, uid: 10280, tag: PlatformComm
12-13 16:33:09.394  6493  6493 I HnWifiViewBinder: wifiInOutState:3
12-13 16:33:09.395  6493  6493 I HnWifiViewBinder: wifiInOutState:3
12-13 16:33:09.400  2510  7024 I PowerManagerService: wakeLock.mDisabled:false, mDeviceIdleMode:false, mProcState:10
12-13 16:33:09.401  2510  7083 I PowerManagerService: wakeLock.mDisabled:false, mDeviceIdleMode:false, mProcState:10
12-13 16:33:09.402  2510  7083 W ProcBatteryStats: timer is running , not start, name: com.tencent.mm, uid: 10280, tag: MicroMsg:ReentrantGuard
12-13 16:33:09.411  2510  7024 W ProcBatteryStats: timer is not running , not stop, name: com.tencent.mm, uid: 10280, tag: PlatformComm
12-13 16:33:09.413  2286  2426 I Scheduler: idleTimerCallback timer change to TimerState: Reset
12-13 16:33:09.414  2253  2375 E ANDR-PERF-UTIL: ANDR-PERF-UTIL: change_node_val() 319: Failed to update node /sys/class/kgsl/kgsl-3d0/touch_wake with value 1
12-13 16:33:09.414  2253  2375 E ANDR-PERF-RESOURCEQS: ANDR-PERF-RESOURCEQS: AddAndApply() 167: Failed to apply optimization [10, 13]
12-13 16:33:09.417  9086 14437 I com.whatsapp: Background concurrent mark compact GC freed 15MB AllocSpace bytes, 14(488KB) LOS objects, 49% free, 22MB/45MB, paused 17.319ms,4.339ms total 323.187ms
12-13 16:33:09.417  2510  7083 I PowerManagerService: wakeLock.mDisabled:false, mDeviceIdleMode:false, mProcState:10
12-13 16:33:09.420  2286  2286 I Scheduler: applyPolicy: scored layer size: 0
12-13 16:33:09.421  2510  7084 I PowerManagerService: wakeLock.mDisabled:false, mDeviceIdleMode:false, mProcState:10
12-13 16:33:09.425  2510  7083 W ProcBatteryStats: timer is not running , not stop, name: com.tencent.mm, uid: 10280, tag: MicroMsg:ReentrantGuard
12-13 16:33:09.441  2253  2375 E ANDR-PERF-UTIL: ANDR-PERF-UTIL: change_node_val() 319: Failed to update node /sys/class/kgsl/kgsl-3d0/touch_wake with value 0
12-13 16:33:09.441  2253  2375 E ANDR-PERF-RESOURCEQS: ANDR-PERF-RESOURCEQS: RemoveAndApply() 292: Failed to reset optimization here [10, 13]
12-13 16:33:09.443   968   968 D lowmemorykiller: critical pressure event polling check
12-13 16:33:09.443   968   968 D lowmemorykiller: thrashing: 0% thrashing_limit: 60%
12-13 16:33:09.444   968   968 D lowmemorykiller: Not killing for critical pressure event polling check
12-13 16:33:09.445  2510  7083 I PowerManagerService: wakeLock.mDisabled:false, mDeviceIdleMode:false, mProcState:10
12-13 16:33:09.446  2510  7083 W ProcBatteryStats: timer is running , not start, name: com.tencent.mm, uid: 10280, tag: PlatformComm
12-13 16:33:09.449  2152 29800 I sensors-hal: handle_sns_std_sensor_event:150, ambient_light_event: ts=2202249806989235, lux = 128, raw_adc=213, raw_2=262
12-13 16:33:09.454  2510  7083 I PowerManagerService: wakeLock.mDisabled:false, mDeviceIdleMode:false, mProcState:10
12-13 16:33:09.458  2510  7083 W ProcBatteryStats: timer is not running , not stop, name: com.tencent.mm, uid: 10280, tag: PlatformComm
12-13 16:33:09.460  2510  7083 I PowerManagerService: wakeLock.mDisabled:false, mDeviceIdleMode:false, mProcState:10
12-13 16:33:09.528  9043  9043 I wpa_supplicant: nl80211: vendor command vendor_id=4980, subcmd=13
12-13 16:33:09.529  2710  2710 I cnss-daemon: nl80211 response handler invoked
12-13 16:33:09.529  2710  2710 I cnss-daemon: nl80211_response_handler: cmd 103, vendorID 4980, subcmd 13  received
12-13 16:33:09.529  8927  8995 I WifiHAL : event received NL80211_CMD_VENDOR, vendor_id = 0x1374, subcmd = 0xd
12-13 16:33:09.530  9043  9043 I wpa_supplicant: nl80211: Ignore unsupported QCA vendor event 13
12-13 16:33:09.543   968   968 D lowmemorykiller: critical pressure event polling check
12-13 16:33:09.544   968   968 D lowmemorykiller: thrashing: 0% thrashing_limit: 60%
12-13 16:33:09.544   968   968 D lowmemorykiller: Not killing for critical pressure event polling check
12-13 16:33:09.614  2152 29800 I sensors-hal: handle_sns_std_sensor_event:150, ambient_light_event: ts=2202249972988975, lux = 127, raw_adc=209, raw_2=262
12-13 16:33:09.614  2286  2426 I Scheduler: idleTimerCallback timer change to TimerState: Expired
12-13 16:33:09.644   968   968 D lowmemorykiller: critical pressure event polling check
12-13 16:33:09.644   968   968 D lowmemorykiller: thrashing: 0% thrashing_limit: 60%
12-13 16:33:09.645   968   968 D lowmemorykiller: Not killing for critical pressure event polling check
12-13 16:33:09.715  2253  2377 W ServiceManagerCppClient: Waited one second for vendor.qti.qhcp.IQHDC/default (is service started? Number of threads started in the threadpool: 2. Are binder threads started and available?)
12-13 16:33:09.718   983 29968 W libc    : Unable to set property "ctl.interface_start" to "aidl/vendor.qti.qhcp.IQHDC/default": PROP_ERROR_HANDLE_CONTROL_MESSAGE (0x20)
12-13 16:33:09.780  2152 29800 I sensors-hal: handle_sns_std_sensor_event:150, ambient_light_event: ts=2202250138988454, lux = 135, raw_adc=221, raw_2=262
12-13 16:33:09.946  2152 29800 I sensors-hal: handle_sns_std_sensor_event:150, ambient_light_event: ts=2202250304989496, lux = 131, raw_adc=214, raw_2=262
12-13 16:33:09.987  2510  7083 D ShortcutService: rescanPackageIfNeeded 0@com.whatsapp, forceRescan=false , isNewApp=false
12-13 16:33:09.987  2510  7083 E HwResolverManager: Could not found app: com.hihonor.pcassistant
12-13 16:33:09.987  2510  7083 E HwResolverManager: Could not found app: com.hihonor.pcassistant
12-13 16:33:10.022  2510  7083 D ShortcutService: rescanPackageIfNeeded 0@com.whatsapp, forceRescan=false , isNewApp=false
12-13 16:33:10.022  2510  7083 E HwResolverManager: Could not found app: com.hihonor.pcassistant
12-13 16:33:10.023  2510  7083 E HwResolverManager: Could not found app: com.hihonor.pcassistant
12-13 16:33:10.023  2510  7083 I ShortcutService: packageShortcutsChanged package:com.whatsapp, userId:0, 7 shortcuts changed, 3 shortcuts removed
12-13 16:33:10.024  2510  2853 W NotificationHistory: Attempted to remove conversation for locked/gone/disabled user 0
12-13 16:33:10.031  2510  7083 D ShortcutService: rescanPackageIfNeeded 0@com.whatsapp, forceRescan=false , isNewApp=false
12-13 16:33:10.031  2510  7083 E HwResolverManager: Could not found app: com.hihonor.pcassistant
12-13 16:33:10.031  2510  7083 E HwResolverManager: Could not found app: com.hihonor.pcassistant
12-13 16:33:10.032  2510  7083 E ShortcutService: Invalid icon type in shortcut 120363420758448875@g.us. Bitmaps are not allowed in long-lived shortcuts. Use Resource icons, or Uri-based icons instead.
12-13 16:33:10.032  2510  7083 E HwResolverManager: Could not found app: com.hihonor.pcassistant
12-13 16:33:10.032  2510  7083 E HwResolverManager: Could not found app: com.hihonor.pcassistant
12-13 16:33:10.033  2510  7083 E HwResolverManager: Could not found app: com.hihonor.pcassistant
12-13 16:33:10.033  2510  7083 E HwResolverManager: Could not found app: com.hihonor.pcassistant
12-13 16:33:10.039  2510  7083 E HwResourcesImpl: processName is null
12-13 16:33:10.041  2510  7083 E HwResolverManager: Could not found app: com.hihonor.pcassistant
12-13 16:33:10.041  2510  7083 E HwResolverManager: Could not found app: com.hihonor.pcassistant
12-13 16:33:10.044  2286  2425 I Scheduler: boostTimerCallback timer change to TimerState: Expired
12-13 16:33:10.047  2510  7083 E HwResolverManager: Could not found app: com.hihonor.pcassistant
12-13 16:33:10.047  2510  7083 E HwResolverManager: Could not found app: com.hihonor.pcassistant
12-13 16:33:10.055  2510  7083 E HwResolverManager: Could not found app: com.hihonor.pcassistant
12-13 16:33:10.055  2510  7083 E HwResolverManager: Could not found app: com.hihonor.pcassistant
12-13 16:33:10.060  2510  7083 E HwResolverManager: Could not found app: com.hihonor.pcassistant
12-13 16:33:10.060  2510  7083 E HwResolverManager: Could not found app: com.hihonor.pcassistant
12-13 16:33:10.064  2510  7083 E HwResolverManager: Could not found app: com.hihonor.pcassistant
12-13 16:33:10.064  2510  7083 E HwResolverManager: Could not found app: com.hihonor.pcassistant
12-13 16:33:10.068  2510  7083 E HwResolverManager: Could not found app: com.hihonor.pcassistant
12-13 16:33:10.068  2510  7083 E HwResolverManager: Could not found app: com.hihonor.pcassistant
12-13 16:33:10.073  2510  7083 E HwResolverManager: Could not found app: com.hihonor.pcassistant
12-13 16:33:10.073  2510  7083 E HwResolverManager: Could not found app: com.hihonor.pcassistant
12-13 16:33:10.077  2510  7083 E HwResolverManager: Could not found app: com.hihonor.pcassistant
12-13 16:33:10.077  2510  7083 E HwResolverManager: Could not found app: com.hihonor.pcassistant
12-13 16:33:10.079  2510  7083 E HwResolverManager: Could not found app: com.hihonor.pcassistant
12-13 16:33:10.079  2510  7083 E HwResolverManager: Could not found app: com.hihonor.pcassistant
12-13 16:33:10.080  2510  7083 I ShortcutService: packageShortcutsChanged package:com.whatsapp, userId:0, 10 shortcuts changed, null shortcuts removed
12-13 16:33:10.112  2152 29800 I sensors-hal: handle_sns_std_sensor_event:150, ambient_light_event: ts=2202250470985850, lux = 132, raw_adc=220, raw_2=262
12-13 16:33:10.182  2510  6349 D ShortcutService: Saving package item com.whatsapp to /data/system_ce/0/shortcut_service/packages/com.whatsapp.xml
12-13 16:33:10.182  2510  2853 D ShortcutService: Getting shortcuts for launcher= com.android.systemuiuser=0 pkg=com.whatsapp
12-13 16:33:10.192  2510  2853 D ShortcutService: Getting shortcuts for launcher= com.hihonor.systemserveruser=0 pkg=com.whatsapp
12-13 16:33:10.192  2510  2853 D ShortcutService: Getting shortcuts for launcher= com.hihonor.android.launcheruser=0 pkg=com.whatsapp
12-13 16:33:10.193  2510  2853 D ShortcutService: Getting shortcuts for launcher= com.google.android.asuser=0 pkg=com.whatsapp
12-13 16:33:10.196  2510  7084 D ShortcutService: Getting shortcuts for launcher= com.hihonor.android.launcheruser=0 pkg=com.whatsapp
12-13 16:33:10.230  6822  7307 D Booster_TelephonyState: updateLteSignalStrengthFromProp[1], lteRsrp:-94 lteRsrq:-15 lteSinr:3
12-13 16:33:10.279  2152 29800 I sensors-hal: handle_sns_std_sensor_event:150, ambient_light_event: ts=2202250636982933, lux = 132, raw_adc=220, raw_2=262
12-13 16:33:10.347  2510  7084 I PowerManagerService: wakeLock.mDisabled:false, mDeviceIdleMode:false, mProcState:10
12-13 16:33:10.353  2510  7084 I PowerManagerService: wakeLock.mDisabled:false, mDeviceIdleMode:false, mProcState:10
12-13 16:33:10.357  2143  4070 W ServiceManagerCppClient: Waited one second for vendor.qti.qhcp.IQHDC/default (is service started? Number of threads started in the threadpool: 3. Are binder threads started and available?)
12-13 16:33:10.361   983 29972 W libc    : Unable to set property "ctl.interface_start" to "aidl/vendor.qti.qhcp.IQHDC/default": PROP_ERROR_HANDLE_CONTROL_MESSAGE (0x20)
12-13 16:33:10.407  2510  7084 I PowerManagerService: need release WakeLockSuspendBlocker
12-13 16:33:10.407  2510  7084 I PowerManagerService: Releasing suspend blocker "PowerManagerService.WakeLocks".
12-13 16:33:10.407  2510  7084 I power   : release wakelock: PowerManagerService.WakeLocks
12-13 16:33:10.408  1242 17087 I android.system.suspend-service: decSuspendCounter-- success,name:PowerManagerService.WakeLocks mUseSuspendCounter:1 mSuspendCounter:3: Success
12-13 16:33:10.517  2510  6210 I WifiEnhanceMonitor: getPrimaryWifiInfo: primaryWifiInfo from WifiManager
12-13 16:33:10.539  2510  6210 E HwQoEJNI: sendQoeCmd. open monitor_fd error
12-13 16:33:10.539  2510  6210 E TcpInfoMonitor: error, current tcpInfo result is null!
12-13 16:33:10.564  2359  2359 E afehal  : to enter IDLE mode , Interval=120/2800/0/1
12-13 16:33:10.564  2359  2359 I aptouch_daemon: change_to_idlemode, enter idle, ret=0x0000
12-13 16:33:10.576  2359  2359 I aptouch_daemon: check_idle_status, idle in. 300
12-13 16:33:10.610  2152 29800 I sensors-hal: handle_sns_std_sensor_event:150, ambient_light_event: ts=2202250968990277, lux = 130, raw_adc=214, raw_2=262
12-13 16:33:10.679  2634  2634 E Thermal-daemon:hn_thermal: [minor_pa] tempNew :37  tempOld :36
12-13 16:33:10.679  2634  2634 E Thermal-daemon:hn_thermal: [charger_ic] tempNew :35  tempOld :34
12-13 16:33:10.679  2634  2634 E Thermal-daemon:hn_thermal: [pa_0] tempNew :36  tempOld :35
12-13 16:33:10.679  2634  2634 E Thermal-daemon:hn_thermal: [ap] tempNew :35  tempOld :34
12-13 16:33:10.717  2253  2377 W ServiceManagerCppClient: Waited one second for vendor.qti.qhcp.IQHDC/default (is service started? Number of threads started in the threadpool: 2. Are binder threads started and available?)
12-13 16:33:10.719   983 29973 W libc    : Unable to set property "ctl.interface_start" to "aidl/vendor.qti.qhcp.IQHDC/default": PROP_ERROR_HANDLE_CONTROL_MESSAGE (0x20)
12-13 16:33:10.776  2152 29800 I sensors-hal: handle_sns_std_sensor_event:150, ambient_light_event: ts=2202251134986996, lux = 128, raw_adc=210, raw_2=262
12-13 16:33:10.875  6963  7274 I SmartChgBase/ArbExecExtStep: Init:[targetValue:0]
12-13 16:33:10.876  6963  7274 I SmartChgBase/Arb_HidlParam: Apply Skipped: IsApplyExcept return true. [moduleName:BASP, param:dc_vterm_dec, detailsWithValue:source=trigger;event=heartbeat;chargestatus=start;value=0;]
12-13 16:33:10.876  6963  7274 I SmartChgBase/Arb_HidlParam: Apply Skipped: IsApplyExcept return true. [moduleName:BASP, param:ichg_ratio, detailsWithValue:source=trigger;event=heartbeat;chargestatus=start;value=100;]
12-13 16:33:10.876  6963  7274 I SmartChgBase/ArbExecExtStep: Init:[targetValue:0]
12-13 16:33:10.876  6963  7274 I SmartChgBase/Arb_HidlParam: Apply Skipped: IsApplyExcept return true. [moduleName:BASP, param:nondc_vterm_dec, detailsWithValue:source=trigger;event=heartbeat;chargestatus=start;value=0;]
12-13 16:33:10.876  6963  7274 I SmartChgBase/Arb_HidlParam: Apply Skipped: IsApplyExcept return true. [moduleName:ASW, param:soc_control, detailsWithValue:source=trigger;event=heartbeat;chargestatus=start;value=1 95 100 1 1;]
12-13 16:33:10.942  2152 29800 I sensors-hal: handle_sns_std_sensor_event:150, ambient_light_event: ts=2202251300989235, lux = 134, raw_adc=219, raw_2=262
12-13 16:33:11.043  2510  2793 I AppEyeFwkBlock: do monitor
12-13 16:33:11.108  2152 29800 I sensors-hal: handle_sns_std_sensor_event:150, ambient_light_event: ts=2202251466988975, lux = 128, raw_adc=210, raw_2=262
12-13 16:33:11.253  2510  8205 I SWAP_SCENE: resetZswapdCpuSet to 0-5, get pid of zswapd:8208
12-13 16:33:11.253  2510  8205 I system_server: SWAP_CPU: get cpu number = 8
12-13 16:33:11.254  2510  8205 I system_server: SWAP_CPU: set affinity to 0-5 success
12-13 16:33:11.274  2152 29800 I sensors-hal: handle_sns_std_sensor_event:150, ambient_light_event: ts=2202251632986267, lux = 133, raw_adc=220, raw_2=262
12-13 16:33:11.358 23707 23831 I AWARENESS_FenceManager: sendMsg a:BIND,package:brain,fence: AppRecoAssembler_PredictSolutionTrigger_DeviceStatusFence_SCREEN_ON_NONE
12-13 16:33:11.359 23707 23858 E AWARENESS_FenceManager: connected: false
12-13 16:33:11.359  2143  4070 W ServiceManagerCppClient: Waited one second for vendor.qti.qhcp.IQHDC/default (is service started? Number of threads started in the threadpool: 3. Are binder threads started and available?)
12-13 16:33:11.359 23707 23858 E AWARENESS_FenceManager: triggerByMessager bindService action : com.hihonor.brain.action.BIND_AWARENESS_START, packageName : com.hihonor.brain
12-13 16:33:11.361  2510  2879 I NotificationService: pag com.hihonor.brain dosen't have notification permission
12-13 16:33:11.366   983 29974 W libc    : Unable to set property "ctl.interface_start" to "aidl/vendor.qti.qhcp.IQHDC/default": PROP_ERROR_HANDLE_CONTROL_MESSAGE (0x20)
12-13 16:33:11.367  2510  2784 I WifiEnhanceMonitor: notifyUidStateChanged
12-13 16:33:11.370  2278 14985 D AudioPolicyService: getUidState(10046) cacheIter->second.first, return cacheIter->second.second(19)
12-13 16:33:11.372 21135 21135 I Brain_AwMsgService: onCreate
12-13 16:33:11.372 21135 21135 I Brain_AwMsgService: onBind.
12-13 16:33:11.375 23707 23707 I AWARENESS_FenceManager: Brain Con
12-13 16:33:11.376 23707 23858 I AWARENESS_D_P_InquiryProviderCallExecMethod: invoke begin, calling pkg name: com.hihonor.awareness
12-13 16:33:11.376  6777  7481 I AppManager: dependence has been existed:23707 -> 21135
12-13 16:33:11.377 23707 23858 W AWARENESS_D_P_DataQueryComponentContainer: null supplier for: queryCityCode
12-13 16:33:11.377 23707 23858 I AWARENESS_D_P_InquiryProviderCallExecMethod: invoke duration is 0
12-13 16:33:11.377 23707 23858 W Intelli_Analytics_DpIQCacheHelper: inquiry value is null or invalid, refuse update cache
12-13 16:33:11.377 21135 21204 I Brain_AppRecoAssembler: Aw feed DeviceStatusFence#AppRecoAssembler_PredictSolutionTrigger_DeviceStatusFence_SCREEN_ON_NONE
12-13 16:33:11.377 21135 21199 I Brain_AppRecoAssembler: dispatch DeviceStatusFence#AppRecoAssembler_PredictSolutionTrigger_DeviceStatusFence_SCREEN_ON_NONE
12-13 16:33:11.378 21135 21199 I Brain_EventBus: AppRecoAssembler loaded
12-13 16:33:11.378 21135 21199 I Brain_AppRecoAssembler: business has 1 listener execute success true
12-13 16:33:11.378 21135 21264 I Brain_AppRecoAssembler: [ts]start tsk AppRecoAssembler_PredictSolutionTrigger_DeviceStatusFence_SCREEN_ON_NONE
12-13 16:33:11.379 21135 21264 E Brain_PredictSolutionTrigger: HyperHold is not valid
12-13 16:33:11.379 21135 21264 I Brain_AppRecoAssembler: PredictSolutionTrigger result:KEEP:PAUSE, sink:0
12-13 16:33:11.380 21135 21264 I Brain_AppRecoAssembler: [ts]end tsk
12-13 16:33:11.380 21135 21264 I Brain_AppRecoAssembler: join end.
12-13 16:33:11.440  2152 29800 I sensors-hal: handle_sns_std_sensor_event:150, ambient_light_event: ts=2202251798996267, lux = 129, raw_adc=219, raw_2=262
12-13 16:33:11.475   968   968 D lowmemorykiller: critical pressure event triggered
12-13 16:33:11.476   968   968 D lowmemorykiller: Not killing for critical pressure event trigger
12-13 16:33:11.531  9043  9043 I wpa_supplicant: nl80211: vendor command vendor_id=4980, subcmd=13
12-13 16:33:11.536  8927  8995 I WifiHAL : event received NL80211_CMD_VENDOR, vendor_id = 0x1374, subcmd = 0xd
12-13 16:33:11.536  2710  2710 I cnss-daemon: nl80211 response handler invoked
12-13 16:33:11.536  2710  2710 I cnss-daemon: nl80211_response_handler: cmd 103, vendorID 4980, subcmd 13  received
12-13 16:33:11.537  9043  9043 I wpa_supplicant: nl80211: Ignore unsupported QCA vendor event 13
12-13 16:33:11.571   968   968 D lowmemorykiller: critical pressure event polling check
12-13 16:33:11.572   968   968 D lowmemorykiller: thrashing: 0% thrashing_limit: 60%
12-13 16:33:11.572   968   968 D lowmemorykiller: Not killing for critical pressure event polling check
12-13 16:33:11.605  2152 29800 I sensors-hal: handle_sns_std_sensor_event:150, ambient_light_event: ts=2202251964988975, lux = 128, raw_adc=210, raw_2=262
12-13 16:33:11.672   968   968 D lowmemorykiller: critical pressure event polling check
12-13 16:33:11.673   968   968 D lowmemorykiller: thrashing: 0% thrashing_limit: 60%
12-13 16:33:11.673   968   968 D lowmemorykiller: Not killing for critical pressure event polling check
12-13 16:33:11.718  2253  2377 W ServiceManagerCppClient: Waited one second for vendor.qti.qhcp.IQHDC/default (is service started? Number of threads started in the threadpool: 2. Are binder threads started and available?)
12-13 16:33:11.719 24711 24741 E bms_file: file /sys/class/hw_power/charger/direct_charger/direct_charge_succ is invalid
12-13 16:33:11.719 24711 24741 E bms_file: file /sys/class/hw_power/charger/direct_charger_hsc/direct_charge_succ is invalid
12-13 16:33:11.720   983 29975 W libc    : Unable to set property "ctl.interface_start" to "aidl/vendor.qti.qhcp.IQHDC/default": PROP_ERROR_HANDLE_CONTROL_MESSAGE (0x20)
12-13 16:33:11.721 24711 24741 E bms_file: file /sys/class/hw_power/charger/direct_charger/direct_charge_succ is invalid
12-13 16:33:11.721 24711 24741 E bms_file: file /sys/class/hw_power/charger/direct_charger_hsc/direct_charge_succ is invalid
12-13 16:33:11.722 24711 24741 E bms_file: file sys/class/hw_power/adsp_dts is invalid
12-13 16:33:11.722 24711 24741 E bms_file: file /sys/class/backlight/panel1-backlight/brightness is invalid
12-13 16:33:11.723 24711 24741 E bms_file: file /sys/class/hw_power/charger/direct_charger/direct_charge_succ is invalid
12-13 16:33:11.723 24711 24741 E bms_file: file /sys/class/hw_power/charger/direct_charger_hsc/direct_charge_succ is invalid
12-13 16:33:11.724 24711 24741 E bms_file: file /sys/class/hw_power/charger/direct_charger/direct_charge_succ is invalid
12-13 16:33:11.724 24711 24741 E bms_file: file /sys/class/hw_power/charger/direct_charger_hsc/direct_charge_succ is invalid
12-13 16:33:11.725 24711 24741 E bms_file: file /sys/class/hw_power/charger/direct_charger/direct_charge_succ is invalid
12-13 16:33:11.725 24711 24741 E bms_file: file /sys/class/hw_power/charger/direct_charger_hsc/direct_charge_succ is invalid
12-13 16:33:11.725 24711 24741 E bms_file: file /sys/class/hw_power/charger/charge_data/iin_thermal is invalid
12-13 16:33:11.725 24711 24741 I bms_behavior: monitor interval count 71
12-13 16:33:11.771   968   968 D lowmemorykiller: critical pressure event polling check
12-13 16:33:11.772  2152 29800 I sensors-hal: handle_sns_std_sensor_event:150, ambient_light_event: ts=2202252130985746, lux = 134, raw_adc=222, raw_2=262
12-13 16:33:11.772   968   968 D lowmemorykiller: thrashing: 0% thrashing_limit: 60%
12-13 16:33:11.772   968   968 D lowmemorykiller: Not killing for critical pressure event polling check
12-13 16:33:11.871   968   968 D lowmemorykiller: critical pressure event polling check
12-13 16:33:11.872   968   968 D lowmemorykiller: thrashing: 0% thrashing_limit: 60%
12-13 16:33:11.872   968   968 D lowmemorykiller: Not killing for critical pressure event polling check
12-13 16:33:11.918  2510  6210 E HwQoEJNI: sendQoeCmd. open monitor_fd error
12-13 16:33:11.938  2152 29800 I sensors-hal: handle_sns_std_sensor_event:150, ambient_light_event: ts=2202252296993142, lux = 129, raw_adc=214, raw_2=262
12-13 16:33:11.971   968   968 D lowmemorykiller: critical pressure event polling check
12-13 16:33:11.972   968   968 D lowmemorykiller: thrashing: 0% thrashing_limit: 60%
12-13 16:33:11.972   968   968 D lowmemorykiller: Not killing for critical pressure event polling check
12-13 16:33:11.989  2510  2853 D ZrHung.AppEyeTransparentWindow: handleMessage CHECK_TRANS_WINDOW_ERROR_MSG
12-13 16:33:12.072   968   968 D lowmemorykiller: critical pressure event polling check
12-13 16:33:12.073   968   968 D lowmemorykiller: thrashing: 0% thrashing_limit: 60%
12-13 16:33:12.073   968   968 D lowmemorykiller: Not killing for critical pressure event polling check
12-13 16:33:12.171   968   968 D lowmemorykiller: critical pressure event polling check
12-13 16:33:12.172   968   968 D lowmemorykiller: thrashing: 0% thrashing_limit: 60%
12-13 16:33:12.172   968   968 D lowmemorykiller: Not killing for critical pressure event polling check
12-13 16:33:12.200 16371 23742 D Camera2CameraImpl: {Camera@6fa9cce[id=0]} Transitioning camera internal state: OPENED --> OPENED
12-13 16:33:12.201 16371 23742 D CameraStateMachine: New public camera state CameraState{type=OPEN, error=StateError{code=4, cause=java.util.concurrent.TimeoutException: Future[androidx.camera.core.impl.utils.futures.ListFuture@ecadb7b] is not done within 5000 ms.}} from OPEN and StateError{code=4, cause=java.util.concurrent.TimeoutException: Future[androidx.camera.core.impl.utils.futures.ListFuture@ecadb7b] is not done within 5000 ms.}
12-13 16:33:12.201 16371 23742 D CameraStateMachine: Publishing new public camera state CameraState{type=OPEN, error=StateError{code=4, cause=java.util.concurrent.TimeoutException: Future[androidx.camera.core.impl.utils.futures.ListFuture@ecadb7b] is not done within 5000 ms.}}
12-13 16:33:12.201 16371 23742 E Camera2CameraImpl: Unable to configure camera Camera@6fa9cce[id=0]
12-13 16:33:12.201 16371 23742 E Camera2CameraImpl: java.util.concurrent.TimeoutException: Future[androidx.camera.core.impl.utils.futures.ListFuture@ecadb7b] is not done within 5000 ms.
12-13 16:33:12.201 16371 23742 E Camera2CameraImpl: 	at androidx.camera.core.impl.utils.futures.Futures.lambda$makeTimeoutFuture$1(Futures.java:437)
12-13 16:33:12.201 16371 23742 E Camera2CameraImpl: 	at androidx.camera.core.impl.utils.futures.Futures$$ExternalSyntheticLambda7.call(D8$$SyntheticClass:0)
12-13 16:33:12.201 16371 23742 E Camera2CameraImpl: 	at androidx.camera.core.impl.utils.executor.HandlerScheduledExecutorService$HandlerScheduledFuture.run(HandlerScheduledExecutorService.java:243)
12-13 16:33:12.201 16371 23742 E Camera2CameraImpl: 	at android.os.Handler.handleCallback(Handler.java:997)
12-13 16:33:12.201 16371 23742 E Camera2CameraImpl: 	at android.os.Handler.dispatchMessage(Handler.java:111)
12-13 16:33:12.201 16371 23742 E Camera2CameraImpl: 	at android.os.Looper.loopOnce(Looper.java:237)
12-13 16:33:12.201 16371 23742 E Camera2CameraImpl: 	at android.os.Looper.loop(Looper.java:325)
12-13 16:33:12.201 16371 23742 E Camera2CameraImpl: 	at android.os.HandlerThread.run(HandlerThread.java:85)
12-13 16:33:12.201 16371 23742 D Camera2CameraImpl: {Camera@6fa9cce[id=0]} Resetting Capture Session
12-13 16:33:12.202 16371 23742 D Camera2CameraImpl: {Camera@6fa9cce[id=0]} Releasing session in state OPENED
12-13 16:33:12.203 16371 23742 D Camera2CameraImpl: {Camera@6fa9cce[id=0]} Issue capture request
12-13 16:33:12.204 16371 23742 D UseCaseAttachState: Active and attached use case: [androidx.camera.core.ImageCapture-4d3e1768-c23f-4bb5-96af-f8b1539a7845237041430, androidx.camera.core.Preview-c4356d4b-79f7-4cc3-997c-18376e2133c487053361] for camera: 0
12-13 16:33:12.206 16371 23742 D Camera2CameraImpl: {Camera@6fa9cce[id=0]} Issue capture request
12-13 16:33:12.207 16371 23742 D UseCaseAttachState: Active and attached use case: [androidx.camera.core.ImageCapture-4d3e1768-c23f-4bb5-96af-f8b1539a7845237041430, androidx.camera.core.Preview-c4356d4b-79f7-4cc3-997c-18376e2133c487053361] for camera: 0
12-13 16:33:12.209 16371 23742 D Camera2CameraImpl: {Camera@6fa9cce[id=0]} Issue capture request
12-13 16:33:12.210 16371 23742 D UseCaseAttachState: Active and attached use case: [androidx.camera.core.ImageCapture-4d3e1768-c23f-4bb5-96af-f8b1539a7845237041430, androidx.camera.core.Preview-c4356d4b-79f7-4cc3-997c-18376e2133c487053361] for camera: 0
12-13 16:33:12.212 16371 23742 D Camera2CameraImpl: {Camera@6fa9cce[id=0]} Issue capture request
12-13 16:33:12.213 16371 23742 D UseCaseAttachState: Active and attached use case: [androidx.camera.core.ImageCapture-4d3e1768-c23f-4bb5-96af-f8b1539a7845237041430, androidx.camera.core.Preview-c4356d4b-79f7-4cc3-997c-18376e2133c487053361] for camera: 0
12-13 16:33:12.231  6822  7307 D Booster_TelephonyState: updateLteSignalStrengthFromProp[1], lteRsrp:-94 lteRsrq:-15 lteSinr:3
12-13 16:33:12.270  2152 29800 I sensors-hal: handle_sns_std_sensor_event:150, ambient_light_event: ts=2202252628988142, lux = 126, raw_adc=209, raw_2=262
12-13 16:33:12.275   968   968 D lowmemorykiller: critical pressure event polling check
12-13 16:33:12.275   968   968 D lowmemorykiller: thrashing: 0% thrashing_limit: 60%
12-13 16:33:12.276   968   968 D lowmemorykiller: Not killing for critical pressure event polling check
12-13 16:33:12.362  2143  4070 W ServiceManagerCppClient: Waited one second for vendor.qti.qhcp.IQHDC/default (is service started? Number of threads started in the threadpool: 3. Are binder threads started and available?)
12-13 16:33:12.364   983 29976 W libc    : Unable to set property "ctl.interface_start" to "aidl/vendor.qti.qhcp.IQHDC/default": PROP_ERROR_HANDLE_CONTROL_MESSAGE (0x20)
12-13 16:33:12.375   968   968 D lowmemorykiller: critical pressure event polling check
12-13 16:33:12.376   968   968 D lowmemorykiller: thrashing: 0% thrashing_limit: 60%
12-13 16:33:12.376   968   968 D lowmemorykiller: Not killing for critical pressure event polling check
12-13 16:33:12.420  9898  9898 W HiPush10.0.12.304: [PGManager ] Current is not within controlled state
12-13 16:33:12.430  2510  4823 W AlarmManager: WAKEUP alarm c0d4555 when: 2202252790 maxWhen: 2202252790 pkg: com.hihonor.awareness proc: com.hihonor.awareness tag: *walarm*:com.hihonor.awareness.action.alarm.notice trigger action: com.hihonor.awareness.action.alarm.notice
12-13 16:33:12.430  2510  4823 I ActivityManager: sendIntentSender target:PendingIntentRecord{f851d19 com.hihonor.awareness broadcastIntent}, intent:flg=0x4 hwFlg=0x110
12-13 16:33:12.432  2510  4823 I PowerManagerService: wakeLock.mDisabled:false, mDeviceIdleMode:false, mProcState:0
12-13 16:33:12.432  2510  4823 I PowerManagerService: need acquire WakeLockSuspendBlocker
12-13 16:33:12.432  2510  4823 I PowerManagerService: Acquiring suspend blocker "PowerManagerService.WakeLocks".
12-13 16:33:12.432  1242 17087 I android.system.suspend-service: incSuspendCounter++ success,name:PowerManagerService.WakeLocks mUseSuspendCounter:1 mSuspendCounter:2: Success
12-13 16:33:12.433  2510  4823 I power   : acquire wakelock: PowerManagerService.WakeLocks
12-13 16:33:12.436 23707 23923 W AWARENESS_TM:  received:1765614792427(16:33:12:427)
12-13 16:33:12.436 23707 23923 I AWARENESS_TM: trigger at:1765614792436,firstTime:1765614792427
12-13 16:33:12.437 23707 23923 I AWARENESS_TM: time list is cleared
12-13 16:33:12.437 23707 23923 W AWARENESS_TM: ftt:-9223372036854775808,ts:[]
12-13 16:33:12.437 23707 23923 W AWARENESS_TM: publish to:{1765614792427=[AppRecoAssembler_PredictSolutionTrigger_TimedAppFence_APP_STARTUP_NONE]}
12-13 16:33:12.437 23707 23906 I AWARENESS_TaskScheduler: unsub 8005 from TimedAppFence,key=AppRecoAssembler_PredictSolutionTrigger_TimedAppFence_APP_STARTUP_NONE
12-13 16:33:12.438 23707 23906 I AWARENESS_TimeAbility: AppRecoAssembler_PredictSolutionTrigger_TimedAppFe un for 1765614792427
12-13 16:33:12.438 23707 23906 E AWARENESS_TM: trigger not reg
12-13 16:33:12.438 23707 23906 W AWARENESS_TM: is empty, ignore
12-13 16:33:12.438 23707 23906 I AWARENESS_TaskScheduler: count is not 0 : 505,ability id=time_ability
12-13 16:33:12.438 23707 23906 I AWARENESS_TimedAppFence: reach interval : 5000 for com.resultmarketing.whatscard to trigger
12-13 16:33:12.438 23707 23906 I AWARENESS_FenceManager: sendMsg a:BIND,package:brain,fence: AppRecoAssembler_PredictSolutionTrigger_TimedAppFence_APP_STARTUP_NONE
12-13 16:33:12.439 23707 23858 E AWARENESS_FenceManager: connected: true
12-13 16:33:12.440  2152 29800 I sensors-hal: handle_sns_std_sensor_event:150, ambient_light_event: ts=2202252794989756, lux = 130, raw_adc=214, raw_2=262
12-13 16:33:12.441  2510  2510 I PowerManagerService: need release WakeLockSuspendBlocker
12-13 16:33:12.441  2510  2510 I PowerManagerService: Releasing suspend blocker "PowerManagerService.WakeLocks".
12-13 16:33:12.441 23707 23858 I AWARENESS_D_P_InquiryProviderCallExecMethod: invoke begin, calling pkg name: com.hihonor.awareness
12-13 16:33:12.441 23707 23858 W AWARENESS_D_P_DataQueryComponentContainer: null supplier for: queryCityCode
12-13 16:33:12.441 23707 23858 I AWARENESS_D_P_InquiryProviderCallExecMethod: invoke duration is 0
12-13 16:33:12.441 23707 23858 W Intelli_Analytics_DpIQCacheHelper: inquiry value is null or invalid, refuse update cache
12-13 16:33:12.441  2510  2510 I power   : release wakelock: PowerManagerService.WakeLocks
12-13 16:33:12.441  1242 17087 I android.system.suspend-service: decSuspendCounter-- success,name:PowerManagerService.WakeLocks mUseSuspendCounter:1 mSuspendCounter:3: Success
12-13 16:33:12.441 21135 21204 I Brain_AppRecoAssembler: Aw feed TimedAppFence#AppRecoAssembler_PredictSolutionTrigger_TimedAppFence_APP_STARTUP_NONE
12-13 16:33:12.442 21135 21199 I Brain_AppRecoAssembler: dispatch TimedAppFence#AppRecoAssembler_PredictSolutionTrigger_TimedAppFence_APP_STARTUP_NONE
12-13 16:33:12.442 21135 21199 I Brain_EventBus: AppRecoAssembler loaded
12-13 16:33:12.442 21135 21199 I Brain_AppRecoAssembler: business has 1 listener execute success true
12-13 16:33:12.442 21135 21265 I Brain_AppRecoAssembler: [ts]start tsk AppRecoAssembler_PredictSolutionTrigger_TimedAppFence_APP_STARTUP_NONE
12-13 16:33:12.442 21135 21265 E Brain_PredictSolutionTrigger: HyperHold is not valid
12-13 16:33:12.442 21135 21265 I Brain_AppRecoAssembler: PredictSolutionTrigger result:KEEP:PAUSE, sink:0
12-13 16:33:12.443 21135 21265 I Brain_AppRecoAssembler: [ts]end tsk
12-13 16:33:12.443 21135 21265 I Brain_AppRecoAssembler: join end.
12-13 16:33:12.475   968   968 D lowmemorykiller: critical pressure event polling check
12-13 16:33:12.476   968   968 D lowmemorykiller: thrashing: 0% thrashing_limit: 60%
12-13 16:33:12.476   968   968 D lowmemorykiller: Not killing for critical pressure event polling check
12-13 16:33:12.513 26180  3818 I NearbyDiscovery: (REDACTED) PureOffloadFastPairScanner: eventType=%s, isInternalReq=%s, isScanning=%s, isScanningAllowed=%s
12-13 16:33:12.514 26180  3818 I NearbyDiscovery: (REDACTED) ApFastPairScanner: isScreenOn=%s, isLocationEnabled=%s, disableLocationRequirement=%s, isDiscoveryScanningEnabled=%s, during24GhzWifiWarmingUpPeriod=%s
12-13 16:33:12.514 26180  3818 D BluetoothAdapter: isLeEnabled(): ON
12-13 16:33:12.514 26180  3818 I NearbyDiscovery: (REDACTED) ApFastPairScanner: eventType=%s, intReq=%s, scanning=%s, scanAllowed=%s, bleEnabled=%s, lockScanRate=%s, startScanningByLowPowerMode=%s
12-13 16:33:12.515 26180  3818 I NearbyDiscovery: (REDACTED) ApFastPairScanner: Stopping scan, %s
12-13 16:33:12.515 26180  3818 D BluetoothAdapter: isLeEnabled(): ON
12-13 16:33:12.518 17942 18087 I gatt-ScanHelper: stopScan() - queue size =5
12-13 16:33:12.519  6777  7481 I PGServer: report state:8 event type:2 pid:0 uid:10045 pkg:BLE_SCAN to pid: 2510
12-13 16:33:12.520  6777  7481 I BluetoothState: inactive bluetooth uid: 10045, pid:26029, connId:-1, reason:BLE_SCAN
12-13 16:33:12.520  6777  7481 D BluetoothState: stop bt uid:10045 state:BLE_SCAN total(ms):29304472
12-13 16:33:12.520 17942 18053 I bt_shim_scanner: ScanFilterParamSetup: in shim layer, clientIf=4
12-13 16:33:12.521  2141  2141 D vendor.qti.bluetooth@1.0-ibs_handler: SerialClockVote: vote for UART CLK ON
12-13 16:33:12.521 17942 18053 I bt_shim_scanner: ScanFilterParamSetup: in shim layer, clientIf=4
12-13 16:33:12.521 17942 18087 I bt_shim_scanner: Unregister: in shim layer, scannerId=4
12-13 16:33:12.522 17942 18053 I bt_shim_scanner: ScanFilterParamSetup: in shim layer, clientIf=4
12-13 16:33:12.522 26180  3818 I NearbyDiscovery: (REDACTED) ApFastPairScanner: isScreenOn=%s, isLocationEnabled=%s, disableLocationRequirement=%s, isDiscoveryScanningEnabled=%s, during24GhzWifiWarmingUpPeriod=%s
12-13 16:33:12.522 26180  3818 I NearbyDiscovery: (REDACTED) ApFastPairScanner: Start scanning internally, %s
12-13 16:33:12.523 26180  3818 D BluetoothAdapter: isLeEnabled(): ON
12-13 16:33:12.524 17942 18053 I bt_shim_scanner: Scan: in shim layer stopped
12-13 16:33:12.524 17942 18053 I bt_shim_scanner: SetScanParameters: in shim layer, scannerId=5
12-13 16:33:12.524 17942 18053 I bt_shim_scanner: Scan: in shim layer started
12-13 16:33:12.525 17942 17981 I HnChrReportConnImpl: HnChrReportConnImpl getInstance.
12-13 16:33:12.525 17942 17981 I HnChrReportConnImpl: handleChrLogItemFlow, cause = 25000
12-13 16:33:12.525 17942 17981 I HnChrReportConnImpl: handleChrLogItemFlow, str = 25000,1765614792525,0,15,57061,com.google.android.gms,4
12-13 16:33:12.526  2141  2141 D vendor.qti.bluetooth@1.0-wake_lock: Acquire wakelock is acquired 
12-13 16:33:12.526  2141  2141 I vendor.qti.bluetooth@1.0-ibs_handler: DeviceWakeUp: Writing IBS_WAKE_IND
12-13 16:33:12.526 17942 18087 I bt_shim_scanner: RegisterScanner: in shim layer
12-13 16:33:12.526 17942 17981 I HnChrReportConnImpl: HnChrReportConnImpl notifyDataToChr.
12-13 16:33:12.527  2141 18025 I vendor.qti.bluetooth@1.0-ibs_handler: ProcessIbsCmd: Received IBS_WAKE_ACK: 0xFC
12-13 16:33:12.527  2141 18025 I vendor.qti.bluetooth@1.0-ibs_handler: ProcessIbsCmd: Signal wack_cond_
12-13 16:33:12.527  2141  2141 D vendor.qti.bluetooth@1.0-ibs_handler: DeviceWakeUp: Unblocked from waiting for FC, pthread_cond_timedwait ret = 0
12-13 16:33:12.528  2141 18025 I vendor.qti.bluetooth@1.0-ibs_handler: ProcessIbsCmd: Received IBS_WAKE_IND: 0xFD
12-13 16:33:12.528  2141 18025 I vendor.qti.bluetooth@1.0-ibs_handler: ProcessIbsCmd: Writing IBS_WAKE_ACK
12-13 16:33:12.528 17942 18017 I bluetooth: unregister_client: Client unregistered
12-13 16:33:12.528 17942 18017 I bluetooth: stop_scan: Scanning already stopped, return!
12-13 16:33:12.528 17942 18017 I bluetooth: register_scanner: register_scanner
12-13 16:33:12.528 17942 18033 I gatt-ScanHelper: onScanParamSetupCompleted() - scannerId=5, status=0, pkgName=com.google.uid.shared:10045
12-13 16:33:12.528 17942 18017 I bluetooth: register_client: Client registered
12-13 16:33:12.528 17942 18033 I gatt-ScanHelper: onScannerRegistered() - UUID=04e6fc38-c7c9-4991-9085-a0700362d576, scannerId=4, status=0, pkgName=com.google.uid.shared:10045
12-13 16:33:12.528  6856  8878 E CHR_ChrProtocolTxtManager: [hasReachTxtLimitLineForMap]:the txt has reached limit, tableName = bt_flow_record
12-13 16:33:12.529 26180 26333 D BluetoothLeScanner: onScannerRegistered() - status=0 scannerId=4 mScannerId=0
12-13 16:33:12.531 17942 18087 I gatt-ScanHelper: start scan with filters
12-13 16:33:12.532  6777  7481 I PGServer: report state:8 event type:1 pid:0 uid:10045 pkg:BLE_SCAN to pid: 2510
12-13 16:33:12.532  6777  7481 I BluetoothState: new active bluetooth uid: 10045, pid:26029, connId:-1, reason:BLE_SCAN
12-13 16:33:12.538  6856  7132 D Nc_Chr_BT: NcBtDftManager: handleBtParam id = COMMON_E1002
12-13 16:33:12.538  6856  7132 E Nc_Chr_BT: NcBtDftManager: unhandled id
12-13 16:33:12.538  6856  7132 D BT_CHR: BtChrStatThirdApkEvent: updateApkAction action: 4
12-13 16:33:12.538  6856  7132 D BT_CHR: BtChrManager: isPermissionGrant: true
12-13 16:33:12.538 26180  3818 I NearbyDiscovery: (REDACTED) ApFastPairScanner: Starting %s scanning
12-13 16:33:12.538 17942 18053 I bt_shim_scanner: ScanFilterEnable: in shim layer
12-13 16:33:12.538 17942 18053 I bt_shim_scanner: ScanFilterAdd: in shim layer
12-13 16:33:12.539 17942 18053 I bt_shim_scanner: ScanFilterParamSetup: in shim layer, clientIf=4
12-13 16:33:12.539 17942 18053 I bt_shim_scanner: ScanFilterAdd: in shim layer
12-13 16:33:12.539 17942 18053 I bt_shim_scanner: ScanFilterParamSetup: in shim layer, clientIf=4
12-13 16:33:12.539 17942 18053 I bt_shim_scanner: ScanFilterAdd: in shim layer
12-13 16:33:12.540 17942 18053 I bt_shim_scanner: ScanFilterParamSetup: in shim layer, clientIf=4
12-13 16:33:12.540 17942 18053 I bt_shim_scanner: Scan: in shim layer stopped
12-13 16:33:12.540 17942 18017 I bluetooth: unregister_client: Client unregistered
12-13 16:33:12.540 17942 18053 I bt_shim_scanner: SetScanParameters: in shim layer, scannerId=4
12-13 16:33:12.540 17942 18053 I bt_shim_scanner: Scan: in shim layer started
12-13 16:33:12.540 17942 18017 I bluetooth: stop_scan: Scanning already stopped, return!
