12-13 17:21:15.591  6493  6493 W LockIcon: update state from 3 -->. 3
12-13 17:21:15.591  6493  6493 W LockIcon: cancelSuccAnimation
12-13 17:21:15.591  2510  4690 I JobScheduler: isReadyToBeExecutedLocked, job is prohibit by iaware: JobStatus{402b0fc androidx.work.systemjobscheduler:u0a348/0 @androidx.work.systemjobscheduler@com.Slack/androidx.work.impl.background.systemjob.SystemJobService u=0 s=10348 TIME=-11d1h47m42s818ms:none READY}
12-13 17:21:15.592  2510  4690 E ProcessInfoCollector: getProcessInfo: proc should not less than zero.
12-13 17:21:15.592  6647  6647 E RtgSchedManager: endActivityTransaction: margin state not match
12-13 17:21:15.592  2510  4690 I JobScheduler: isReadyToBeExecutedLocked, job is prohibit by iaware: JobStatus{8f439d1 #u0a299/785525713 free.vpn.unblock.proxy.vpn.master.pro/com.google.android.datatransport.runtime.scheduling.jobscheduling.JobInfoSchedulerService u=0 s=10299 TIME=-23d17h16m32s5ms:none NET READY}
12-13 17:21:15.593  1250  1250 D vendor.qti.hardware.qteeconnector@1.0-gp: prepareMemoryObjs param[3].memref.size=76, .memref.offset=0, memSize=76
12-13 17:21:15.593  6647 16995 I ReactNativeJNI: Memory warning (pressure level: TRIM_MEMORY_UI_HIDDEN) received by JS VM, ignoring because it's non-severe
12-13 17:21:15.593  2510  2787 I InputManager-JNI: Viewport [0] to add: local:4630946507567894145, isActive: false, display : 0
12-13 17:21:15.593  2510  2787 I EventHub: wake() called
12-13 17:21:15.593  6647  6647 D VRI[MainActivity]: visibilityChanged oldVisibility=true newVisibility=false
12-13 17:21:15.594  2510  2784 E SystemGestures: The HwFoldScreenManagerInternal is null.
12-13 17:21:15.594  2510  2784 I DisplayDevice: setLayerStackLocked -1
12-13 17:21:15.594  2510  2784 W SurfaceControl: Invalid layer stack -1
12-13 17:21:15.594  2510  2784 I SurfaceComposerClient: setDisplayLayerStack layerStack: 4294967295
12-13 17:21:15.594  2510  2784 I LogicalDisplay: configureDisplayLocked mTempLayerStackRect=Rect(0, 0 - 720, 1610) mTempDisplayRect=Rect(0, 0 - 720, 1610) orientation = 0 mDisplayId=0
12-13 17:21:15.595  2510  2510 I DE J DES: [effect] Not update Display State for displayengine current state is 2 now state is 1
12-13 17:21:15.595  2510  2784 I HwActivityTaskSupervisorEx: handleVrDisplayChanged displayId = 0
12-13 17:21:15.595  2510  2784 W HwActivityTaskSupervisorEx: handleVrDisplayChanged other vr mode displayId: 0
12-13 17:21:15.595  2510  2510 I HwMultiDisplayManager: onDisplayChanged: 0
12-13 17:21:15.595  2510  4961 I InputReader: Reconfiguring input devices, changes=DISPLAY_INFO
12-13 17:21:15.595  2510  4961 I InputReader: get pad pc display null
12-13 17:21:15.595  2510  4961 I InputReader: Disabling input_mt_wrapper (device 7) because the associated viewport is not active
12-13 17:21:15.595  2510  4961 I InputReader: Device reconfigured: id=7, name='input_mt_wrapper', size 7200x16100, orientation Rotation0, mode DISABLED, display id 0
12-13 17:21:15.596  2510  7022 I HwPowerManagerServiceEx: unregisterAlphaCallback type = 0
12-13 17:21:15.596  2510  7022 I HwPowerManagerServiceEx: not registered AlphaCallback
12-13 17:21:15.596  2510  3143 D BrightnessThermalClamper: Thermal status observer already started
12-13 17:21:15.596  2510  3143 D BrightnessPowerClamper: Power throttling data is missing for configuration data.
12-13 17:21:15.596  6493  6493 E PowerManagerEx: unregisterAlphaCallback failed
12-13 17:21:15.597  6493  6493 W PanelView: HwPanelView restoreDrawState
12-13 17:21:15.597  6493  6493 E NotificationShadeWindowController: setAnimationParam: 0.0, scale: 1.0
12-13 17:21:15.598  2510  6291 D OrientationEventListener: OrientationEventListener disabled
12-13 17:21:15.598  2510  6291 D OrientationEventListener: java.lang.RuntimeException
12-13 17:21:15.598  2510  6291 D OrientationEventListener: 	at android.view.OrientationEventListener.disable(OrientationEventListener.java:163)
12-13 17:21:15.598  2510  6291 D OrientationEventListener: 	at com.android.server.audio.RotationHelper.disable(RotationHelper.java:118)
12-13 17:21:15.598  2510  6291 D OrientationEventListener: 	at com.android.server.audio.AudioService$3.onDisplayChanged(AudioService.java:1348)
12-13 17:21:15.598  2510  6291 D OrientationEventListener: 	at android.hardware.display.DisplayManagerGlobal$DisplayListenerDelegate.handleDisplayEventInner(DisplayManagerGlobal.java:1368)
12-13 17:21:15.598  2510  6291 D OrientationEventListener: 	at android.hardware.display.DisplayManagerGlobal$DisplayListenerDelegate.lambda$sendDisplayEvent$0(DisplayManagerGlobal.java:1316)
12-13 17:21:15.598  2510  6291 D OrientationEventListener: 	at android.hardware.display.DisplayManagerGlobal$DisplayListenerDelegate.$r8$lambda$U7s70EKugVQNzFVIVvJsNmT_WdQ(Unknown Source:0)
12-13 17:21:15.598  2510  6291 D OrientationEventListener: 	at android.hardware.display.DisplayManagerGlobal$DisplayListenerDelegate$$ExternalSyntheticLambda0.run(D8$$SyntheticClass:0)
12-13 17:21:15.598  2510  6291 D OrientationEventListener: 	at android.os.Handler.handleCallback(Handler.java:997)
12-13 17:21:15.598  2510  6291 D OrientationEventListener: 	at android.os.Handler.dispatchMessage(Handler.java:111)
12-13 17:21:15.598  2510  6291 D OrientationEventListener: 	at android.os.Looper.loopOnce(Looper.java:237)
12-13 17:21:15.598  2510  6291 D OrientationEventListener: 	at android.os.Looper.loop(Looper.java:325)
12-13 17:21:15.598  2510  6291 D OrientationEventListener: 	at com.android.server.audio.AudioService$AudioSystemThread.run(AudioService.java:11279)
12-13 17:21:15.599  6493  6493 I PanelView1: notifyBarPanelExpansionChanged HeadsUp=false,mInstantExpanding=false,mTracking=false
12-13 17:21:15.599  6493  6493 D StatusBar: onPanelExpansionChanged:0.0
12-13 17:21:15.599  6493  6493 D NotificationPanelView: Updating panel sysui state flags: fullyExpanded=false inQs=false
12-13 17:21:15.599  6493  6493 D SysUiState: SysUiState changed: old=537001984 new=537001984
12-13 17:21:15.599  6493  6493 I NotificationPanelView: KGSvcCall setAlpha with value : 1.0
12-13 17:21:15.599  6493  6493 W ScrimCtrl: transitionTo: UNLOCKED->UNLOCKED
12-13 17:21:15.600  2152  2152 I sensors-hal: batch:314, android.sensor.accelerometer/11, period=200000000, max_latency=0
12-13 17:21:15.600  2152  2152 I sensors-hal: set_config:62, sample_period_ns is adjusted to 200000000 based on min/max delay_ns
12-13 17:21:15.600  2152  2152 I sensors-hal: batch:327, android.sensor.accelerometer/11, period=200000000, max_latency=0 request completed
12-13 17:21:15.601 26180 26180 I NearbyDiscovery: (REDACTED) FastPairDisplayObserver: %s -> %s
12-13 17:21:15.601  2152 15299 I sensors-hal: handle_sns_std_sensor_event:150, ambient_light_event: ts=2205135952992618, lux = 35, raw_adc=64, raw_2=771
12-13 17:21:15.602 17942 18053 I bt_shim_scanner: Scan: in shim layer stopped
12-13 17:21:15.602 17942 18017 I bluetooth: unregister_client: Client unregistered
12-13 17:21:15.602 26180 12867 I NearbySharing: Screen is locked
12-13 17:21:15.602 26180 12867 I NearbySharing: Stopping scanning because the screen is locked.
12-13 17:21:15.602  2510  2787 I InputManager: updateSharedDeviceIds add device:Input Device -1: Virtual
12-13 17:21:15.602  2510  2787 I InputManager:   Descriptor: a718a782d34bc767f4689c232d64d527998ea7fd
12-13 17:21:15.602  2510  2787 I InputManager:   Generation: 3
12-13 17:21:15.602  2510  2787 I InputManager:   Location: built-in
12-13 17:21:15.602  2510  2787 I InputManager:   Enabled: true
12-13 17:21:15.602  2510  2787 I InputManager:   Keyboard Type: alphabetic
12-13 17:21:15.602  2510  2787 I InputManager:   Has Vibrator: false
12-13 17:21:15.602  2510  2787 I InputManager:   Has Sensor: false
12-13 17:21:15.602  2510  2787 I InputManager:   Has battery: false
12-13 17:21:15.602  2510  2787 I InputManager:   Has mic: false
12-13 17:21:15.602  2510  2787 I InputManager:   Is Touch Keyboard: false
12-13 17:21:15.602  2510  2787 I InputManager:   Has app switch: false
12-13 17:21:15.602  2510  2787 I InputManager:   USI Version: null
12-13 17:21:15.602  2510  2787 I InputManager:   Sources: 0x301 ( keyboard dpad )
12-13 17:21:15.603 26180  3818 I NearbyDiscovery: (REDACTED) PureOffloadFastPairScanner: eventType=%s, isInternalReq=%s, isScanning=%s, isScanningAllowed=%s
12-13 17:21:15.603 26180 12867 I NearbySharing: [NS_PROVIDER_API]: stopDiscovery called.
12-13 17:21:15.603  2141  2141 D vendor.qti.bluetooth@1.0-ibs_handler: SerialClockVote: vote for UART CLK ON
12-13 17:21:15.603  6822  7308 I AppNetworkBlockedCheck: uid 10366 change to background
12-13 17:21:15.603 26180  3818 I NearbyDiscovery: (REDACTED) ApFastPairScanner: isScreenOn=%s, isLocationEnabled=%s, disableLocationRequirement=%s, isDiscoveryScanningEnabled=%s, during24GhzWifiWarmingUpPeriod=%s
12-13 17:21:15.603 26180  3818 D BluetoothAdapter: isLeEnabled(): ON
12-13 17:21:15.604  2510  6291 I SensorService: disableSensor handle:11, packageName:android.view.OrientationEventListener
12-13 17:21:15.604  6647  6647 I SurfaceControl: nativeRelease 0xb400007daad6c5f0 count: 1 name: Bounds for - com.resultmarketing.whatscard/com.resultmarketing.whatscard.MainActivity#213789
12-13 17:21:15.604  6647  6647 I SurfaceControl: nativeRelease 0xb400007daad07310 count: 3 name: com.resultmarketing.whatscard/com.resultmarketing.whatscard.MainActivity#213781
12-13 17:21:15.605  6822  7313 D NetworkQoeSample: onActivityStateChanged no info changed
12-13 17:21:15.605  6493  6605 E HnFreeformController: mHnDesktopTasksController is null
12-13 17:21:15.605  6493  6605 I CaptionWindowDecorViewModel: onTaskInfoChanged taskId=5145
12-13 17:21:15.604 26180  3818 I NearbyDiscovery: (REDACTED) ApFastPairScanner: eventType=%s, intReq=%s, scanning=%s, scanAllowed=%s, bleEnabled=%s, lockScanRate=%s, startScanningByLowPowerMode=%s
12-13 17:21:15.606 26180  3818 I NearbyDiscovery: (REDACTED) ApFastPairScanner: Stopping scan, %s
12-13 17:21:15.606 26180  3818 D BluetoothAdapter: isLeEnabled(): ON
12-13 17:21:15.606  6822  7313 D SmartDualCardConfig: getAppType,pkgName=com.resultmarketing.whatscard,appType=-1
12-13 17:21:15.606  6822  7313 E SmartDualCardConfig: isAppInBlackList false,items==null
12-13 17:21:15.606  6822  7313 I SmartDualCardConfig: isAppInWhiteList false,uid=10366
12-13 17:21:15.607  6822  7313 I HwPacketFilterBypass: handleActivityUidStateChanged uid:10366 -1 foreground:false
12-13 17:21:15.607  6822  7313 I HwPacketFilterBypass: isAllowSendSmartCureToChr false, no exceptions occur, dropCnt:0
12-13 17:21:15.607  6822  7313 E HwPacketFilterBypass: sendRequestToKernel DEL_UID [10366]
12-13 17:21:15.607  2141  2141 D vendor.qti.bluetooth@1.0-wake_lock: Acquire wakelock is acquired 
12-13 17:21:15.607  2141  2141 I vendor.qti.bluetooth@1.0-ibs_handler: DeviceWakeUp: Writing IBS_WAKE_IND
12-13 17:21:15.607  2359  2395 I aptouch_daemon: get_uevent, status is 0x0048c4
12-13 17:21:15.608  2359  2395 I aptouch_daemon: broadcast, UEVENT_SCREEN_OFF
12-13 17:21:15.608  2359  2394 I aptouch_daemon: operator(), add_uevent_callback thread
12-13 17:21:15.608  2359  4966 I aptouch_daemon: operator(), add_uevent_callback thread
12-13 17:21:15.608  2359  2394 I aptouch_daemon: TagScreenOff, TAG_DAE_SCREEN_OFF
12-13 17:21:15.608  2141 18025 I vendor.qti.bluetooth@1.0-ibs_handler: ProcessIbsCmd: Received IBS_WAKE_ACK: 0xFC
12-13 17:21:15.608  2359  2394 I aptouch_daemon: tsa_set_ctrlflag, set TSA_CTRL_SCREEN_OFF
12-13 17:21:15.608  2141 18025 I vendor.qti.bluetooth@1.0-ibs_handler: ProcessIbsCmd: Signal wack_cond_
12-13 17:21:15.608  2359  2394 I aptouch_daemon: screen_off, thp_afe_screenoff wrapper ret=[0], state:THPAFE_WORKINGSCREENOFF
12-13 17:21:15.608  2141  2141 D vendor.qti.bluetooth@1.0-ibs_handler: DeviceWakeUp: Unblocked from waiting for FC, pthread_cond_timedwait ret = 0
12-13 17:21:15.608  6822  7313 E Booster_Jni: NetlinkInitCant:create netlink socket,error:Protocol not supported
12-13 17:21:15.608  6822  7313 E Booster_Jni: sendDataToKernel:socket open fail
12-13 17:21:15.608  6822  7313 I UserSceneObserver: notify registrants event: 14
12-13 17:21:15.609  6822  7313 I UserSceneObserver: notify registrants event: 13
12-13 17:21:15.609 17942 18053 I bt_shim_scanner: SetScanParameters: in shim layer, scannerId=4
12-13 17:21:15.609  6822  7313 D SmartDualCardConfig: getAppType,pkgName=com.resultmarketing.whatscard,appType=-1
12-13 17:21:15.609 17942 18053 I bt_shim_scanner: Scan: in shim layer started
12-13 17:21:15.609 17942 18017 I bluetooth: stop_scan: Scanning already stopped, return!
12-13 17:21:15.609 17942 18017 I bluetooth: register_client: Client registered
12-13 17:21:15.609 17942 18033 I gatt-ScanHelper: onScanParamSetupCompleted() - scannerId=4, status=0, pkgName=com.google.uid.shared:10045
12-13 17:21:15.609  6822  7313 D SmartDualCardConfig: getAppType,pkgName=com.resultmarketing.whatscard,appType=-1
12-13 17:21:15.609  6822  7313 E SmartDualCardConfig: isAppInBlackList false,items==null
12-13 17:21:15.609  6822  7313 I SmartDualCardSM: onUidStateUpdate,uid=10366,appName=com.resultmarketing.whatscard,state=BACKGROUND
12-13 17:21:15.609  6822  7313 I SmartDualCardConfig: removeAppFromList,after remove,size()=0,uid=10366
12-13 17:21:15.609  2278 13557 D AudioFlinger: setParameters(): io 0, keyvalue screen_state=off, calling pid 2510 calling uid 1000
12-13 17:21:15.610  6822  7313 D SmartDualCardConfig: getAppType,pkgName=com.resultmarketing.whatscard,appType=-1
12-13 17:21:15.610  6822  7313 I SmartDualCardSM: updateAppState mAppState=1
12-13 17:21:15.610  6822  7313 I SmartDualCardChrManager: handleForegroundAppUpdateMsg,mAppState=2,scenes=1,mForegroundAppName=com.resultmarketing.whatscard
12-13 17:21:15.611  2140  3123 I audio_cust: AudioCustScreenStateSetParameters 857: screen_state = off
12-13 17:21:15.611  2140  3123 I audio_cust: AudioCustScreenWakeupGetMtInfo 885: screen_state = off
12-13 17:21:15.611  2140  3123 I PAL: ResourceManager: setParameter: 9090: Screen State:0
12-13 17:21:15.612  2152  2152 I sensors-hal: batch:314, android.sensor.light/51, period=500000000, max_latency=0
12-13 17:21:15.612  2152  2152 I sensors-hal: set_config:62, sample_period_ns is adjusted to 0 based on min/max delay_ns
12-13 17:21:15.612  6822  7313 I UserSceneController: current priorityList is : uid:10198 sceneId:512 pkgName:com.google.android.providers.media.module priority:3.5 |  uid:10366 sceneId:512 pkgName:com.resultmarketing.whatscard priority:10.0 | 
12-13 17:21:15.612  6822  7313 D UserSceneController: current sceneMap size = 2 as : {Pair{10198 512}=packageName: com.google.android.providers.media.module, uid: 10198, scene: 512, subScene: 1, bindActivity: com.android.providers.media.photopicker.PhotoPickerGetContentActivity, confidenceLevel: 0, windowState: 1, activityInfo: uid = 10198, packageName = com.google.android.providers.media.module, activity = com.android.providers.media.photopicker.PhotoPickerGetContentActivity, procState = 2, priority: 10.0, keySocket: [], ServerIp: [], pid: -1, socketFd: [], Pair{10366 512}=packageName: com.resultmarketing.whatscard, uid: 10366, scene: 512, subScene: 1, bindActivity: com.resultmarketing.whatscard.MainActivity, confidenceLevel: 0, windowState: 4, activityInfo: uid = 10366, packageName = com.resultmarketing.whatscard, activity = com.resultmarketing.whatscard.MainActivity, procState = 2, priority: 10.0, keySocket: [], ServerIp: [], pid: -1, socketFd: []}
12-13 17:21:15.612  6822  7313 I SmartDualCardSM: IdleState:got msg.what=EVENT_APP_MOVE_BACKGROUND
12-13 17:21:15.612  6822  7313 I SmartDualCardSM: startAppBackgroundTimer
12-13 17:21:15.612  6822  7313 I UserSceneObserver: notify registrants event: 2
12-13 17:21:15.612  6822  7313 I UserSceneObserver: notify registrants event: 2
12-13 17:21:15.612  2152  2152 I sensors-hal: set_config:74, send_ap_value_to_cp: SNS_AP_VALUE_TYPE_BATCH_REQUEST
12-13 17:21:15.612  2152  2152 I sensors-hal: batch:327, android.sensor.light/51, period=500000000, max_latency=0 request completed
12-13 17:21:15.613  6647  6647 I DecorView[]: set decor visibility 4
12-13 17:21:15.613  6647  6647 E RtgSchedManager: endActivityTransaction: margin state not match
12-13 17:21:15.613  2152 15298 I sensors-hal: ssc_conn_resp_cb:727, resp_value = 0
12-13 17:21:15.614 17942 18094 I gatt-ScanHelper: stopScan() - queue size =5
12-13 17:21:15.614  2510  4821 I SensorService: disableSensor handle:51, packageName:com.android.server.biometrics.log.ALSProbe
12-13 17:21:15.614  2510  4821 V ALSProbe: Disable ALS: 121043108
12-13 17:21:15.614  6822  7310 I Booster_OllieObserver: notify registrants event: EVENT_USER_SCENE_CHANGE, usersceneChangeInfo =  uid:10198 sceneId:512 subSceneId:1 changeType:16 netInfo:NetInfo: rttRequirement:1 ulBandwidthRequirement:1 dlBandwidthRequirement:1 packetDropRequirement:3
12-13 17:21:15.615  6822  7313 E Booster_Jni: NetlinkInitCant:create netlink socket,error:Protocol not supported
12-13 17:21:15.615  6822  7313 E Booster_Jni: sendDataToKernel:socket open fail
12-13 17:21:15.615  6822  7313 I NetworkQoe: sendAppListToKernel, app cnt is 4
12-13 17:21:15.615  6822  7313 D FiQoeManager: handlePriorityAppChanged isCurPriorityApp: false, pkgName:com.resultmarketing.whatscard, uid: 10366
12-13 17:21:15.615  6822  7313 D FiQoeManager: handlePriorityAppChanged isCurPriorityApp: true, pkgName:com.google.android.providers.media.module, uid: 10198
12-13 17:21:15.615  6822  7313 I NetworkQoe: appChanged: mCurDetectAppUid = 10198, mCurDetectPkgName:com.google.android.providers.media.module
12-13 17:21:15.615  2510  4690 E ProcessInfoCollector: getProcessInfo: proc should not less than zero.
12-13 17:21:15.615  6822  7313 D NetworkQoeSample: onActivityInfoChanged info 10366 esultmarketing.whatscard g.whatscard.MainActivity 0
12-13 17:21:15.615  6822  7313 D NetworkQoeSample: onActivityStateChanged no net need
12-13 17:21:15.615  6822  7313 D NetworkQoe: handleShortVideoMonitorMsg:app=0
12-13 17:21:15.615  2510  4690 I JobScheduler: isReadyToBeExecutedLocked, job is prohibit by iaware: JobStatus{f6a3b5b androidx.work.systemjobscheduler:u0a295/456 @androidx.work.systemjobscheduler@my.com.tngdigital.ewallet/androidx.work.impl.background.systemjob.SystemJobService u=0 s=10295 TIME=-4h6m48s730ms:none NET BATNOTLOW READY}
12-13 17:21:15.616  2510  4690 E ProcessInfoCollector: getProcessInfo: proc should not less than zero.
12-13 17:21:15.616  2510  4690 I JobScheduler: isReadyToBeExecutedLocked, job is prohibit by iaware: JobStatus{5e4844a androidx.work.systemjobscheduler:u0a295/457 @androidx.work.systemjobscheduler@my.com.tngdigital.ewallet/androidx.work.impl.background.systemjob.SystemJobService u=0 s=10295 TIME=-6h29m19s586ms:none READY}
12-13 17:21:15.616  2359  2359 I aptouch_daemon: thp_main_loop, skipbelow: normal/2.15.121/1.11.0/H189BH1200_P7931_V19
12-13 17:21:15.616  2359  2359 I aptouch_daemon: wait_for_resume, -	-	-	-	--->holding
12-13 17:21:15.616  2510  4690 E ProcessInfoCollector: getProcessInfo: proc should not less than zero.
12-13 17:21:15.616  2510  4690 I JobScheduler: isReadyToBeExecutedLocked, job is prohibit by iaware: JobStatus{d8e2613 #u0a290/2050 com.taobao.taobao/com.taobao.accs.internal.AccsJobService u=0 s=10290 TIME=-2d22h51m5s880ms:-2d22h51m5s880ms NET READY}
12-13 17:21:15.617  2510  4690 E ProcessInfoCollector: getProcessInfo: proc should not less than zero.
12-13 17:21:15.617  2510  4690 I JobScheduler: isReadyToBeExecutedLocked, job is prohibit by iaware: JobStatus{9b284d6 androidx.work.systemjobscheduler:u0a282/2121 @androidx.work.systemjobscheduler@jp.pxv.android/androidx.work.impl.background.systemjob.SystemJobService u=0 s=10282 TIME=-17d6h43m22s675ms:none NET READY}
12-13 17:21:15.617  2510  4690 E ProcessInfoCollector: getProcessInfo: proc should not less than zero.
12-13 17:21:15.617  2510  4690 I JobScheduler: isReadyToBeExecutedLocked, job is prohibit by iaware: JobStatus{1c81cb5 #u0a282/-297456057 jp.pxv.android/com.google.android.datatransport.runtime.scheduling.jobscheduling.JobInfoSchedulerService u=0 s=10282 TIME=-17d9h41m31s897ms:none NET READY}
12-13 17:21:15.618  2510  4690 E ProcessInfoCollector: getProcessInfo: proc should not less than zero.
12-13 17:21:15.618  6777  7976 D APwMonitor: run monitor end.
12-13 17:21:15.618  2510  4690 I JobScheduler: isReadyToBeExecutedLocked, job is prohibit by iaware: JobStatus{b642566 androidx.work.systemjobscheduler:u0a270/115 @androidx.work.systemjobscheduler@com.facebook.orca/androidx.work.impl.background.systemjob.SystemJobService u=0 s=10270 TIME=-1h52m23s588ms:none NET READY}
12-13 17:21:15.618  6647 16973 D libEGL  : [eglDestroySurface] start surface is 0xb400007c06d15310
12-13 17:21:15.618  6777  7481 I PGServer: report state:8 event type:2 pid:0 uid:10045 pkg:BLE_SCAN to pid: 2510
12-13 17:21:15.618  2510  4690 E ProcessInfoCollector: getProcessInfo: proc should not less than zero.
12-13 17:21:15.618  6777  7481 I BluetoothState: inactive bluetooth uid: 10045, pid:26029, connId:-1, reason:BLE_SCAN
12-13 17:21:15.618  6777  7481 D BluetoothState: stop bt uid:10045 state:BLE_SCAN total(ms):30364600
12-13 17:21:15.619  6647 16973 I BufferQueueProducer: [VRI[MainActivity]#0(BLAST Consumer)0](id:19f700000000,api:1,p:6647,c:6647) disconnect: api 1
12-13 17:21:15.619  2510  4690 I JobScheduler: isReadyToBeExecutedLocked, job is prohibit by iaware: JobStatus{a2c3b54 #u0a270/2131430311 com.facebook.orca/com.facebook.analytics2.logger.legacy.uploader.LollipopUploadService u=0 s=10270 TIME=-3h27m31s353ms:-2h27m31s353ms NET READY}
12-13 17:21:15.619  2510  4690 E ProcessInfoCollector: getProcessInfo: proc should not less than zero.
12-13 17:21:15.619 17942 18053 I bt_shim_scanner: ScanFilterParamSetup: in shim layer, clientIf=4
12-13 17:21:15.619  2510  4690 I JobScheduler: isReadyToBeExecutedLocked, job is prohibit by iaware: JobStatus{79e1b5a #u0a270/2131430320 com.facebook.orca/com.facebook.push.registration.PushNegativeFeedbackLollipopService u=0 s=10270 TIME=-3h27m34s888ms:none NET READY}
12-13 17:21:15.620  6647 16973 I BufferQueueConsumer: [VRI[MainActivity]#0(BLAST Consumer)0](id:19f700000000,api:0,p:-1,c:6647) disconnect
12-13 17:21:15.621  2510  4690 E ProcessInfoCollector: getProcessInfo: proc should not less than zero.
12-13 17:21:15.621 17942 18094 I bt_shim_scanner: Unregister: in shim layer, scannerId=4
12-13 17:21:15.621  2510  4690 I JobScheduler: isReadyToBeExecutedLocked, job is prohibit by iaware: JobStatus{660a805 #u0a270/2131430314 com.facebook.orca/com.facebook.conditionalworker.LollipopConditionalWorkerService u=0 s=10270 TIME=-3h27m45s531ms:none NET READY}
12-13 17:21:15.621 17942 18053 I bt_shim_scanner: ScanFilterParamSetup: in shim layer, clientIf=4
12-13 17:21:15.621  2510  4690 E ProcessInfoCollector: getProcessInfo: proc should not less than zero.
12-13 17:21:15.622  2510  4690 I JobScheduler: isReadyToBeExecutedLocked, job is prohibit by iaware: JobStatus{58b4d14 #u0a270/2131430324 com.facebook.orca/com.facebook.push.registration.FacebookPushServerFinishNotifiedLollipopService u=0 s=10270 TIME=-6h27m4s873ms:none NET READY}
12-13 17:21:15.623  2510  4690 E ProcessInfoCollector: getProcessInfo: proc should not less than zero.
12-13 17:21:15.623  2141 18025 I vendor.qti.bluetooth@1.0-ibs_handler: ProcessIbsCmd: Received IBS_WAKE_IND: 0xFD
12-13 17:21:15.623  2141 18025 I vendor.qti.bluetooth@1.0-ibs_handler: ProcessIbsCmd: Writing IBS_WAKE_ACK
12-13 17:21:15.623  2510  4690 I JobScheduler: isReadyToBeExecutedLocked, job is prohibit by iaware: JobStatus{4663d6f #u0a270/2131430318 com.facebook.orca/com.facebook.push.fcm.GetFcmTokenRegistrarLollipopService u=0 s=10270 TIME=-6h27m4s897ms:none NET READY}
12-13 17:21:15.624  2510  4690 E ProcessInfoCollector: getProcessInfo: proc should not less than zero.
12-13 17:21:15.625  2510  4690 I JobScheduler: isReadyToBeExecutedLocked, job is prohibit by iaware: JobStatus{4179d87 #u0a270/-1743238118 com.facebook.orca/com.facebook.messaging.livelocation.bindings.MessengerLiveLocationBooterService u=0 s=10270 TIME=none:-6h27m35s113ms READY}
12-13 17:21:15.625 17942 18053 I bt_shim_scanner: ScanFilterParamSetup: in shim layer, clientIf=4
12-13 17:21:15.626 17942 18053 I bt_shim_scanner: Scan: in shim layer stopped
12-13 17:21:15.626 17942 18053 I bt_shim_scanner: SetScanParameters: in shim layer, scannerId=5
12-13 17:21:15.626 17942 18053 I bt_shim_scanner: Scan: in shim layer started
12-13 17:21:15.626  2510  4821 I SurfaceControl: nativeRelease 0xb400007daaddf670 count: 1 name: Surface(name=f2284eb InputMethod)/@0xfaff8e1 - animation-leash of insets_animation#213787
12-13 17:21:15.626  2510  4821 I SurfaceControl: nativeRelease 0xb400007daad6c170 count: 1 name: Surface(name=533a248 NavigationBar0)/@0x5906af7 - animation-leash of insets_animation#213902
12-13 17:21:15.626  2510  4821 I SurfaceControl: nativeRelease 0xb400007daad33d70 count: 1 name: Surface(name=1aa3798 StatusBar)/@0xdd6bf93 - animation-leash of insets_animation#213903
12-13 17:21:15.626 17942 18017 I bluetooth: unregister_client: Client unregistered
12-13 17:21:15.626 17942 18017 I bluetooth: stop_scan: Scanning already stopped, return!
12-13 17:21:15.626 17942 18017 I bluetooth: register_client: Client registered
12-13 17:21:15.626 17942 18033 I gatt-ScanHelper: onScanParamSetupCompleted() - scannerId=5, status=0, pkgName=com.google.uid.shared:10045
12-13 17:21:15.626  2510  4690 E ProcessInfoCollector: getProcessInfo: proc should not less than zero.
12-13 17:21:15.627 17942 17981 I HnChrReportConnImpl: HnChrReportConnImpl getInstance.
12-13 17:21:15.627 17942 17981 I HnChrReportConnImpl: handleChrLogItemFlow, cause = 25000
12-13 17:21:15.627 17942 17981 I HnChrReportConnImpl: handleChrLogItemFlow, str = 25000,1765617675627,0,15,57061,com.google.android.gms,4
12-13 17:21:15.627  2510  4690 I JobScheduler: isReadyToBeExecutedLocked, job is prohibit by iaware: JobStatus{d59681 #u0a270/2131430322 com.facebook.orca/com.facebook.push.registration.FacebookPushServerFinishNotifiedLollipopService u=0 s=10270 TIME=-6h27m34s879ms:none NET READY}
12-13 17:21:15.628  2510  4690 E ProcessInfoCollector: getProcessInfo: proc should not less than zero.
12-13 17:21:15.628  6647  6647 D VRI[MainActivity]: relayoutWindow: mRelayoutRequested = true
12-13 17:21:15.628  2510  4690 I JobScheduler: isReadyToBeExecutedLocked, job is prohibit by iaware: JobStatus{ad9f644 #u0a250/2081501016 com.cimb.cimbocto/com.google.android.datatransport.runtime.scheduling.jobscheduling.JobInfoSchedulerService u=0 s=10250 TIME=-4h30m43s93ms:none NET READY}
12-13 17:21:15.628  6647  6647 I SurfaceControl: nativeRelease 0xb400007daad55070 count: 1 name: Surface(name=f2284eb InputMethod)/@0xfaff8e1 - animation-leash of insets_animation#213787
12-13 17:21:15.628 26180 12867 I NearbySharing: NearbySharing Internal event SendManagerEnd
12-13 17:21:15.628  6647  6647 I SurfaceControl: nativeRelease 0xb400007daacf62d0 count: 1 name: Surface(name=533a248 NavigationBar0)/@0x5906af7 - animation-leash of insets_animation#213902
12-13 17:21:15.628 26180 12867 I NearbySharing: Scanning has stopped.
12-13 17:21:15.628  6647  6647 I SurfaceControl: nativeRelease 0xb400007daad57c50 count: 1 name: Surface(name=1aa3798 StatusBar)/@0xdd6bf93 - animation-leash of insets_animation#213903
12-13 17:21:15.629  2510  4690 E ProcessInfoCollector: getProcessInfo: proc should not less than zero.
12-13 17:21:15.629  2510  4690 I JobScheduler: isReadyToBeExecutedLocked, job is prohibit by iaware: JobStatus{a66aa90 #u0a248/-2094387547 authenticator.two.factor.authentication.otp/com.google.android.datatransport.runtime.scheduling.jobscheduling.JobInfoSchedulerService u=0 s=10248 TIME=-2d6h0m53s850ms:none NET READY}
12-13 17:21:15.629  2652  2702 I AwareLog: iawared: ReSetHighLoadPolicyV2
12-13 17:21:15.630 26180 12867 I NearbySharing: Stopping Fast Init advertisement because we're not scanning in the foreground.
12-13 17:21:15.631 17942 17981 I HnChrReportConnImpl: HnChrReportConnImpl notifyDataToChr.
12-13 17:21:15.631 26180 12867 I NearbySharing: Stopping advertising because no high power receive surface is registered and device is visible to HIDDEN.
12-13 17:21:15.631 26180 12867 I NearbySharing: Stopping FastInitiation scanning because the screen is locked.
12-13 17:21:15.632  6647  6647 D FullScreenUtils: isNeedToHideStatusBar: splitscreenstate=0
12-13 17:21:15.632 26180 12867 I NotificationManager: com.google.android.gms: cancel(3)
12-13 17:21:15.633 26180 12867 I NearbySharing: Fast Initiation Scanning has stopped
12-13 17:21:15.633  6856  8878 E CHR_ChrProtocolTxtManager: [hasReachTxtLimitLineForMap]:the txt has reached limit, tableName = bt_flow_record
12-13 17:21:15.633 26180 12867 I NearbySharing: Dismissing HUN as there's no device nearby.
12-13 17:21:15.633 26180 19179 I NearbySharing: [NS_DEBUG] DiscoveryController stopped.
12-13 17:21:15.633 26180 12867 I NotificationManager: com.google.android.gms: cancel(3)
12-13 17:21:15.634  2510  7833 I HwActivityTaskManagerServiceEx: notifySfVsync uniquePkg=com.resultmarketing.whatscard:10366 vsyncSwitch=true type=1 mBackGroundAppPkgSet.size=58
12-13 17:21:15.634  2286  2403 I SurfaceFlingerEx: setSpecialAppVsync pkgName:com.resultmarketing.whatscard:10366, frameRate:15, vsyncSwitch:1
12-13 17:21:15.634  2510  7833 I SurfaceControl: nativeRelease 0xb400007daad5e3d0 count: 2 name: com.resultmarketing.whatscard/com.resultmarketing.whatscard.MainActivity#213781
12-13 17:21:15.634  2286  2403 I EventThread: setSpecialAppVsync vsyncSwitch:1, name:com.resultmarketing.whatscard, uid:10366
12-13 17:21:15.635  2510  7833 I PowerManagerService: need release WakeLockSuspendBlocker
12-13 17:21:15.635  2510  7833 I PowerManagerService: Releasing suspend blocker "PowerManagerService.WakeLocks".
12-13 17:21:15.636  2510  7833 I power   : release wakelock: PowerManagerService.WakeLocks
12-13 17:21:15.636 26180 26201 I NearbyConnections: Client 177324165 requested discovery to stop.
12-13 17:21:15.636  1242  1257 I android.system.suspend-service: decSuspendCounter-- success,name:PowerManagerService.WakeLocks mUseSuspendCounter:1 mSuspendCounter:3: Success
12-13 17:21:15.636  2510  2787 I UsageStatsService: reportEvent : component= ComponentInfo{com.resultmarketing.whatscard/com.resultmarketing.whatscard.MainActivity} eventType= 23
12-13 17:21:15.636 26180 19179 I NearbyMediums: In ScanningCancellationFlag, service-id=NearbySharing is the last scanner to stop scanning. The flag has been cancelled.
12-13 17:21:15.637 26180 19180 D BluetoothAdapter: isLeEnabled(): ON
12-13 17:21:15.640 17942 18094 I gatt-ScanHelper: stopScan() - queue size =4
12-13 17:21:15.641 17942 18053 I bt_shim_scanner: ScanFilterParamSetup: in shim layer, clientIf=5
12-13 17:21:15.642 17942 18053 I bt_shim_scanner: ScanFilterParamSetup: in shim layer, clientIf=5
12-13 17:21:15.642 17942 18053 I bt_shim_scanner: ScanFilterParamSetup: in shim layer, clientIf=5
12-13 17:21:15.642 17942 18094 I bt_shim_scanner: Unregister: in shim layer, scannerId=5
12-13 17:21:15.643 26180 19179 I NearbyMediums: Stopped BLE scanning, service-id=NearbySharing
12-13 17:21:15.643 26180 19179 I NearbyMediums: Can't stop WiFi Aware subscribing because it was never started.
12-13 17:21:15.644 17942 18053 I bt_shim_scanner: Scan: in shim layer stopped
12-13 17:21:15.644 17942 18017 I bluetooth: unregister_client: Client unregistered
12-13 17:21:15.644 17942 18053 I bt_shim_scanner: SetScanParameters: in shim layer, scannerId=1
12-13 17:21:15.644 17942 18053 I bt_shim_scanner: Scan: in shim layer started
12-13 17:21:15.644 17942 18033 I gatt-ScanHelper: onScanParamSetupCompleted() - scannerId=1, status=0, pkgName=android.uid.system:1000
12-13 17:21:15.644 17942 18017 I bluetooth: stop_scan: Scanning already stopped, return!
12-13 17:21:15.644 17942 18017 I bluetooth: register_client: Client registered
12-13 17:21:15.645 17942 17981 I HnChrReportConnImpl: HnChrReportConnImpl getInstance.
12-13 17:21:15.645 17942 17981 I HnChrReportConnImpl: handleChrLogItemFlow, cause = 25000
12-13 17:21:15.645 17942 17981 I HnChrReportConnImpl: handleChrLogItemFlow, str = 25000,1765617675645,0,15,57061,com.google.android.gms,5
12-13 17:21:15.645 17942 17981 I HnChrReportConnImpl: HnChrReportConnImpl notifyDataToChr.
12-13 17:21:15.646 26180 19179 I NearbyMediums: NFC discovery successfully stopped.
12-13 17:21:15.646  6856  8878 E CHR_ChrProtocolTxtManager: [hasReachTxtLimitLineForMap]:the txt has reached limit, tableName = bt_flow_record
12-13 17:21:15.647 26180 19179 I NearbyConnections: No longer listening to visibility changes for client 177324165
12-13 17:21:15.651  6777  7976 I SleepDetection: save data to sleep.db
12-13 17:21:15.651  6777  7976 I SleepDetection: screen state records need save to long standby database.
12-13 17:21:15.656 26180 19179 I Nearby  : (REDACTED) Successfully shutdown executor %s.
12-13 17:21:15.656  6777  7976 I SleepDatabase: close long standby database.
12-13 17:21:15.656  6777  7976 I UserStateManager: screenoff startMotionDetection
12-13 17:21:15.656  6777  7976 I MotionDetection: start motion detection, reportLatencySec = 200
12-13 17:21:15.656  6777  7976 I HnMSDPMovementManager: enableMovementEvents
12-13 17:21:15.657  1250  2598 E SmcInvoke_MinkDescriptor: mem obj with id :19 not found in list
12-13 17:21:15.658  2169  2318 I ArHal   : (ArEnableActivityEventExtend:1569):env[0]:event[1]:time[5000000000]:len[32]:param1[0.000000]param3[0.000000]param4[0.000000]buf[]!
12-13 17:21:15.658  2169  2318 I vendor.honor.hardware.activity_recognition-service: (QcomArSendCmdState:497):QcomArSendCmdState: timeElapsed = 101
12-13 17:21:15.659  2774  6472 D GPQTEEC : [QTEEC.cpp:592 __convertParamsOut] paramTypes[0]=3
12-13 17:21:15.659  2774  6472 D GPQTEEC : [QTEEC.cpp:594 __convertParamsOut] Type is output
12-13 17:21:15.659  2774  6472 D GPQTEEC : [QTEEC.cpp:592 __convertParamsOut] paramTypes[1]=0
12-13 17:21:15.659  2774  6472 D GPQTEEC : [QTEEC.cpp:592 __convertParamsOut] paramTypes[2]=0
12-13 17:21:15.659  2774  6472 D GPQTEEC : [QTEEC.cpp:592 __convertParamsOut] paramTypes[3]=f
12-13 17:21:15.659  2774  6472 D GPQTEEC : [QTEEC.cpp:594 __convertParamsOut] Type is output
12-13 17:21:15.659  2774  6472 D GPQTEEC : [QTEEC.cpp:605 __convertParamsOut] SizeIn/SizeOut = 76/76
12-13 17:21:15.659  2774  6472 D GPQTEEC : [QTEEC.cpp:621 __convertParamsOut] Copy back from qsmem->ion_sbuf @ 0x74d2564000 (76 bytes)
12-13 17:21:15.659  2774  6472 D GPQTEEC : [QTEEC.cpp:470 __RevertRegisteredMemToTempMem] Saved op buffer @ 0x722147a510, Temp op @ 0x722147a510
12-13 17:21:15.659  2774  6472 D GPQTEEC : [QTEEC.cpp:382 TEEC_QTEE_ReleaseSharedMemory] Releasing qsmem buffer @ 0x74d2564000
12-13 17:21:15.659  2774  6472 D GPQTEEC : [QTEEC.cpp:131 __SharedMem_Free] munmap(0x74d2564000, 76)
12-13 17:21:15.659  2774  6472 D GPQTEEC : [QTEEC.cpp:479 __RevertRegisteredMemToTempMem] Returned op->params[i].tmpref.size 76
12-13 17:21:15.659  2774  6472 D GPQTEEC : [QTEEC.cpp:481 __RevertRegisteredMemToTempMem] Restored op buffer @ 0x722147a510
12-13 17:21:15.659  2774  6472 D GPQTEEC : [QTEEC.cpp:47 dumpHex] Operation OUT (112 bytes @ 0x0x722147a5d0)
12-13 17:21:15.659  2774  6472 D GPQTEEC : [QTEEC.cpp:54 dumpHex] 01 00 00 00 03 70 00 00 00 00 00 00 00 00 00 00 
12-13 17:21:15.659  2774  6472 D GPQTEEC : [QTEEC.cpp:54 dumpHex] 00 00 00 00 00 00 00 00 00 00 00 00 00 00 00 00 
12-13 17:21:15.659  2774  6472 D GPQTEEC : [QTEEC.cpp:54 dumpHex] 00 00 00 00 00 00 00 00 00 00 00 00 00 00 00 00 
12-13 17:21:15.659  2774  6472 D GPQTEEC : [QTEEC.cpp:54 dumpHex] 00 00 00 00 00 00 00 00 00 00 00 00 00 00 00 00 
12-13 17:21:15.659  2774  6472 D GPQTEEC : [QTEEC.cpp:54 dumpHex] 00 00 00 00 00 00 00 00 00 00 00 00 00 00 00 00 
12-13 17:21:15.659  2774  6472 D GPQTEEC : [QTEEC.cpp:54 dumpHex] 10 A5 47 21 72 00 00 00 4C 00 00 00 00 00 00 00 
12-13 17:21:15.659  2774  6472 D GPQTEEC : [QTEEC.cpp:54 dumpHex] 00 00 00 00 00 00 00 00 A0 DD B4 67 73 00 00 B4 
12-13 17:21:15.659  2774  6472 D fpc_tac : HAL Invokecommand = 78 out, result = 0, retry_times = 1
12-13 17:21:15.659  2774  6472 I fpc_fingerprint_hal: wait_finger_down, took 141 ms
12-13 17:21:15.659  2774  6472 I FingerprintDevice: onAcquired(7), vendorCode(1003)
12-13 17:21:15.659  2510  4821 W HnAidlResponseHandler: onAcquired, should abandon FingerUp action
12-13 17:21:15.659  2510  4821 I HnAidlResponseHandler: acquiredInfo : 6 , vendorCode : 1003
12-13 17:21:15.659  2510  4821 I HwFingerprintService: clientAcquireInfo = 2003
12-13 17:21:15.659  2510  4821 I HwFingerprintService: setKeyguardAuthenStatusForce set status = false
12-13 17:21:15.659  2774  6472 D fpc_tac : HAL Invokecommand = 18
12-13 17:21:15.659  2774  6472 D GPQTEEC : [QTEEC.cpp:47 dumpHex] Operation IN (112 bytes @ 0x0x722147a830)
12-13 17:21:15.659  2774  6472 D GPQTEEC : [QTEEC.cpp:54 dumpHex] 01 00 00 00 03 70 00 00 00 00 00 00 09 00 00 00 
12-13 17:21:15.659  2774  6472 D GPQTEEC : [QTEEC.cpp:54 dumpHex] 00 00 00 00 00 00 00 00 00 00 00 00 00 00 00 00 
12-13 17:21:15.659  2774  6472 D GPQTEEC : [QTEEC.cpp:54 dumpHex] 00 00 00 00 00 00 00 00 00 00 00 00 00 00 00 00 
12-13 17:21:15.659  2774  6472 D GPQTEEC : [QTEEC.cpp:54 dumpHex] 00 00 00 00 00 00 00 00 00 00 00 00 00 00 00 00 
12-13 17:21:15.659  2774  6472 D GPQTEEC : [QTEEC.cpp:54 dumpHex] 00 00 00 00 00 00 00 00 00 00 00 00 00 00 00 00 
12-13 17:21:15.659  2774  6472 D GPQTEEC : [QTEEC.cpp:54 dumpHex] 70 A7 47 21 72 00 00 00 4C 00 00 00 00 00 00 00 
12-13 17:21:15.659  2774  6472 D GPQTEEC : [QTEEC.cpp:54 dumpHex] 00 00 00 00 00 00 00 00 00 00 00 00 00 00 00 00 
12-13 17:21:15.659  2774  6472 D GPQTEEC : [QTEEC.cpp:425 __ConvertTempMemToRegisteredMem] Saved op tmpref.buffer = 0x722147a770, Op memref.parent->buffer = 0x722147a770 (76 bytes)
12-13 17:21:15.659  2774  6472 D GPQTEEC : [QTEEC.cpp:111 __SharedMem_Alloc] mmap(0x74d2564000, 76)
12-13 17:21:15.660  2774  6472 D GPQTEEC : [QTEEC.cpp:230 TEEC_QTEE_RegisterSharedMemory] qsmem buffer allocated @ 0x74d2564000 76 bytes, registered buffer @ 0x722147a770
12-13 17:21:15.660  2774  6472 D GPQTEEC : [QTEEC.cpp:444 __ConvertTempMemToRegisteredMem] Temp op buffer set @ 0x722147a770
12-13 17:21:15.660  2774  6472 D GPQTEEC : [QTEEC.cpp:1182 TEEC_QTEE_InvokeCommand] Operation is not NULL
12-13 17:21:15.660  2774  6472 D GPQTEEC : [QTEEC.cpp:47 dumpHex] param[] (16 bytes @ 0x0x722147a6ac)
12-13 17:21:15.660  2774  6472 D GPQTEEC : [QTEEC.cpp:54 dumpHex] 00 00 00 00 09 00 00 00 00 00 00 00 00 00 00 00 
12-13 17:21:15.660  2774  6472 D GPQTEEC : [QTEEC.cpp:47 dumpHex] param[] (16 bytes @ 0x0x722147a6bc)
12-13 17:21:15.660  2774  6472 D GPQTEEC : [QTEEC.cpp:54 dumpHex] 00 00 00 00 00 00 00 00 00 00 00 00 00 00 00 00 
12-13 17:21:15.660  2774  6472 D GPQTEEC : [QTEEC.cpp:47 dumpHex] param[] (16 bytes @ 0x0x722147a6cc)
12-13 17:21:15.660  2774  6472 D GPQTEEC : [QTEEC.cpp:54 dumpHex] 00 00 00 00 00 00 00 00 00 00 00 00 00 00 00 00 
12-13 17:21:15.660  2774  6472 D GPQTEEC : [QTEEC.cpp:514 __convertParamsIn] param[3] size=76, offset=0
12-13 17:21:15.660  2774  6472 D GPQTEEC : [QTEEC.cpp:524 __convertParamsIn] Real backed buffer (76 bytes)
12-13 17:21:15.660  2774  6472 D GPQTEEC : [QTEEC.cpp:529 __convertParamsIn] Copy into qsmem->ashmem_buffer @ 0x74d2564000 (76 bytes)
12-13 17:21:15.660  2774  6472 D GPQTEEC : [QTEEC.cpp:47 dumpHex] param[] (16 bytes @ 0x0x722147a6dc)
12-13 17:21:15.660  2774  6472 D GPQTEEC : [QTEEC.cpp:54 dumpHex] FF FF FF FF 00 00 00 00 4C 00 00 00 00 00 00 00 
12-13 17:21:15.660  2774  6472 D GPQTEEC : [QTEEC.cpp:1193 TEEC_QTEE_InvokeCommand] operation->paramTypes = 0x0000F003, req->param_types = 0x00007003
12-13 17:21:15.660  1250  1250 I DMABUFHEAPS: Using DMA-BUF heap named: qcom,qseecom-ta
12-13 17:21:15.660  1250  1250 D vendor.qti.hardware.qteeconnector@1.0-gp: prepareMemoryObjs param[3].memref.size=76, .memref.offset=0, memSize=76
12-13 17:21:15.673  1250  2598 E SmcInvoke_MinkDescriptor: mem obj with id :19 not found in list
12-13 17:21:15.673  2774  6472 D GPQTEEC : [QTEEC.cpp:592 __convertParamsOut] paramTypes[0]=3
12-13 17:21:15.673  2774  6472 D GPQTEEC : [QTEEC.cpp:594 __convertParamsOut] Type is output
12-13 17:21:15.673  2774  6472 D GPQTEEC : [QTEEC.cpp:592 __convertParamsOut] paramTypes[1]=0
12-13 17:21:15.673  2774  6472 D GPQTEEC : [QTEEC.cpp:592 __convertParamsOut] paramTypes[2]=0
12-13 17:21:15.673  2774  6472 D GPQTEEC : [QTEEC.cpp:592 __convertParamsOut] paramTypes[3]=f
12-13 17:21:15.673  2774  6472 D GPQTEEC : [QTEEC.cpp:594 __convertParamsOut] Type is output
12-13 17:21:15.673  2774  6472 D GPQTEEC : [QTEEC.cpp:605 __convertParamsOut] SizeIn/SizeOut = 76/76
12-13 17:21:15.673  2774  6472 D GPQTEEC : [QTEEC.cpp:621 __convertParamsOut] Copy back from qsmem->ion_sbuf @ 0x74d2564000 (76 bytes)
12-13 17:21:15.673  2774  6472 D GPQTEEC : [QTEEC.cpp:470 __RevertRegisteredMemToTempMem] Saved op buffer @ 0x722147a770, Temp op @ 0x722147a770
12-13 17:21:15.673  2774  6472 D GPQTEEC : [QTEEC.cpp:382 TEEC_QTEE_ReleaseSharedMemory] Releasing qsmem buffer @ 0x74d2564000
12-13 17:21:15.673  2774  6472 D GPQTEEC : [QTEEC.cpp:131 __SharedMem_Free] munmap(0x74d2564000, 76)
12-13 17:21:15.673  2774  6472 D GPQTEEC : [QTEEC.cpp:479 __RevertRegisteredMemToTempMem] Returned op->params[i].tmpref.size 76
12-13 17:21:15.673  2774  6472 D GPQTEEC : [QTEEC.cpp:481 __RevertRegisteredMemToTempMem] Restored op buffer @ 0x722147a770
12-13 17:21:15.673  2774  6472 D GPQTEEC : [QTEEC.cpp:47 dumpHex] Operation OUT (112 bytes @ 0x0x722147a830)
12-13 17:21:15.673  2774  6472 D GPQTEEC : [QTEEC.cpp:54 dumpHex] 01 00 00 00 03 70 00 00 03 00 00 00 00 00 00 00 
12-13 17:21:15.673  2774  6472 D GPQTEEC : [QTEEC.cpp:54 dumpHex] 00 00 00 00 00 00 00 00 00 00 00 00 00 00 00 00 
12-13 17:21:15.673  2774  6472 D GPQTEEC : [QTEEC.cpp:54 dumpHex] 00 00 00 00 00 00 00 00 00 00 00 00 00 00 00 00 
12-13 17:21:15.673  2774  6472 D GPQTEEC : [QTEEC.cpp:54 dumpHex] 00 00 00 00 00 00 00 00 00 00 00 00 00 00 00 00 
12-13 17:21:15.673  2774  6472 D GPQTEEC : [QTEEC.cpp:54 dumpHex] 00 00 00 00 00 00 00 00 00 00 00 00 00 00 00 00 
12-13 17:21:15.673  2774  6472 D GPQTEEC : [QTEEC.cpp:54 dumpHex] 70 A7 47 21 72 00 00 00 4C 00 00 00 00 00 00 00 
12-13 17:21:15.673  2774  6472 D GPQTEEC : [QTEEC.cpp:54 dumpHex] 00 00 00 00 00 00 00 00 A0 DD B4 67 73 00 00 B4 
12-13 17:21:15.673  2774  6472 D fpc_tac : HAL Invokecommand = 18 out, result = 0, retry_times = 1
12-13 17:21:15.673  2774  6472 I fpc_fingerprint_hal: fp_add_user_config:user is already used
12-13 17:21:15.673  2774  6472 I fpc_tac : fpc_tac_send_get_indices_cmd indices: 0xb40000742bb4db90, index_count: 3
12-13 17:21:15.673  2774  6472 D fpc_tac : HAL Invokecommand = 17
12-13 17:21:15.673  2774  6472 D GPQTEEC : [QTEEC.cpp:47 dumpHex] Operation IN (112 bytes @ 0x0x722147a830)
12-13 17:21:15.673  2774  6472 D GPQTEEC : [QTEEC.cpp:54 dumpHex] 01 00 00 00 E3 70 00 00 03 00 00 00 09 00 00 00 
12-13 17:21:15.673  2774  6472 D GPQTEEC : [QTEEC.cpp:54 dumpHex] 00 00 00 00 00 00 00 00 00 00 00 00 00 00 00 00 
12-13 17:21:15.673  2774  6472 D GPQTEEC : [QTEEC.cpp:54 dumpHex] E8 E0 5C 23 72 00 00 00 00 04 00 00 00 00 00 00 
12-13 17:21:15.673  2774  6472 D GPQTEEC : [QTEEC.cpp:54 dumpHex] 00 00 00 00 00 00 00 00 00 00 00 00 00 00 00 00 
12-13 17:21:15.673  2774  6472 D GPQTEEC : [QTEEC.cpp:54 dumpHex] 00 00 00 00 00 00 00 00 00 00 00 00 00 00 00 00 
12-13 17:21:15.673  2774  6472 D GPQTEEC : [QTEEC.cpp:54 dumpHex] 70 A7 47 21 72 00 00 00 4C 00 00 00 00 00 00 00 
12-13 17:21:15.673  2774  6472 D GPQTEEC : [QTEEC.cpp:54 dumpHex] 00 00 00 00 00 00 00 00 00 00 00 00 00 00 00 00 
12-13 17:21:15.673  2774  6472 D GPQTEEC : [QTEEC.cpp:425 __ConvertTempMemToRegisteredMem] Saved op tmpref.buffer = 0x722147a770, Op memref.parent->buffer = 0x722147a770 (76 bytes)
12-13 17:21:15.674  2774  6472 D GPQTEEC : [QTEEC.cpp:111 __SharedMem_Alloc] mmap(0x74d2564000, 76)
12-13 17:21:15.674  2774  6472 D GPQTEEC : [QTEEC.cpp:230 TEEC_QTEE_RegisterSharedMemory] qsmem buffer allocated @ 0x74d2564000 76 bytes, registered buffer @ 0x722147a770
12-13 17:21:15.674  2774  6472 D GPQTEEC : [QTEEC.cpp:444 __ConvertTempMemToRegisteredMem] Temp op buffer set @ 0x722147a770
12-13 17:21:15.674  2774  6472 D GPQTEEC : [QTEEC.cpp:1182 TEEC_QTEE_InvokeCommand] Operation is not NULL
12-13 17:21:15.674  2774  6472 D GPQTEEC : [QTEEC.cpp:47 dumpHex] param[] (16 bytes @ 0x0x722147a6ac)
12-13 17:21:15.674  2774  6472 D GPQTEEC : [QTEEC.cpp:54 dumpHex] 03 00 00 00 09 00 00 00 00 00 00 00 00 00 00 00 
12-13 17:21:15.674  2774  6472 D GPQTEEC : [QTEEC.cpp:514 __convertParamsIn] param[1] size=1024, offset=0
12-13 17:21:15.674  2774  6472 D GPQTEEC : [QTEEC.cpp:524 __convertParamsIn] Real backed buffer (1024 bytes)
12-13 17:21:15.674  2774  6472 D GPQTEEC : [QTEEC.cpp:47 dumpHex] param[] (16 bytes @ 0x0x722147a6bc)
12-13 17:21:15.674  2774  6472 D GPQTEEC : [QTEEC.cpp:54 dumpHex] FF FF FF FF 00 00 00 00 00 04 00 00 00 00 00 00 
12-13 17:21:15.674  2774  6472 D GPQTEEC : [QTEEC.cpp:47 dumpHex] param[] (16 bytes @ 0x0x722147a6cc)
12-13 17:21:15.674  2774  6472 D GPQTEEC : [QTEEC.cpp:54 dumpHex] 00 00 00 00 00 00 00 00 00 00 00 00 00 00 00 00 
12-13 17:21:15.674  2774  6472 D GPQTEEC : [QTEEC.cpp:514 __convertParamsIn] param[3] size=76, offset=0
12-13 17:21:15.674  2774  6472 D GPQTEEC : [QTEEC.cpp:524 __convertParamsIn] Real backed buffer (76 bytes)
12-13 17:21:15.674  2774  6472 D GPQTEEC : [QTEEC.cpp:529 __convertParamsIn] Copy into qsmem->ashmem_buffer @ 0x74d2564000 (76 bytes)
12-13 17:21:15.674  2774  6472 D GPQTEEC : [QTEEC.cpp:47 dumpHex] param[] (16 bytes @ 0x0x722147a6dc)
12-13 17:21:15.674  2774  6472 D GPQTEEC : [QTEEC.cpp:54 dumpHex] FF FF FF FF 00 00 00 00 4C 00 00 00 00 00 00 00 
12-13 17:21:15.674  2774  6472 D GPQTEEC : [QTEEC.cpp:1193 TEEC_QTEE_InvokeCommand] operation->paramTypes = 0x0000F0E3, req->param_types = 0x00007063
12-13 17:21:15.674  1250  1250 I DMABUFHEAPS: Using DMA-BUF heap named: qcom,qseecom-ta
12-13 17:21:15.675  1250  1250 D vendor.qti.hardware.qteeconnector@1.0-gp: prepareMemoryObjs param[1].memref.size=1024, .memref.offset=0, memSize=1024
12-13 17:21:15.675  1250  1250 I DMABUFHEAPS: Using DMA-BUF heap named: qcom,qseecom-ta
12-13 17:21:15.675  1250  1250 D vendor.qti.hardware.qteeconnector@1.0-gp: prepareMemoryObjs param[3].memref.size=76, .memref.offset=0, memSize=76
12-13 17:21:15.689  1250  2599 E SmcInvoke_MinkDescriptor: mem obj with id :22 not found in list
12-13 17:21:15.690  1250  2601 E SmcInvoke_MinkDescriptor: mem obj with id :24 not found in list
12-13 17:21:15.690  2774  6472 D GPQTEEC : [QTEEC.cpp:592 __convertParamsOut] paramTypes[0]=3
12-13 17:21:15.690  2774  6472 D GPQTEEC : [QTEEC.cpp:594 __convertParamsOut] Type is output
12-13 17:21:15.690  2774  6472 D GPQTEEC : [QTEEC.cpp:592 __convertParamsOut] paramTypes[1]=e
12-13 17:21:15.690  2774  6472 D GPQTEEC : [QTEEC.cpp:594 __convertParamsOut] Type is output
12-13 17:21:15.690  2774  6472 D GPQTEEC : [QTEEC.cpp:605 __convertParamsOut] SizeIn/SizeOut = 1024/12
12-13 17:21:15.690  2774  6472 D GPQTEEC : [QTEEC.cpp:592 __convertParamsOut] paramTypes[2]=0
12-13 17:21:15.690  2774  6472 D GPQTEEC : [QTEEC.cpp:592 __convertParamsOut] paramTypes[3]=f
12-13 17:21:15.690  2774  6472 D GPQTEEC : [QTEEC.cpp:594 __convertParamsOut] Type is output
12-13 17:21:15.690  2774  6472 D GPQTEEC : [QTEEC.cpp:605 __convertParamsOut] SizeIn/SizeOut = 76/76
12-13 17:21:15.690  2774  6472 D GPQTEEC : [QTEEC.cpp:621 __convertParamsOut] Copy back from qsmem->ion_sbuf @ 0x74d2564000 (76 bytes)
12-13 17:21:15.690  2774  6472 D GPQTEEC : [QTEEC.cpp:470 __RevertRegisteredMemToTempMem] Saved op buffer @ 0x722147a770, Temp op @ 0x722147a770
12-13 17:21:15.690  2774  6472 D GPQTEEC : [QTEEC.cpp:382 TEEC_QTEE_ReleaseSharedMemory] Releasing qsmem buffer @ 0x74d2564000
12-13 17:21:15.690  2774  6472 D GPQTEEC : [QTEEC.cpp:131 __SharedMem_Free] munmap(0x74d2564000, 76)
12-13 17:21:15.690  2774  6472 D GPQTEEC : [QTEEC.cpp:479 __RevertRegisteredMemToTempMem] Returned op->params[i].tmpref.size 76
12-13 17:21:15.691  2774  6472 D GPQTEEC : [QTEEC.cpp:481 __RevertRegisteredMemToTempMem] Restored op buffer @ 0x722147a770
12-13 17:21:15.691  2774  6472 D GPQTEEC : [QTEEC.cpp:47 dumpHex] Operation OUT (112 bytes @ 0x0x722147a830)
12-13 17:21:15.691  2774  6472 D GPQTEEC : [QTEEC.cpp:54 dumpHex] 01 00 00 00 E3 70 00 00 03 00 00 00 00 00 00 00 
12-13 17:21:15.691  2774  6472 D GPQTEEC : [QTEEC.cpp:54 dumpHex] 00 00 00 00 00 00 00 00 00 00 00 00 00 00 00 00 
12-13 17:21:15.691  2774  6472 D GPQTEEC : [QTEEC.cpp:54 dumpHex] E8 E0 5C 23 72 00 00 00 0C 00 00 00 00 00 00 00 
12-13 17:21:15.691  2774  6472 D GPQTEEC : [QTEEC.cpp:54 dumpHex] 00 00 00 00 00 00 00 00 00 00 00 00 00 00 00 00 
12-13 17:21:15.691  2774  6472 D GPQTEEC : [QTEEC.cpp:54 dumpHex] 00 00 00 00 00 00 00 00 00 00 00 00 00 00 00 00 
12-13 17:21:15.691  2774  6472 D GPQTEEC : [QTEEC.cpp:54 dumpHex] 70 A7 47 21 72 00 00 00 4C 00 00 00 00 00 00 00 
12-13 17:21:15.691  2774  6472 D GPQTEEC : [QTEEC.cpp:54 dumpHex] 00 00 00 00 00 00 00 00 A0 DD B4 67 73 00 00 B4 
12-13 17:21:15.691  2774  6472 D fpc_tac : HAL Invokecommand = 17 out, result = 0, retry_times = 1
12-13 17:21:15.691  2774  6472 I fpc_fingerprint_hal: get_identify_indices_and_indices_count indices[0]=0
12-13 17:21:15.691  2774  6472 I fpc_fingerprint_hal: get_identify_indices_and_indices_count indices[1]=1
12-13 17:21:15.691  2774  6472 I fpc_fingerprint_hal: get_identify_indices_and_indices_count indices[2]=2
12-13 17:21:15.691  2774  6472 I fpc_fingerprint_hal: primary_indices_count : 3 , privacy_indices_count : 0 
12-13 17:21:15.691  2774  6472 I fpc_fingerprint_hal: get_identify_indices_and_indices_count not auth both space fingerprints
12-13 17:21:15.691  2774  6472 D fpc_tac : HAL Invokecommand = 40
12-13 17:21:15.691  2774  6472 D GPQTEEC : [QTEEC.cpp:47 dumpHex] Operation IN (112 bytes @ 0x0x722147a830)
12-13 17:21:15.691  2774  6472 D GPQTEEC : [QTEEC.cpp:54 dumpHex] 01 00 00 00 13 70 00 00 00 00 00 00 09 00 00 00 
