12-14 08:04:00.153 10431 10431 I Zygote  : mount_storage_dirs
12-14 08:04:00.154 10431 10431 I Zygote  : PreInitializeNativeBridge
12-14 08:04:00.161  1247  1247 I keystore2: vendor/honor/system/base/system/security/keystore2/keystore_debug/honor_keystore_database_log.rs:36 - "keystore2/src/service.rs".name="com.google.android.as.oss:learning_bg" in "getKeyEntry()." pid=10404
12-14 08:04:00.163 10431 10431 I Zygote  : CallStaticVoidMethod
12-14 08:04:00.164 10431 10431 I facebook.system: Using CollectorTypeCMC GC.
12-14 08:04:00.165  1247  1247 I keystore2: vendor/honor/system/base/system/security/keystore2/keystore_debug/honor_keystore_database_log.rs:36 - "keystore2/src/service.rs".name="com.google.android.as.oss:learning_bg" in "getKeyEntry()." pid=10404
12-14 08:04:00.167 10431 10431 E facebook.system: Not starting debugger since process cannot load the jdwp agent.
12-14 08:04:00.168  1247  1247 I keystore2: vendor/honor/system/base/system/security/keystore2/keystore_debug/honor_keystore_database_log.rs:36 - "keystore2/src/security_level.rs".name="com.google.android.as.oss:learning_bg" in "createOperation()." pid=10404
12-14 08:04:00.170 10431 10431 D nativeloader: Load libframework-connectivity-tiramisu-jni.so using APEX ns com_android_tethering for caller /apex/com.android.tethering/javalib/framework-connectivity-t.jar: ok
12-14 08:04:00.173 10431 10431 E [VipSchedProxy:]: Vip Success open /proc/vip/ioctl
12-14 08:04:00.175 10431 10431 D ActivityThread: Attach thread to application
12-14 08:04:00.179  2510  2784 I WifiEnhanceMonitor: notifyUidStateChanged
12-14 08:04:00.181  2278 17143 D AudioPolicyService: getUidState(10213) !cacheIter->second.first, return PROCESS_STATE_UNKNOWN
12-14 08:04:00.181  2278 17143 D AudioPolicyService: getUidState(10213) !cacheIter->second.first, return PROCESS_STATE_UNKNOWN
12-14 08:04:00.183 10431 10431 I Typeface: setSystemFontMap SharedMemory
12-14 08:04:00.183  1247  1247 I keystore2: vendor/honor/system/base/system/security/keystore2/keystore_debug/honor_keystore_database_log.rs:36 - "keystore2/src/operation.rs".name="com.google.android.as.oss:learning_bg" in "updateAad()." pid=10404
12-14 08:04:00.184 10431 10431 I Typeface: setSystemFontMap Typaface
12-14 08:04:00.184 10431 10453 I ActivityThread: Init compatible state: true
12-14 08:04:00.185 10431 10431 I ResourcesManager: applyConfigurationToResources: smallestScreenWidthDp = 360mMaxBounds = Rect(0, 0 - 720, 1610)
12-14 08:04:00.187  1247 30777 I keystore2: vendor/honor/system/base/system/security/keystore2/keystore_debug/honor_keystore_database_log.rs:36 - "keystore2/src/operation.rs".name="com.google.android.as.oss:learning_bg" in "update()." pid=10404
12-14 08:04:00.191  1247  1247 I keystore2: vendor/honor/system/base/system/security/keystore2/keystore_debug/honor_keystore_database_log.rs:36 - "keystore2/src/operation.rs".name="com.google.android.as.oss:learning_bg" in "finish()." pid=10404
12-14 08:04:00.195  1247 30777 I keystore2: vendor/honor/system/base/system/security/keystore2/keystore_debug/honor_keystore_database_log.rs:36 - "keystore2/src/operation.rs".name="com.google.android.as.oss:learning_bg" in "abort()." pid=10404
12-14 08:04:00.196 10431 10431 D nativeloader: Configuring clns-7 for other apk /data/app/~~j-jaDR-LSy91RUeMuIZReA==/com.facebook.system-fewl5hdGbPks_yBDHJhr_Q==/base.apk. target_sdk_version=36, uses_libraries=, library_path=/data/app/~~j-jaDR-LSy91RUeMuIZReA==/com.facebook.system-fewl5hdGbPks_yBDHJhr_Q==/lib/arm64, permitted_path=/data:/mnt/expand:/data/user/0/com.facebook.system
12-14 08:04:00.198 10404 10426 I TinkBsaTokenCipher: Initialized successfully
12-14 08:04:00.198  1058  1058 E KeymasterUtils: rsp_header->status: -28
12-14 08:04:00.198  1058  1058 E KeyMasterHalDevice: abort_operation
12-14 08:04:00.198  1058  1058 E KeyMasterHalDevice: ret: -28
12-14 08:04:00.199 10431 10453 W HwCust  : CUST VERSION = false, use class = class android.app.HwCustApplicationPackageManagerImpl
12-14 08:04:00.202 10431 10431 V GraphicsEnvironment: Currently set values for:
12-14 08:04:00.202 10431 10431 V GraphicsEnvironment:   angle_gl_driver_selection_pkgs=[]
12-14 08:04:00.202 10431 10431 V GraphicsEnvironment:   angle_gl_driver_selection_values=[]
12-14 08:04:00.202 10431 10431 V GraphicsEnvironment: Global.Settings values are invalid: number of packages: 0, number of values: 0
12-14 08:04:00.202 10431 10431 V GraphicsEnvironment: Neither updatable production driver nor prerelease driver is supported.
12-14 08:04:00.213 10431 10452 W FlutterAnimationAdvance: FlutterAnimationAdvance getInstance()
12-14 08:04:00.213 10404 10439 D nativeloader: Load /data/app/~~1C47OoztyTOpm7t0rKk_tA==/com.google.android.as.oss-OL2a1sV4cxY0GqHw90fdFw==/split_config.arm64_v8a.apk!/lib/arm64-v8a/libpcs_tensorflow_jni.so using class loader ns clns-7 (caller=/data/app/~~1C47OoztyTOpm7t0rKk_tA==/com.google.android.as.oss-OL2a1sV4cxY0GqHw90fdFw==/base.apk): ok
12-14 08:04:00.213 10431 10431 I SystemFonts: loadHwSystemFonts, isNightMode true, fontWeightScale is 100
12-14 08:04:00.213 10431 10453 I AwareBitmapCacher: init processName:com.facebook.system pid=10431 uid=10213
12-14 08:04:00.213 10431 10431 I HwTypeface: update default font
12-14 08:04:00.214 10431 10451 V HnExtFrameworkFactory: successes to get AllImpl object and return....
12-14 08:04:00.215  2510  2580 D HwActivityManagerServiceEx: finishPreloaded callingPid 10431
12-14 08:04:00.215  2510  2580 D HwActivityManagerServiceEx: finishPreloaded preloadStatus: 0 app: ProcessRecord{749a789 10431:com.facebook.system/u0a213} uidRec.isPreload: false
12-14 08:04:00.216  2510  2784 I WifiEnhanceMonitor: notifyUidStateChanged
12-14 08:04:00.216 10431 10431 I ActivityThread: finishPreloaded preloadStatus 0
12-14 08:04:00.216  2278 17143 D AudioPolicyService: getUidState(10213) !cacheIter->second.first, return PROCESS_STATE_UNKNOWN
12-14 08:04:00.217 10431 10451 I GtaWordsUtil: open config file fail
12-14 08:04:00.217 10431 10451 I GtaWordsUtil: warning not define gta name in transform list
12-14 08:04:00.226  2510  2579 I PackageManager: setEnabledSetting pkg:com.facebook.appmanager, className:com.facebook.oxygen.appmanager.nekodirect.NekoDirectProvider, newState:2, flags:1, userId:0, CallingPid:10326, CallingUid:10206
12-14 08:04:00.227 10326 10389 E ActivityThread: Failed to find provider info for com.facebook.appmanager.nekodirect
12-14 08:04:00.228  2510  2579 I PackageManager: setEnabledSetting pkg:com.facebook.appmanager, className:com.facebook.oxygen.appmanager.installapi.OxInstallApiProvider, newState:1, flags:1, userId:0, CallingPid:10326, CallingUid:10206
12-14 08:04:00.229  2510  2579 I PackageManager: setEnabledSetting pkg:com.facebook.appmanager, className:com.facebook.oxygen.appmanager.experimentation.AppManagerExperimentProvider, newState:1, flags:1, userId:0, CallingPid:10326, CallingUid:10206
12-14 08:04:00.232 10404 10439 E oss:learning_bg: Can't open /proc/smaps_group_types: No such file or directory
12-14 08:04:00.238  2510  2580 W ProcBatteryStats: timer is not running , not stop, name: com.facebook.appmanager, uid: 10206, tag: *job*/com.facebook.appmanager/com.facebook.oxygen.appmanager.update.core.UpdateService
12-14 08:04:00.239  2510  2579 W JobInfo : Job 'com.facebook.appmanager/com.facebook.oxygen.appmanager.update.core.UpdateService#5500' has a deadline with no functional constraints. The deadline won't improve job execution latency. Consider removing the deadline.
12-14 08:04:00.242  2510  2579 E ProcessInfoCollector: getProcessInfo: proc should not less than zero.
12-14 08:04:00.243  2510  2579 I PowerManagerService: wakeLock.mDisabled:false, mDeviceIdleMode:false, mProcState:0
12-14 08:04:00.244  2510  2579 I PowerManagerService: wakeLock.mDisabled:false, mDeviceIdleMode:false, mProcState:0
12-14 08:04:00.244  2510  2579 W ProcBatteryStats: timer is running , not start, name: com.facebook.appmanager, uid: 10206, tag: *job*/com.facebook.appmanager/com.facebook.oxygen.appmanager.update.core.UpdateService
12-14 08:04:00.246  2510  2579 E ProcessInfoCollector: getProcessInfo: failed to find this proc: 2510
12-14 08:04:00.249  6777  7481 I AppManager: dependence has been existed:2510 -> 10326
12-14 08:04:00.253  2510  2580 W JobInfo : Job 'com.facebook.appmanager/com.facebook.oxygen.common.jobqueue.JobQueueService#5100' has a deadline with no functional constraints. The deadline won't improve job execution latency. Consider removing the deadline.
12-14 08:04:00.255  2510  2579 W JobInfo : Job 'com.facebook.appmanager/com.facebook.oxygen.appmanager.update.core.UpdateService#5500' has a deadline with no functional constraints. The deadline won't improve job execution latency. Consider removing the deadline.
12-14 08:04:00.256  2510  2580 W ProcBatteryStats: timer is not running , not stop, name: com.facebook.appmanager, uid: 10206, tag: *job*/com.facebook.appmanager/com.facebook.oxygen.appmanager.update.core.UpdateService
12-14 08:04:00.260  2510  2579 E ProcessInfoCollector: getProcessInfo: proc should not less than zero.
12-14 08:04:00.261  2510  2579 I PowerManagerService: wakeLock.mDisabled:false, mDeviceIdleMode:false, mProcState:0
12-14 08:04:00.262  2510  2579 I PowerManagerService: wakeLock.mDisabled:false, mDeviceIdleMode:false, mProcState:0
12-14 08:04:00.262  2510  2579 W ProcBatteryStats: timer is running , not start, name: com.facebook.appmanager, uid: 10206, tag: *job*/com.facebook.appmanager/com.facebook.oxygen.appmanager.update.core.UpdateService
12-14 08:04:00.263  2510  2579 E ProcessInfoCollector: getProcessInfo: failed to find this proc: 2510
12-14 08:04:00.266  6777  7481 I AppManager: dependence has been existed:2510 -> 10326
12-14 08:04:00.269  2510  2579 W JobInfo : Job 'com.facebook.appmanager/com.facebook.oxygen.appmanager.update.core.UpdateService#5500' has a deadline with no functional constraints. The deadline won't improve job execution latency. Consider removing the deadline.
12-14 08:04:00.274  2510  2580 W ProcBatteryStats: timer is not running , not stop, name: com.facebook.appmanager, uid: 10206, tag: *job*/com.facebook.appmanager/com.facebook.oxygen.appmanager.update.core.UpdateService
12-14 08:04:00.277 10326 10372 I ApplicationPackageManager: checkGetInstalledAppsPermissionStatus,packageName:com.facebook.appmanager,ret:-2
12-14 08:04:00.296  2510  2579 W ParceledListSlice: Element #146 is 17880 bytes.
12-14 08:04:00.299  2510  2579 W ParceledListSlice: Element #175 is 17548 bytes.
12-14 08:04:00.305  2510  7094 D FileUtils: Rounded bytes from 7898361856 to 8000000000
12-14 08:04:00.311 10404 10439 I FcClientStatsdLogManager: Sending FL Training log. [CONTEXT ratelimit_period="60 MINUTES" ]
12-14 08:04:00.327  5795  5925 E msys    : E[N mns]_CacheRefreshTimerCallback(454)=>Start active cache refresh DNS resolution
12-14 08:04:00.327  5795  5925 E msys    : E[N mns]_CacheRefreshTimerCallback(454)=>Start active cache refresh DNS resolution
12-14 08:04:00.327  5795  5925 E msys    : E[N mns]_CacheRefreshTimerCallback(454)=>Start active cache refresh DNS resolution
12-14 08:04:00.327  5795  5925 E msys    : E[N mns]_CacheRefreshTimerCallback(454)=>Start active cache refresh DNS resolution
12-14 08:04:00.327  5795  5925 E msys    : E[N mns]_CacheRefreshTimerCallback(454)=>Start active cache refresh DNS resolution
12-14 08:04:00.327  5795  5925 E msys    : E[N mns]_CacheRefreshTimerCallback(454)=>Start active cache refresh DNS resolution
12-14 08:04:00.332  2510  6321 D HwConnectivityManagerImpl: getNetworkPolicyFlag flagStr null
12-14 08:04:00.333  5795  5925 E msys    : E[N mns]_OnSystemDNSSuccessCallback(340)=>Cache refresh succeeded with system DNS resolver. IP count: 2
12-14 08:04:00.341  2510  2580 W ProcBatteryStats: timer is not running , not stop, name: com.facebook.appmanager, uid: 10206, tag: *job*/com.facebook.appmanager/com.facebook.analytics2.logger.legacy.uploader.LollipopUploadService
12-14 08:04:00.341  5795  5925 E msys    : E[N mns]_OnSystemDNSSuccessCallback(340)=>Cache refresh succeeded with system DNS resolver. IP count: 2
12-14 08:04:00.342  2510  6321 D HwConnectivityManagerImpl: getNetworkPolicyFlag flagStr null
12-14 08:04:00.346  5795  5925 E msys    : E[N mns]_OnSystemDNSSuccessCallback(340)=>Cache refresh succeeded with system DNS resolver. IP count: 2
12-14 08:04:00.346  2510  6321 D HwConnectivityManagerImpl: getNetworkPolicyFlag flagStr null
12-14 08:04:00.349  2510  6321 D HwConnectivityManagerImpl: getNetworkPolicyFlag flagStr null
12-14 08:04:00.351  5795  5925 E msys    : E[N mns]_OnSystemDNSSuccessCallback(340)=>Cache refresh succeeded with system DNS resolver. IP count: 2
12-14 08:04:00.351  5795  5925 E msys    : E[N mns]_OnSystemDNSSuccessCallback(340)=>Cache refresh succeeded with system DNS resolver. IP count: 2
12-14 08:04:00.352  2510  6321 D HwConnectivityManagerImpl: getNetworkPolicyFlag flagStr null
12-14 08:04:00.352  2510  6321 D HwConnectivityManagerImpl: getNetworkPolicyFlag flagStr null
12-14 08:04:00.358  5795  5925 E msys    : E[N mns]_OnSystemDNSSuccessCallback(340)=>Cache refresh succeeded with system DNS resolver. IP count: 2
12-14 08:04:00.359  2510  6321 D HwConnectivityManagerImpl: getNetworkPolicyFlag flagStr null
12-14 08:04:00.517  2510  2580 D FileUtils: Rounded bytes from 7898361856 to 8000000000
12-14 08:04:00.536  2510  7094 W ProcBatteryStats: timer is not running , not stop, name: com.facebook.appmanager, uid: 10206, tag: *job*/com.facebook.appmanager/com.facebook.oxygen.common.jobqueue.JobQueueService
12-14 08:04:00.539  2510  2784 I WifiEnhanceMonitor: notifyUidStateChanged
12-14 08:04:00.540  2510  2784 I WifiEnhanceMonitor: notifyUidStateChanged
12-14 08:04:00.541  2278 17143 D AudioPolicyService: getUidState(10213) !cacheIter->second.first, return PROCESS_STATE_UNKNOWN
12-14 08:04:00.541  2510  2784 I WifiEnhanceMonitor: notifyUidStateChanged
12-14 08:04:00.541  2278 17143 D AudioPolicyService: getUidState(10206) !cacheIter->second.first, return PROCESS_STATE_UNKNOWN
12-14 08:04:00.542  2278 22475 D AudioPolicyService: getUidState(10213) !cacheIter->second.first, return PROCESS_STATE_UNKNOWN
12-14 08:04:00.543  2510  2784 I WifiEnhanceMonitor: notifyUidStateChanged
12-14 08:04:00.543 10332 10355 W brella.TrainingJob: Training ended with error (hasRetryWindow=true). 
12-14 08:04:00.543  2278 22475 D AudioPolicyService: getUidState(10206) !cacheIter->second.first, return PROCESS_STATE_UNKNOWN
12-14 08:04:00.544  2510  7094 D CompatChangeReporter: Compat change id reported: 311208629; UID 10151; state: ENABLED
12-14 08:04:00.549 10332 10401 D CompatChangeReporter: Compat change id reported: 311402873; UID 10151; state: ENABLED
12-14 08:04:00.549 10332 10401 D CompatChangeReporter: Compat change id reported: 323349338; UID 10151; state: ENABLED
12-14 08:04:00.552  2510  2580 D CompatChangeReporter: Compat change id reported: 311402873; UID 10151; state: ENABLED
12-14 08:04:00.552  2510  2580 D CompatChangeReporter: Compat change id reported: 323349338; UID 10151; state: ENABLED
12-14 08:04:00.555  2510  7094 W ProcBatteryStats: timer is not running , not stop, name: com.google.android.as.oss, uid: 10151, tag: *job*/com.google.android.as.oss/com.google.android.gms.learning.internal.training.InAppJobService
12-14 08:04:00.558  2510  7094 W JobScheduler: Job didn't exist in JobStore: 4db5ebc #u0a151/-1459396391 com.google.android.as.oss/com.google.android.gms.learning.internal.training.InAppJobService
12-14 08:04:00.559  2510  2784 I WifiEnhanceMonitor: notifyUidStateChanged
12-14 08:04:00.559  2278 22475 D AudioPolicyService: getUidState(10151) !cacheIter->second.first, return PROCESS_STATE_UNKNOWN
12-14 08:04:00.560  2510  2784 I WifiEnhanceMonitor: notifyUidStateChanged
12-14 08:04:00.561  2278 22475 D AudioPolicyService: getUidState(10151) !cacheIter->second.first, return PROCESS_STATE_UNKNOWN
12-14 08:04:00.780  2141 18029 I vendor.qti.bluetooth@1.0-ibs_handler: DeviceSleep: TX Awake, Sending SLEEP_IND
12-14 08:04:00.780  2141 18029 D vendor.qti.bluetooth@1.0-ibs_handler: SerialClockVote: vote for UART CLK OFF
12-14 08:04:00.914  2143  4070 W ServiceManagerCppClient: Waited one second for vendor.qti.qhcp.IQHDC/default (is service started? Number of threads started in the threadpool: 3. Are binder threads started and available?)
12-14 08:04:00.915  2253  2377 W ServiceManagerCppClient: Waited one second for vendor.qti.qhcp.IQHDC/default (is service started? Number of threads started in the threadpool: 2. Are binder threads started and available?)
12-14 08:04:00.923   983 10493 W libc    : Unable to set property "ctl.interface_start" to "aidl/vendor.qti.qhcp.IQHDC/default": PROP_ERROR_HANDLE_CONTROL_MESSAGE (0x20)
12-14 08:04:00.923   983 10494 W libc    : Unable to set property "ctl.interface_start" to "aidl/vendor.qti.qhcp.IQHDC/default": PROP_ERROR_HANDLE_CONTROL_MESSAGE (0x20)
12-14 08:04:00.931  2141 18020 D vendor.qti.bluetooth@1.0-wake_lock: Release wakelock is released 
12-14 08:04:00.991  2510  3232 I AppsFilter: interaction: PackageSetting{8992303 com.android.microdroid.empty_payload/10202} -> PackageSetting{15e8cbe com.facebook.appmanager/10206} BLOCKED
12-14 08:04:01.004  2510  2853 I SearchManagerService: onPackageModified com.facebook.appmanager
12-14 08:04:01.005  2510  4991 D InputMethodManagerService: Checking com.google.android.tts/com.google.android.apps.speech.tts.googletts.settings.asr.voiceime.VoiceInputMethodService
12-14 08:04:01.005  2510  4637 I OverlayManager: reconcileSettingsForPackage : pkgName = com.facebook.appmanager, userId = 0, flags = 0
12-14 08:04:01.006  2510  4637 E OverlayManager: updateTargetPackagesLocked updatedTargets is empty
12-14 08:04:01.009  2510  4991 E HwResourcesImpl: processName is null
12-14 08:04:01.011  2510  4991 I HwInputMethodManagerService: isFlagExists  value = true, userId = 0
12-14 08:04:01.011  2510  4991 D InputMethodManagerService: Found an input method InputMethodInfo{com.google.android.tts/com.google.android.apps.speech.tts.googletts.settings.asr.voiceime.VoiceInputMethodService, settings: com.google.android.apps.speech.tts.googletts.settings.asr.voiceime.ui.VoiceImeSettingsActivity, languageSettings: null}
12-14 08:04:01.011  2510  4991 D InputMethodManagerService: Checking com.preff.kb.hr/com.preff.kb.LatinIME
12-14 08:04:01.015  2510  4991 E HwResourcesImpl: processName is null
12-14 08:04:01.015  2510  6349 D ShortcutService: received package broadcast intent: Intent { act=android.intent.action.PACKAGE_CHANGED dat=package: flg=0x45000010 (has extras) }
12-14 08:04:01.015  2510  6349 D ShortcutService: changing package: com.facebook.appmanager userId0
12-14 08:04:01.015  2510  6349 I ShortcutService: handlePackageChanged: com.facebook.appmanager user=0
12-14 08:04:01.015  2510  6349 D ShortcutService: rescanPackageIfNeeded 0@com.facebook.appmanager, forceRescan=true , isNewApp=true
12-14 08:04:01.017  2510  6349 E HwResolverManager: Could not found app: com.hihonor.pcassistant
12-14 08:04:01.021  2510  2510 D TrustManagerService: refreshAgentList(userIdOrAll=-1)
12-14 08:04:01.021  2510  4991 I HwInputMethodManagerService: isFlagExists  value = true, userId = 0
12-14 08:04:01.021  2510  6463 E HwResolverManager: Could not found app: com.hihonor.pcassistant
12-14 08:04:01.021  2510  4991 D InputMethodManagerService: Found an input method InputMethodInfo{com.preff.kb.hr/com.preff.kb.LatinIME, settings: com.preff.kb.settings.SettingsNoneActivity, languageSettings: null}
12-14 08:04:01.021  2510  4991 D InputMethodManagerService: Checking com.touchtype.swiftkey/com.touchtype.KeyboardService
12-14 08:04:01.022  6874  6874 D CarrierSvcBindHelper: onPackageModified: com.facebook.appmanager
12-14 08:04:01.022  2510  2853 E HwResourcesImpl: processName is null
12-14 08:04:01.022  2510  6463 E HwResolverManager: Could not found app: com.hihonor.pcassistant
12-14 08:04:01.022  2510  6349 E HwResolverManager: Could not found app: com.hihonor.pcassistant
12-14 08:04:01.023  2510  6349 I ShortcutService: Package com.facebook.appmanager has 0 manifest shortcut(s), and 0 share target(s)
12-14 08:04:01.023  2510  2510 D TrustManagerService: refreshAgentList: skipping com.hihonor.systemserver/.trustagent.HnTrustAgent u0: not enabled by user
12-14 08:04:01.024  2510  2510 D TrustManagerService: refreshAgentList: userInfos=[UserInfo{0:Owner:4c13}], obsoleteAgents={}, trustMayHaveChanged=false
12-14 08:04:01.024  6822  7606 I Hicom_Monitor: notifyPackageChanged: pkgName:com.facebook.appmanager, uid: 10206, actionId: 2
12-14 08:04:01.025  2510  2787 E HwResourcesImpl: processName is null
12-14 08:04:01.027  6822 23779 I AppClipManagerService: ACTION_PACKAGE_CHANGED :com.facebook.appmanager, userId: 0, uid: 10206
12-14 08:04:01.027  2510  4991 E HwResourcesImpl: processName is null
12-14 08:04:01.029  2510  4991 I HwInputMethodManagerService: isFlagExists  value = true, userId = 0
12-14 08:04:01.029  2510  4991 D InputMethodManagerService: Found an input method InputMethodInfo{com.touchtype.swiftkey/com.touchtype.KeyboardService, settings: com.touchtype.LauncherActivityFromSystemSettings, languageSettings: null}
12-14 08:04:01.029  2510  4991 D InputMethodManagerService: Checking com.marsvard.stickermakerforwhatsapp/.StickerKeyboardService
12-14 08:04:01.030  6963  6963 I HSM_BG  : BroadcastController:BroadcastController handleBroadcast: Intent { act=android.intent.action.PACKAGE_CHANGED dat=package: flg=0x45000010 (has extras) }
12-14 08:04:01.030  2510  2787 W KeyboardLayoutManager: Missing required 'name', 'label' or 'keyboardLayout' attributes in keyboard layout resource from receiver com.android.inputdevices/com.android.inputdevices.InputDeviceReceiver
12-14 08:04:01.030  6874  6874 D CarrierSvcBindHelper: No carrier app for: 0
12-14 08:04:01.031  6874  6874 D CarrierSvcBindHelper: No carrier app for: 1
12-14 08:04:01.032  2510  4991 E HwResourcesImpl: processName is null
12-14 08:04:01.033  6822 23779 I AppClipManagerService: filterResolveInfo APPCLIP_FROM_SERVICE , resolveds before:0,after :0
12-14 08:04:01.033  2510  6445 E ProcessInfoCollector: getProcessInfo: failed to find this proc: 2510
12-14 08:04:01.033  2510  4991 I HwInputMethodManagerService: isFlagExists  value = true, userId = 0
12-14 08:04:01.033  2510  4991 D InputMethodManagerService: Found an input method InputMethodInfo{com.marsvard.stickermakerforwhatsapp/.StickerKeyboardService, settings: null, languageSettings: null}
12-14 08:04:01.034  2510  4991 D InputMethodManagerService: --- re-buildInputMethodList reset = false 
12-14 08:04:01.034  2510  4991 D InputMethodManagerService:  ------ caller=com.android.server.inputmethod.InputMethodManagerService$MyPackageMonitor.onFinishPackageChangesInternal:1231 com.android.server.inputmethod.InputMethodManagerService$MyPackageMonitor.onFinishPackageChanges:1146 com.android.internal.content.PackageMonitor.doHandlePackageEvent:594 com.android.internal.content.PackageMonitor.lambda$postHandlePackageEvent$0:433 com.android.internal.content.PackageMonitor.$r8$lambda$bSKEInwdT6Kd7GAyzMZPsXTTqeQ:0 com.android.internal.content.PackageMonitor$$ExternalSyntheticLambda0.run:0 android.os.Handler.handleCallback:997 android.os.Handler.dispatchMessage:111 android.os.Looper.loopOnce:237 android.os.Looper.loop:325 
12-14 08:04:01.034 23198 23198 E NfcNci  : NfcUtils error: APP do not have nfc permission
12-14 08:04:01.036  2510  6445 D ActivityManager: sync unfroze 523 com.google.android.permissioncontroller for 6
12-14 08:04:01.037  2510  2784 I WifiEnhanceMonitor: notifyUidStateChanged
12-14 08:04:01.038  2510  2853 E HwResourcesImpl: processName is null
12-14 08:04:01.039  2278 22475 D AudioPolicyService: getUidState(10195) !cacheIter->second.first, return PROCESS_STATE_UNKNOWN
12-14 08:04:01.039  2278 22475 D AudioPolicyService: getUidState(10195) cacheIter->second.first, return cacheIter->second.second(-1)
12-14 08:04:01.040  6822 23779 I AppClipManagerService: filterResolveInfo APPCLIP_FROM_RECEIVER , resolveds before:0,after :0
12-14 08:04:01.041   697   697 I HSM_UI  : BroadcastController:BroadcastController handleBroadcast: Intent { act=android.intent.action.PACKAGE_CHANGED dat=package: flg=0x45000010 (has extras) }
12-14 08:04:01.045  2510  2853 E HwResourcesImpl: processName is null
12-14 08:04:01.045   523 10495 I PermissionControllerServiceImpl: Updating user sensitive for uid 10206
12-14 08:04:01.047  2510  2579 E HwResolverManager: Could not found app: com.hihonor.pcassistant
12-14 08:04:01.048  2510  2579 E HwResolverManager: Could not found app: com.hihonor.pcassistant
12-14 08:04:01.052  2510  2853 E HwResourcesImpl: processName is null
12-14 08:04:01.054  2510  7094 E HwResolverManager: Could not found app: com.hihonor.pcassistant
12-14 08:04:01.054  2510  7094 E HwResolverManager: Could not found app: com.hihonor.pcassistant
12-14 08:04:01.055  6874  6874 E SmsApplication: com.google.android.apps.messaging lost android:read_cell_broadcasts:  (fixing)
12-14 08:04:01.055  2510  7094 E HwResolverManager: Could not found app: com.hihonor.pcassistant
12-14 08:04:01.055  2510  7094 E HwResolverManager: Could not found app: com.hihonor.pcassistant
12-14 08:04:01.055  2510  2580 W AppOpService: Ignored setUidMode call for runtime permission app op: uid = 10153, code = READ_CELL_BROADCASTS, mode = allow, callingUid = 1001, oldMode = allow
12-14 08:04:01.057  2510  2853 E HwResourcesImpl: processName is null
12-14 08:04:01.061  2510  4802 I RoleService: Granting default roles...
12-14 08:04:01.062  2510  2853 E HwResourcesImpl: processName is null
12-14 08:04:01.063  2510  6761 E HwResourcesImpl: processName is null
12-14 08:04:01.065  2510  2853 E HwResolverManager: Could not found app: com.hihonor.pcassistant
12-14 08:04:01.065  6874  6874 W HwBaseInnerSmsManagerImpl: com.android.stk set mode android:receive_wap_push
12-14 08:04:01.065  2510  2853 E HwResolverManager: Could not found app: com.hihonor.pcassistant
12-14 08:04:01.065  2510  7094 I HnCacheUtils: invalidateGetVolumeListCache
12-14 08:04:01.065  2510  2853 I AccessibilityManagerService: readHighTextContrastEnabledSettingLocked highTextContrastEnabled = false
12-14 08:04:01.066  2510  2853 I HnAccessibilityManagerService: readHighTextBorderContrastEnabledSettingLocked, highTextBorderContrastEnabled = false
12-14 08:04:01.066  2510  2853 I HnAccessibilityManagerService: readEnhanceContrastEnabledSettingLocked, enhanceContrastEnabled = false
12-14 08:04:01.066  2510  2853 I [SPMN]  : insert SECURE -- name = accessibility_enabled, package = android, user = 0
12-14 08:04:01.066  2510  2853 W MagnificationConnectionManager: requestConnection duplicated request: connect=false, mConnectionState=DISCONNECTED
12-14 08:04:01.067  2510  6761 W SignedPackage: Cannot get ApplicationInfo for package: com.android.settings.intelligence
12-14 08:04:01.067  6874  6874 W HwBaseInnerSmsManagerImpl: com.android.stk set mode android:read_cell_broadcasts
12-14 08:04:01.068  2510  2853 D PackageManager: shouldGenerateServicesMap intent Intent { act=android.intent.action.PACKAGE_CHANGED dat=package: flg=0x45000010 (has extras) }, ret false, userId 0
12-14 08:04:01.068  2510  6761 E RoleControllerServiceImpl: Default/fallback role holder package doesn't qualify for the role, package: com.google.android.gms.supervision, role: android.app.role.SYSTEM_SUPERVISION, user: 0
12-14 08:04:01.068  2510  7094 I HnCacheUtils: invalidateGetVolumeListCache
12-14 08:04:01.068 23445 23445 I Model   : onPackageChanged:Package:com.facebook.appmanager,User:UserHandle{0},IsClone:false
12-14 08:04:01.068  2510  2853 D PackageManager: shouldGenerateServicesMap intent Intent { act=android.intent.action.PACKAGE_CHANGED dat=package: flg=0x45000010 (has extras) }, ret false, userId 0
12-14 08:04:01.070 23445 23799 I HwResourcesImpl: remove icon, packageName = com.facebook.appmanager
12-14 08:04:01.070  6874  6874 W HwBaseInnerSmsManagerImpl: com.android.ons set mode android:receive_wap_push
12-14 08:04:01.071  2510  7079 I HnCacheUtils: invalidateGetVolumeListCache
12-14 08:04:01.071 23445 23799 W AllIdleAppsList : updatePackage. no match activity, remove all data for this package. Package:com.facebook.appmanager,User:UserHandle{0},IsClone:false
12-14 08:04:01.072  2510  6761 W SignedPackage: Package doesn't have required signing certificate: com.google.android.apps.work.clouddpc
12-14 08:04:01.073  6874  6874 W HwBaseInnerSmsManagerImpl: com.android.ons set mode android:read_cell_broadcasts
12-14 08:04:01.073  2510  2580 I HnCacheUtils: invalidateGetVolumeListCache
12-14 08:04:01.073 23445 23445 I PowerSaveLauncherModel : onPackageChanged:Package:com.facebook.appmanager,User:UserHandle{0},IsClone:false
12-14 08:04:01.073 23445 23445 E PowerSaveLauncherModel : onPackageChanged: not inPowerSaveLauncher 
12-14 08:04:01.073 23445 23445 I StreetModeLauncherModel : onPackageChanged:Package:com.facebook.appmanager,User:UserHandle{0},IsClone:false
12-14 08:04:01.073 23445 23445 E StreetModeLauncherModel : onPackageChanged: not inStreetModeLauncher 
12-14 08:04:01.075  6874  6874 W HwBaseInnerSmsManagerImpl: com.android.mms.service set mode android:receive_wap_push
12-14 08:04:01.075  2510  2580 I HnCacheUtils: invalidateGetVolumeListCache
12-14 08:04:01.076  2510  6761 E HwResolverManager: Could not found app: com.hihonor.pcassistant
12-14 08:04:01.077  2510  6761 E HwResolverManager: Could not found app: com.hihonor.pcassistant
12-14 08:04:01.077  6874  6874 W HwBaseInnerSmsManagerImpl: com.android.mms.service set mode android:read_cell_broadcasts
12-14 08:04:01.077  2510  6761 E HwResolverManager: Could not found app: com.hihonor.pcassistant
12-14 08:04:01.077  2510  6761 E HwResolverManager: Could not found app: com.hihonor.pcassistant
12-14 08:04:01.077  2510  2580 I HnCacheUtils: invalidateGetVolumeListCache
12-14 08:04:01.078  2510  6761 E HwResolverManager: Could not found app: com.hihonor.pcassistant
12-14 08:04:01.078  2510  6761 E HwResolverManager: Could not found app: com.hihonor.pcassistant
12-14 08:04:01.079  6874  6874 W HwBaseInnerSmsManagerImpl: com.android.providers.telephony set mode android:receive_wap_push
12-14 08:04:01.079  2510  2580 I HnCacheUtils: invalidateGetVolumeListCache
12-14 08:04:01.081  6874  6874 W HwBaseInnerSmsManagerImpl: com.android.providers.telephony set mode android:read_cell_broadcasts
12-14 08:04:01.081  2510  2580 I HnCacheUtils: invalidateGetVolumeListCache
12-14 08:04:01.083  6874  6874 W HwBaseInnerSmsManagerImpl: com.qti.dpmserviceapp set mode android:receive_wap_push
12-14 08:04:01.084  2510  2580 I HnCacheUtils: invalidateGetVolumeListCache
12-14 08:04:01.086  6874  6874 W HwBaseInnerSmsManagerImpl: com.qti.dpmserviceapp set mode android:read_cell_broadcasts
12-14 08:04:01.086  2510  2580 I HnCacheUtils: invalidateGetVolumeListCache
12-14 08:04:01.089  6874  6874 W HwBaseInnerSmsManagerImpl: vendor.qti.imsdatachannel set mode android:receive_wap_push
12-14 08:04:01.089  2510  2580 I HnCacheUtils: invalidateGetVolumeListCache
12-14 08:04:01.090  2510  6761 W AppOpService: Ignored setUidMode call for runtime permission app op: uid = 10149, code = FINE_LOCATION, mode = allow, callingUid = 1000, oldMode = allow
12-14 08:04:01.091  6874  6874 W HwBaseInnerSmsManagerImpl: vendor.qti.imsdatachannel set mode android:read_cell_broadcasts
12-14 08:04:01.091  2510  2580 I HnCacheUtils: invalidateGetVolumeListCache
12-14 08:04:01.093  6874  6874 W HwBaseInnerSmsManagerImpl: com.android.phone set mode android:receive_wap_push
12-14 08:04:01.093  2510  2580 I HnCacheUtils: invalidateGetVolumeListCache
12-14 08:04:01.095  6874  6874 W HwBaseInnerSmsManagerImpl: com.android.phone set mode android:read_cell_broadcasts
12-14 08:04:01.096  2510  2580 I HnCacheUtils: invalidateGetVolumeListCache
12-14 08:04:01.098  6874  6874 W HwBaseInnerSmsManagerImpl: com.hihonor.phone.recorder set mode android:receive_wap_push
12-14 08:04:01.098  2510  6761 E HwResolverManager: Could not found app: com.hihonor.pcassistant
12-14 08:04:01.098  2510  6761 E HwResolverManager: Could not found app: com.hihonor.pcassistant
12-14 08:04:01.098  2510  2580 I HnCacheUtils: invalidateGetVolumeListCache
12-14 08:04:01.100  6874  6874 W HwBaseInnerSmsManagerImpl: com.hihonor.phone.recorder set mode android:read_cell_broadcasts
12-14 08:04:01.101  2510  6761 E HwResolverManager: Could not found app: com.hihonor.pcassistant
12-14 08:04:01.101  2510  6761 E HwResolverManager: Could not found app: com.hihonor.pcassistant
12-14 08:04:01.101  2510  2580 I HnCacheUtils: invalidateGetVolumeListCache
12-14 08:04:01.101  2510  6761 E HwResolverManager: Could not found app: com.hihonor.pcassistant
12-14 08:04:01.101  2510  6761 E HwResolverManager: Could not found app: com.hihonor.pcassistant
12-14 08:04:01.101  2510  6761 E HwResolverManager: Could not found app: com.hihonor.pcassistant
12-14 08:04:01.101  2510  6761 E HwResolverManager: Could not found app: com.hihonor.pcassistant
12-14 08:04:01.102  2510  6761 E HwResolverManager: Could not found app: com.hihonor.pcassistant
12-14 08:04:01.102  2510  6761 E HwResolverManager: Could not found app: com.hihonor.pcassistant
12-14 08:04:01.102  2510  6761 E HwResolverManager: Could not found app: com.hihonor.pcassistant
12-14 08:04:01.102  2510  6761 E HwResolverManager: Could not found app: com.hihonor.pcassistant
12-14 08:04:01.104  6874  6874 W HwBaseInnerSmsManagerImpl: org.codeaurora.ims set mode android:receive_wap_push
12-14 08:04:01.104  2510  6761 W AppOpService: Ignored setUidMode call for runtime permission app op: uid = 10149, code = FINE_LOCATION, mode = allow, callingUid = 1000, oldMode = allow
12-14 08:04:01.105  2510  2580 I HnCacheUtils: invalidateGetVolumeListCache
12-14 08:04:01.106  2510  6761 E HwResolverManager: Could not found app: com.hihonor.pcassistant
12-14 08:04:01.106  2510  6761 E HwResolverManager: Could not found app: com.hihonor.pcassistant
12-14 08:04:01.106  2510  6761 E HwResolverManager: Could not found app: com.hihonor.pcassistant
12-14 08:04:01.106  2510  6761 E HwResolverManager: Could not found app: com.hihonor.pcassistant
12-14 08:04:01.106  6874  6874 W HwBaseInnerSmsManagerImpl: org.codeaurora.ims set mode android:read_cell_broadcasts
12-14 08:04:01.107  2510  2580 I HnCacheUtils: invalidateGetVolumeListCache
12-14 08:04:01.109  2510  6761 E HwResolverManager: Could not found app: com.hihonor.pcassistant
12-14 08:04:01.109  2510  6761 E HwResolverManager: Could not found app: com.hihonor.pcassistant
12-14 08:04:01.109  2510  6761 E HwResolverManager: Could not found app: com.hihonor.pcassistant
12-14 08:04:01.109  2510  6761 E HwResolverManager: Could not found app: com.hihonor.pcassistant
12-14 08:04:01.109  2510  6761 E HwResolverManager: Could not found app: com.hihonor.pcassistant
12-14 08:04:01.109  2510  6761 E HwResolverManager: Could not found app: com.hihonor.pcassistant
12-14 08:04:01.109  6874  6874 W HwBaseInnerSmsManagerImpl: com.android.incallui set mode android:receive_wap_push
12-14 08:04:01.109  2510  6761 E HwResolverManager: Could not found app: com.hihonor.pcassistant
12-14 08:04:01.109  2510  6761 E HwResolverManager: Could not found app: com.hihonor.pcassistant
12-14 08:04:01.110  2510  2580 I HnCacheUtils: invalidateGetVolumeListCache
12-14 08:04:01.110  2510  6761 E HwResolverManager: Could not found app: com.hihonor.pcassistant
12-14 08:04:01.110  2510  6761 E HwResolverManager: Could not found app: com.hihonor.pcassistant
12-14 08:04:01.111  2510  6761 E HwResolverManager: Could not found app: com.hihonor.pcassistant
12-14 08:04:01.111  2510  6761 E HwResolverManager: Could not found app: com.hihonor.pcassistant
12-14 08:04:01.111  2510  6761 E HwResolverManager: Could not found app: com.hihonor.pcassistant
12-14 08:04:01.111  2510  6761 E HwResolverManager: Could not found app: com.hihonor.pcassistant
12-14 08:04:01.112  2510  6761 I PackageManager: currentPackageName: com.hihonor.android.launcher, packageName: com.hihonor.android.launcher
12-14 08:04:01.112  2510  6761 I PackageManager: packageName: com.hihonor.android.launcher is already default home
12-14 08:04:01.112  6874  6874 W HwBaseInnerSmsManagerImpl: com.android.incallui set mode android:read_cell_broadcasts
12-14 08:04:01.112  2510  2580 I HnCacheUtils: invalidateGetVolumeListCache
12-14 08:04:01.116  6874  6874 E SmsApplication: Package not found: com.hihonor.mms
12-14 08:04:01.117  2510  2580 E HwResolverManager: Could not found app: com.hihonor.pcassistant
12-14 08:04:01.117  2510  2580 E HwResolverManager: Could not found app: com.hihonor.pcassistant
12-14 08:04:01.118  2510  6761 E HwResourcesImpl: processName is null
12-14 08:04:01.119  2510  6761 E HwResolverManager: Could not found app: com.hihonor.pcassistant
12-14 08:04:01.119  2510  6761 E HwResolverManager: Could not found app: com.hihonor.pcassistant
12-14 08:04:01.120  2510  2580 E HwResolverManager: Could not found app: com.hihonor.pcassistant
12-14 08:04:01.120  2510  2580 E HwResolverManager: Could not found app: com.hihonor.pcassistant
12-14 08:04:01.121  2510  6761 E RoleControllerServiceImpl: Default/fallback role holder package doesn't qualify for the role, package: com.google.android.devicelockcontroller, role: android.app.role.SYSTEM_FINANCED_DEVICE_CONTROLLER, user: 0
12-14 08:04:01.121  2510  6761 E HwResolverManager: Could not found app: com.hihonor.pcassistant
12-14 08:04:01.121  2510  6761 E HwResolverManager: Could not found app: com.hihonor.pcassistant
12-14 08:04:01.122  2510  2580 E HwResolverManager: Could not found app: com.hihonor.pcassistant
12-14 08:04:01.123  2510  2580 E HwResolverManager: Could not found app: com.hihonor.pcassistant
12-14 08:04:01.124  2510  6761 E HwResolverManager: Could not found app: com.hihonor.pcassistant
12-14 08:04:01.124  2510  6761 E HwResolverManager: Could not found app: com.hihonor.pcassistant
12-14 08:04:01.125  2510  2580 E HwResolverManager: Could not found app: com.hihonor.pcassistant
12-14 08:04:01.125  2510  2580 E HwResolverManager: Could not found app: com.hihonor.pcassistant
12-14 08:04:01.127  6874  7601 I ImsResolver: maybeAddedImsService, packageName: xxx
12-14 08:04:01.510 23445 23445 E HnBaseDownloadModel : NameNotFoundException exception.
12-14 08:04:01.527  2510  7085 I PowerManagerService: wakeLock.mDisabled:false, mDeviceIdleMode:false, mProcState:5
12-14 08:04:01.689  2510  2784 I WifiEnhanceMonitor: notifyUidStateChanged
12-14 08:04:01.691  2278 17143 D AudioPolicyService: getUidState(10030) cacheIter->second.first, return cacheIter->second.second(19)
12-14 08:04:01.692  2278 17143 D AudioPolicyService: getUidState(10030) !cacheIter->second.first, return PROCESS_STATE_UNKNOWN
12-14 08:04:01.919  2253  2377 W ServiceManagerCppClient: Waited one second for vendor.qti.qhcp.IQHDC/default (is service started? Number of threads started in the threadpool: 2. Are binder threads started and available?)
12-14 08:04:01.921  2143  4070 W ServiceManagerCppClient: Waited one second for vendor.qti.qhcp.IQHDC/default (is service started? Number of threads started in the threadpool: 3. Are binder threads started and available?)
12-14 08:04:01.925   983 10498 W libc    : Unable to set property "ctl.interface_start" to "aidl/vendor.qti.qhcp.IQHDC/default": PROP_ERROR_HANDLE_CONTROL_MESSAGE (0x20)
12-14 08:04:01.926   983 10499 W libc    : Unable to set property "ctl.interface_start" to "aidl/vendor.qti.qhcp.IQHDC/default": PROP_ERROR_HANDLE_CONTROL_MESSAGE (0x20)
12-14 08:04:02.013  9043  9043 I wpa_supplicant: nl80211: vendor command vendor_id=4980, subcmd=13
12-14 08:04:02.015  2510  6210 E HwQoEJNI: sendQoeCmd. open monitor_fd error
12-14 08:04:02.015  2510  6210 I HnDualBandManager: handle2gApStrongWifiRssiChange
12-14 08:04:02.017  2710  2710 I cnss-daemon: nl80211 response handler invoked
12-14 08:04:02.017  2710  2710 I cnss-daemon: nl80211_response_handler: cmd 103, vendorID 4980, subcmd 13  received
12-14 08:04:02.017  8927  8995 I WifiHAL : event received NL80211_CMD_VENDOR, vendor_id = 0x1374, subcmd = 0xd
12-14 08:04:02.020  9043  9043 I wpa_supplicant: nl80211: Ignore unsupported QCA vendor event 13
12-14 08:04:02.286  2152  5162 I sensors-hal: handle_sns_client_event:442, accel_sample(accelcal_available:0): ts=2258102548190895 ns; value = [-1.467001, 0.062311, 9.474485], status=3
12-14 08:04:02.923  2253  2377 W ServiceManagerCppClient: Waited one second for vendor.qti.qhcp.IQHDC/default (is service started? Number of threads started in the threadpool: 2. Are binder threads started and available?)
12-14 08:04:02.924  2143  4070 W ServiceManagerCppClient: Waited one second for vendor.qti.qhcp.IQHDC/default (is service started? Number of threads started in the threadpool: 3. Are binder threads started and available?)
12-14 08:04:02.930   983 10500 W libc    : Unable to set property "ctl.interface_start" to "aidl/vendor.qti.qhcp.IQHDC/default": PROP_ERROR_HANDLE_CONTROL_MESSAGE (0x20)
12-14 08:04:02.930   983 10501 W libc    : Unable to set property "ctl.interface_start" to "aidl/vendor.qti.qhcp.IQHDC/default": PROP_ERROR_HANDLE_CONTROL_MESSAGE (0x20)
12-14 08:04:03.103  2510  2793 I AppEyeFwkBlock: do monitor
12-14 08:04:03.926  2253  2377 W ServiceManagerCppClient: Waited one second for vendor.qti.qhcp.IQHDC/default (is service started? Number of threads started in the threadpool: 2. Are binder threads started and available?)
12-14 08:04:03.928  2143  4070 W ServiceManagerCppClient: Waited one second for vendor.qti.qhcp.IQHDC/default (is service started? Number of threads started in the threadpool: 3. Are binder threads started and available?)
12-14 08:04:03.937   983 10502 W libc    : Unable to set property "ctl.interface_start" to "aidl/vendor.qti.qhcp.IQHDC/default": PROP_ERROR_HANDLE_CONTROL_MESSAGE (0x20)
12-14 08:04:03.938   983 10503 W libc    : Unable to set property "ctl.interface_start" to "aidl/vendor.qti.qhcp.IQHDC/default": PROP_ERROR_HANDLE_CONTROL_MESSAGE (0x20)
12-14 08:04:04.018  9043  9043 I wpa_supplicant: nl80211: vendor command vendor_id=4980, subcmd=13
12-14 08:04:04.023  2710  2710 I cnss-daemon: nl80211 response handler invoked
12-14 08:04:04.024  8927  8995 I WifiHAL : event received NL80211_CMD_VENDOR, vendor_id = 0x1374, subcmd = 0xd
12-14 08:04:04.024  2710  2710 I cnss-daemon: nl80211_response_handler: cmd 103, vendorID 4980, subcmd 13  received
12-14 08:04:04.025  9043  9043 I wpa_supplicant: nl80211: Ignore unsupported QCA vendor event 13
12-14 08:04:04.418  2510  2795 W Watchdog: waitState=[0] waitedHalf=[false]
12-14 08:04:04.418  2510  2795 W Watchdog: watchdogKick kickCounter=[150]
12-14 08:04:04.419  2510  2795 I AES     : hangdetect userpet kick to kernel
12-14 08:04:04.421  2510  2782 I InputReader: monitor lock
12-14 08:04:04.421  2510  2782 I EventHub: wake() called
12-14 08:04:04.424  2510  2782 I EventHub: monitor lock
