12-14 08:03:59.719  2510  7094 I PowerManagerService: wakeLock.mDisabled:false, mDeviceIdleMode:false, mProcState:5
12-14 08:03:59.723  2510  7079 I AlarmManager: remove alarm reason:1 alarms:[Alarm{ab8d93f type 2 origWhen 2258340585 whenElapsed 2258340585 PendingIntent{d842ffe: PendingIntentRecord{ed3c758 com.google.android.gms/com.google.android.gms.gcm broadcastIntent}} com.google.android.gms procName com.google.android.gms.persistent}]
12-14 08:03:59.723 31494 10002 I AlarmManager: setExactAndAllowWhileIdle [name: GCM_HB_ALARM type: 2 triggerAtMillis: 2258160084]
12-14 08:03:59.728  2510  7094 I PowerManagerService: wakeLock.mDisabled:false, mDeviceIdleMode:false, mProcState:5
12-14 08:03:59.734  2055  2055 D Zygote  : Forked child process 10326
12-14 08:03:59.735 31494 31494 D BoundBrokerSvc: onRebind: Intent { act=com.google.android.gms.findmydevice.spot.locationreporting.BatchScanningGmsTaskService.ACTION_TASK_READY dat=chimera-action:/... cmp=com.google.android.gms/.chimera.PersistentInternalBoundBrokerService }
12-14 08:03:59.737 31494 10324 I NetworkScheduler.Stats: (REDACTED) Task %s/%s started execution. cause:%s exec_start_elapsed_seconds: %s
12-14 08:03:59.737 31494  9485 I BatchScanningManager: (REDACTED) Batch scanner started. Stopping in %d seconds or when the screen turns on.
12-14 08:03:59.738 31494  8965 I fvnv    : (REDACTED) Added autobatch scan callback, count = %d
12-14 08:03:59.738 31494  8965 I fvnv    : Starting autobatch scan. [CONTEXT service_id=284 ]
12-14 08:03:59.738  2510  2880 I ActivityManager: Start proc 10326:com.facebook.appmanager/u0a206 for service {com.facebook.appmanager/com.facebook.analytics2.logger.legacy.uploader.LollipopUploadService}
12-14 08:03:59.738 31494  8965 D BluetoothAdapter: isLeEnabled(): ON
12-14 08:03:59.739  2510  2880 I SWAP_SCENE: Entering notifySceneData notifySceneData. EventType:PROCESS_CREATE para:com.facebook.appmanager
12-14 08:03:59.739  2510  2880 I HwActivityManagerServiceEx: notifyProcessStatusChange::pkg:com.facebook.appmanager pid:10326 uid:10206
12-14 08:03:59.739  2510  8271 I SWAP_SCENE: Entering appColdCheck cold! appName:com.facebook.appmanager
12-14 08:03:59.740  2510  8271 I SWAP_GkiKernelInterface: addToProcs:com.facebook.appmanager pid:10326
12-14 08:03:59.741 10326 10326 I Zygote  : MountEmulatedStorage
12-14 08:03:59.741  2510  7079 I PowerManagerService: wakeLock.mDisabled:false, mDeviceIdleMode:false, mProcState:5
12-14 08:03:59.742 10326 10326 I Zygote  : mount_data_dirs
12-14 08:03:59.743 31494 31494 D BoundBrokerSvc: onUnbind: Intent { act=com.google.android.gms.findmydevice.spot.locationreporting.BatchScanningGmsTaskService.ACTION_TASK_READY dat=chimera-action:/... cmp=com.google.android.gms/.chimera.PersistentInternalBoundBrokerService }
12-14 08:03:59.742  6777  7976 I AppManager: com.facebook.appmanager startup completed, add dependence:[2510] -> 10326 now
12-14 08:03:59.743 31494 10325 I NetworkScheduler.Stats: (REDACTED) Task %s/%s finished executing. cause:%s result: %s elapsed_millis: %s uptime_millis: %s exec_start_elapsed_seconds: %s
12-14 08:03:59.746 17942 25385 I bt_shim_scanner: RegisterScanner: in shim layer
12-14 08:03:59.746 17942 18017 I bluetooth: register_scanner: register_scanner
12-14 08:03:59.746 10326 10326 I Zygote  : mount_storage_dirs
12-14 08:03:59.746 17942 18033 I gatt-ScanHelper: onScannerRegistered() - UUID=c509c020-6756-49c0-83e0-f46dc9d4a9c4, scannerId=1, status=0, pkgName=com.google.uid.shared:10045
12-14 08:03:59.747 31494 21591 D BluetoothLeScanner: onScannerRegistered() - status=0 scannerId=1 mScannerId=0
12-14 08:03:59.747 10326 10326 I Zygote  : PreInitializeNativeBridge
12-14 08:03:59.749 17942 25385 I gatt-ScanHelper: start scan with filters
12-14 08:03:59.750  6777  7481 I PGServer: report state:8 event type:1 pid:0 uid:10045 pkg:BLE_SCAN to pid: 2510
12-14 08:03:59.750  6777  7481 I BluetoothState: new active bluetooth uid: 10045, pid:31353, connId:-1, reason:BLE_SCAN
12-14 08:03:59.751  2510  7094 I PowerManagerService: wakeLock.mDisabled:false, mDeviceIdleMode:false, mProcState:5
12-14 08:03:59.753  2510  7079 I PowerManagerService: wakeLock.mDisabled:false, mDeviceIdleMode:false, mProcState:5
12-14 08:03:59.754  2510  2579 I PowerManagerService: wakeLock.mDisabled:false, mDeviceIdleMode:false, mProcState:5
12-14 08:03:59.758  2510  2580 I AlarmManager: remove alarm reason:1 alarms:[Alarm{30d4910 type 3 origWhen 2258700747 whenElapsed 2258700747 PendingIntent{e6f12f8: PendingIntentRecord{cd6dc9e com.google.android.gms/com.google.android.gms.scheduler broadcastIntent}} com.google.android.gms procName com.google.android.gms.persistent}]
12-14 08:03:59.759  2510  7094 I AlarmManager: remove alarm reason:1 alarms:[Alarm{b4b2c09 type 2 origWhen 2258160084 whenElapsed 2258160084 PendingIntent{89fe20c: PendingIntentRecord{ed3c758 com.google.android.gms/com.google.android.gms.gcm broadcastIntent}} com.google.android.gms procName com.google.android.gms.persistent}]
12-14 08:03:59.759 31494 10325 I AlarmManager: setExactAndAllowWhileIdle [name: GCM_HB_ALARM type: 2 triggerAtMillis: 2258640119]
12-14 08:03:59.759 10326 10326 I Zygote  : CallStaticVoidMethod
12-14 08:03:59.760 10326 10326 I book.appmanager: Using CollectorTypeCMC GC.
12-14 08:03:59.760  2055  2055 D Zygote  : Forked child process 10332
12-14 08:03:59.761  2510  2579 I PowerManagerService: wakeLock.mDisabled:false, mDeviceIdleMode:false, mProcState:5
12-14 08:03:59.762  2510  2880 I ActivityManager: Start proc 10332:com.google.android.as.oss/u0a151 for service {com.google.android.as.oss/com.google.android.gms.learning.internal.training.InAppJobService}
12-14 08:03:59.762  2510  2880 I SWAP_SCENE: Entering notifySceneData notifySceneData. EventType:PROCESS_CREATE para:com.google.android.as.oss
12-14 08:03:59.762  2510  2880 I HwActivityManagerServiceEx: notifyProcessStatusChange::pkg:com.google.android.as.oss pid:10332 uid:10151
12-14 08:03:59.763 17942 18053 I bt_shim_scanner: ScanFilterEnable: in shim layer
12-14 08:03:59.764  2141  2141 D vendor.qti.bluetooth@1.0-ibs_handler: SerialClockVote: vote for UART CLK ON
12-14 08:03:59.764  2510  8271 I SWAP_SCENE: Entering appColdCheck cold! appName:com.google.android.as.oss
12-14 08:03:59.765  6856  7132 D Nc_Chr_BT: NcBtDftManager: handleBtParam id = COMMON_E1002
12-14 08:03:59.765  6856  7132 E Nc_Chr_BT: NcBtDftManager: unhandled id
12-14 08:03:59.765  6856  7132 D BT_CHR: BtChrStatThirdApkEvent: updateApkAction action: 4
12-14 08:03:59.765  6856  7132 D BT_CHR: BtChrStatThirdApkEvent: processBtBleScanFreqCnt ble unknown dura: 400612
12-14 08:03:59.765  6856  7132 D BT_CHR: BtChrManager: isPermissionGrant: true
12-14 08:03:59.765 17942 18053 I bt_shim_scanner: ScanFilterAdd: in shim layer
12-14 08:03:59.765  2510  8271 I SWAP_GkiKernelInterface: mkdir for com.google.android.as.oss success
12-14 08:03:59.766  2510  8271 I SWAP_SCENE: Entering appColdCheck cold! Mkdir. appName:com.google.android.as.oss
12-14 08:03:59.766  2510  8271 I SWAP_GkiKernelInterface: addToProcs:com.google.android.as.oss pid:10332
12-14 08:03:59.766 17942 18053 I bt_shim_scanner: ScanFilterParamSetup: in shim layer, clientIf=1
12-14 08:03:59.767 17942 18053 I bt_shim_scanner: BatchscanConfigStorage: in shim layer
12-14 08:03:59.767 17942 18053 I bt_shim_scanner: BatchscanEnable: in shim layer
12-14 08:03:59.768  2141  2141 D vendor.qti.bluetooth@1.0-wake_lock: Acquire wakelock is acquired 
12-14 08:03:59.768  2141  2141 I vendor.qti.bluetooth@1.0-ibs_handler: DeviceWakeUp: Writing IBS_WAKE_IND
12-14 08:03:59.769 10332 10332 I Zygote  : MountEmulatedStorage
12-14 08:03:59.770 10332 10332 I Zygote  : mount_data_dirs
12-14 08:03:59.771 10326 10326 E book.appmanager: Not starting debugger since process cannot load the jdwp agent.
12-14 08:03:59.771  2141 18025 I vendor.qti.bluetooth@1.0-ibs_handler: ProcessIbsCmd: Received IBS_WAKE_ACK: 0xFC
12-14 08:03:59.771  2141 18025 I vendor.qti.bluetooth@1.0-ibs_handler: ProcessIbsCmd: Signal wack_cond_
12-14 08:03:59.771  2141  2141 D vendor.qti.bluetooth@1.0-ibs_handler: DeviceWakeUp: Unblocked from waiting for FC, pthread_cond_timedwait ret = 0
12-14 08:03:59.772  2141 18025 I vendor.qti.bluetooth@1.0-ibs_handler: ProcessIbsCmd: Received IBS_WAKE_IND: 0xFD
12-14 08:03:59.772  2141 18025 I vendor.qti.bluetooth@1.0-ibs_handler: ProcessIbsCmd: Writing IBS_WAKE_ACK
12-14 08:03:59.773 10332 10332 I Zygote  : mount_storage_dirs
12-14 08:03:59.771  6777  7976 I AppManager: com.google.android.as.oss startup completed, add dependence:[2510] -> 10332 now
12-14 08:03:59.774 10326 10326 D nativeloader: Load libframework-connectivity-tiramisu-jni.so using APEX ns com_android_tethering for caller /apex/com.android.tethering/javalib/framework-connectivity-t.jar: ok
12-14 08:03:59.774 10332 10332 I Zygote  : PreInitializeNativeBridge
12-14 08:03:59.774 31494  9485 I NetworkScheduler.Stats: (REDACTED) Task %s/%s started execution. cause:%s exec_start_elapsed_seconds: %s
12-14 08:03:59.775 10326 10326 W libc    : Access denied finding property "ro.debuggable"
12-14 08:03:59.769 10326 10326 W book.appmanager: type=1400 audit(0.0:2343552): avc:  denied  { read } for  name="u:object_r:userdebug_or_eng_prop:s0" dev="tmpfs" ino=651 scontext=u:r:untrusted_app:s0:c206,c256,c512,c768 tcontext=u:object_r:userdebug_or_eng_prop:s0 tclass=file permissive=0
12-14 08:03:59.777 10326 10326 E [VipSchedProxy:]: Vip Success open /proc/vip/ioctl
12-14 08:03:59.779 10326 10326 D ActivityThread: Attach thread to application
12-14 08:03:59.781  2510  7094 I PowerManagerService: wakeLock.mDisabled:false, mDeviceIdleMode:false, mProcState:5
12-14 08:03:59.782 31494  9485 I NetworkScheduler.Stats: (REDACTED) Task %s/%s finished executing. cause:%s result: %s elapsed_millis: %s uptime_millis: %s exec_start_elapsed_seconds: %s
12-14 08:03:59.783 10332 10332 I Zygote  : CallStaticVoidMethod
12-14 08:03:59.783 10332 10332 I .android.as.oss: Using CollectorTypeCMC GC.
12-14 08:03:59.784  2510  2784 I WifiEnhanceMonitor: notifyUidStateChanged
12-14 08:03:59.785  2278 17143 D AudioPolicyService: getUidState(10206) !cacheIter->second.first, return PROCESS_STATE_UNKNOWN
12-14 08:03:59.786  2278 17143 D AudioPolicyService: getUidState(10206) !cacheIter->second.first, return PROCESS_STATE_UNKNOWN
12-14 08:03:59.787 10332 10332 E .android.as.oss: Not starting debugger since process cannot load the jdwp agent.
12-14 08:03:59.788 10326 10326 I Typeface: setSystemFontMap SharedMemory
12-14 08:03:59.789 10326 10326 I Typeface: setSystemFontMap Typaface
12-14 08:03:59.789  2510  2579 I PowerManagerService: wakeLock.mDisabled:false, mDeviceIdleMode:false, mProcState:5
12-14 08:03:59.790 10326 10347 I ActivityThread: Init compatible state: true
12-14 08:03:59.790 10326 10326 I ResourcesManager: applyConfigurationToResources: smallestScreenWidthDp = 360mMaxBounds = Rect(0, 0 - 720, 1610)
12-14 08:03:59.791 10332 10332 D nativeloader: Load libframework-connectivity-tiramisu-jni.so using APEX ns com_android_tethering for caller /apex/com.android.tethering/javalib/framework-connectivity-t.jar: ok
12-14 08:03:59.793  2510  2580 I AlarmManager: remove alarm reason:1 alarms:[Alarm{91ce27d type 3 origWhen 2258701100 whenElapsed 2258701100 PendingIntent{e3c5627: PendingIntentRecord{cd6dc9e com.google.android.gms/com.google.android.gms.scheduler broadcastIntent}} com.google.android.gms procName com.google.android.gms.persistent}]
12-14 08:03:59.793 10332 10332 E [VipSchedProxy:]: Vip Success open /proc/vip/ioctl
12-14 08:03:59.795 10332 10332 D ActivityThread: Attach thread to application
12-14 08:03:59.799  2510  2784 I WifiEnhanceMonitor: notifyUidStateChanged
12-14 08:03:59.800  2278 17143 D AudioPolicyService: getUidState(10151) !cacheIter->second.first, return PROCESS_STATE_UNKNOWN
12-14 08:03:59.800  2278 17143 D AudioPolicyService: getUidState(10151) !cacheIter->second.first, return PROCESS_STATE_UNKNOWN
12-14 08:03:59.803 10332 10332 I Typeface: setSystemFontMap SharedMemory
12-14 08:03:59.804 10332 10332 I Typeface: setSystemFontMap Typaface
12-14 08:03:59.805 10332 10332 I ResourcesManager: applyConfigurationToResources: smallestScreenWidthDp = 360mMaxBounds = Rect(0, 0 - 720, 1610)
12-14 08:03:59.807 10326 10326 D nativeloader: Configuring clns-7 for other apk /data/app/~~WpeHDwxyB98M7M0Sdm8aEg==/com.facebook.appmanager-IkNbeqUTq9OWG_3hmyYAig==/base.apk. target_sdk_version=36, uses_libraries=, library_path=/data/app/~~WpeHDwxyB98M7M0Sdm8aEg==/com.facebook.appmanager-IkNbeqUTq9OWG_3hmyYAig==/lib/arm64:/data/app/~~WpeHDwxyB98M7M0Sdm8aEg==/com.facebook.appmanager-IkNbeqUTq9OWG_3hmyYAig==/base.apk!/lib/arm64-v8a, permitted_path=/data:/mnt/expand:/data/user/0/com.facebook.appmanager
12-14 08:03:59.807 10332 10357 I ActivityThread: Init compatible state: true
12-14 08:03:59.812 10332 10332 D ApplicationLoaders: Returning zygote-cached class loader: /system_ext/framework/androidx.window.extensions.jar
12-14 08:03:59.812 10332 10332 D ApplicationLoaders: Returning zygote-cached class loader: /system_ext/framework/androidx.window.sidecar.jar
12-14 08:03:59.816 10326 10347 W HwCust  : CUST VERSION = false, use class = class android.app.HwCustApplicationPackageManagerImpl
12-14 08:03:59.818 10326 10326 V GraphicsEnvironment: Currently set values for:
12-14 08:03:59.818 10326 10326 V GraphicsEnvironment:   angle_gl_driver_selection_pkgs=[]
12-14 08:03:59.818 10326 10326 V GraphicsEnvironment:   angle_gl_driver_selection_values=[]
12-14 08:03:59.818 10326 10326 V GraphicsEnvironment: Global.Settings values are invalid: number of packages: 0, number of values: 0
12-14 08:03:59.819 10326 10326 V GraphicsEnvironment: Neither updatable production driver nor prerelease driver is supported.
12-14 08:03:59.820  2141 18025 I vendor.qti.bluetooth@1.0-ibs_handler: ProcessIbsCmd: Received IBS_SLEEP_IND: 0xFE
12-14 08:03:59.827 10332 10332 W .android.as.oss: Failed to find entry 'classes.dex': Entry not found
12-14 08:03:59.828 10332 10332 W .android.as.oss: Failed to find entry 'classes.dex': Entry not found
12-14 08:03:59.829 10332 10332 W .android.as.oss: Failed to find entry 'classes.dex': Entry not found
12-14 08:03:59.831 10332 10332 D nativeloader: Configuring clns-7 for other apk /data/app/~~1C47OoztyTOpm7t0rKk_tA==/com.google.android.as.oss-OL2a1sV4cxY0GqHw90fdFw==/base.apk:/data/app/~~1C47OoztyTOpm7t0rKk_tA==/com.google.android.as.oss-OL2a1sV4cxY0GqHw90fdFw==/split_config.arm64_v8a.apk:/data/app/~~1C47OoztyTOpm7t0rKk_tA==/com.google.android.as.oss-OL2a1sV4cxY0GqHw90fdFw==/split_config.en.apk:/data/app/~~1C47OoztyTOpm7t0rKk_tA==/com.google.android.as.oss-OL2a1sV4cxY0GqHw90fdFw==/split_config.xhdpi.apk. target_sdk_version=35, uses_libraries=, library_path=/data/app/~~1C47OoztyTOpm7t0rKk_tA==/com.google.android.as.oss-OL2a1sV4cxY0GqHw90fdFw==/lib/arm64:/data/app/~~1C47OoztyTOpm7t0rKk_tA==/com.google.android.as.oss-OL2a1sV4cxY0GqHw90fdFw==/base.apk!/lib/arm64-v8a:/data/app/~~1C47OoztyTOpm7t0rKk_tA==/com.google.android.as.oss-OL2a1sV4cxY0GqHw90fdFw==/split_config.arm64_v8a.apk!/lib/arm64-v8a:/data/app/~~1C47OoztyTOpm7t0rKk_tA==/com.google.android.as.oss-OL2a1sV4cxY0GqHw90fdFw==/split_config.en.apk!/lib/arm64-v8a:/data/app/~~1C47OoztyTOpm7t0rKk_tA==/com.g
12-14 08:03:59.837 10332 10332 D CompatChangeReporter: Compat change id reported: 202956589; UID 10151; state: ENABLED
12-14 08:03:59.845 10332 10357 W HwCust  : CUST VERSION = false, use class = class android.app.HwCustApplicationPackageManagerImpl
12-14 08:03:59.848 10326 10326 D d       : ExceptionHandlerManager not explicitly initialized, using default mode
12-14 08:03:59.848 10326 10326 D d       : initializing exception handler manager, prioritized=true
12-14 08:03:59.848 10332 10332 V GraphicsEnvironment: Currently set values for:
12-14 08:03:59.848 10332 10332 V GraphicsEnvironment:   angle_gl_driver_selection_pkgs=[]
12-14 08:03:59.848 10332 10332 V GraphicsEnvironment:   angle_gl_driver_selection_values=[]
12-14 08:03:59.848 10332 10332 V GraphicsEnvironment: Global.Settings values are invalid: number of packages: 0, number of values: 0
12-14 08:03:59.848 10332 10332 V GraphicsEnvironment: Neither updatable production driver nor prerelease driver is supported.
12-14 08:03:59.853 10326 10326 W SoLoader: Initializing SoLoader: 0
12-14 08:03:59.853 10326 10326 W SoLoader: context.getApplicationContext returned null, holding reference to original context.ApplicationSoSource fallbacks to: /data/app/~~WpeHDwxyB98M7M0Sdm8aEg==/com.facebook.appmanager-IkNbeqUTq9OWG_3hmyYAig==/lib/arm64
12-14 08:03:59.853 10326 10326 W SoLoader: Recording new base apk path: /data/app/~~WpeHDwxyB98M7M0Sdm8aEg==/com.facebook.appmanager-IkNbeqUTq9OWG_3hmyYAig==/base.apk
12-14 08:03:59.853 10326 10326 W SoLoader: Previously recorded 0 base apk paths.
12-14 08:03:59.854 10326 10326 I SoLoader: Preparing SO source: DirectorySoSource[root = /vendor/lib64 flags = 2]
12-14 08:03:59.854 10326 10326 I SoLoader: Preparing SO source: DirectorySoSource[root = /system/lib64 flags = 2]
12-14 08:03:59.854 10326 10326 I SoLoader: Preparing SO source: DirectApkSoSource[root = [/data/app/~~WpeHDwxyB98M7M0Sdm8aEg==/com.facebook.appmanager-IkNbeqUTq9OWG_3hmyYAig==/base.apk!/lib/arm64-v8a]]
12-14 08:03:59.856 10326 10326 I SoLoader: Preparing SO source: ApplicationSoSource[DirectorySoSource[root = /data/app/~~WpeHDwxyB98M7M0Sdm8aEg==/com.facebook.appmanager-IkNbeqUTq9OWG_3hmyYAig==/lib/arm64 flags = 1]]
12-14 08:03:59.856 10326 10326 I SoLoader: init finish: 4 SO sources prepared
12-14 08:03:59.856 10326 10326 W SoLoader: SoLoader initialized: 8
12-14 08:03:59.859 10326 10326 W FlutterAnimationAdvance: FlutterAnimationAdvance getInstance()
12-14 08:03:59.861 10326 10347 I AwareBitmapCacher: init processName:com.facebook.appmanager pid=10326 uid=10206
12-14 08:03:59.875 10326 10366 W JobInfo : Job 'com.facebook.appmanager/com.facebook.oxygen.common.jobqueue.JobQueueService#5100' has a deadline with no functional constraints. The deadline won't improve job execution latency. Consider removing the deadline.
12-14 08:03:59.877 10326 10326 E SQLiteLog: (14) cannot open file at line 44409 of [d68fb8b5db]
12-14 08:03:59.877 10326 10326 E SQLiteLog: (14) os_unix.c:44409: (2) open(/data/data/com.facebook.appmanager/databases/androidx.work.workdb) - 
12-14 08:03:59.878  2510  7094 W JobInfo : Job 'com.facebook.appmanager/com.facebook.oxygen.common.jobqueue.JobQueueService#5100' has a deadline with no functional constraints. The deadline won't improve job execution latency. Consider removing the deadline.
12-14 08:03:59.879 10326 10326 E SQLiteDatabase: Failed to open database '/data/user/0/com.facebook.appmanager/databases/androidx.work.workdb'.
12-14 08:03:59.879 10326 10326 E SQLiteDatabase: android.database.sqlite.SQLiteCantOpenDatabaseException: Cannot open database '/data/user/0/com.facebook.appmanager/databases/androidx.work.workdb' with flags 0x0: File /data/user/0/com.facebook.appmanager/databases/androidx.work.workdb doesn't exist
12-14 08:03:59.879 10326 10326 E SQLiteDatabase: 	at android.database.sqlite.SQLiteConnection.open(SQLiteConnection.java:276)
12-14 08:03:59.879 10326 10326 E SQLiteDatabase: 	at android.database.sqlite.SQLiteConnection.open(SQLiteConnection.java:219)
12-14 08:03:59.879 10326 10326 E SQLiteDatabase: 	at android.database.sqlite.SQLiteConnectionPool.openConnectionLocked(SQLiteConnectionPool.java:537)
12-14 08:03:59.879 10326 10326 E SQLiteDatabase: 	at android.database.sqlite.SQLiteConnectionPool.open(SQLiteConnectionPool.java:224)
12-14 08:03:59.879 10326 10326 E SQLiteDatabase: 	at android.database.sqlite.SQLiteConnectionPool.open(SQLiteConnectionPool.java:216)
12-14 08:03:59.879 10326 10326 E SQLiteDatabase: 	at android.database.sqlite.SQLiteDatabase.openInner(SQLiteDatabase.java:1196)
12-14 08:03:59.879 10326 10326 E SQLiteDatabase: 	at android.database.sqlite.SQLiteDatabase.open(SQLiteDatabase.java:1169)
12-14 08:03:59.879 10326 10326 E SQLiteDatabase: 	at android.database.sqlite.SQLiteDatabase.openDatabase(SQLiteDatabase.java:1054)
12-14 08:03:59.879 10326 10326 E SQLiteDatabase: 	at android.database.sqlite.SQLiteDatabase.openDatabase(SQLiteDatabase.java:1001)
12-14 08:03:59.879 10326 10326 E SQLiteDatabase: 	at com.facebook.oxygen.common.androidx.workmanager.initializer.b.a(WorkManagerDatabase.java:22)
12-14 08:03:59.879 10326 10326 E SQLiteDatabase: 	at com.facebook.oxygen.appmanager.app.c.a(AppManagerApplicationImpl.java:21)
12-14 08:03:59.879 10326 10326 E SQLiteDatabase: 	at com.facebook.oxygen.common.component.b.d.onCreate(OxpDelegatingApplication.java:84)
12-14 08:03:59.879 10326 10326 E SQLiteDatabase: 	at com.facebook.oxygen.appmanager.app.AppManagerApplication.onCreate(AppManagerApplication.java:24)
12-14 08:03:59.879 10326 10326 E SQLiteDatabase: 	at android.app.Instrumentation.callApplicationOnCreate(Instrumentation.java:1399)
12-14 08:03:59.879 10326 10326 E SQLiteDatabase: 	at android.app.ActivityThread.handleBindApplication(ActivityThread.java:9003)
12-14 08:03:59.879 10326 10326 E SQLiteDatabase: 	at android.app.ActivityThread.-$$Nest$mhandleBindApplication(Unknown Source:0)
12-14 08:03:59.879 10326 10326 E SQLiteDatabase: 	at android.app.ActivityThread$H.handleMessage(ActivityThread.java:3120)
12-14 08:03:59.879 10326 10326 E SQLiteDatabase: 	at android.os.Handler.dispatchMessage(Handler.java:118)
12-14 08:03:59.879 10326 10326 E SQLiteDatabase: 	at android.os.Looper.loopOnce(Looper.java:237)
12-14 08:03:59.879 10326 10326 E SQLiteDatabase: 	at android.os.Looper.loop(Looper.java:325)
12-14 08:03:59.879 10326 10326 E SQLiteDatabase: 	at android.app.ActivityThread.main(ActivityThread.java:10404)
12-14 08:03:59.879 10326 10326 E SQLiteDatabase: 	at java.lang.reflect.Method.invoke(Native Method)
12-14 08:03:59.879 10326 10326 E SQLiteDatabase: 	at com.android.internal.os.RuntimeInit$MethodAndArgsCaller.run(RuntimeInit.java:635)
12-14 08:03:59.879 10326 10326 E SQLiteDatabase: 	at com.android.internal.os.ZygoteInit.main(ZygoteInit.java:970)
12-14 08:03:59.879 10326 10326 E SQLiteDatabase: Caused by: android.database.sqlite.SQLiteCantOpenDatabaseException: unknown error (Sqlite code 14 SQLITE_CANTOPEN): Could not open database, (OS error - 2:No such file or directory)
12-14 08:03:59.879 10326 10326 E SQLiteDatabase: 	at android.database.sqlite.SQLiteConnection.nativeOpen(Native Method)
12-14 08:03:59.879 10326 10326 E SQLiteDatabase: 	at android.database.sqlite.SQLiteConnection.open(SQLiteConnection.java:238)
12-14 08:03:59.879 10326 10326 E SQLiteDatabase: 	... 23 more
12-14 08:03:59.879 10326 10326 I SystemFonts: loadHwSystemFonts, isNightMode true, fontWeightScale is 100
12-14 08:03:59.879  2510  7094 E ProcessInfoCollector: getProcessInfo: proc should not less than zero.
12-14 08:03:59.879 10326 10326 I HwTypeface: update default font
12-14 08:03:59.879 10326 10347 W libc    : Access denied finding property "ro.debuggable"
12-14 08:03:59.880  2510  7094 I PowerManagerService: wakeLock.mDisabled:false, mDeviceIdleMode:false, mProcState:0
12-14 08:03:59.873 10326 10326 W queued-work-loo: type=1400 audit(0.0:2343553): avc:  denied  { read } for  name="u:object_r:userdebug_or_eng_prop:s0" dev="tmpfs" ino=651 scontext=u:r:untrusted_app:s0:c206,c256,c512,c768 tcontext=u:object_r:userdebug_or_eng_prop:s0 tclass=file permissive=0
12-14 08:03:59.881  2510  2580 D HwActivityManagerServiceEx: finishPreloaded callingPid 10326
12-14 08:03:59.881  2510  2580 D HwActivityManagerServiceEx: finishPreloaded preloadStatus: 0 app: ProcessRecord{c9f06b 10326:com.facebook.appmanager/u0a206} uidRec.isPreload: false
12-14 08:03:59.884  2510  7094 I PowerManagerService: wakeLock.mDisabled:false, mDeviceIdleMode:false, mProcState:0
12-14 08:03:59.885  2510  7094 W ProcBatteryStats: timer is running , not start, name: com.facebook.appmanager, uid: 10206, tag: *job*/com.facebook.appmanager/com.facebook.oxygen.common.jobqueue.JobQueueService
12-14 08:03:59.887  2510  2784 I WifiEnhanceMonitor: notifyUidStateChanged
12-14 08:03:59.887 10332 10356 W FlutterAnimationAdvance: FlutterAnimationAdvance getInstance()
12-14 08:03:59.888  2278 17143 D AudioPolicyService: getUidState(10206) !cacheIter->second.first, return PROCESS_STATE_UNKNOWN
12-14 08:03:59.889  2510  7094 E ProcessInfoCollector: getProcessInfo: failed to find this proc: 2510
12-14 08:03:59.890 10326 10326 I ActivityThread: finishPreloaded preloadStatus 0
12-14 08:03:59.892 10332 10357 I AwareBitmapCacher: init processName:com.google.android.as.oss pid=10332 uid=10151
12-14 08:03:59.896  6777  7481 I AppManager: dependence has been existed:2510 -> 10326
12-14 08:03:59.898 10326 10369 I AnimationPromotionUtils: com.facebook.appmanager ensureViewAnimationPromotionEnabled: 0
12-14 08:03:59.912  2143  4070 W ServiceManagerCppClient: Waited one second for vendor.qti.qhcp.IQHDC/default (is service started? Number of threads started in the threadpool: 3. Are binder threads started and available?)
12-14 08:03:59.914  2253  2377 W ServiceManagerCppClient: Waited one second for vendor.qti.qhcp.IQHDC/default (is service started? Number of threads started in the threadpool: 2. Are binder threads started and available?)
12-14 08:03:59.915   983 10375 W libc    : Unable to set property "ctl.interface_start" to "aidl/vendor.qti.qhcp.IQHDC/default": PROP_ERROR_HANDLE_CONTROL_MESSAGE (0x20)
12-14 08:03:59.916   983 10376 W libc    : Unable to set property "ctl.interface_start" to "aidl/vendor.qti.qhcp.IQHDC/default": PROP_ERROR_HANDLE_CONTROL_MESSAGE (0x20)
12-14 08:03:59.919  2510  2580 I AlarmManager: remove alarm reason:0 alarms:[Alarm{5cf3934 type 1 origWhen 1765898003089 whenElapsed 2485463450 PendingIntent{67d2573: PendingIntentRecord{984d45 com.facebook.appmanager broadcastIntent}} com.facebook.appmanager procName com.facebook.appmanager}]
12-14 08:03:59.934 10332 10332 I PrivateInferenceConfigReader: computeConfig: isEvt: false, isUserDebug: false
12-14 08:03:59.934 10332 10332 I PrivateComputeServicesApplication: PrivateComputeServicesApplication#onCreate
12-14 08:03:59.935 10332 10332 I PcsFcInit: Calling BrellaInit for PCS.
12-14 08:03:59.936 10332 10332 I NetworkUsageLogTtlService: NetworkUsageLogTtlService already scheduled.
12-14 08:03:59.937 10332 10332 I SystemFonts: loadHwSystemFonts, isNightMode true, fontWeightScale is 100
12-14 08:03:59.937 10332 10332 I HwTypeface: update default font
12-14 08:03:59.939  2510  7094 D HwActivityManagerServiceEx: finishPreloaded callingPid 10332
12-14 08:03:59.939  2510  7094 D HwActivityManagerServiceEx: finishPreloaded preloadStatus: 0 app: ProcessRecord{3e76a99 10332:com.google.android.as.oss/u0a151} uidRec.isPreload: false
12-14 08:03:59.940  2510  2580 I PackageManager: setEnabledSetting pkg:com.facebook.appmanager, className:com.facebook.oxygen.appmanager.helium.trampoline.HeliumSandboxedService, newState:1, flags:1, userId:0, CallingPid:10326, CallingUid:10206
12-14 08:03:59.940  2510  2784 I WifiEnhanceMonitor: notifyUidStateChanged
12-14 08:03:59.941  2278 17143 D AudioPolicyService: getUidState(10151) !cacheIter->second.first, return PROCESS_STATE_UNKNOWN
12-14 08:03:59.942 10332 10332 I ActivityThread: finishPreloaded preloadStatus 0
12-14 08:03:59.942  2510  2580 I PackageManager: setEnabledSetting pkg:com.facebook.appmanager, className:com.facebook.oxygen.appmanager.helium.trampoline.HeliumSandboxedService0, newState:1, flags:1, userId:0, CallingPid:10326, CallingUid:10206
12-14 08:03:59.943  2510  2580 I PackageManager: setEnabledSetting pkg:com.facebook.appmanager, className:com.facebook.oxygen.appmanager.helium.trampoline.HeliumSandboxedService1, newState:1, flags:1, userId:0, CallingPid:10326, CallingUid:10206
12-14 08:03:59.946  2510  4690 W JobServiceContext: Sending onNetworkChanged for a job that isn't started. JobStatus{4db5ebc #u0a151/-1459396391 com.google.android.as.oss/com.google.android.gms.learning.internal.training.InAppJobService u=0 s=10151 TIME=-28s923ms:none NET CHARGING PERSISTED READY}
12-14 08:03:59.954 10332 10377 I FederatedTrainingScheduler: Cancelling training for population:pcs/prod/platform_logging session_name:pcs/prod/platform_logging
12-14 08:03:59.958 10332 10386 I FcClientStatsdLogManager: Sending FL diagnosis log. [CONTEXT ratelimit_period="60 MINUTES" ]
12-14 08:03:59.963  2510  6321 D HwConnectivityManagerImpl: getNetworkPolicyFlag flagStr null
12-14 08:03:59.965  2054  2103 W HnConnectEventReportControl: ConnEventReport, clear forbiden list
12-14 08:03:59.968 10332 10393 D CompatChangeReporter: Compat change id reported: 312399441; UID 10151; state: ENABLED
12-14 08:03:59.973 10326 10389 I NotificationManager: com.facebook.appmanager: cancel(99991337)
12-14 08:03:59.975  2510  2579 D StubTelephonyRegistry: uid:10206 pid:10326 PhoneStateListener.LISTEN_CELL_LOCATION:16 events:[1]
12-14 08:03:59.975 10326 10389 W JobInfo : Job 'com.facebook.appmanager/com.facebook.oxygen.appmanager.update.core.UpdateService#5500' has a deadline with no functional constraints. The deadline won't improve job execution latency. Consider removing the deadline.
12-14 08:03:59.976  2510  7079 W JobInfo : Job 'com.facebook.appmanager/com.facebook.oxygen.appmanager.update.core.UpdateService#5500' has a deadline with no functional constraints. The deadline won't improve job execution latency. Consider removing the deadline.
12-14 08:03:59.977  2510  7079 E ProcessInfoCollector: getProcessInfo: proc should not less than zero.
12-14 08:03:59.978  2510  7079 I PowerManagerService: wakeLock.mDisabled:false, mDeviceIdleMode:false, mProcState:0
12-14 08:03:59.980  2510  7079 I PowerManagerService: wakeLock.mDisabled:false, mDeviceIdleMode:false, mProcState:0
12-14 08:03:59.980  2510  7079 W ProcBatteryStats: timer is running , not start, name: com.facebook.appmanager, uid: 10206, tag: *job*/com.facebook.appmanager/com.facebook.oxygen.appmanager.update.core.UpdateService
12-14 08:03:59.981  2510  7079 E ProcessInfoCollector: getProcessInfo: failed to find this proc: 2510
12-14 08:03:59.977  1247  1247 W binder:1247_2: type=1400 audit(0.0:2343554): avc:  denied  { getattr } for  path="/proc/10332/cmdline" dev="proc" ino=47289157 scontext=u:r:keystore:s0 tcontext=u:r:priv_app:s0:c512,c768 tclass=file permissive=0
12-14 08:03:59.982  1247  1247 I keystore2: vendor/honor/system/base/system/security/keystore2/keystore_debug/honor_keystore_database_log.rs:36 - "keystore2/src/service.rs".name="com.google.android.as.oss" in "getKeyEntry()." pid=10332
12-14 08:03:59.981  1247  1247 W binder:1247_2: type=1400 audit(0.0:2343555): avc:  denied  { getattr } for  path="/proc/10332/cmdline" dev="proc" ino=47289157 scontext=u:r:keystore:s0 tcontext=u:r:priv_app:s0:c512,c768 tclass=file permissive=0
12-14 08:03:59.986  6777  7481 I AppManager: dependence has been existed:2510 -> 10326
12-14 08:03:59.986  1247  1247 I keystore2: vendor/honor/system/base/system/security/keystore2/keystore_debug/honor_keystore_database_log.rs:36 - "keystore2/src/service.rs".name="com.google.android.as.oss" in "getKeyEntry()." pid=10332
12-14 08:03:59.987  2510  7079 I PackageManager: setEnabledSetting pkg:com.facebook.appmanager, className:com.facebook.oxygen.appmanager.webinstall.WebInstallAppLinkActivityV2, newState:1, flags:1, userId:0, CallingPid:10326, CallingUid:10206
12-14 08:03:59.989  1247  1247 I keystore2: vendor/honor/system/base/system/security/keystore2/keystore_debug/honor_keystore_database_log.rs:36 - "keystore2/src/security_level.rs".name="com.google.android.as.oss" in "createOperation()." pid=10332
12-14 08:03:59.985  1247  1247 W binder:1247_2: type=1400 audit(0.0:2343556): avc:  denied  { getattr } for  path="/proc/10332/cmdline" dev="proc" ino=47289157 scontext=u:r:keystore:s0 tcontext=u:r:priv_app:s0:c512,c768 tclass=file permissive=0
12-14 08:03:59.996  2510  2580 I PackageManager: setEnabledSetting pkg:com.facebook.appmanager, className:com.facebook.oxygen.appmanager.webinstall.WebInstallAppLinkActivityV2, newState:1, flags:1, userId:0, CallingPid:10326, CallingUid:10206
12-14 08:04:00.001  2510  2879 I NotificationService: pag com.google.android.as.oss dosen't have notification permission
12-14 08:04:00.001  2510  2579 I PackageManager: setEnabledSetting pkg:com.facebook.appmanager, className:com.facebook.oxygen.appmanager.webinstall.WebInstallAppLinkIgliteActivity, newState:1, flags:1, userId:0, CallingPid:10326, CallingUid:10206
12-14 08:04:00.001  2510  2580 V ActivityManager: startProcess: name=com.google.android.as.oss:learning_bg app=null knownToBeDead=true thread=null pid=-1 preloadStatus=-1
12-14 08:04:00.005  1247  1247 I keystore2: vendor/honor/system/base/system/security/keystore2/keystore_debug/honor_keystore_database_log.rs:36 - "keystore2/src/operation.rs".name="com.google.android.as.oss" in "updateAad()." pid=10332
12-14 08:04:00.007  2510  2579 I PackageManager: setEnabledSetting pkg:com.facebook.appmanager, className:com.facebook.oxygen.appmanager.webinstall.WebInstallAppLinkIgliteActivity, newState:2, flags:1, userId:0, CallingPid:10326, CallingUid:10206
12-14 08:04:00.007  9043  9043 I wpa_supplicant: nl80211: vendor command vendor_id=4980, subcmd=13
12-14 08:04:00.008  2710  2710 I cnss-daemon: nl80211 response handler invoked
12-14 08:04:00.008  2710  2710 I cnss-daemon: nl80211_response_handler: cmd 103, vendorID 4980, subcmd 13  received
12-14 08:04:00.009  8927  8995 I WifiHAL : event received NL80211_CMD_VENDOR, vendor_id = 0x1374, subcmd = 0xd
12-14 08:04:00.009  9043  9043 I wpa_supplicant: nl80211: Ignore unsupported QCA vendor event 13
12-14 08:04:00.011  2510  2579 I PackageManager: setEnabledSetting pkg:com.facebook.appmanager, className:com.facebook.oxygen.appmanager.webinstall.WebInstallAppLinkWhatsAppActivity, newState:2, flags:1, userId:0, CallingPid:10326, CallingUid:10206
12-14 08:04:00.011  1247  1247 I keystore2: vendor/honor/system/base/system/security/keystore2/keystore_debug/honor_keystore_database_log.rs:36 - "keystore2/src/operation.rs".name="com.google.android.as.oss" in "update()." pid=10332
12-14 08:04:00.015  1247 30777 I keystore2: vendor/honor/system/base/system/security/keystore2/keystore_debug/honor_keystore_database_log.rs:36 - "keystore2/src/operation.rs".name="com.google.android.as.oss" in "finish()." pid=10332
12-14 08:04:00.016  2510  2579 I PackageManager: setEnabledSetting pkg:com.facebook.appmanager, className:com.facebook.oxygen.appmanager.webinstall.WebInstallAppLinkFbliteActivity, newState:1, flags:1, userId:0, CallingPid:10326, CallingUid:10206
12-14 08:04:00.020  1247  1247 I keystore2: vendor/honor/system/base/system/security/keystore2/keystore_debug/honor_keystore_database_log.rs:36 - "keystore2/src/operation.rs".name="com.google.android.as.oss" in "abort()." pid=10332
12-14 08:04:00.022 10332 10378 I TinkBsaTokenCipher: Initialized successfully
12-14 08:04:00.023  1058  1058 E KeymasterUtils: rsp_header->status: -28
12-14 08:04:00.023  1058  1058 E KeyMasterHalDevice: abort_operation
12-14 08:04:00.023  1058  1058 E KeyMasterHalDevice: ret: -28
12-14 08:04:00.024  2510  2579 I PackageManager: setEnabledSetting pkg:com.facebook.appmanager, className:com.facebook.oxygen.appmanager.webinstall.WebInstallAppLinkFB4AActivity, newState:2, flags:1, userId:0, CallingPid:10326, CallingUid:10206
12-14 08:04:00.027  2510  2579 I PackageManager: setEnabledSetting pkg:com.facebook.appmanager, className:com.facebook.oxygen.appmanager.webinstall.WebInstallAppLinkMetaAIActivity, newState:1, flags:1, userId:0, CallingPid:10326, CallingUid:10206
12-14 08:04:00.028  2055  2055 D Zygote  : Forked child process 10404
12-14 08:04:00.030  2510  2880 I ActivityManager: Start proc 10404:com.google.android.as.oss:learning_bg/u0a151 for service {com.google.android.as.oss/com.google.android.gms.learning.internal.training.InAppTrainingService}
12-14 08:04:00.031  2510  2880 I SWAP_SCENE: Entering notifySceneData notifySceneData. EventType:PROCESS_CREATE para:com.google.android.as.oss
12-14 08:04:00.031  2510  2880 I HwActivityManagerServiceEx: notifyProcessStatusChange::pkg:com.google.android.as.oss pid:10404 uid:10151
12-14 08:04:00.031  2510  8271 I SWAP_GkiKernelInterface: addToProcs:subProcess pid:10404
12-14 08:04:00.034 10404 10404 I Zygote  : MountEmulatedStorage
12-14 08:04:00.034 10404 10404 I Zygote  : mount_data_dirs
12-14 08:04:00.035 10404 10404 I Zygote  : mount_storage_dirs
12-14 08:04:00.036 10404 10404 I Zygote  : PreInitializeNativeBridge
12-14 08:04:00.038  2510  2579 I PackageManager: setEnabledSetting pkg:com.facebook.appmanager, className:com.facebook.oxygen.appmanager.webinstall.WebInstallAppLinkMetaAIActivity, newState:2, flags:1, userId:0, CallingPid:10326, CallingUid:10206
12-14 08:04:00.039  2510  2579 I PackageManager: setEnabledSetting pkg:com.facebook.appmanager, className:com.facebook.oxygen.appmanager.webinstall.WebInstallAppLinkInstagramActivity, newState:2, flags:1, userId:0, CallingPid:10326, CallingUid:10206
12-14 08:04:00.041  2510  2579 I PackageManager: setEnabledSetting pkg:com.facebook.appmanager, className:com.facebook.oxygen.appmanager.webinstall.WebInstallAppLinkThreadsActivity, newState:2, flags:1, userId:0, CallingPid:10326, CallingUid:10206
12-14 08:04:00.042  2510  2579 I PackageManager: setEnabledSetting pkg:com.facebook.appmanager, className:com.facebook.oxygen.appmanager.webinstall.WebInstallAppLinkMessengerActivity, newState:2, flags:1, userId:0, CallingPid:10326, CallingUid:10206
12-14 08:04:00.044 10404 10404 I Zygote  : CallStaticVoidMethod
12-14 08:04:00.045 10404 10404 I oss:learning_bg: Using CollectorTypeCMC GC.
12-14 08:04:00.045  2510  2579 I PackageManager: setEnabledSetting pkg:com.facebook.appmanager, className:com.facebook.oxygen.appmanager.webinstall.WebInstallAppLinkIgliteLoggedOutActivity, newState:1, flags:1, userId:0, CallingPid:10326, CallingUid:10206
12-14 08:04:00.048  2510  2579 I PackageManager: setEnabledSetting pkg:com.facebook.appmanager, className:com.facebook.oxygen.appmanager.webinstall.WebInstallAppLinkIgliteLoggedOutActivity, newState:2, flags:1, userId:0, CallingPid:10326, CallingUid:10206
12-14 08:04:00.048 10404 10404 E oss:learning_bg: Not starting debugger since process cannot load the jdwp agent.
12-14 08:04:00.049  2510  2579 I PackageManager: setEnabledSetting pkg:com.facebook.appmanager, className:com.facebook.oxygen.appmanager.webinstall.WebInstallAppLinkWhatsAppLoggedOutActivity, newState:2, flags:1, userId:0, CallingPid:10326, CallingUid:10206
12-14 08:04:00.051 10404 10404 D nativeloader: Load libframework-connectivity-tiramisu-jni.so using APEX ns com_android_tethering for caller /apex/com.android.tethering/javalib/framework-connectivity-t.jar: ok
12-14 08:04:00.053  2510  2579 I PackageManager: setEnabledSetting pkg:com.facebook.appmanager, className:com.facebook.oxygen.appmanager.webinstall.WebInstallAppLinkFbliteLoggedOutActivity, newState:1, flags:1, userId:0, CallingPid:10326, CallingUid:10206
12-14 08:04:00.054 10404 10404 E [VipSchedProxy:]: Vip Success open /proc/vip/ioctl
12-14 08:04:00.055  2510  2579 I PackageManager: setEnabledSetting pkg:com.facebook.appmanager, className:com.facebook.oxygen.appmanager.webinstall.WebInstallAppLinkFB4ALoggedOutActivity, newState:2, flags:1, userId:0, CallingPid:10326, CallingUid:10206
12-14 08:04:00.056 10404 10404 D ActivityThread: Attach thread to application
12-14 08:04:00.060  2510  7079 I PackageManager: setEnabledSetting pkg:com.facebook.appmanager, className:com.facebook.oxygen.appmanager.webinstall.WebInstallAppLinkMetaAILoggedOutActivity, newState:1, flags:1, userId:0, CallingPid:10326, CallingUid:10206
12-14 08:04:00.063 10404 10404 I Typeface: setSystemFontMap SharedMemory
12-14 08:04:00.064 10404 10404 I Typeface: setSystemFontMap Typaface
12-14 08:04:00.065 10404 10421 I ActivityThread: Init compatible state: true
12-14 08:04:00.065 10404 10404 I ResourcesManager: applyConfigurationToResources: smallestScreenWidthDp = 360mMaxBounds = Rect(0, 0 - 720, 1610)
12-14 08:04:00.070  2510  2579 I PackageManager: setEnabledSetting pkg:com.facebook.appmanager, className:com.facebook.oxygen.appmanager.webinstall.WebInstallAppLinkMetaAILoggedOutActivity, newState:2, flags:1, userId:0, CallingPid:10326, CallingUid:10206
12-14 08:04:00.071 10404 10404 D ApplicationLoaders: Returning zygote-cached class loader: /system_ext/framework/androidx.window.extensions.jar
12-14 08:04:00.071 10404 10404 D ApplicationLoaders: Returning zygote-cached class loader: /system_ext/framework/androidx.window.sidecar.jar
12-14 08:04:00.072  2510  2579 I PackageManager: setEnabledSetting pkg:com.facebook.appmanager, className:com.facebook.oxygen.appmanager.webinstall.WebInstallAppLinkInstagramLoggedOutActivity, newState:2, flags:1, userId:0, CallingPid:10326, CallingUid:10206
12-14 08:04:00.074  2510  2579 I PackageManager: setEnabledSetting pkg:com.facebook.appmanager, className:com.facebook.oxygen.appmanager.webinstall.WebInstallAppLinkThreadsLoggedOutActivity, newState:2, flags:1, userId:0, CallingPid:10326, CallingUid:10206
12-14 08:04:00.075  2510  2579 I PackageManager: setEnabledSetting pkg:com.facebook.appmanager, className:com.facebook.oxygen.appmanager.webinstall.WebInstallAppLinkMessengerLoggedOutActivity, newState:2, flags:1, userId:0, CallingPid:10326, CallingUid:10206
12-14 08:04:00.076  2510  2579 I PackageManager: setEnabledSetting pkg:com.facebook.appmanager, className:com.facebook.oxygen.appmanager.webinstall.WebInstallAppLinkIgliteRestrictedActivity, newState:2, flags:1, userId:0, CallingPid:10326, CallingUid:10206
12-14 08:04:00.077  2510  2579 I PackageManager: setEnabledSetting pkg:com.facebook.appmanager, className:com.facebook.oxygen.appmanager.webinstall.WebInstallAppLinkWhatsAppRestrictedActivity, newState:2, flags:1, userId:0, CallingPid:10326, CallingUid:10206
12-14 08:04:00.079  2510  2579 I PackageManager: setEnabledSetting pkg:com.facebook.appmanager, className:com.facebook.oxygen.appmanager.webinstall.WebInstallAppLinkFbliteRestrictedActivity, newState:2, flags:1, userId:0, CallingPid:10326, CallingUid:10206
12-14 08:04:00.080  2510  2579 I PackageManager: setEnabledSetting pkg:com.facebook.appmanager, className:com.facebook.oxygen.appmanager.webinstall.WebInstallAppLinkFB4ARestrictedActivity, newState:2, flags:1, userId:0, CallingPid:10326, CallingUid:10206
12-14 08:04:00.081 10404 10404 W oss:learning_bg: Failed to find entry 'classes.dex': Entry not found
12-14 08:04:00.081 10404 10404 W oss:learning_bg: Failed to find entry 'classes.dex': Entry not found
12-14 08:04:00.082  2510  2579 I PackageManager: setEnabledSetting pkg:com.facebook.appmanager, className:com.facebook.oxygen.appmanager.webinstall.WebInstallAppLinkMetaAIRestrictedActivity, newState:2, flags:1, userId:0, CallingPid:10326, CallingUid:10206
12-14 08:04:00.082 10404 10404 W oss:learning_bg: Failed to find entry 'classes.dex': Entry not found
12-14 08:04:00.083 10404 10404 D nativeloader: Configuring clns-7 for other apk /data/app/~~1C47OoztyTOpm7t0rKk_tA==/com.google.android.as.oss-OL2a1sV4cxY0GqHw90fdFw==/base.apk:/data/app/~~1C47OoztyTOpm7t0rKk_tA==/com.google.android.as.oss-OL2a1sV4cxY0GqHw90fdFw==/split_config.arm64_v8a.apk:/data/app/~~1C47OoztyTOpm7t0rKk_tA==/com.google.android.as.oss-OL2a1sV4cxY0GqHw90fdFw==/split_config.en.apk:/data/app/~~1C47OoztyTOpm7t0rKk_tA==/com.google.android.as.oss-OL2a1sV4cxY0GqHw90fdFw==/split_config.xhdpi.apk. target_sdk_version=35, uses_libraries=, library_path=/data/app/~~1C47OoztyTOpm7t0rKk_tA==/com.google.android.as.oss-OL2a1sV4cxY0GqHw90fdFw==/lib/arm64:/data/app/~~1C47OoztyTOpm7t0rKk_tA==/com.google.android.as.oss-OL2a1sV4cxY0GqHw90fdFw==/base.apk!/lib/arm64-v8a:/data/app/~~1C47OoztyTOpm7t0rKk_tA==/com.google.android.as.oss-OL2a1sV4cxY0GqHw90fdFw==/split_config.arm64_v8a.apk!/lib/arm64-v8a:/data/app/~~1C47OoztyTOpm7t0rKk_tA==/com.google.android.as.oss-OL2a1sV4cxY0GqHw90fdFw==/split_config.en.apk!/lib/arm64-v8a:/data/app/~~1C47OoztyTOpm7t0rKk_tA==/com.g
12-14 08:04:00.083  2510  7079 I PackageManager: setEnabledSetting pkg:com.facebook.appmanager, className:com.facebook.oxygen.appmanager.webinstall.WebInstallAppLinkInstagramRestrictedActivity, newState:2, flags:1, userId:0, CallingPid:10326, CallingUid:10206
12-14 08:04:00.084 10404 10404 D CompatChangeReporter: Compat change id reported: 202956589; UID 10151; state: ENABLED
12-14 08:04:00.086  2510  7079 I PackageManager: setEnabledSetting pkg:com.facebook.appmanager, className:com.facebook.oxygen.appmanager.webinstall.WebInstallAppLinkThreadsRestrictedActivity, newState:2, flags:1, userId:0, CallingPid:10326, CallingUid:10206
12-14 08:04:00.088 10404 10421 W HwCust  : CUST VERSION = false, use class = class android.app.HwCustApplicationPackageManagerImpl
12-14 08:04:00.088  2510  7079 I PackageManager: setEnabledSetting pkg:com.facebook.appmanager, className:com.facebook.oxygen.appmanager.webinstall.WebInstallAppLinkMessengerRestrictedActivity, newState:2, flags:1, userId:0, CallingPid:10326, CallingUid:10206
12-14 08:04:00.090 10404 10404 V GraphicsEnvironment: Currently set values for:
12-14 08:04:00.090 10404 10404 V GraphicsEnvironment:   angle_gl_driver_selection_pkgs=[]
12-14 08:04:00.090 10404 10404 V GraphicsEnvironment:   angle_gl_driver_selection_values=[]
12-14 08:04:00.090 10404 10404 V GraphicsEnvironment: Global.Settings values are invalid: number of packages: 0, number of values: 0
12-14 08:04:00.090 10404 10404 V GraphicsEnvironment: Neither updatable production driver nor prerelease driver is supported.
12-14 08:04:00.090  2510  2579 I PackageManager: setEnabledSetting pkg:com.facebook.appmanager, className:com.facebook.oxygen.appmanager.modules.api.ModulesApiProvider, newState:1, flags:1, userId:0, CallingPid:10326, CallingUid:10206
12-14 08:04:00.091  2510  2580 I PackageManager: setEnabledSetting pkg:com.facebook.appmanager, className:com.facebook.oxygen.appmanager.firstparty.tos.ShouldAcceptTos, newState:2, flags:1, userId:0, CallingPid:10326, CallingUid:10206
12-14 08:04:00.092  2510  2580 I PackageManager: setEnabledSetting pkg:com.facebook.appmanager, className:com.facebook.oxygen.appmanager.firstparty.tos.ShouldShowTos, newState:2, flags:1, userId:0, CallingPid:10326, CallingUid:10206
12-14 08:04:00.093  2510  2580 I PackageManager: setEnabledSetting pkg:com.facebook.appmanager, className:com.facebook.oxygen.appmanager.firstparty.tos.ShouldShowExplicitTos, newState:2, flags:1, userId:0, CallingPid:10326, CallingUid:10206
12-14 08:04:00.099 10404 10421 I AwareBitmapCacher: init processName:com.google.android.as.oss:learning_bg pid=10404 uid=10151
12-14 08:04:00.101  2510  2580 W JobInfo : Job 'com.facebook.appmanager/com.facebook.oxygen.common.jobqueue.JobQueueService#5100' has a deadline with no functional constraints. The deadline won't improve job execution latency. Consider removing the deadline.
12-14 08:04:00.105  2510  2580 W JobInfo : Job 'com.facebook.appmanager/com.facebook.oxygen.common.jobqueue.JobQueueService#5100' has a deadline with no functional constraints. The deadline won't improve job execution latency. Consider removing the deadline.
12-14 08:04:00.111 10404 10404 I PrivateInferenceConfigReader: computeConfig: isEvt: false, isUserDebug: false
12-14 08:04:00.111 10404 10404 I PrivateComputeServicesApplication: PrivateComputeServicesApplication#onCreate
12-14 08:04:00.111 10404 10404 I PcsFcInit: Calling BrellaInit for PCS.
12-14 08:04:00.112 10404 10404 I NetworkUsageLogTtlService: NetworkUsageLogTtlService already scheduled.
12-14 08:04:00.113  2510  2579 I ContentProviderHelper: Need to start process com.facebook.system for provider ContentProviderInfo{name=com.facebook.system.api.appmanager className=com.facebook.oxygen.installer.api.AppManagerApiProvider}, callerApp: ProcessRecord{c9f06b 10326:com.facebook.appmanager/u0a206}
12-14 08:04:00.113  2510  2579 V ActivityManager: startProcess: name=com.facebook.system app=null knownToBeDead=false thread=null pid=-1 preloadStatus=-1
12-14 08:04:00.114  2510  2579 V GrammaticalInflectionUtils: AttributionSource: android.content.AttributionSource@6f12f883 does not have READ_SYSTEM_GRAMMATICAL_GENDER permission.
12-14 08:04:00.114 10404 10404 I SystemFonts: loadHwSystemFonts, isNightMode true, fontWeightScale is 100
12-14 08:04:00.114 10404 10404 I HwTypeface: update default font
12-14 08:04:00.116  2510  2580 D HwActivityManagerServiceEx: finishPreloaded callingPid 10404
12-14 08:04:00.116  2510  2580 D HwActivityManagerServiceEx: finishPreloaded preloadStatus: 0 app: ProcessRecord{d06517e 10404:com.google.android.as.oss:learning_bg/u0a151} uidRec.isPreload: false
12-14 08:04:00.120 10404 10404 I ActivityThread: finishPreloaded preloadStatus 0
12-14 08:04:00.130 10404 10425 I FederatedTrainingScheduler: Cancelling training for population:pcs/prod/platform_logging session_name:pcs/prod/platform_logging
12-14 08:04:00.131 10404 10404 I FcClientStatsdLogManager: Sending FL diagnosis log. [CONTEXT ratelimit_period="60 MINUTES" ]
12-14 08:04:00.141  2055  2055 D Zygote  : Forked child process 10431
12-14 08:04:00.143  2510  2880 I ActivityManager: Start proc 10431:com.facebook.system/u0a213 for content provider {com.facebook.system/com.facebook.oxygen.installer.api.AppManagerApiProvider}
12-14 08:04:00.143  2510  2880 I SWAP_SCENE: Entering notifySceneData notifySceneData. EventType:PROCESS_CREATE para:com.facebook.system
12-14 08:04:00.143  2510  2880 I HwActivityManagerServiceEx: notifyProcessStatusChange::pkg:com.facebook.system pid:10431 uid:10213
12-14 08:04:00.144  2510  8271 I SWAP_SCENE: Entering appColdCheck cold! appName:com.facebook.system
12-14 08:04:00.146 10431 10431 I Zygote  : MountEmulatedStorage
12-14 08:04:00.146  2510  8271 I SWAP_GkiKernelInterface: mkdir for com.facebook.system success
12-14 08:04:00.146  2510  8271 I SWAP_SCENE: Entering appColdCheck cold! Mkdir. appName:com.facebook.system
12-14 08:04:00.146 10431 10431 I Zygote  : mount_data_dirs
12-14 08:04:00.146  2510  8271 I SWAP_GkiKernelInterface: addToProcs:com.facebook.system pid:10431
