12-14 07:55:12.686  2510  2879 I ActivityManager: App 10263/com.instagram.android on idle whitelist; not restricted in background
12-14 07:55:13.130  2143  4070 W ServiceManagerCppClient: Waited one second for vendor.qti.qhcp.IQHDC/default (is service started? Number of threads started in the threadpool: 3. Are binder threads started and available?)
12-14 07:55:13.133  2253  2377 W ServiceManagerCppClient: Waited one second for vendor.qti.qhcp.IQHDC/default (is service started? Number of threads started in the threadpool: 2. Are binder threads started and available?)
12-14 07:55:13.136   983  6412 W libc    : Unable to set property "ctl.interface_start" to "aidl/vendor.qti.qhcp.IQHDC/default": PROP_ERROR_HANDLE_CONTROL_MESSAGE (0x20)
12-14 07:55:13.138   983  6414 W libc    : Unable to set property "ctl.interface_start" to "aidl/vendor.qti.qhcp.IQHDC/default": PROP_ERROR_HANDLE_CONTROL_MESSAGE (0x20)
12-14 07:55:13.695  2510  7078 E AwareLog: HwMtmBroadcastResourceManager: iawareNeedSkipBroadcastSend param error!
12-14 07:55:13.697  2510  7078 I ActivityManager: App 10263/com.instagram.android on idle whitelist; not restricted in background
12-14 07:55:13.698  2510  2879 I ActivityManager: App 10263/com.instagram.android on idle whitelist; not restricted in background
12-14 07:55:14.133  2143  4070 W ServiceManagerCppClient: Waited one second for vendor.qti.qhcp.IQHDC/default (is service started? Number of threads started in the threadpool: 3. Are binder threads started and available?)
12-14 07:55:14.136  2253  2377 W ServiceManagerCppClient: Waited one second for vendor.qti.qhcp.IQHDC/default (is service started? Number of threads started in the threadpool: 2. Are binder threads started and available?)
12-14 07:55:14.141   983  6416 W libc    : Unable to set property "ctl.interface_start" to "aidl/vendor.qti.qhcp.IQHDC/default": PROP_ERROR_HANDLE_CONTROL_MESSAGE (0x20)
12-14 07:55:14.141   983  6417 W libc    : Unable to set property "ctl.interface_start" to "aidl/vendor.qti.qhcp.IQHDC/default": PROP_ERROR_HANDLE_CONTROL_MESSAGE (0x20)
12-14 07:55:14.553  2634  2634 E Thermal-daemon:hn_thermal: [ambient_temp_v2] tempNew :29  tempOld :27
12-14 07:55:14.553  2634  2634 E Thermal-daemon:hn_thermal: [pa_0] tempNew :25  tempOld :26
12-14 07:55:14.619  2510  6210 E HwQoEJNI: sendQoeCmd. open monitor_fd error
12-14 07:55:14.619  2510  6210 I HnDualBandManager: handle2gApStrongWifiRssiChange
12-14 07:55:14.674  9043  9043 I wpa_supplicant: nl80211: vendor command vendor_id=4980, subcmd=13
12-14 07:55:14.680  2710  2710 I cnss-daemon: nl80211 response handler invoked
12-14 07:55:14.681  2710  2710 I cnss-daemon: nl80211_response_handler: cmd 103, vendorID 4980, subcmd 13  received
12-14 07:55:14.681  9043  9043 I wpa_supplicant: nl80211: Ignore unsupported QCA vendor event 13
12-14 07:55:14.683  8927  8995 I WifiHAL : event received NL80211_CMD_VENDOR, vendor_id = 0x1374, subcmd = 0xd
12-14 07:55:14.708  2510  7086 E AwareLog: HwMtmBroadcastResourceManager: iawareNeedSkipBroadcastSend param error!
12-14 07:55:14.709  2510  7086 I ActivityManager: App 10263/com.instagram.android on idle whitelist; not restricted in background
12-14 07:55:14.710  2510  2879 I ActivityManager: App 10263/com.instagram.android on idle whitelist; not restricted in background
12-14 07:55:15.038  2510  2793 I AppEyeFwkBlock: do monitor
12-14 07:55:15.062  6963 17677 I HSC_SEC_AI_PLUGIN_FreeVirusUtils: isChargingBattery status5
12-14 07:55:15.065  6963 17677 I HSC_SEC_AI_PLUGIN_FreeTimeScanUtils: free time scan event report: {"WIFI_CONNECTED_STATUS":"1","SCREEN_STATUS":"1","TEMPERATURE_STATUS":"0","START_TIME":"1765638794969","LASTING_TIME":"522"}
12-14 07:55:15.137  2143  4070 W ServiceManagerCppClient: Waited one second for vendor.qti.qhcp.IQHDC/default (is service started? Number of threads started in the threadpool: 3. Are binder threads started and available?)
12-14 07:55:15.139  2253  2377 W ServiceManagerCppClient: Waited one second for vendor.qti.qhcp.IQHDC/default (is service started? Number of threads started in the threadpool: 2. Are binder threads started and available?)
12-14 07:55:15.147   983  6419 W libc    : Unable to set property "ctl.interface_start" to "aidl/vendor.qti.qhcp.IQHDC/default": PROP_ERROR_HANDLE_CONTROL_MESSAGE (0x20)
12-14 07:55:15.150   983  6420 W libc    : Unable to set property "ctl.interface_start" to "aidl/vendor.qti.qhcp.IQHDC/default": PROP_ERROR_HANDLE_CONTROL_MESSAGE (0x20)
12-14 07:55:15.631  2510  4682 I HwBatteryService: power_ui state= 1 mQuickChargeStatus=1
12-14 07:55:15.631  2510  4682 I HwBatteryService: handleWirelessTxStatus
12-14 07:55:15.631  2510  4682 I HwBatteryService: switch not open, return, mWirelessTxFlag : 0
12-14 07:55:15.631  2510  4682 W HwBatteryService: need return. Invalid value: -1
12-14 07:55:15.631  2510  4682 D HwBatteryService: setHwChargeTimeRemaining, time = -1 String time: -1
12-14 07:55:15.641  2510  7086 I BatteryService: Processing new values: info={chargerAcOnline=false,chargerUsbOnline=true,chargerWirelessOnline=false,maxChargingCurrent=500000,maxChargingVoltage=5000000,batteryStatus=5=FULL,batteryHealth=2=GOOD,batteryPresent=true,batteryLevel=100,batteryVoltage=4484,batteryTemperature=258,batteryFullCharge=6588000,batteryChargeCounter=3500000,batteryTechnology=Unknown,batteryCapacityLevel=5=FULL,chargerDockOnline=false}, mBatteryLevelCritical=false, mPlugType=2, mLastPlugType=2
12-14 07:55:15.642  2510  7086 I BatteryService: check conditions changed
12-14 07:55:15.646  2510  7086 I BatteryService: Processing new values: info={chargerAcOnline=false,chargerUsbOnline=true,chargerWirelessOnline=false,maxChargingCurrent=500000,maxChargingVoltage=5000000,batteryStatus=5=FULL,batteryHealth=2=GOOD,batteryPresent=true,batteryLevel=100,batteryVoltage=4484,batteryTemperature=258,batteryFullCharge=6588000,batteryChargeCounter=3500000,batteryTechnology=Unknown,batteryCapacityLevel=5=FULL,chargerDockOnline=false}, mBatteryLevelCritical=false, mPlugType=2, mLastPlugType=2
12-14 07:55:15.647  2510  7086 I BatteryService: check conditions changed
12-14 07:55:15.721  2510  7078 E AwareLog: HwMtmBroadcastResourceManager: iawareNeedSkipBroadcastSend param error!
12-14 07:55:15.722  2510  7078 I ActivityManager: App 10263/com.instagram.android on idle whitelist; not restricted in background
12-14 07:55:15.723  2510  2879 I ActivityManager: App 10263/com.instagram.android on idle whitelist; not restricted in background
12-14 07:55:16.140  2143  4070 W ServiceManagerCppClient: Waited one second for vendor.qti.qhcp.IQHDC/default (is service started? Number of threads started in the threadpool: 3. Are binder threads started and available?)
12-14 07:55:16.142  2253  2377 W ServiceManagerCppClient: Waited one second for vendor.qti.qhcp.IQHDC/default (is service started? Number of threads started in the threadpool: 2. Are binder threads started and available?)
12-14 07:55:16.148   983  6423 W libc    : Unable to set property "ctl.interface_start" to "aidl/vendor.qti.qhcp.IQHDC/default": PROP_ERROR_HANDLE_CONTROL_MESSAGE (0x20)
12-14 07:55:16.148   983  6424 W libc    : Unable to set property "ctl.interface_start" to "aidl/vendor.qti.qhcp.IQHDC/default": PROP_ERROR_HANDLE_CONTROL_MESSAGE (0x20)
12-14 07:55:16.680  9043  9043 I wpa_supplicant: nl80211: vendor command vendor_id=4980, subcmd=13
12-14 07:55:16.686  2710  2710 I cnss-daemon: nl80211 response handler invoked
12-14 07:55:16.686  8927  8995 I WifiHAL : event received NL80211_CMD_VENDOR, vendor_id = 0x1374, subcmd = 0xd
12-14 07:55:16.687  2710  2710 I cnss-daemon: nl80211_response_handler: cmd 103, vendorID 4980, subcmd 13  received
12-14 07:55:16.690  9043  9043 I wpa_supplicant: nl80211: Ignore unsupported QCA vendor event 13
12-14 07:55:16.734  2510  7086 E AwareLog: HwMtmBroadcastResourceManager: iawareNeedSkipBroadcastSend param error!
12-14 07:55:16.735  2510  7086 I ActivityManager: App 10263/com.instagram.android on idle whitelist; not restricted in background
12-14 07:55:16.736  2510  2879 I ActivityManager: App 10263/com.instagram.android on idle whitelist; not restricted in background
12-14 07:55:16.803  2510  6210 I WifiNetworkStatsMonitor: total/168/202,com.instagram.android/96/96,unknown:0/0/106,android.uid.system:1000/72/0,com.autocountsoft.payroll/0/0,unknown:-5/0/0,com.hihonor.mediamaterial/0/0,authenticator.two.factor.authentication.otp/0/0,com.hihonor.android.launcher/0/0,com.openai.chatgpt/0/0,com.cimb.cimbocto/0/0
12-14 07:55:16.803  2510  6210 D WifiEnhanceHomeFenceMonitor: registerHomeAwarenessFence, register back home fence.
12-14 07:55:16.804  2510  6210 I WifiEnhanceHomeFenceMonitor: processBackHomeFence, add back home fence , id : WifiEnhanceHomeFenceMonitor_backHomeFence
12-14 07:55:16.804  2510  6210 D WifiEnhanceHomeFenceMonitor: registerHomeAwarenessFence, register leave home fence.
12-14 07:55:16.804  2510  6210 I WifiEnhanceHomeFenceMonitor: processLeaveHomeFence, add leave home fence , id : WifiEnhanceHomeFenceMonitor_leaveHomeFence
12-14 07:55:16.804  2510  8336 I AwarenessClient: wait result,type=register_fence_by_listener,rId=206b5e4b-5077-46e4-886f-433bf987cfcf,key=WifiEnhanceHomeFenceMonitor_backHomeFence,isNeedCache=true,sysApp=true
12-14 07:55:16.805 23707  2954 I AWARENESS_E_D_P: regByListener rId=206b5e4b-5077-46e4-886f-433bf987cfcf,key=WifiEnhanceHomeFenceMonitor_backHomeFence
12-14 07:55:16.806 23707 24188 I AWARENESS_MFenceFF: c:LocationFence
12-14 07:55:16.806 23707 24188 I AWARENESS_MFenceFF: not support fence, LocationFence
12-14 07:55:16.806  2510  8336 I AwarenessClient: wait result,type=register_fence_by_listener,rId=c27cf609-dbf5-4e8e-91a9-6dc312817be6,key=WifiEnhanceHomeFenceMonitor_leaveHomeFence,isNeedCache=true,sysApp=true
12-14 07:55:16.806 23707 24188 E AWARENESS_ManagedFenceList: createFence fail, AwarenessFence{key='WifiEnhanceHomeFenceMonitor_backHomeFence', type='LocationFence}
12-14 07:55:16.806 23707  2954 I AWARENESS_E_D_P: regByListener rId=c27cf609-dbf5-4e8e-91a9-6dc312817be6,key=WifiEnhanceHomeFenceMonitor_leaveHomeFence
12-14 07:55:16.807 23707 23924 I AWARENESS_MFenceFF: c:LocationFence
12-14 07:55:16.807  2510  8336 I WifiEnhanceHomeFenceMonitor: mHomeFenceConnectListener, on result, key = WifiEnhanceHomeFenceMonitor_backHomeFence , code = 0
12-14 07:55:16.807 23707 23924 I AWARENESS_MFenceFF: not support fence, LocationFence
12-14 07:55:16.807  2510  8336 I AwarenessClient: handle wait rm for WifiEnhanceHomeFenceMonitor_backHomeFence
12-14 07:55:16.807 23707 23924 E AWARENESS_ManagedFenceList: createFence fail, AwarenessFence{key='WifiEnhanceHomeFenceMonitor_leaveHomeFence', type='LocationFence}
12-14 07:55:16.807  2510  8336 I AwarenessClient: dispatch no cached for WifiEnhanceHomeFenceMonitor_backHomeFence
12-14 07:55:16.807  2510  8336 I WifiEnhanceHomeFenceMonitor: mHomeFenceConnectListener, on result, key = WifiEnhanceHomeFenceMonitor_leaveHomeFence , code = 0
12-14 07:55:16.807  2510  8336 I AwarenessClient: handle wait rm for WifiEnhanceHomeFenceMonitor_leaveHomeFence
12-14 07:55:16.808  2510  8336 I AwarenessClient: dispatch no cached for WifiEnhanceHomeFenceMonitor_leaveHomeFence
12-14 07:55:16.808 23707 24188 I AWARENESS_D_P_InquiryProviderCallExecMethod: invoke begin, calling pkg name: com.hihonor.awareness
12-14 07:55:16.808 23707 24188 W AWARENESS_D_P_DataQueryComponentContainer: null supplier for: queryCityCode
12-14 07:55:16.808 23707 24188 I AWARENESS_D_P_InquiryProviderCallExecMethod: invoke duration is 0
12-14 07:55:16.808 23707 23924 I AWARENESS_D_P_InquiryProviderCallExecMethod: invoke begin, calling pkg name: com.hihonor.awareness
12-14 07:55:16.808 23707 24188 W Intelli_Analytics_DpIQCacheHelper: inquiry value is null or invalid, refuse update cache
12-14 07:55:16.808 23707 23924 W AWARENESS_D_P_DataQueryComponentContainer: null supplier for: queryCityCode
12-14 07:55:16.809 23707 23924 I AWARENESS_D_P_InquiryProviderCallExecMethod: invoke duration is 1
12-14 07:55:16.809 23707 23924 W Intelli_Analytics_DpIQCacheHelper: inquiry value is null or invalid, refuse update cache
12-14 07:55:16.947  2510  2571 I system_server: Background young concurrent mark compact GC freed 24MB AllocSpace bytes, 80(1440KB) LOS objects, 18% free, 101MB/124MB, paused 2.343ms,12.134ms total 158.096ms
12-14 07:55:17.143  2143  4070 W ServiceManagerCppClient: Waited one second for vendor.qti.qhcp.IQHDC/default (is service started? Number of threads started in the threadpool: 3. Are binder threads started and available?)
12-14 07:55:17.145  2253  2377 W ServiceManagerCppClient: Waited one second for vendor.qti.qhcp.IQHDC/default (is service started? Number of threads started in the threadpool: 2. Are binder threads started and available?)
12-14 07:55:17.150   983  6426 W libc    : Unable to set property "ctl.interface_start" to "aidl/vendor.qti.qhcp.IQHDC/default": PROP_ERROR_HANDLE_CONTROL_MESSAGE (0x20)
12-14 07:55:17.151   983  6427 W libc    : Unable to set property "ctl.interface_start" to "aidl/vendor.qti.qhcp.IQHDC/default": PROP_ERROR_HANDLE_CONTROL_MESSAGE (0x20)
12-14 07:55:17.480  2152  5162 I sensors-hal: handle_sns_client_event:442, accel_sample(accelcal_available:0): ts=2257577742876599 ns; value = [-1.036146, 0.310305, 9.556982], status=3
12-14 07:55:17.635  2510  6210 E HwQoEJNI: sendQoeCmd. open monitor_fd error
12-14 07:55:17.636  2510  6210 I HnDualBandManager: handle2gApStrongWifiRssiChange
12-14 07:55:17.748  2510  7078 E AwareLog: HwMtmBroadcastResourceManager: iawareNeedSkipBroadcastSend param error!
12-14 07:55:17.749  2510  7078 I ActivityManager: App 10263/com.instagram.android on idle whitelist; not restricted in background
12-14 07:55:17.750  2510  2879 I ActivityManager: App 10263/com.instagram.android on idle whitelist; not restricted in background
12-14 07:55:18.146  2143  4070 W ServiceManagerCppClient: Waited one second for vendor.qti.qhcp.IQHDC/default (is service started? Number of threads started in the threadpool: 3. Are binder threads started and available?)
12-14 07:55:18.149  2253  2377 W ServiceManagerCppClient: Waited one second for vendor.qti.qhcp.IQHDC/default (is service started? Number of threads started in the threadpool: 2. Are binder threads started and available?)
12-14 07:55:18.152   983  6429 W libc    : Unable to set property "ctl.interface_start" to "aidl/vendor.qti.qhcp.IQHDC/default": PROP_ERROR_HANDLE_CONTROL_MESSAGE (0x20)
12-14 07:55:18.153   983  6433 W libc    : Unable to set property "ctl.interface_start" to "aidl/vendor.qti.qhcp.IQHDC/default": PROP_ERROR_HANDLE_CONTROL_MESSAGE (0x20)
12-14 07:55:18.429 32186 32186 D UsbSettingsService: handleMessage, msg.what = 4
12-14 07:55:18.438 32186 32186 D UsbSettingsService: receive message to check monkey running.
12-14 07:55:18.685  9043  9043 I wpa_supplicant: nl80211: vendor command vendor_id=4980, subcmd=13
12-14 07:55:18.691  8927  8995 I WifiHAL : event received NL80211_CMD_VENDOR, vendor_id = 0x1374, subcmd = 0xd
12-14 07:55:18.692  2710  2710 I cnss-daemon: nl80211 response handler invoked
12-14 07:55:18.692  2710  2710 I cnss-daemon: nl80211_response_handler: cmd 103, vendorID 4980, subcmd 13  received
12-14 07:55:18.693  9043  9043 I wpa_supplicant: nl80211: Ignore unsupported QCA vendor event 13
12-14 07:55:18.762  2510  7086 E AwareLog: HwMtmBroadcastResourceManager: iawareNeedSkipBroadcastSend param error!
12-14 07:55:18.763  2510  7086 I ActivityManager: App 10263/com.instagram.android on idle whitelist; not restricted in background
12-14 07:55:18.764  2510  2879 I ActivityManager: App 10263/com.instagram.android on idle whitelist; not restricted in background
12-14 07:55:19.149  2143  4070 W ServiceManagerCppClient: Waited one second for vendor.qti.qhcp.IQHDC/default (is service started? Number of threads started in the threadpool: 3. Are binder threads started and available?)
12-14 07:55:19.152  2253  2377 W ServiceManagerCppClient: Waited one second for vendor.qti.qhcp.IQHDC/default (is service started? Number of threads started in the threadpool: 2. Are binder threads started and available?)
12-14 07:55:19.155   983  6435 W libc    : Unable to set property "ctl.interface_start" to "aidl/vendor.qti.qhcp.IQHDC/default": PROP_ERROR_HANDLE_CONTROL_MESSAGE (0x20)
12-14 07:55:19.161   983  6436 W libc    : Unable to set property "ctl.interface_start" to "aidl/vendor.qti.qhcp.IQHDC/default": PROP_ERROR_HANDLE_CONTROL_MESSAGE (0x20)
12-14 07:55:19.355  2510  2795 W Watchdog: waitState=[0] waitedHalf=[false]
12-14 07:55:19.355  2510  2795 W Watchdog: watchdogKick kickCounter=[150]
12-14 07:55:19.356  2510  2795 I AES     : hangdetect userpet kick to kernel
12-14 07:55:19.357  2510  2782 I InputReader: monitor lock
12-14 07:55:19.357  2510  2782 I EventHub: wake() called
12-14 07:55:19.358  2510  2782 I EventHub: monitor lock
12-14 07:55:19.554  2634  2634 E Thermal-daemon:hn_thermal: [ambient_temp_v2] tempNew :28  tempOld :29
12-14 07:55:19.774  2510  7078 E AwareLog: HwMtmBroadcastResourceManager: iawareNeedSkipBroadcastSend param error!
12-14 07:55:19.775  2510  7078 I ActivityManager: App 10263/com.instagram.android on idle whitelist; not restricted in background
12-14 07:55:19.776  2510  2879 I ActivityManager: App 10263/com.instagram.android on idle whitelist; not restricted in background
12-14 07:55:20.093  2633  3642 I storaged: storaged_t::event: storage_info refreshed.
12-14 07:55:20.152  2143  4070 W ServiceManagerCppClient: Waited one second for vendor.qti.qhcp.IQHDC/default (is service started? Number of threads started in the threadpool: 3. Are binder threads started and available?)
12-14 07:55:20.155  2253  2377 W ServiceManagerCppClient: Waited one second for vendor.qti.qhcp.IQHDC/default (is service started? Number of threads started in the threadpool: 2. Are binder threads started and available?)
12-14 07:55:20.159   983  6440 W libc    : Unable to set property "ctl.interface_start" to "aidl/vendor.qti.qhcp.IQHDC/default": PROP_ERROR_HANDLE_CONTROL_MESSAGE (0x20)
12-14 07:55:20.160   983  6441 W libc    : Unable to set property "ctl.interface_start" to "aidl/vendor.qti.qhcp.IQHDC/default": PROP_ERROR_HANDLE_CONTROL_MESSAGE (0x20)
12-14 07:55:20.379  6777  7481 I AppManager: dependence has been existed:4610 -> 31494
12-14 07:55:20.651  2510  6210 E HwQoEJNI: sendQoeCmd. open monitor_fd error
12-14 07:55:20.651  2510  6210 I HnDualBandManager: handle2gApStrongWifiRssiChange
12-14 07:55:20.690  9043  9043 I wpa_supplicant: nl80211: vendor command vendor_id=4980, subcmd=13
12-14 07:55:20.697  2710  2710 I cnss-daemon: nl80211 response handler invoked
12-14 07:55:20.697  2710  2710 I cnss-daemon: nl80211_response_handler: cmd 103, vendorID 4980, subcmd 13  received
12-14 07:55:20.697  8927  8995 I WifiHAL : event received NL80211_CMD_VENDOR, vendor_id = 0x1374, subcmd = 0xd
12-14 07:55:20.700  9043  9043 I wpa_supplicant: nl80211: Ignore unsupported QCA vendor event 13
12-14 07:55:20.788  2510  7086 E AwareLog: HwMtmBroadcastResourceManager: iawareNeedSkipBroadcastSend param error!
12-14 07:55:20.789  2510  7086 I ActivityManager: App 10263/com.instagram.android on idle whitelist; not restricted in background
12-14 07:55:20.791  2510  2879 I ActivityManager: App 10263/com.instagram.android on idle whitelist; not restricted in background
12-14 07:55:21.040  2510  2793 I AppEyeFwkBlock: do monitor
12-14 07:55:21.155  2143  4070 W ServiceManagerCppClient: Waited one second for vendor.qti.qhcp.IQHDC/default (is service started? Number of threads started in the threadpool: 3. Are binder threads started and available?)
12-14 07:55:21.157  2253  2377 W ServiceManagerCppClient: Waited one second for vendor.qti.qhcp.IQHDC/default (is service started? Number of threads started in the threadpool: 2. Are binder threads started and available?)
12-14 07:55:21.163   983  6443 W libc    : Unable to set property "ctl.interface_start" to "aidl/vendor.qti.qhcp.IQHDC/default": PROP_ERROR_HANDLE_CONTROL_MESSAGE (0x20)
12-14 07:55:21.163   983  6447 W libc    : Unable to set property "ctl.interface_start" to "aidl/vendor.qti.qhcp.IQHDC/default": PROP_ERROR_HANDLE_CONTROL_MESSAGE (0x20)
12-14 07:55:21.802  2510  7078 E AwareLog: HwMtmBroadcastResourceManager: iawareNeedSkipBroadcastSend param error!
12-14 07:55:21.804  2510  7078 I ActivityManager: App 10263/com.instagram.android on idle whitelist; not restricted in background
12-14 07:55:21.805  2510  2879 I ActivityManager: App 10263/com.instagram.android on idle whitelist; not restricted in background
