12-13 17:27:09.252  2510  2787 I InputManager:   Enabled: true
12-13 17:27:09.252  2510  2787 I InputManager:   Keyboard Type: alphabetic
12-13 17:27:09.252  2510  2787 I InputManager:   Has Vibrator: false
12-13 17:27:09.252  2510  2787 I InputManager:   Has Sensor: false
12-13 17:27:09.252  2510  2787 I InputManager:   Has battery: false
12-13 17:27:09.252  2510  2787 I InputManager:   Has mic: false
12-13 17:27:09.252  2510  2787 I InputManager:   Is Touch Keyboard: false
12-13 17:27:09.252  2510  2787 I InputManager:   Has app switch: false
12-13 17:27:09.252  2510  2787 I InputManager:   USI Version: null
12-13 17:27:09.252  2510  2787 I InputManager:   Sources: 0x301 ( keyboard dpad )
12-13 17:27:09.252  2510  6578 I HnAidlResponseHandler: acquiredInfo : 0 , vendorCode : 0
12-13 17:27:09.253  2510  6344 V Biometrics/AcquisitionClient: Acquired: 0 0, shouldSend: true
12-13 17:27:09.253  2510  2784 I HwActivityTaskSupervisorEx: handleVrDisplayChanged displayId = 0
12-13 17:27:09.253  2510  2784 W HwActivityTaskSupervisorEx: handleVrDisplayChanged other vr mode displayId: 0
12-13 17:27:09.253  2510  7080 I PowerManagerService: wakeLock.mDisabled:false, mDeviceIdleMode:false, mProcState:0
12-13 17:27:09.262  2510  7090 I AlarmManager: remove alarm reason:1 alarms:[Alarm{a5eb03e type 2 origWhen 2206651799 whenElapsed 2206651799 PendingIntent{37c8a3c: PendingIntentRecord{6af16f3 com.android.bluetooth broadcastIntent}} com.android.bluetooth procName com.android.bluetooth}]
12-13 17:27:09.268  2510  2952 D KernelCpuUidUserSysTimeReader: Removing uids 90000-90000
12-13 17:27:09.268  2510  2952 D KernelCpuUidUserSysTimeReader: Removing uids 90000-90000
12-13 17:27:09.269  2510  7090 I AlarmManager: remove alarm reason:1 alarms:[Alarm{5659ad8 type 2 origWhen 2206689623 whenElapsed 2206689623 PendingIntent{1f81e9f: PendingIntentRecord{6af16f3 com.android.bluetooth broadcastIntent}} com.android.bluetooth procName com.android.bluetooth}]
12-13 17:27:09.285  2510  2784 I WindowManager: UL_Power Finished screen turning on...
12-13 17:27:09.285  2510  3143 I DisplayPowerController[0]: Want screen on.
12-13 17:27:09.286  2510  3143 I HwNormalizedAutomaticBrightnessController: isLightSensorEnabled=falsemLightSensorEnabledfalse
12-13 17:27:09.286  2510  3143 I DisplayPowerController[0]: mAutomaticBrightnessController.configure start enter from there.brightnessState=NaN
12-13 17:27:09.286  2510  3143 I HwNormalizedRampAnimator: useHealthEyeAnimationTimeEnable=true
12-13 17:27:09.286  2510  3143 E HwNormalizedAutomaticBrightnessController: mDarkAdaptDetector is null, dark adapt may not enable
12-13 17:27:09.286  2510  3143 D HwNormalizedRampAnimator: darkAdaptDimmingMode: 0
12-13 17:27:09.286  2510  3143 I DisplayPowerController[0]: Animating brightness: target=0.0, rate=0.0, newTarget=-1.0, newSdrTarget=-1.0, newLocalTarget=-1.0, brightnessFloat255=0.0, AutoBrightnessEnable=false, mDisplayStatePolicy: 2
12-13 17:27:09.287  2510  3143 I BatteryStatsService: mLastBrightness equals brightness. value: 0
12-13 17:27:09.295  2510  3143 I HwNormalizedManualBrightnessThresholdDetector: fist sensor lux and filteredlux=112.0,time=2205489656
12-13 17:27:09.348  2510  4680 D HwPhoneWindowManager: notifyPowerKeyEventToHnAOD return: mAodSwitch is 0
12-13 17:27:09.348  2510  4961 D WindowManager: mPowerVolUpBehavior = 3
12-13 17:27:09.348  2510  4961 I WindowManager: VolumeUp and PowerDown(1) preCondition ScreenOn = false
12-13 17:27:09.348  2510  4961 I KeyCombinationManager: shouldInterceptKey : true
12-13 17:27:09.349  2510  4961 I KeyCombinationManager: keyCode:26 down:false interactive:false eventTime:942379099 count:0 mRules:[KEYCODE_VOLUME_DOWN + KEYCODE_POWER, KEYCODE_VOLUME_DOWN + KEYCODE_VOLUME_UP, KEYCODE_VOLUME_UP + KEYCODE_POWER] mDownTimes.size:0 mDownTimes:{}
12-13 17:27:09.349  2510  4961 D WindowManager: The very long press on power behavior is 1
12-13 17:27:09.349  2510  4961 I SingleKeyGesture: interceptKeyUp mActiveRule = KeyCode=KEYCODE_POWER, LongPress=true, VeryLongPress=true, MaxMultiPressCount=2  mHandledByLongPress = false
12-13 17:27:09.350  2510  4961 I SingleKeyGesture: Detect key press count : 1
12-13 17:27:09.350  2510  4961 I SingleKeyGesture: firstDownTime:942378968upEventTime:942379099msgDelayTime:169
12-13 17:27:09.424  2510  6347 I PowerManagerService: wakePowerGroupLocked: eventTime=942379176, groupId=0, reason=WAKE_REASON_POWER_BUTTON, uid=1000
12-13 17:27:09.424  2510  6347 D ZrHung.SysHungScreenOn: SysHungScreenOn start
12-13 17:27:09.425  2510  6347 I PowerGroup: Waking up power group from Awake (groupId=0, uid=1000, reason=WAKE_REASON_POWER_BUTTON, details=android.policy:POWER_FINGERPRINT)...
12-13 17:27:09.425  2510  6347 I PowerManagerService: Waking up from Awake (uid=1000, reason=WAKE_REASON_POWER_BUTTON, details=android.policy:POWER_FINGERPRINT)...
12-13 17:27:09.426  2510  2510 I WindowManager: UL_Power Started waking up... (groupId=0 why=ON_BECAUSE_OF_USER)
12-13 17:27:09.428  2510  6347 I PowerManagerService: Acquiring suspend blocker "PowerManagerService.Broadcasts".
12-13 17:27:09.429  2510  2784 I HwPhoneWindowManager: awaken dreams when waking up
12-13 17:27:09.429  2510  7084 I HwPowerManagerServiceEx: unregisterAlphaCallback type = 0
12-13 17:27:09.429  2510  7084 I HwPowerManagerServiceEx: not registered AlphaCallback
12-13 17:27:09.429  2510  4990 D InputMethodManagerService: IME window vis: 0 active: 0 inv: 0 displayId: 0
12-13 17:27:09.429  2510  4990 I InputMethodManagerService: handleSetInteractive:interactive=true,mIsAodExist=true
12-13 17:27:09.431  2510  3143 I DisplayPowerController[0]: Want screen on.
12-13 17:27:09.431  2510  3143 I HwNormalizedAutomaticBrightnessController: change powerWakeUpReason from65637to65537
12-13 17:27:09.432  2510  3143 I HwNormalizedAutomaticBrightnessController: isLightSensorEnabled=falsemLightSensorEnabledfalse
12-13 17:27:09.432  2510  3143 I DisplayPowerController[0]: mAutomaticBrightnessController.configure start enter from there.brightnessState=NaN
12-13 17:27:09.432  2510  3143 I HwNormalizedRampAnimator: useHealthEyeAnimationTimeEnable=true
12-13 17:27:09.432  2510  3143 E HwNormalizedAutomaticBrightnessController: mDarkAdaptDetector is null, dark adapt may not enable
12-13 17:27:09.432  2510  3143 D HwNormalizedRampAnimator: darkAdaptDimmingMode: 0
12-13 17:27:09.432  2510  3143 I DisplayPowerController[0]: Animating brightness: target=0.0, rate=0.0, newTarget=-1.0, newSdrTarget=-1.0, newLocalTarget=-1.0, brightnessFloat255=0.0, AutoBrightnessEnable=false, mDisplayStatePolicy: 2
12-13 17:27:09.432  2510  3143 I BatteryStatsService: mLastBrightness equals brightness. value: 0
12-13 17:27:09.432  2510  3143 I PowerManagerService: Face Dectect wakeUpInternal type:android.policy:POWER_FINGERPRINT#1000
12-13 17:27:09.432  2510  6347 I HwAodManagerService: configTpInApMode aodState:102
12-13 17:27:09.435  2510  2510 W ProcessStats: Tracking association SourceState{e2f3c21 com.hihonor.systemserver/1000 Persist #1947143} whose proc state 0 is better than process ProcessState{7f02fcb com.hihonor.nearby/1000 pkg=com.hihonor.nearby (sub)} proc state 4 (0 skipped)
12-13 17:27:09.436  2510  3143 I DisplayPowerController[0]: Want screen on.
12-13 17:27:09.436  2510  3143 I HwNormalizedAutomaticBrightnessController: isLightSensorEnabled=falsemLightSensorEnabledfalse
12-13 17:27:09.436  2510  3143 I DisplayPowerController[0]: mAutomaticBrightnessController.configure start enter from there.brightnessState=NaN
12-13 17:27:09.438  2510  3143 I HwNormalizedRampAnimator: useHealthEyeAnimationTimeEnable=true
12-13 17:27:09.445  2510  2787 V LocalDisplayAdapter: getDisplayDeviceInfoLocked called,720x1610, 720x1610displayCutout DisplayCutout{insets=Rect(0, 74 - 0, 0) waterfall=Insets{left=0, top=0, right=0, bottom=0} decoRect=null decoSafeInset=null boundingRect={Bounds=[Rect(0, 0 - 0, 0), Rect(336, 0 - 384, 74), Rect(0, 0 - 0, 0), Rect(0, 0 - 0, 0)]} cutoutPathParserInfo={CutoutPathParserInfo{displayWidth=720 displayHeight=1610 physicalDisplayWidth=720 physicalDisplayHeight=1610 density={2.0} cutoutSpec={M-24,0h48v74h-24z} rotation={0} scale={1.0} physicalPixelDisplaySizeRatio={1.0}}} sideOverrides={}}, roundedCorners RoundedCorners{[RoundedCorner{position=TopLeft, radius=64, center=Point(64, 64)}, RoundedCorner{position=TopRight, radius=64, center=Point(656, 64)}, RoundedCorner{position=BottomRight, radius=64, center=Point(656, 1546)}, RoundedCorner{position=BottomLeft, radius=64, center=Point(64, 1546)}]}
12-13 17:27:09.449  2510  7087 I LogicalDisplay: configureDisplayLocked mTempLayerStackRect=Rect(0, 0 - 720, 1610) mTempDisplayRect=Rect(0, 0 - 720, 1610) orientation = 0 mDisplayId=0
12-13 17:27:09.450  2510  3143 E HwNormalizedAutomaticBrightnessController: mDarkAdaptDetector is null, dark adapt may not enable
12-13 17:27:09.450  2510  3143 D HwNormalizedRampAnimator: darkAdaptDimmingMode: 0
12-13 17:27:09.450  2510  2784 E SystemGestures: The HwFoldScreenManagerInternal is null.
12-13 17:27:09.451  6493  6493 D FullScreenUtils: isNeedToHideStatusBar: splitscreenstate=0
12-13 17:27:09.451  2510  2784 I WindowManager: Win Window{8cdc227 u0 NotificationShade}, animationWallpaper=false, hasWallpaper=true, w.isOnScreen()=true, w.isDrawFinishedLw()=true
12-13 17:27:09.451  2510  2784 I WindowManager: New wallpaper target: Window{8cdc227 u0 NotificationShade} prevTarget: null
12-13 17:27:09.452  2510  3143 I HwNormalizedManualBrightnessController[0]: sdr brightness =54.31321
12-13 17:27:09.452  2510  3143 I DisplayPowerController[0]: Animating brightness: target=0.26624122, rate=0.0, newTarget=0.21299298, newSdrTarget=0.21299298, newLocalTarget=0.21299298, brightnessFloat255=54.31321, AutoBrightnessEnable=false, mDisplayStatePolicy: 2
12-13 17:27:09.452  2510  3143 I HwNormalizedRampAnimator: hbm_dimming target=2130 rate=0 duration=0.0
12-13 17:27:09.452  2510  3143 I HwNormalizedRampAnimator: hbm_dimming target=2130 rate=0 duration=0.0
12-13 17:27:09.452  2510  3143 I HwNormalizedRampAnimator: hbm_dimming target=2130 rate=0 duration=0.0
12-13 17:27:09.453  2510  2784 I HwActivityTaskSupervisorEx: handleVrDisplayChanged displayId = 0
12-13 17:27:09.453  2510  2784 W HwActivityTaskSupervisorEx: handleVrDisplayChanged other vr mode displayId: 0
12-13 17:27:09.455  2510  2510 I HwMultiDisplayManager: onDisplayChanged: 0
12-13 17:27:09.457  2510  3143 V DisplayPowerController[0]: Brightness [0.26624122] reason changing to: 'manual', previous reason: 'waiting_mode'.
12-13 17:27:09.457  2510  3143 I DisplayPowerController[0]: BrightnessEvent: disp=0, physDisp=local:4630946507567894145, displayState=ON, displayPolicy=BRIGHT, brt=0.26624122, initBrt=0.0, rcmdBrt=NaN, preBrt=NaN, lux=0.0, preLux=0.0, hbmMax=1.0, hbmMode=off, rbcStrength=50, thrmMax=1.0, powerFactor=1.0, wasShortTermModelActive=true, flags=, reason=manual, autoBrightness=false, strategy=InvalidBrightnessStrategy, autoBrightnessMode=default
12-13 17:27:09.457  2510  3143 I DisplayPowerController[0]: Want screen on.
12-13 17:27:09.457  2510  3143 I HwNormalizedAutomaticBrightnessController: isLightSensorEnabled=falsemLightSensorEnabledfalse
12-13 17:27:09.457  2510  6385 I DisplayPowerState: set screen turn on reason mScreenChangedReason: 65537
12-13 17:27:09.457  2510  6385 I TouchScreenWrapperAidl: hwSetFeatureConfig service:vendor.honor.hardware.tp.ITouchscreen$Stub$Proxy@5e6a575 key:4 value:65537
12-13 17:27:09.457  2510  3143 I DisplayPowerController[0]: mAutomaticBrightnessController.configure start enter from there.brightnessState=NaN
12-13 17:27:09.458  2510  3143 I HwNormalizedRampAnimator: useHealthEyeAnimationTimeEnable=true
12-13 17:27:09.459  2510  3143 E HwNormalizedAutomaticBrightnessController: mDarkAdaptDetector is null, dark adapt may not enable
12-13 17:27:09.459  2510  3143 D HwNormalizedRampAnimator: darkAdaptDimmingMode: 0
12-13 17:27:09.459  2510  3143 I HwNormalizedManualBrightnessController[0]: sdr brightness =54.31321
12-13 17:27:09.459  2510  3143 I DisplayPowerController[0]: Animating brightness: target=0.26624122, rate=0.7058824, newTarget=0.21299298, newSdrTarget=0.21299298, newLocalTarget=0.21299298, brightnessFloat255=54.31321, AutoBrightnessEnable=false, mDisplayStatePolicy: 2
12-13 17:27:09.459  2510  3143 I BatteryStatsService: mLastBrightness equals brightness. value: 68
12-13 17:27:09.459  2510  3143 I DisplayPowerController[0]: setReportedScreenState=2
12-13 17:27:09.459  2510  3143 I DisplayPowerController[0]: UL_Power screenTurnedOn: updatePowerState
12-13 17:27:09.459  2510  3143 I DeviceStateProviderImpl: enableDeviceStateSensors  enable = true  isRestoreHallSensors = true
12-13 17:27:09.459  2510  3143 I HwPhoneWindowManager: UL_Power screenTurnedOn
12-13 17:27:09.461  2510  3143 D BrightnessThermalClamper: Thermal status observer already started
12-13 17:27:09.461  2510  3143 D BrightnessPowerClamper: Power throttling data is missing for configuration data.
12-13 17:27:09.461  2510  2510 I AlarmManager: remove alarm reason:0 alarms:[Alarm{4453c6d type 3 origWhen 2205480361 whenElapsed 2205480361 android android procName system}]
12-13 17:27:09.462  2510  2510 I PowerManagerService: wakeLock.mDisabled:false, mDeviceIdleMode:false, mProcState:0
12-13 17:27:09.465  2510  7080 I PowerManagerService: wakeLock.mDisabled:false, mDeviceIdleMode:false, mProcState:0
12-13 17:27:09.466  2510  7091 I PowerManagerService: wakeLock.mDisabled:false, mDeviceIdleMode:false, mProcState:0
12-13 17:27:09.467  2510  7091 W ProcBatteryStats: timer is running , not start, name: com.android.phone, uid: 1001, tag: *telephony-radio*
12-13 17:27:09.468  2510  2510 I WindowManager: UL_PowerFinished waking up... (why=ON_BECAUSE_OF_USER)
12-13 17:27:09.469  2510  2510 I ActivityTaskManager: setExpandScreenTurningOn false
12-13 17:27:09.469  2510  6385 I TouchScreenWrapperAidl: hwSetFeatureConfig result:0
12-13 17:27:09.469  2510  6385 D HwPhoneWindowManager: finish hwSetFeatureConfig with result: 0 reasonString: 65537
12-13 17:27:09.469  2510  6385 I DisplayManagerService: state: 2, currentState: 2
12-13 17:27:09.469  2510  6385 D ZrHung.SysHungScreenOn: SysHungScreenOn stop
12-13 17:27:09.477  2510  7087 I PowerManagerService: wakeLock.mDisabled:false, mDeviceIdleMode:false, mProcState:0
12-13 17:27:09.480  6493  6605 D ShellSplitScreen: onFinishedWakingUp
12-13 17:27:09.483  2510  2510 I DE J DES: [effect] BroadcastReceiver.onReceive() action:android.intent.action.SCREEN_ON
12-13 17:27:09.483  2510  6331 I DE J DES: [effect] setScene(10, 16
12-13 17:27:09.486  2510  7090 W ProcBatteryStats: timer is not running , not stop, name: com.android.phone, uid: 1001, tag: *telephony-radio*
12-13 17:27:09.492  2510  2579 V ALSProbe: Enable ALS: 121043108
12-13 17:27:09.499  2510  2510 D HwGameAssistantController: isGameForeground? false
12-13 17:27:09.501  2510  2510 I SWAP_SCENE: Entering notifySceneData notifySceneData. EventType:SCREEN_ON para:
12-13 17:27:09.503  2510  6385 I DisplayDeviceConfig: hasSdrToHdrRatioSpline = false
12-13 17:27:09.504  2510  8271 D SWAP_GkiKernelInterface: set buffer success, buffer: 1300, low: 1250, high: 1350, reserve: 400
12-13 17:27:09.507  2510  4859 D HwActivityManagerServiceEx: getPackageNameForPid callingAppId: 1000
12-13 17:27:09.508  2510  4859 D HwActivityManagerServiceEx: notifyAppToTop pid:6493, enable:1
12-13 17:27:09.510  6493  6493 I RtgSchedEvent: current pid:6493 AppType:-1
12-13 17:27:09.513  2510  4859 E HwResolverManager: Could not found app: com.hihonor.pcassistant
12-13 17:27:09.515  2510  2510 I HwBatteryService: intent = Intent { act=android.intent.action.SCREEN_ON flg=0x50200010 }
12-13 17:27:09.519  2510  2784 I WindowManager: PowerKey onPress
12-13 17:27:09.519  2510  2784 I WindowManager: powerPress: eventTime=942378968 interactive=true count=1 beganFromNonInteractive=true mShortPressOnPowerBehavior=1
12-13 17:27:09.519  2510  2784 V WindowManager: Ignoring short press of power button because the device is not interactive. interactive=true, beganFromNonInteractive=true
12-13 17:27:09.519  2510  2510 I HnGestureActionListener: state change:android.intent.action.SCREEN_ON
12-13 17:27:09.524  2510  5004 I HwStorageManagerService: Receive broadcast is android.intent.action.SCREEN_ON
12-13 17:27:09.524  2510  5004 I FstrimServiceIdler: setScreenOntrue
12-13 17:27:09.524  2510  5004 I FstrimServiceIdler: begin to cancelFstrim !
12-13 17:27:09.535  2510  5004 I AlarmManager: remove alarm reason:0 alarms:[Alarm{e616a08 type 3 origWhen 2205481705 whenElapsed 2205481705 android android procName system}]
12-13 17:27:09.536  2510  5004 I JobScheduler.Time: realNextDelayExpiredElapsedMillis: 2205624903 mNextDelayExpiredElapsedMillis:2205624903
12-13 17:27:09.537  2510  4690 E ProcessInfoCollector: getProcessInfo: proc should not less than zero.
12-13 17:27:09.539  2510  7833 I PowerManagerService: wakeLock.mDisabled:false, mDeviceIdleMode:false, mProcState:0
12-13 17:27:09.543  2510  4690 I PowerManagerService: wakeLock.mDisabled:false, mDeviceIdleMode:false, mProcState:0
12-13 17:27:09.545  2510  6612 I PowerManagerService: wakeLock.mDisabled:false, mDeviceIdleMode:false, mProcState:0
12-13 17:27:09.545  2510  6612 W ProcBatteryStats: timer is running , not start, name: com.hihonor.android.chr, uid: 1000, tag: RilRequestManager
12-13 17:27:09.545  2510  7833 W ActivityManager: Receiver with filter android.content.IntentFilter@79d0d23 already registered for pid 6963, callerPackage is com.hihonor.systemmanager
12-13 17:27:09.548  2510  4690 I PowerManagerService: wakeLock.mDisabled:false, mDeviceIdleMode:false, mProcState:0
12-13 17:27:09.548  2510  4690 W ProcBatteryStats: timer is running , not start, name: com.google.android.apps.messaging, uid: 10153, tag: *job*/com.google.android.apps.messaging/.shared.datamodel.action.execution.ActionJobService
12-13 17:27:09.549  1111 20266 D vold    : idle maintenance stopped
12-13 17:27:09.550  2510  4690 E ProcessInfoCollector: getProcessInfo: failed to find this proc: 2510
12-13 17:27:09.552  2510  4690 V ActivityManager: startProcess: name=com.google.android.apps.messaging app=null knownToBeDead=true thread=null pid=-1 preloadStatus=-1
12-13 17:27:09.552  2510  2879 I NotificationService: pag com.google.android.apps.messaging dosen't have notification permission
12-13 17:27:09.558  2510  7078 W ProcBatteryStats: timer is not running , not stop, name: com.hihonor.android.chr, uid: 1000, tag: RilRequestManager
12-13 17:27:09.561  2510  4690 I AlarmManager: remove alarm reason:1 alarms:[Alarm{93ffdaa type 2 origWhen 2206996275 whenElapsed 2206996275 android android procName system}]
12-13 17:27:09.564  2510  6343 I MR2ServiceImpl: Updating composite discovery preference | preference: RouteDiscoveryRequest{ preferredFeatures={}, activeScan=false }, active routers: []
12-13 17:27:09.573  2510  2510 I EyeProtectionControllerImpl: onReceive intent action = android.intent.action.SCREEN_ON
12-13 17:27:09.590  2510  2880 I ActivityManager: Start proc 20269:com.google.android.apps.messaging/u0a153 for service {com.google.android.apps.messaging/com.google.android.apps.messaging.shared.datamodel.action.execution.ActionJobService}
12-13 17:27:09.591  2510  2880 I SWAP_SCENE: Entering notifySceneData notifySceneData. EventType:PROCESS_CREATE para:com.google.android.apps.messaging
12-13 17:27:09.591  2510  2880 I HwActivityManagerServiceEx: notifyProcessStatusChange::pkg:com.google.android.apps.messaging pid:20269 uid:10153
12-13 17:27:09.592  2510  8271 I SWAP_SCENE: Entering appColdCheck cold! appName:com.google.android.apps.messaging
12-13 17:27:09.593  2510  8271 I SWAP_GkiKernelInterface: mkdir for com.google.android.apps.messaging success
12-13 17:27:09.594  2510  8271 I SWAP_SCENE: Entering appColdCheck cold! Mkdir. appName:com.google.android.apps.messaging
12-13 17:27:09.594  2510  8271 I SWAP_GkiKernelInterface: addToProcs:com.google.android.apps.messaging pid:20269
12-13 17:27:09.616  2510  6270 I HwConnectivityExService: onCapabilitiesChanged: network is wifi
12-13 17:27:09.617 20269 20269 D ActivityThread: Attach thread to application
12-13 17:27:09.619  2510  7090 I AlarmManager: remove alarm reason:1 alarms:[Alarm{3026e45 type 3 origWhen 2206036380 whenElapsed 2206036380 PendingIntent{f681db: PendingIntentRecord{ee83478 com.google.android.gms/com.google.android.gms.scheduler broadcastIntent}} com.google.android.gms procName com.google.android.gms.persistent}]
12-13 17:27:09.627  2510  4709 W SettingsState: writeSingleSetting() get invalid item. version: 226, id: 139831, name: single_hand_switch
12-13 17:27:09.629  2510  7080 I PowerManagerService: wakeLock.mDisabled:false, mDeviceIdleMode:false, mProcState:5
12-13 17:27:09.632  2510  6270 I HwConnectivityExService: onCapabilitiesChanged: network is wifi
12-13 17:27:09.637  2510  4709 W SettingsState: writeSingleSetting() get invalid item. version: 226, id: 41869, name: notify_update_data_change
12-13 17:27:09.643 20269 20286 I ActivityThread: Init compatible state: true
12-13 17:27:09.660  2510  7833 E ProcessInfoCollector: getProcessInfo: failed to find this proc: 2510
12-13 17:27:09.663  2510  7833 I HnAidlResponseHandler: acquiredInfo : 6 , vendorCode : 1003
12-13 17:27:09.663  2510  6344 W FingerprintManager: Invalid acquired message: 6, 1003
12-13 17:27:09.663  2510  6344 V Biometrics/AcquisitionClient: Acquired: 6 1003, shouldSend: true
12-13 17:27:09.672  6493  6493 W FingerprintManager: Invalid acquired message: 6, 1003
12-13 17:27:09.785  2510  6612 I HnAidlResponseHandler: acquiredInfo : 6 , vendorCode : 1003
12-13 17:27:09.786  2510  6344 W FingerprintManager: Invalid acquired message: 6, 1003
12-13 17:27:09.786  2510  6344 V Biometrics/AcquisitionClient: Acquired: 6 1003, shouldSend: true
12-13 17:27:09.786  6493  6493 W FingerprintManager: Invalid acquired message: 6, 1003
12-13 17:27:09.787  2510  6612 I HnAidlResponseHandler: acquiredInfo : 6 , vendorCode : 1001
12-13 17:27:09.787  2510  6344 W FingerprintManager: Invalid acquired message: 6, 1001
12-13 17:27:09.787  2510  6344 V Biometrics/AcquisitionClient: Acquired: 6 1001, shouldSend: true
12-13 17:27:09.788  6493  6493 W FingerprintManager: Invalid acquired message: 6, 1001
12-13 17:27:09.902  2510  7833 D HwActivityManagerServiceEx: finishPreloaded callingPid 20269
12-13 17:27:09.902  2510  7833 D HwActivityManagerServiceEx: finishPreloaded preloadStatus: 0 app: ProcessRecord{c6bc895 20269:com.google.android.apps.messaging/u0a153} uidRec.isPreload: false
12-13 17:27:09.903 20269 20269 I ActivityThread: finishPreloaded preloadStatus 0
12-13 17:27:09.980  6493  7151 E ActivityThread: Failed to find provider info for com.hihonor.android.weather
12-13 17:27:09.981  6493  7151 E ActivityThread: Failed to find provider info for com.hihonor.android.weather
12-13 17:27:10.004  2510  2879 I NotificationService: pag com.google.android.apps.messaging dosen't have notification permission
12-13 17:27:10.007  2510  6612 I PowerManagerService: wakeLock.mDisabled:false, mDeviceIdleMode:false, mProcState:5
12-13 17:27:10.027  2510  6612 I PowerManagerService: wakeLock.mDisabled:false, mDeviceIdleMode:false, mProcState:5
12-13 17:27:10.029  2510  6612 I PowerManagerService: wakeLock.mDisabled:false, mDeviceIdleMode:false, mProcState:5
12-13 17:27:10.029  2510  6612 W ProcBatteryStats: timer is running , not start, name: com.google.android.apps.messaging, uid: 10153, tag: com.google.android.apps.messaging.shared.datamodel.action.SendReportAction
12-13 17:27:10.198  2510  7090 I PackageManager: setEnabledSetting pkg:com.google.android.apps.messaging, className:com.google.android.ims.binding.SystemBindingService, newState:1, flags:1, userId:0, CallingPid:20269, CallingUid:10153
12-13 17:27:10.218  2510  7833 I PackageManager: setEnabledSetting pkg:com.google.android.apps.messaging, className:com.google.android.apps.messaging.auto.MessagingTemplateScreenServiceModule, newState:1, flags:1, userId:0, CallingPid:20269, CallingUid:10153
12-13 17:27:10.220  2510  7833 I PowerManagerService: wakeLock.mDisabled:false, mDeviceIdleMode:false, mProcState:5
12-13 17:27:10.223  2510  2879 I NotificationService: pag com.google.android.apps.messaging dosen't have notification permission
12-13 17:27:10.224  2510  7090 I AlarmManager: remove alarm reason:0 alarms:[Alarm{aa2cfab type 2 origWhen 2206295466 whenElapsed 2206295466 android android procName system}]
12-13 17:27:10.225  2510  7090 I JobScheduler.Time: realNextJobExpiredElapsedMillis: 2205492580mNextJobExpiredElapsedMillis2205492580
12-13 17:27:10.226  2510  7090 I AlarmManager: remove alarm reason:0 alarms:[Alarm{bdab608 type 3 origWhen 2205624903 whenElapsed 2205624903 android android procName system}]
12-13 17:27:10.227  2510  7833 I HnAidlResponseHandler: acquiredInfo : 6 , vendorCode : 1002
12-13 17:27:10.227  2510  7833 W ContextImpl: Calling a method in the system process without a qualified user: android.app.ContextImpl.sendBroadcast:1380 com.hihonor.server.fingerprint.HwFingerprintService.addHighlightOnAcquired:1966 com.hihonor.server.fingerprint.FingerprintServiceEx$HnAidlResponseHandlerCallBack.onAcquired:550 com.hihonor.server.fingerprint.aidl.HnAidlResponseHandler.onAcquired:164 android.hardware.biometrics.fingerprint.ISessionCallback$Stub.onTransact:387 
12-13 17:27:10.227  2510  7090 I JobScheduler.Time: realNextDelayExpiredElapsedMillis: 2205491580 mNextDelayExpiredElapsedMillis:2205491580
12-13 17:27:10.229  2510  6612 W ProcBatteryStats: timer is not running , not stop, name: com.google.android.apps.messaging, uid: 10153, tag: *job*/com.google.android.apps.messaging/.shared.datamodel.action.execution.ActionJobService
12-13 17:27:10.230  2510  7084 I PowerManagerService: wakeLock.mDisabled:false, mDeviceIdleMode:false, mProcState:5
12-13 17:27:10.230  2510  6344 W FingerprintManager: Invalid acquired message: 6, 1002
12-13 17:27:10.230  2510  6344 V Biometrics/AcquisitionClient: Acquired: 6 1002, shouldSend: true
12-13 17:27:10.234  2510  6612 W JobScheduler: Job didn't exist in JobStore: e2b393e #u0a153/101 com.google.android.apps.messaging/.shared.datamodel.action.execution.ActionJobService
12-13 17:27:10.235  6493  6493 W FingerprintManager: Invalid acquired message: 6, 1002
12-13 17:27:10.237  2510  7833 W ProcBatteryStats: timer is not running , not stop, name: com.google.android.apps.messaging, uid: 10153, tag: com.google.android.apps.messaging.shared.datamodel.action.SendReportAction
12-13 17:27:10.279  2510  7090 I HnAidlResponseHandler: acquiredInfo : 0 , vendorCode : 0
12-13 17:27:10.280  2510  6344 V Biometrics/AcquisitionClient: Acquired: 0 0, shouldSend: true
12-13 17:27:10.335  2510  7090 I HnAidlResponseHandler: onAuthenticated: true, run delay time:0
12-13 17:27:10.338  2510  6344 W ContextImpl: Calling a method in the system process without a qualified user: android.app.ContextImpl.sendBroadcast:1380 com.hihonor.server.fingerprint.HwFingerprintService.onAuthenticatedEx:2896 com.hihonor.server.fingerprint.FingerprintServiceEx$HnFingerprintClientReceiver.onAuthenticated:1091 com.hihonor.server.fingerprint.aidl.HnFingerprintAuthClient.onAuthenticated:238 com.hihonor.server.fingerprint.aidl.HnFingerprintProvider.handleAuthenticated:509 
12-13 17:27:10.339  2510  6344 V BiometricLogger: Authentication latency: -1
12-13 17:27:10.340  2510  6344 W BiometricFrameworkStatsLogger: found a negative latency : -1
12-13 17:27:10.340  2510  6344 I Biometrics/AuthenticationClient: onAuthenticated(true), ID:-1373225199, Owner: com.android.systemui, isBP: false, listener: com.android.server.biometrics.sensors.ClientMonitorCallbackConverter@cad4c80, requireConfirmation: false, user: 0, clientMonitor: {[3801] com.hihonor.server.fingerprint.aidl.HnFingerprintAuthClient, proto=3, owner=com.android.systemui, cookie=0, requestId=2891, userId=0}
12-13 17:27:10.340  2510  6344 W Biometrics/AuthenticationClient: Allowing background authentication, this is allowed only for platform or test invocations
12-13 17:27:10.340  2510  6344 D BaseClientMonitor: marking operation as done: {[3801] com.hihonor.server.fingerprint.aidl.HnFingerprintAuthClient, proto=3, owner=com.android.systemui, cookie=0, requestId=2891, userId=0}
12-13 17:27:10.342  1247  7277 I keystore2: system/security/keystore2/src/authorization.rs:114 - add_auth_token(challenge=0, userId=3666055672403890098, authId=3538812500138890568, authType=0x2, timestamp=2205495643ms)
12-13 17:27:10.342  2510  6344 D Biometrics/AuthenticationClient: addAuthToken succeeded
12-13 17:27:10.342  2510  6344 I ClientMonitorCallbackConverter: FingerprintManager onAuthenticationSucceeded
12-13 17:27:10.342  2510  6344 D BiometricStateCallback: Client finished, state updated to 0, client {[3801] com.hihonor.server.fingerprint.aidl.HnFingerprintAuthClient, proto=3, owner=com.android.systemui, cookie=0, requestId=2891, userId=0}
12-13 17:27:10.342  6493  6530 I FingerprintManager: binder call and send onAuthenticationSucceeded msg
12-13 17:27:10.342  6493  6493 I FingerprintCallback: callback sendAuthenticatedSucceeded
12-13 17:27:10.344  2510  6344 D BiometricSchedulerOperation: [Finished / destroy]: {[3801] com.hihonor.server.fingerprint.aidl.HnFingerprintAuthClient, proto=3, owner=com.android.systemui, cookie=0, requestId=2891, userId=0}
12-13 17:27:10.347  2510  6344 V ALSProbe: Disable ALS: 121043108
12-13 17:27:10.347  2510  6344 I Biometrics/AuthenticationClient: authenticated should cancel result is true
12-13 17:27:10.349  2510  7084 I HnAidlResponseHandler: onError, client: HnFingerprintAuthClient, error: 5, vendorCode: 0
12-13 17:27:10.350  2510  6344 I HnFingerprintProvider/default: sendCommandToHalWithoutResult, commandId is 201
12-13 17:27:10.352  6493  6493 D FingerprintManager: Cancel fingerprint authentication requested for: 2891
12-13 17:27:10.353  2510  6612 I PowerManagerService: wakeLock.mDisabled:false, mDeviceIdleMode:false, mProcState:0
12-13 17:27:10.356  2510  2784 I TouchScreenWrapperAidl: hwTsRunCommand service:vendor.honor.hardware.tp.ITouchscreen$Stub$Proxy@3c61481 command:THP_InformStatusBarStatus parameter:android.uid.system:1000#0 callback:com.android.server.input.HwInputManagerServiceEx$$ExternalSyntheticLambda0@6d69a57 mCallback:com.android.server.input.tp.TouchScreenCallbackAidl@4121967
12-13 17:27:10.358  2510  7091 I ActivityManager: App 10047/com.hihonor.android.pushagent on idle whitelist; not restricted in background
12-13 17:27:10.359  2510  7087 W LockSettings: report WeakAuth from 10090
12-13 17:27:10.359  2510  2510 I LockSettings: handleRefreshStrongAuthTimeout
12-13 17:27:10.359  2510  2510 I LockSettings: handleRefreshStrongAuthTimeout alrm = com.android.server.locksettings.LockSettingsStrongAuth$StrongAuthTimeoutAlarmListener@1281474
12-13 17:27:10.359  2510  2510 I LockSettings: handleRefreshStrongAuthTimeout = 2185364851
12-13 17:27:10.359  2510  2510 I AlarmManager: remove alarm reason:1 alarms:[Alarm{2922b62 type 2 origWhen 2444564851 whenElapsed 2444564851 android android procName system}]
12-13 17:27:10.360  2510  2510 I LockSettings: rescheduleStrongAuthTimeoutAlarm alarm = com.android.server.locksettings.LockSettingsStrongAuth$StrongAuthTimeoutAlarmListener@1281474
12-13 17:27:10.360  2510  2510 I LockSettings: rescheduleStrongAuthTimeoutAlarm dpm.getRequiredStrongAuthTimeout = 259200000
12-13 17:27:10.360  2510  7090 I TransitionController: first create transition: TransitionRecord{14084f3 id=-1 type=TO_BACK flags=0x104}, caller: com.android.server.wm.KeyguardController.keyguardGoingAwayInner:401 com.android.server.wm.KeyguardController.keyguardGoingAway:363 com.android.server.wm.ActivityTaskManagerService.lambda$keyguardGoingAway$8:4299 com.android.server.wm.ActivityTaskManagerService.$r8$lambda$Zz-8IUNSjCt8DdVMNFBdKQQUdEE:0 com.android.server.wm.ActivityTaskManagerService$$ExternalSyntheticLambda17.accept:0 
12-13 17:27:10.360  2510  2510 I LockSettings: rescheduleStrongAuthTimeoutAlarm strongAuthTime = 2185364851
12-13 17:27:10.360  2510  2510 I LockSettings: rescheduleStrongAuthTimeoutAlarm nextAlarmTime = 2444564851
12-13 17:27:10.360  6493  6605 V WindowManagerShell: Transition requested (#15984): android.os.BinderProxy@d3daa1 TransitionRequestInfo { type = TO_BACK, triggerTask = null, pipTask = null, remoteTransition = null, displayChange = null, flags = 260, debugId = 15984, displayMode = 0, hnTransitionRequestInfoEx = HnTransitionRequestInfoEx { isAllowAsyncStartTransitionfalsemIsCrossAppLaunchfalse} }
12-13 17:27:10.361  6493  6605 I PopOverTransitionHandler: handleRequest
12-13 17:27:10.361  2510  2879 D ActivityManager: sync unfroze 15403 com.hihonor.android.pushagent for 3
12-13 17:27:10.362  2510  7090 D ActivityTaskManager: Top Process State changed to PROCESS_STATE_TOP
12-13 17:27:10.362  2510  7090 I WMTransition: ReadyTracker addGroup Display{#0 state=ON size=720x1610 ROTATION_0}
12-13 17:27:10.362  2510  2879 I ActivityManager: App 10047/com.hihonor.android.pushagent on idle whitelist; not restricted in background
12-13 17:27:10.362  2510  7090 I HwActivityTaskManagerServiceEx: handleFreeformBallForFocusChange
12-13 17:27:10.363  2510  2787 I UsageStatsService: reportEvent : component= ComponentInfo{com.resultmarketing.whatscard/com.resultmarketing.whatscard.MainActivity} eventType= 1
12-13 17:27:10.365  2510  7090 I ActivityTaskManager: task snapshot clear window but ForceRotateState is true!
12-13 17:27:10.365  2510  7090 I ActivityTaskManager: isSnapshotCompatible,snapshotSizeMatch: true ,taskSize.x: 720 ,taskSize.y: 1610 ,w: 720 ,h: 1610currentDisplay: 0 ,lastSnapshotDisplayMode: -1 ,SafeSideWidth: 0
12-13 17:27:10.365  2510  7090 D TaskOrganizerController: addStartingWindow contains googlepatch
12-13 17:27:10.366  2510  7090 I HwTaskEx: setSideAndNotchFlagForSnapshot layoutInDisplaySideMode=0
12-13 17:27:10.367  6647  6647 D ActivityThread: Won't deliver top position change in state=5
12-13 17:27:10.368  6493  6605 E HnFreeformController: mHnDesktopTasksController is null
12-13 17:27:10.368  6493  6605 I CaptionWindowDecorViewModel: onTaskInfoChanged taskId=5145
12-13 17:27:10.370  6493  6493 D FullScreenUtils: isNeedToHideStatusBar: splitscreenstate=0
12-13 17:27:10.373  6493  6605 I ShellStartingWindow: start add StartingWindow
12-13 17:27:10.376  2510  6612 E HWMW_HwMagicWindowManagerImpl: service has not been started
12-13 17:27:10.377  2510  6612 D HwWindowStateEx: construct win com.android.server.wm.HwWindowStateEx@759c4ba,comp ComponentInfo{com.resultmarketing.whatscard/com.resultmarketing.whatscard.MainActivity},mLayoutInCutoutLandscape false
12-13 17:27:10.381  2510  4690 E ProcessInfoCollector: getProcessInfo: proc should not less than zero.
12-13 17:27:10.381  2510  4690 I JobScheduler: isReadyToBeExecutedLocked, job is prohibit by iaware: JobStatus{402b0fc androidx.work.systemjobscheduler:u0a348/0 @androidx.work.systemjobscheduler@com.Slack/androidx.work.impl.background.systemjob.SystemJobService u=0 s=10348 TIME=-11d1h53m37s608ms:none READY}
12-13 17:27:10.382  2510  4690 E ProcessInfoCollector: getProcessInfo: proc should not less than zero.
12-13 17:27:10.382  2510  4690 I JobScheduler: isReadyToBeExecutedLocked, job is prohibit by iaware: JobStatus{8f439d1 #u0a299/785525713 free.vpn.unblock.proxy.vpn.master.pro/com.google.android.datatransport.runtime.scheduling.jobscheduling.JobInfoSchedulerService u=0 s=10299 TIME=-23d17h22m26s795ms:none NET READY}
12-13 17:27:10.382  6647  6647 I ActivityThread: Performing restart of ActivityRecord{e01a8d8 token=android.os.BinderProxy@dff704a {com.resultmarketing.whatscard/com.resultmarketing.whatscard.MainActivity}} start=false callers:android.app.servertransaction.TransactionExecutor.performLifecycleSequence:310 android.app.servertransaction.TransactionExecutor.cycleToPath:265 android.app.servertransaction.TransactionExecutor.executeLifecycleItem:237 android.app.servertransaction.TransactionExecutor.executeTransactionItems:122 android.app.servertransaction.TransactionExecutor.execute:90 android.app.ActivityThread$H.handleMessage:3342 android.os.Handler.dispatchMessage:118 android.os.Looper.loopOnce:237 android.os.Looper.loop:325 android.app.ActivityThread.main:10404 
12-13 17:27:10.382  2510  4690 E ProcessInfoCollector: getProcessInfo: proc should not less than zero.
12-13 17:27:10.383  2510  4690 I JobScheduler: isReadyToBeExecutedLocked, job is prohibit by iaware: JobStatus{f6a3b5b androidx.work.systemjobscheduler:u0a295/456 @androidx.work.systemjobscheduler@my.com.tngdigital.ewallet/androidx.work.impl.background.systemjob.SystemJobService u=0 s=10295 TIME=-4h12m43s497ms:none NET BATNOTLOW READY}
12-13 17:27:10.383 15403 15403 D ActivityThread: Package [com.resultmarketing.whatscard] reported as REPLACED, but missing application info. Assuming REMOVED.
12-13 17:27:10.383  2510  4690 E ProcessInfoCollector: getProcessInfo: proc should not less than zero.
12-13 17:27:10.383  2510  4690 I JobScheduler: isReadyToBeExecutedLocked, job is prohibit by iaware: JobStatus{5e4844a androidx.work.systemjobscheduler:u0a295/457 @androidx.work.systemjobscheduler@my.com.tngdigital.ewallet/androidx.work.impl.background.systemjob.SystemJobService u=0 s=10295 TIME=-6h35m14s353ms:none READY}
12-13 17:27:10.383  2510  4690 E ProcessInfoCollector: getProcessInfo: proc should not less than zero.
12-13 17:27:10.384  2510  4690 I JobScheduler: isReadyToBeExecutedLocked, job is prohibit by iaware: JobStatus{d8e2613 #u0a290/2050 com.taobao.taobao/com.taobao.accs.internal.AccsJobService u=0 s=10290 TIME=-2d22h57m0s648ms:-2d22h57m0s648ms NET READY}
12-13 17:27:10.385  2510  4690 E ProcessInfoCollector: getProcessInfo: proc should not less than zero.
12-13 17:27:10.385  2510  4690 I JobScheduler: isReadyToBeExecutedLocked, job is prohibit by iaware: JobStatus{9b284d6 androidx.work.systemjobscheduler:u0a282/2121 @androidx.work.systemjobscheduler@jp.pxv.android/androidx.work.impl.background.systemjob.SystemJobService u=0 s=10282 TIME=-17d6h49m17s443ms:none NET READY}
12-13 17:27:10.386  2510  4690 E ProcessInfoCollector: getProcessInfo: proc should not less than zero.
12-13 17:27:10.386  2510  4690 I JobScheduler: isReadyToBeExecutedLocked, job is prohibit by iaware: JobStatus{1c81cb5 #u0a282/-297456057 jp.pxv.android/com.google.android.datatransport.runtime.scheduling.jobscheduling.JobInfoSchedulerService u=0 s=10282 TIME=-17d9h47m26s665ms:none NET READY}
12-13 17:27:10.386  2510  4690 E ProcessInfoCollector: getProcessInfo: proc should not less than zero.
12-13 17:27:10.386  2510  4690 I JobScheduler: isReadyToBeExecutedLocked, job is prohibit by iaware: JobStatus{b642566 androidx.work.systemjobscheduler:u0a270/115 @androidx.work.systemjobscheduler@com.facebook.orca/androidx.work.impl.background.systemjob.SystemJobService u=0 s=10270 TIME=-1h58m18s357ms:none NET READY}
12-13 17:27:10.387  2510  4690 E ProcessInfoCollector: getProcessInfo: proc should not less than zero.
12-13 17:27:10.387  2510  4690 I JobScheduler: isReadyToBeExecutedLocked, job is prohibit by iaware: JobStatus{a2c3b54 #u0a270/2131430311 com.facebook.orca/com.facebook.analytics2.logger.legacy.uploader.LollipopUploadService u=0 s=10270 TIME=-3h33m26s121ms:-2h33m26s121ms NET READY}
12-13 17:27:10.388  2510  4690 E ProcessInfoCollector: getProcessInfo: proc should not less than zero.
12-13 17:27:10.388  2510  4690 I JobScheduler: isReadyToBeExecutedLocked, job is prohibit by iaware: JobStatus{79e1b5a #u0a270/2131430320 com.facebook.orca/com.facebook.push.registration.PushNegativeFeedbackLollipopService u=0 s=10270 TIME=-3h33m29s657ms:none NET READY}
12-13 17:27:10.388  2510  4690 E ProcessInfoCollector: getProcessInfo: proc should not less than zero.
12-13 17:27:10.389  2510  4690 I JobScheduler: isReadyToBeExecutedLocked, job is prohibit by iaware: JobStatus{660a805 #u0a270/2131430314 com.facebook.orca/com.facebook.conditionalworker.LollipopConditionalWorkerService u=0 s=10270 TIME=-3h33m40s299ms:none NET READY}
12-13 17:27:10.389  2510  4690 E ProcessInfoCollector: getProcessInfo: proc should not less than zero.
12-13 17:27:10.389  2510  4690 I JobScheduler: isReadyToBeExecutedLocked, job is prohibit by iaware: JobStatus{58b4d14 #u0a270/2131430324 com.facebook.orca/com.facebook.push.registration.FacebookPushServerFinishNotifiedLollipopService u=0 s=10270 TIME=-6h32m59s641ms:none NET READY}
12-13 17:27:10.390  2510  4690 E ProcessInfoCollector: getProcessInfo: proc should not less than zero.
12-13 17:27:10.390 15403 15403 D ActivityThread: Package [com.resultmarketing.whatscard] reported as REPLACED, but missing application info. Assuming REMOVED.
12-13 17:27:10.391  2510  6344 I HnFingerprintProvider/default: sendCommandToHalWithoutResult, commandId is 201, res is 0
12-13 17:27:10.391  2510  6344 D BiometricScheduler: [Finishing] {[3801] com.hihonor.server.fingerprint.aidl.HnFingerprintAuthClient, proto=3, owner=com.android.systemui, cookie=0, requestId=2891, userId=0}, success: true
12-13 17:27:10.391  2510  6344 D GestureAvailabilityTracker: Notifying gesture availability, active=true
12-13 17:27:10.392  2510  2791 I HnTransitionEx: reCalculateTransitionInfoForDesktopMode: isDesktopModeActiveTask setStartAbsBounds
12-13 17:27:10.392  2510  2791 I HnTransitionEx: reCalculateTransitionInfoForDesktopMode: isDesktopModeActiveTask setStartAbsBounds
12-13 17:27:10.392  2510  2791 D HwWindowManagerServiceEx: constructHnTransitionAnimationInfo wc size : 2
12-13 17:27:10.392  2510  2791 D HwWindowManagerServiceEx: constructHnTransitionAnimationInfo type: open activity : ActivityRecord{8c08e1 u0 com.resultmarketing.whatscard/.MainActivity t5145}, isSplitMode : false
12-13 17:27:10.392  2510  2791 D HwWindowManagerServiceEx: mIntelligentCardPosition = null
12-13 17:27:10.392  2510  2791 D HwMultiWindowManager: setParticialSplitScreenStatus: status=false, partialSplitTaskId=-1
12-13 17:27:10.393  2510  2783 V WindowManager: Sent Transition (#15984) createdAt=12-13 17:27:10.360 via request=TransitionRequestInfo { type = TO_BACK, triggerTask = null, pipTask = null, remoteTransition = null, displayChange = null, flags = 260, debugId = 15984, displayMode = 0, hnTransitionRequestInfoEx = HnTransitionRequestInfoEx { isAllowAsyncStartTransitionfalsemIsCrossAppLaunchfalse} }
12-13 17:27:10.393  2510  2783 V WindowManager:     startWCT=WindowContainerTransaction { changes = {} hops = [] hnProperties = {} errorCallbackToken=null taskFragmentOrganizer=null }
12-13 17:27:10.393  2510  2783 V WindowManager:     info={id=15984 t=TO_BACK f=0x104 trk=0 includeEmbeddedWindow=false isKeyGuardLocked=true r=[0@Point(0, 0)#false] c=[
12-13 17:27:10.393  2510  2783 V WindowManager:         {WCT{RemoteToken{1d422fd Task{668aaf4 #5145 type=standard A=10366:com.resultmarketing.whatscard}}} m=TO_FRONT f=NONE p=WCT{RemoteToken{caf096 DefaultTaskDisplayArea@217857413}} leash=Surface(name=Task=5145)/@0x6aa2bf2 sb=Rect(0, 0 - 720, 1610) eb=Rect(0, 0 - 720, 1610) d=0 taskParent=-1 mSkipAnimation=false taskId = 0},
12-13 17:27:10.393  2510  2783 V WindowManager:         {WCT{RemoteToken{caf096 DefaultTaskDisplayArea@217857413}} m=TO_FRONT f=NONE leash=Surface(name=DefaultTaskDisplayArea)/@0x6bf0004 sb=Rect(0, 0 - 720, 1610) eb=Rect(0, 0 - 720, 1610) d=0 mSkipAnimation=false taskId = 0}
12-13 17:27:10.393  2510  2783 V WindowManager:     ]}
12-13 17:27:10.394  2510  2791 I HwDisplayPolicyEx: setStickImmersiveMode isStickHideNav = true
12-13 17:27:10.394  6493  8272 V WindowManagerShell: onTransitionReady(transaction=10780368739703)
12-13 17:27:10.395  6493  6605 V WindowManagerShell: onTransitionReady android.os.BinderProxy@d3daa1: {id=15984 t=TO_BACK f=0x104 trk=0 includeEmbeddedWindow=false isKeyGuardLocked=true r=[0@Point(0, 0)#false] c=[{WCT{android.window.IWindowContainerToken$Stub$Proxy@fd7ae11} m=TO_FRONT f=NONE p=WCT{android.window.IWindowContainerToken$Stub$Proxy@8047b76} leash=Surface(name=Task=5145)/@0xdbb1eaa sb=Rect(0, 0 - 720, 1610) eb=Rect(0, 0 - 720, 1610) d=0 taskParent=-1 mSkipAnimation=false taskId = 0},{WCT{android.window.IWindowContainerToken$Stub$Proxy@acab577} m=TO_FRONT f=NONE leash=Surface(name=DefaultTaskDisplayArea)/@0xd800a9b sb=Rect(0, 0 - 720, 1610) eb=Rect(0, 0 - 720, 1610) d=0 mSkipAnimation=false taskId = 0}]}
12-13 17:27:10.395  6493  6605 I FreeformTaskTransitionObserver: onTransitionReady mode=3,taskId=5145
12-13 17:27:10.395  6493  6605 I CaptionWindowDecorViewModel: onTaskChanging taskId=5145
12-13 17:27:10.395  6493  6605 I CaptionWindowDecorViewModel: Prepare to update decoration for task : 5145
12-13 17:27:10.395  6493  6605 I CaptionWindowDecorViewModel: shouldn't show window decoration.
12-13 17:27:10.395  6493  6605 I ShellTransitions: Transition ready: (#15984) android.os.BinderProxy@d3daa1@0 abort? false and playing: null
12-13 17:27:10.395  6493  6605 I WindowManagerShell: Playing animation for (#15984) android.os.BinderProxy@d3daa1@0
12-13 17:27:10.395  6493  6605 V WindowManagerShell:  try handler com.android.wm.shell.hnmagicwindow.HnMagicWindowTransitionController@b74f26a
12-13 17:27:10.396  6493  6605 V WindowManagerShell:  try handler com.android.wm.shell.hnmultiwindow.MultiWindowTransitionHandler@aa3b35b
12-13 17:27:10.396  6493  6605 I MultiWindowTransitionHandler: shouldStartAnimation: false
12-13 17:27:10.396  6493  6605 V WindowManagerShell:  try handler com.android.wm.shell.transition.DefaultMixedHandler@bbb47f8
12-13 17:27:10.396  6493  6605 V WindowManagerShell:  try handler com.android.wm.shell.activityembedding.HnActivityEmbeddingController@7b64d1
12-13 17:27:10.396  6493  6605 V WindowManagerShell:  try handler com.android.wm.shell.keyguard.KeyguardTransitionHandler@7e7cb36
12-13 17:27:10.396  6493  6605 V WindowManagerShell: start keyguard going-away transition, info = {id=15984 t=TO_BACK f=0x104 trk=0 includeEmbeddedWindow=false isKeyGuardLocked=true r=[0@Point(0, 0)#false] c=[{WCT{android.window.IWindowContainerToken$Stub$Proxy@fd7ae11} m=TO_FRONT f=NONE p=WCT{android.window.IWindowContainerToken$Stub$Proxy@8047b76} leash=Surface(name=Task=5145)/@0xdbb1eaa sb=Rect(0, 0 - 720, 1610) eb=Rect(0, 0 - 720, 1610) d=0 taskParent=-1 mSkipAnimation=false taskId = 0},{WCT{android.window.IWindowContainerToken$Stub$Proxy@acab577} m=TO_FRONT f=NONE leash=Surface(name=DefaultTaskDisplayArea)/@0xd800a9b sb=Rect(0, 0 - 720, 1610) eb=Rect(0, 0 - 720, 1610) d=0 mSkipAnimation=false taskId = 0}]}
12-13 17:27:10.396  6493  6605 D KeyguardService: Starts IRemoteAnimationRunner: info={id=15984 t=TO_BACK f=0x104 trk=0 includeEmbeddedWindow=false isKeyGuardLocked=true r=[0@Point(0, 0)#false] c=[{WCT{android.window.IWindowContainerToken$Stub$Proxy@fd7ae11} m=TO_FRONT f=NONE p=WCT{android.window.IWindowContainerToken$Stub$Proxy@8047b76} leash=Surface(name=Task=5145)/@0xdbb1eaa sb=Rect(0, 0 - 720, 1610) eb=Rect(0, 0 - 720, 1610) d=0 taskParent=-1 mSkipAnimation=false taskId = 0},{WCT{android.window.IWindowContainerToken$Stub$Proxy@acab577} m=TO_FRONT f=NONE leash=Surface(name=DefaultTaskDisplayArea)/@0xd800a9b sb=Rect(0, 0 - 720, 1610) eb=Rect(0, 0 - 720, 1610) d=0 mSkipAnimation=false taskId = 0}]}
12-13 17:27:10.398  2510  6344 E AidlResponseHandler: Client monitor is not an instance of com.android.server.biometrics.sensors.ErrorConsumer
12-13 17:27:10.398  2510  6344 D BiometricScheduler: cancelAuthenticationOrDetection, requestId: 2891
12-13 17:27:10.398  2510  4690 I JobScheduler: isReadyToBeExecutedLocked, job is prohibit by iaware: JobStatus{4663d6f #u0a270/2131430318 com.facebook.orca/com.facebook.push.fcm.GetFcmTokenRegistrarLollipopService u=0 s=10270 TIME=-6h32m59s672ms:none NET READY}
12-13 17:27:10.398  6493  6605 I WindowManagerShell:  animated by com.android.wm.shell.keyguard.KeyguardTransitionHandler@7e7cb36
12-13 17:27:10.398  2510  4690 E ProcessInfoCollector: getProcessInfo: proc should not less than zero.
12-13 17:27:10.398  6493  6605 E HnFreeformController: mHnDesktopTasksController is null
12-13 17:27:10.398  6493  6605 I CaptionWindowDecorViewModel: onTaskInfoChanged taskId=5145
12-13 17:27:10.399  2510  4690 I JobScheduler: isReadyToBeExecutedLocked, job is prohibit by iaware: JobStatus{4179d87 #u0a270/-1743238118 com.facebook.orca/com.facebook.messaging.livelocation.bindings.MessengerLiveLocationBooterService u=0 s=10270 TIME=none:-6h33m29s887ms READY}
12-13 17:27:10.399  2510  6734 I StatusBarDisable: setFlags what=0 which=1 pkg=com.android.systemui
12-13 17:27:10.399  2510  4690 E ProcessInfoCollector: getProcessInfo: proc should not less than zero.
12-13 17:27:10.400  2510  6734 I StatusBarManagerService: gatherDisableActionsLocked userId=0 which: 1 mDisableRecords: []
12-13 17:27:10.400  2510  6734 I StatusBarManagerService: gatherDisableActionsLocked userId=0 which: 2 mDisableRecords: []
12-13 17:27:10.400  2510  4690 I JobScheduler: isReadyToBeExecutedLocked, job is prohibit by iaware: JobStatus{d59681 #u0a270/2131430322 com.facebook.orca/com.facebook.push.registration.FacebookPushServerFinishNotifiedLollipopService u=0 s=10270 TIME=-6h33m29s652ms:none NET READY}
12-13 17:27:10.400  2510  6734 I StatusBarDisable: disableLocked mBar.disable net1=0 net2=0 pkg=com.android.systemui what=0 displayId: 0
12-13 17:27:10.401  2510  4690 E ProcessInfoCollector: getProcessInfo: proc should not less than zero.
12-13 17:27:10.402  2510  4690 I JobScheduler: isReadyToBeExecutedLocked, job is prohibit by iaware: JobStatus{ad9f644 #u0a250/2081501016 com.cimb.cimbocto/com.google.android.datatransport.runtime.scheduling.jobscheduling.JobInfoSchedulerService u=0 s=10250 TIME=-4h36m37s867ms:none NET READY}
12-13 17:27:10.402  2510  4690 E ProcessInfoCollector: getProcessInfo: proc should not less than zero.
12-13 17:27:10.402  2510  4690 I JobScheduler: isReadyToBeExecutedLocked, job is prohibit by iaware: JobStatus{a66aa90 #u0a248/-2094387547 authenticator.two.factor.authentication.otp/com.google.android.datatransport.runtime.scheduling.jobscheduling.JobInfoSchedulerService u=0 s=10248 TIME=-2d6h6m48s624ms:none NET READY}
