12-13 23:14:11.132  3830 17079 D UseCaseAttachState: All use case: [] for camera: 0
12-13 23:14:11.132  2510  4690 E ProcessInfoCollector: getProcessInfo: failed to find this proc: 2510
12-13 23:14:11.132  3830  3830 I DecorView[]: set decor visibility 4
12-13 23:14:11.132  3830  3830 E RtgSchedManager: endActivityTransaction: margin state not match
12-13 23:14:11.133  3830 17079 D Camera2CameraImpl: {Camera@ee67a6c[id=0]} Resetting Capture Session
12-13 23:14:11.133  3830 17079 D Camera2CameraImpl: {Camera@ee67a6c[id=0]} Releasing session in state OPENED
12-13 23:14:11.133  3830 17079 D Camera2CameraControlImp: setActive: isActive = false
12-13 23:14:11.133  3830 17079 D UseCaseAttachState: Active and attached use case: [] for camera: 0
12-13 23:14:11.134  3830 17079 D UseCaseAttachState: Active and attached use case: [] for camera: 0
12-13 23:14:11.135  3830 17079 D VideoUsageControl: resetDirectly: mVideoUsage reset!
12-13 23:14:11.135  3830 17079 D Camera2CameraImpl: {Camera@ee67a6c[id=0]} Closing camera.
12-13 23:14:11.135  3830 17079 D Camera2CameraImpl: {Camera@ee67a6c[id=0]} Transitioning camera internal state: OPENED --> CLOSING
12-13 23:14:11.135  3830 17079 D CameraStateRegistry: Recalculating open cameras:
12-13 23:14:11.135  3830 17079 D CameraStateRegistry: Camera                                       State                 
12-13 23:14:11.135  3830 17079 D CameraStateRegistry: -------------------------------------------------------------------
12-13 23:14:11.135  3830 17079 D CameraStateRegistry: Camera@ef022b1[id=1]                         UNKNOWN               
12-13 23:14:11.135  3830 17079 D CameraStateRegistry: Camera@ee67a6c[id=0]                         CLOSING               
12-13 23:14:11.135  3830 17079 D CameraStateRegistry: -------------------------------------------------------------------
12-13 23:14:11.135  3830 17079 D CameraStateRegistry: Open count: 1 (Max allowed: 1)
12-13 23:14:11.136  3830 17079 D CameraStateMachine: New public camera state CameraState{type=CLOSING, error=null} from CLOSING and null
12-13 23:14:11.136  3830 17079 D CameraStateMachine: Publishing new public camera state CameraState{type=CLOSING, error=null}
12-13 23:14:11.136  3830 17079 D Camera2CameraImpl: {Camera@ee67a6c[id=0]} Resetting Capture Session
12-13 23:14:11.136  2510  4690 D ActivityManager: sync unfroze 19053 com.facebook.katana for 6
12-13 23:14:11.136  3830 17079 D Camera2CameraImpl: {Camera@ee67a6c[id=0]} Skipping Capture Session state check due to current camera state: CLOSING and previous session status: false
12-13 23:14:11.136  3830 17079 D Camera2CameraImpl: {Camera@ee67a6c[id=0]} Releasing session in state CLOSING
12-13 23:14:11.136  3830 17079 D Camera2CameraImpl: {Camera@ee67a6c[id=0]} closing camera
12-13 23:14:11.136  3830 17079 I CameraDevice-JV-0: close camera: 0, package name: com.resultmarketing.whatscard
12-13 23:14:11.137  2621  2665 D Camera2ClientBase: Camera 0: start to disconnect
12-13 23:14:11.137  2621  2665 D Camera2ClientBase: Camera 0: serializationLock acquired
12-13 23:14:11.137  2621  2665 I Camera2ClientBase: Camera 0: Shutting down
12-13 23:14:11.137  2621  2665 I CameraDeviceClient: Camera 0: Stopping processors
12-13 23:14:11.138  2510  4690 D ActivityManager: sync unfroze 21218 com.facebook.services:iab_sandboxed_process:com.facebook.oxygen.services.helium.trampoline.HeliumSandboxedService:0 for 6
12-13 23:14:11.141  2152 14116 I sensors-hal: handle_sns_std_sensor_event:150, ambient_light_event: ts=2226311476092137, lux = 75, raw_adc=125, raw_2=1542
12-13 23:14:11.142  2152 14115 I sensors-hal: ssc_conn_resp_cb:727, resp_value = 0
12-13 23:14:11.142  2359  2395 I aptouch_daemon: get_uevent, status is 0x0048c4
12-13 23:14:11.142  2359  2395 I aptouch_daemon: broadcast, UEVENT_SCREEN_OFF
12-13 23:14:11.142  2359  2394 I aptouch_daemon: operator(), add_uevent_callback thread
12-13 23:14:11.142  2359  2394 I aptouch_daemon: TagScreenOff, TAG_DAE_SCREEN_OFF
12-13 23:14:11.142  2359  2394 I aptouch_daemon: tsa_set_ctrlflag, set TSA_CTRL_SCREEN_OFF
12-13 23:14:11.142  2359  4966 I aptouch_daemon: operator(), add_uevent_callback thread
12-13 23:14:11.142  2359  2394 I aptouch_daemon: screen_off, thp_afe_screenoff wrapper ret=[0], state:THPAFE_WORKINGSCREENOFF
12-13 23:14:11.143  2510  2510 I HwMultiDisplayManager: onDisplayChanged: 0
12-13 23:14:11.143  1250  1265 E DMABUFHEAPS:  heap_name qcom,qseecom-ta DmabufAlloc size 4096 openTime 0 allocTime=22
12-13 23:14:11.143  1250  1265 D vendor.qti.hardware.qteeconnector@1.0-gp: prepareMemoryObjs param[3].memref.size=76, .memref.offset=0, memSize=76
12-13 23:14:11.143  2510  7090 I PowerManagerService: wakeLock.mDisabled:false, mDeviceIdleMode:false, mProcState:0
12-13 23:14:11.144  2510  2787 I InputManager: updateSharedDeviceIds add device:Input Device -1: Virtual
12-13 23:14:11.144  2510  2787 I InputManager:   Descriptor: a718a782d34bc767f4689c232d64d527998ea7fd
12-13 23:14:11.144  2510  2787 I InputManager:   Generation: 3
12-13 23:14:11.144  2510  2787 I InputManager:   Location: built-in
12-13 23:14:11.144  2510  2787 I InputManager:   Enabled: true
12-13 23:14:11.144  2510  2787 I InputManager:   Keyboard Type: alphabetic
12-13 23:14:11.144  2510  2787 I InputManager:   Has Vibrator: false
12-13 23:14:11.144  2510  2787 I InputManager:   Has Sensor: false
12-13 23:14:11.144  2510  2787 I InputManager:   Has battery: false
12-13 23:14:11.144  2510  2787 I InputManager:   Has mic: false
12-13 23:14:11.144  2510  2787 I InputManager:   Is Touch Keyboard: false
12-13 23:14:11.144  2510  2787 I InputManager:   Has app switch: false
12-13 23:14:11.144  2510  2787 I InputManager:   USI Version: null
12-13 23:14:11.144  2510  2787 I InputManager:   Sources: 0x301 ( keyboard dpad )
12-13 23:14:11.145  2510  2784 I WifiEnhanceMonitor: notifyUidStateChanged
12-13 23:14:11.146  2621  2665 I Camera3-Device: clear(), last frame number: -1.
12-13 23:14:11.147  2510  2784 I WifiEnhanceMonitor: notifyUidStateChanged
12-13 23:14:11.148  2278 17145 D AudioPolicyService: getUidState(99864) !cacheIter->second.first, return PROCESS_STATE_UNKNOWN
12-13 23:14:11.148  2278 20015 D AudioPolicyService: getUidState(10232) !cacheIter->second.first, return PROCESS_STATE_UNKNOWN
12-13 23:14:11.149 19053 19053 W fb4a.AppComponentFactory: Instantiating Service
12-13 23:14:11.149  2510  7833 I PowerManagerService: wakeLock.mDisabled:false, mDeviceIdleMode:false, mProcState:0
12-13 23:14:11.149  2621  2665 I AidlCamera3-Device: flush: E hal flush, cameraId: 0.
12-13 23:14:11.150  2510  7833 W ProcBatteryStats: timer is running , not start, name: com.android.phone, uid: 1001, tag: *telephony-radio*
12-13 23:14:11.150  2195  3452 I CamX    : [CORE_CFG][HAL    ] camxhal3.cpp:2384 flush() HalOp: Begin FLUSH: 0xb400006fce9a9030, logicalCameraId: 0, cameraId: 0
12-13 23:14:11.150  2195  3452 I CamX    : [CORE_CFG][HAL    ] camxhal3.cpp:2396 flush() HalOp: End FLUSH: 0xb400006fce9a9030 with result 0, logicalCameraId: 0, cameraId: 0
12-13 23:14:11.150  2621  2665 I AidlCamera3-Device: flush: X, cameraId: 0
12-13 23:14:11.150  2359  2359 E afehal  : Get frame in screen off mode!!
12-13 23:14:11.151  2359  2359 I aptouch_daemon: copy_frame, grid_data is nullptr
12-13 23:14:11.151  2621  2665 I Camera3-Device: disconnectImpl: E, cameraId: 0, 0xb40000718844dc70
12-13 23:14:11.151  2359  2359 I aptouch_daemon: thp_main_loop, skipbelow: normal/2.15.121/1.11.0/H189BH1200_P7931_V19
12-13 23:14:11.151  2359  2359 I aptouch_daemon: wait_for_resume, -	-	-	-	--->holding
12-13 23:14:11.151  2621  2665 I AidlCamera3-Device: close: E hal close, cameraId: 0.
12-13 23:14:11.152 26180 26180 I NearbyDiscovery: (REDACTED) FastPairDisplayObserver: %s -> %s
12-13 23:14:11.153  2195  3452 I CamX    : [CORE_CFG][HAL    ] camxhal3.cpp:1536 close() HalOp: Begin CLOSE, logicalCameraId: 0, cameraId: 0
12-13 23:14:11.153  2195  3452 I CamX    : [CORE_CFG][HAL    ] camxcslproxycustom.cpp:462 ReleaseAdvanceSensorInitProcess() Enter - Release advance sensor process resource, logicalCameraId(0)
12-13 23:14:11.153  2195  3452 I CamX    : [CORE_CFG][SENSOR ] camxsensorcustom.cpp:1497 ReleaseWriteSensorSettingsAsyncThread() Release Async thread info - E: cameraId: 0, AsyncThreadJobName: AsyncThreadJobCb_0, AsyncThreadHandle: 3758096384000, WriteSensorSettingsFinished: 1
12-13 23:14:11.153  2195  3452 I CamX    : [CORE_CFG][SENSOR ] camxsensorcustom.cpp:1512 ReleaseWriteSensorSettingsAsyncThread() Release Async thread info - X: cameraId: 0 with result CamxResultSuccess
12-13 23:14:11.153  2195  3452 I CamX    : [CORE_CFG][HAL    ] camxcslproxycustom.cpp:507 ReleaseAdvanceSensorInitProcess() Exit - result: CamxResultSuccess
12-13 23:14:11.154  2253  2253 E ANDR-PERF-TARGET: ANDR-PERF-TARGET: getPhysicalCluster() 60: Error: Invalid logical cluster id 2
12-13 23:14:11.154  2253  2253 E ANDR-PERF-REQUEST: ANDR-PERF-REQUEST: Process() 374: Translate to physical failed
12-13 23:14:11.154  2253  2253 E ANDR-PERF-TARGET: ANDR-PERF-TARGET: getPhysicalCluster() 60: Error: Invalid logical cluster id 2
12-13 23:14:11.154  2253  2253 E ANDR-PERF-REQUEST: ANDR-PERF-REQUEST: Process() 374: Translate to physical failed
12-13 23:14:11.156  2510  6734 I HwActivityTaskManagerServiceEx: notifySfVsync uniquePkg=com.resultmarketing.whatscard:10366 vsyncSwitch=true type=1 mBackGroundAppPkgSet.size=58
12-13 23:14:11.156  2510  2787 I UsageStatsService: reportEvent : component= ComponentInfo{com.resultmarketing.whatscard/com.resultmarketing.whatscard.MainActivity} eventType= 23
12-13 23:14:11.156  2286  2300 I SurfaceFlingerEx: setSpecialAppVsync pkgName:com.resultmarketing.whatscard:10366, frameRate:15, vsyncSwitch:1
12-13 23:14:11.156  2286  2300 I EventThread: setSpecialAppVsync vsyncSwitch:1, name:com.resultmarketing.whatscard, uid:10366
12-13 23:14:11.156 13076 13076 I Finsky  : [2] SCH: job service start with id 9767.
12-13 23:14:11.157  2510  6734 I SurfaceControl: nativeRelease 0xb400007daae69d90 count: 2 name: com.resultmarketing.whatscard/com.resultmarketing.whatscard.MainActivity#215755
12-13 23:14:11.158  2195  3452 I CamCfgDevManager: GetInstance: enter
12-13 23:14:11.158  2195  3452 I CamCfgDevManager: GetInstance: leva
12-13 23:14:11.158  2195  3452 I CamCfgDevManager: UnRegisterClient: enter
12-13 23:14:11.159  2195  3452 I CamCfgDevManager: UnRegisterClient: leav
12-13 23:14:11.159  2195  3452 I CamCfgDevManager: UnInit: enter
12-13 23:14:11.159  2195  3452 I CamCfgDevManager: UnInitInner: enter
12-13 23:14:11.159  2195  3452 I CamCfgDevManager: StopEventLoopThread: enter
12-13 23:14:11.159  2195 18971 D CamCfgDevManager: Run enter, result = -1
12-13 23:14:11.159  2195 18971 D CamCfgDevManager: Run: result: -1 exit Run
12-13 23:14:11.159  2195  3452 I CamCfgDevManager: StopEventLoopThread: leva
12-13 23:14:11.159  2195  3452 I CamCfgDevManager: UnInitInner: to close device, fd = 58
12-13 23:14:11.159  2195  3452 I CamCfgDevManager: UnInitInner: leva
12-13 23:14:11.161  2246  2406 I SDM     : ResourceImpl::SetMaxBandwidthMode: new bandwidth mode=0
12-13 23:14:11.162 26180  3818 I NearbyDiscovery: (REDACTED) PureOffloadFastPairScanner: eventType=%s, isInternalReq=%s, isScanning=%s, isScanningAllowed=%s
12-13 23:14:11.162  2621  6886 I CameraService: onUidStateChanged: packageName: com.google.android.googlequicksearchbox, uid: 10157, procState: 5
12-13 23:14:11.165  2195  3452 I CamX    : [CORE_CFG][HAL    ] camxcslproxycustom.cpp:780 CreateAsyncCloseProcess() Camera work on normal close() process, appName: com.resultmarketing.whatscard
12-13 23:14:11.165 17942 18053 I bt_shim_scanner: Scan: in shim layer stopped
12-13 23:14:11.165 17942 18017 I bluetooth: unregister_client: Client unregistered
12-13 23:14:11.165 17942 18053 I bt_shim_scanner: SetScanParameters: in shim layer, scannerId=1
12-13 23:14:11.165 17942 18053 I bt_shim_scanner: Scan: in shim layer started
12-13 23:14:11.165  2621  2665 I CameraProviderManager: Camera device device@1.1/vendor_qti/0 torch status is now AVAILABLE_OFF
12-13 23:14:11.166  2621  2665 I CameraService: onTorchStatusChangedLocked: Torch status changed for cameraId=0, newStatus=1
12-13 23:14:11.166 26180  3818 I NearbyDiscovery: (REDACTED) ApFastPairScanner: isScreenOn=%s, isLocationEnabled=%s, disableLocationRequirement=%s, isDiscoveryScanningEnabled=%s, during24GhzWifiWarmingUpPeriod=%s
12-13 23:14:11.166  2141  2141 D vendor.qti.bluetooth@1.0-ibs_handler: SerialClockVote: vote for UART CLK ON
12-13 23:14:11.166  2510  7081 I HwCameraUtil: hide aux camera for app: android
12-13 23:14:11.166 26180  3818 D BluetoothAdapter: isLeEnabled(): ON
12-13 23:14:11.166  2510  2510 I HwPhoneWindowManager: before setting IsTorchOn, cameraId: 0, enabled: falsecurrent mCameraId: 0
12-13 23:14:11.166  2510  2510 I HwPhoneWindowManager: onTorchModeChanged, set mIsTorchOn=false
12-13 23:14:11.166  6822 13263 I HwCameraUtil: package name: com.hihonor.systemserver
12-13 23:14:11.166 26180 11792 I NearbySharing: Screen is locked
12-13 23:14:11.166  6493  6521 I HwCameraUtil: hide aux camera for app: com.android.systemui
12-13 23:14:11.166 26180 11792 I NearbySharing: Stopping scanning because the screen is locked.
12-13 23:14:11.166 26180 11792 I NearbySharing: [NS_PROVIDER_API]: stopDiscovery called.
12-13 23:14:11.166  6963 14540 I HwCameraUtil: hide aux camera for app: com.hihonor.systemmanager
12-13 23:14:11.167 26180  3818 I NearbyDiscovery: (REDACTED) ApFastPairScanner: eventType=%s, intReq=%s, scanning=%s, scanAllowed=%s, bleEnabled=%s, lockScanRate=%s, startScanningByLowPowerMode=%s
12-13 23:14:11.167 16140 16154 I HwCameraUtil: hide aux camera for app: com.preff.kb.hr
12-13 23:14:11.167 24073 29979 I HwCameraUtil: hide aux camera for app: com.tencent.mm
12-13 23:14:11.168  6777  9928 I HwCameraUtil: hide aux camera for app: com.hihonor.android.hnaps
12-13 23:14:11.168  2510  6321 D HwConnectivityManagerImpl: display info changed, networkType is 13, overrideNetworkType is 0
12-13 23:14:11.168  6822  7307 I Booster_TelephonyMonitor: onDisplayInfoChanged[1]: OverrideNetworkType = 0, networkType = 13
12-13 23:14:11.168 23445 23484 I HwCameraUtil: hide aux camera for app: com.hihonor.android.launcher
12-13 23:14:11.168 18358 27917 I HwCameraUtil: hide aux camera for app: com.tencent.mm
12-13 23:14:11.168  6777  7481 I DeviceStateService: torch mode changed: false, id: 0
12-13 23:14:11.168  6493  7151 I HwDevicePolicyManagerImpl: isFlashLightDisabled: false
12-13 23:14:11.168 10225 20193 I HwCameraUtil: hide aux camera for app: com.google.android.googlequicksearchbox
12-13 23:14:11.168  2195  3452 I CamX    : [CORE_CFG][HAL    ] camxhaldevice.cpp:2336 CloseCachedSensorHandles() Releasing resources for Logical CameraID=0, PhysicalID=0
12-13 23:14:11.169  3830 17932 I HwCameraUtil: hide aux camera for app: com.resultmarketing.whatscard
12-13 23:14:11.170  2141  2141 D vendor.qti.bluetooth@1.0-wake_lock: Acquire wakelock is acquired 
12-13 23:14:11.170  2141  2141 I vendor.qti.bluetooth@1.0-ibs_handler: DeviceWakeUp: Writing IBS_WAKE_IND
12-13 23:14:11.171  6822  7589 I HnCollie_TelephonyMonitor: onDisplayInfoChanged[1]: OverrideNetworkType = 0, networkType = 13
12-13 23:14:11.172  6822  7310 I Booster_OllieObserver: notify registrants event: EVENT_SERVICE_STATE_CHANGED, new serviceState[1]: mDataRegState: 0; mDataNetworkType: 3; mVoiceRegState: 0; mVoiceNetworkType: 3
12-13 23:14:11.172  6822  7310 I IntelligentNetwork_CellRecorder: slot:1 , operatorNum50212 , update ServiceStateInner ServiceStateInner{operatorNum='50212', dataNetworkType=3, regState=0, voiceNetworkType=3, voiceRegState=0}
12-13 23:14:11.173  6822  7310 D IntelligentNetwork_StateTracker: service state changed for slot : 1 , state : mDataRegState: 0; mDataNetworkType: 3; mVoiceRegState: 0; mVoiceNetworkType: 3
12-13 23:14:11.173  6822  7310 I IntelligentNetwork_CellRecorder: updateCellRecorder, cellIdentity : CellIdentityLte:{ mPci=136 mEarfcn=9310 mBands=[28] mBandwidth=20000 mMcc=502 mMnc=152 mAlphaLong=YES 4G mAlphaShort=YES 4G mAdditionalPlmns={} mCsgInfo=null}
12-13 23:14:11.173  6822  7310 I IntelligentNetwork_CellRecorder: CellInfoInner update, slot: 1 , cellInfoInner : CellInfoInner{mcc='502', mnc='12', cid= 24682, rat=2, tac=5130, pci=136, arfcn=9310}
12-13 23:14:11.173  6822  7310 D AmbrNotifier: onDataNetworkTypeChanged slotId:1 dataReg:0
12-13 23:14:11.173  6822  7310 I NsaPowerConsumptionMonitor: Is network Nsa active listen
12-13 23:14:11.174  6822  7313 I Linkturbo_Monitor: notifyServiceStateChanged: slot:1
12-13 23:14:11.174  6822  7313 I SmartDualCardSM: setPSNetworkType slotId=1,networkType=NETWORK_TYPE_LTE
12-13 23:14:11.174  2141 18025 I vendor.qti.bluetooth@1.0-ibs_handler: ProcessIbsCmd: Received IBS_WAKE_ACK: 0xFC
12-13 23:14:11.174  2141 18025 I vendor.qti.bluetooth@1.0-ibs_handler: ProcessIbsCmd: Signal wack_cond_
12-13 23:14:11.175  2141  2141 D vendor.qti.bluetooth@1.0-ibs_handler: DeviceWakeUp: Unblocked from waiting for FC, pthread_cond_timedwait ret = 0
12-13 23:14:11.175 17942 18017 I bluetooth: stop_scan: Scanning already stopped, return!
12-13 23:14:11.175 17942 18017 I bluetooth: register_client: Client registered
12-13 23:14:11.175  6822  7308 I Booster_NetworkStateRecorder[1]: update service state: mDataRegState: 0; mDataNetworkType: 3; mVoiceRegState: 0; mVoiceNetworkType: 3
12-13 23:14:11.175  6822  7313 I SmartDualCardSM: isSlaveCardNetworkBad return true,mIsSignalStengthPoors =true,mNetworkType=-1,mDownlinkSpeedLimits=1048576,mDataRoaming=false
12-13 23:14:11.175  6822  7313 I SmartDualCardSM: IdleState:got msg.what=EVENT_NETWORK_TYPE_CHANGE
12-13 23:14:11.175  2141 18025 I vendor.qti.bluetooth@1.0-ibs_handler: ProcessIbsCmd: Received IBS_WAKE_IND: 0xFD
12-13 23:14:11.175  2141 18025 I vendor.qti.bluetooth@1.0-ibs_handler: ProcessIbsCmd: Writing IBS_WAKE_ACK
12-13 23:14:11.176 17942 18033 I gatt-ScanHelper: onScanParamSetupCompleted() - scannerId=1, status=0, pkgName=com.google.uid.shared:10045
12-13 23:14:11.176  6822  7308 I Booster_NetworkStateRecorder[1]: updateCellRecorder, cellIdentity : CellIdentityLte:{ mPci=136 mEarfcn=9310 mBands=[28] mBandwidth=20000 mMcc=502 mMnc=152 mAlphaLong=YES 4G mAlphaShort=YES 4G mAdditionalPlmns={} mCsgInfo=null}
12-13 23:14:11.176 26180  3818 I NearbyDiscovery: (REDACTED) ApFastPairScanner: Stopping scan, %s
12-13 23:14:11.176  6822  7315 I IntelligentNetwork_: for TopEscapeCellMatcher , result : false
12-13 23:14:11.176  6822  7315 I IntelligentNetwork_: for TopEscapeCellMatcher , result : false
12-13 23:14:11.176  6822  7315 I IntelligentNetwork_: for cell fence matcher , result : false
12-13 23:14:11.176  6822  7315 I IntelligentNetwork_: for cell fence matcher , result : false
12-13 23:14:11.176  6822  7308 I DataConnTrackerChr: pushDualReasonList: NETWORK_TYPE_CHANGE remark 
12-13 23:14:11.176  6822  7308 I NetworkQoeChr: enterQoeTraceReasonQueue ReasonInfo NETWORK_TYPE_CHANGE,remark 
12-13 23:14:11.176  6822  7308 D Booster_SelfCureManager: handleMessage: msg.what: 13
12-13 23:14:11.176  6822  7313 I SmartDualCardSM: boosterDump:prop=false SdcSwitchOn=false DataSwitchOn=true WifiConnect=true AirplaneOn=false ScreenOn=true VSimEnabled=false CallOn=false AppState=GENERAL_BACKGROUND HidataAppState=GENERAL_BACKGROUND defaultDataSlotId=1 default4GSlot=1 mForeAppRouteSlotId=1 DataOn=false M_MmsUtPdp=false S_MmsUtPdp=false userType=1 supportNetworkQoe=true GameBattleStatus=-1
12-13 23:14:11.177  6822  7313 I SmartDualCardSM: isSlaveCardNetworkBad return true,mIsSignalStengthPoors =true,mNetworkType=-1,mDownlinkSpeedLimits=1048576,mDataRoaming=false
12-13 23:14:11.177  6822  7591 I HnCollie_CollieObserver: notify registrants event: EVENT_SERVICE_STATE_CHANGED, new serviceState[1]: mDataRegState: 0; mDataNetworkType: 3; mVoiceRegState: 0; mVoiceNetworkType: 3
12-13 23:14:11.177  6822  7313 E SmartDualCardTrafficManager: getResidueTraffic failed, invalid subId=-1
12-13 23:14:11.177  6822  7308 D Booster_LinkCapEvaluation[1]: checkWeakSignalAndLowSnr,networkType:3 LteRsrp:-100 LteRsrq:-20 LteSinr:-3
12-13 23:14:11.177  6822  7590 I HnCollie_CrsSwitchManager: handleMessage, event = EVENT_SERVICE_STATE_CHANGED
12-13 23:14:11.177  6822  7590 D HnCollie_CrsSwitchManager: DataRegState = 0,mDataRoaming = false
12-13 23:14:11.177  6822  7590 I HnCollie_CrsSwitchManager: hplmn = 50212,mOperator = CBN_SIM
12-13 23:14:11.177  6822  7590 I HnCollie_CrsSwitchManager: mDataRoaming = false,mCrsSwitch = false
12-13 23:14:11.177  6822  7590 I HnCollie_CollieActions: SetCrsSwitch for slotId: 1,Switch,0
12-13 23:14:11.177  6822  7590 I HnCollie_CollieHnCallAdapter: sendCallInfoRequest original msgId:2007 adapted msgId:39
12-13 23:14:11.177  6822  7313 D TransportToLinkCommunication: getLinkLayerVersion module = 0
12-13 23:14:11.177  6822 14176 I BoosterClient: getLinkLayerVersion linkLayerVersion = 2
12-13 23:14:11.178  6822  7313 D TransportLayerUtils: performQueryWithTimeout caller = getLinkLayerVersion, duration = 1, EXECUTOR  = java.util.concurrent.ThreadPoolExecutor@852d410[Running, pool size = 1, active threads = 0, queued tasks = 0, completed tasks = 26777]
12-13 23:14:11.178  6822  7313 D SmartDualCardSM: isSlaveLinkAbilityBetter judge invalid, cellular link layer version don't support
12-13 23:14:11.178  6822  7313 D TransportToLinkCommunication: getLinkLayerVersion module = 0
12-13 23:14:11.178  6822 14176 I BoosterClient: getLinkLayerVersion linkLayerVersion = 2
12-13 23:14:11.178  6822  7313 D TransportLayerUtils: performQueryWithTimeout caller = getLinkLayerVersion, duration = 0, EXECUTOR  = java.util.concurrent.ThreadPoolExecutor@852d410[Running, pool size = 1, active threads = 0, queued tasks = 0, completed tasks = 26778]
12-13 23:14:11.178  6822  7313 D SmartDualCardSM: isMasterLinkAbilityBetter judge invalid, cellular link layer version don't support
12-13 23:14:11.178  6822  7313 I SmartDualCardSM: boosterDump:SlaveActive=false SameOperator=false M_NetworkBad=false S_NetworkBad=true M_DLSpeedLimit=2008640 S_DLSpeedLimit=1048576 M_DataRoam=false S_DataRoam=false VPNMode=false isQosRequestActive=false TetherOn=false AppQoeSlow=false HidataAppQoeSlow=false GameExpBad=false DsdaState=false S_TrafficEnough=true M_NetworkStatus=4 S_NetworkStatus=1 QoeSlowReason=0 isInHighSpeedRail=false M_DataRegState=0 S_NDataRegState=1 isUidBindListEmpty=true M_DetectAppQoe=-1 AppRouteSlot=1 WifiProSwitchSlaveCard=false LinkTurboActive=false isSlaveLinkAbilityBetter=true isMasterLinkAbilityBetter=true
12-13 23:14:11.178  6822  7313 I SmartDualCardSM: isNeedMonitorAppQoe return false
12-13 23:14:11.178  6822  7313 I SmartDualCardSM: resetAppQoeState
12-13 23:14:11.179 26180 11792 I NearbySharing: NearbySharing Internal event SendManagerEnd
12-13 23:14:11.182 26180 11792 I NearbySharing: Scanning has stopped.
12-13 23:14:11.182 26180  3818 D BluetoothAdapter: isLeEnabled(): ON
12-13 23:14:11.183 26180 20389 I NearbySharing: [NS_DEBUG] DiscoveryController stopped.
12-13 23:14:11.183 26180 11792 I NearbySharing: Stopping Fast Init advertisement because we're not scanning in the foreground.
12-13 23:14:11.183 17942 25385 E PowerLogWrite: write new power event, from uid:1002,tag:182,msg:10045|26029|BLE_SCAN
12-13 23:14:11.184 17942 25385 I gatt-ScanHelper: stopScan() - queue size =5
12-13 23:14:11.185 26180 11792 I NearbySharing: Stopping advertising because no high power receive surface is registered and device is visible to HIDDEN.
12-13 23:14:11.185 26180 11792 I NearbySharing: Stopping FastInitiation scanning because the screen is locked.
12-13 23:14:11.185 17942 25385 E PowerLogWrite: write new power event, from uid:1002,tag:182,msg:10045|13332|BLE_SCAN
12-13 23:14:11.185 17942 18053 I bt_shim_scanner: ScanFilterParamSetup: in shim layer, clientIf=1
12-13 23:14:11.186  2510  7081 D HwNetworkManagementService: code == CODE_SET_CHR_REPORT_APP_LIST
12-13 23:14:11.186 17942 18053 I bt_shim_scanner: ScanFilterParamSetup: in shim layer, clientIf=1
12-13 23:14:11.187 17942 18053 I bt_shim_scanner: ScanFilterParamSetup: in shim layer, clientIf=1
12-13 23:14:11.187  2510  7840 W ProcBatteryStats: timer is not running , not stop, name: com.facebook.katana, uid: 10232, tag: *job*/com.facebook.katana/com.facebook.push.fcm.GetFcmTokenRegistrarLollipopService
12-13 23:14:11.187 17942 18053 I bt_shim_scanner: Scan: in shim layer stopped
12-13 23:14:11.187 26180 11792 I NotificationManager: com.google.android.gms: cancel(3)
12-13 23:14:11.187 17942 18053 I bt_shim_scanner: SetScanParameters: in shim layer, scannerId=6
12-13 23:14:11.187 17942 18053 I bt_shim_scanner: Scan: in shim layer started
12-13 23:14:11.188 17942 18017 I bluetooth: unregister_client: Client unregistered
12-13 23:14:11.188 17942 18017 I bluetooth: stop_scan: Scanning already stopped, return!
12-13 23:14:11.188 17942 18017 I bluetooth: register_client: Client registered
12-13 23:14:11.188 26180 11792 I NearbySharing: Fast Initiation Scanning has stopped
12-13 23:14:11.188 17942 18033 I gatt-ScanHelper: onScanParamSetupCompleted() - scannerId=6, status=0, pkgName=com.google.uid.shared:10045
12-13 23:14:11.189  2195  3452 I CamX    : [CORE_CFG][CSL    ] camxcslhw.cpp:1206 CSLReleaseDeviceHW() hCSL release success: 1901056, cslDeviceIndex 10 oishandle, hDevice 6291713 name:CSLHwImageSensor
12-13 23:14:11.189  2195  3452 I CamX    : [CORE_CFG][SENSOR ] camxsensornode.cpp:307 ReleaseOneSubDevice() Released CameraId=0 CSLSession=0x1d0200 refCount=0 SubdeviceType=0 subDevHandle=0x600101
12-13 23:14:11.189  2195  3452 I CamX    : [CORE_CFG][SENSOR ] camxsensornode.cpp:313 ReleaseOneSubDevice() CameraId=0 CSLClose(0x1d0200)
12-13 23:14:11.190  2195  3452 I CamX    : [CORE_CFG][HAL    ] camxhal3.cpp:1598 close() HalOp: End CLOSE, logicalCameraId: 0, cameraId: 0
12-13 23:14:11.190  2195  3452 I CamX    : [CORE_CFG][HAL    ] camxthermalmanager.cpp:183 UnregisterHALDevice() Unregistered pHALDevice=0xb400006fce9a9020 CameraId=0
12-13 23:14:11.190 26180 11792 I NearbySharing: Dismissing HUN as there's no device nearby.
12-13 23:14:11.190 17942 17981 I HnChrReportConnImpl: HnChrReportConnImpl getInstance.
12-13 23:14:11.190 17942 17981 I HnChrReportConnImpl: handleChrLogItemFlow, cause = 25000
12-13 23:14:11.190 17942 17981 I HnChrReportConnImpl: handleChrLogItemFlow, str = 25000,1765638851190,0,15,57061,com.google.android.gms,1
12-13 23:14:11.190  2510  2784 I WifiEnhanceMonitor: notifyUidStateChanged
12-13 23:14:11.190  2054  9478 E netd    : send_msg_to_kernel:send_msg_to_kernel failure. socket=-1
12-13 23:14:11.191  2278 17145 D AudioPolicyService: getUidState(99864) !cacheIter->second.first, return PROCESS_STATE_UNKNOWN
12-13 23:14:11.192  2510  7081 I HwNetworkManagementService: chr appuid set succeeded
12-13 23:14:11.192  2510  7081 I HwNetworkManagementService: android.os.ServiceSpecificException: Operation not permitted (code 1)
12-13 23:14:11.192  2510  7081 I HwNetworkManagementService: 	at android.os.Parcel.createExceptionOrNull(Parcel.java:3276)
12-13 23:14:11.192  2510  7081 I HwNetworkManagementService: 	at android.os.Parcel.createException(Parcel.java:3246)
12-13 23:14:11.192  2510  7081 I HwNetworkManagementService: 	at android.os.Parcel.readException(Parcel.java:3229)
12-13 23:14:11.192  2510  7081 I HwNetworkManagementService: 	at android.os.Parcel.readException(Parcel.java:3171)
12-13 23:14:11.192  2510  7081 I HwNetworkManagementService: 	at com.android.internal.net.IOemNetd$Stub$Proxy.setChrAppUid(IOemNetd.java:1273)
12-13 23:14:11.192  2510  7081 I HwNetworkManagementService: 	at com.android.server.net.HwNetworkManagementService.setChrReportUid(HwNetworkManagementService.java:2888)
12-13 23:14:11.192  2510  7081 I HwNetworkManagementService: 	at com.android.server.net.HwNetworkManagementService.onTransact(HwNetworkManagementService.java:1113)
12-13 23:14:11.192  2510  7081 I HwNetworkManagementService: 	at android.os.Binder.execTransactInternal(Binder.java:1539)
12-13 23:14:11.192  2510  7081 I HwNetworkManagementService: 	at android.os.Binder.execTransact(Binder.java:1476)
12-13 23:14:11.192  2510  2784 I WifiEnhanceMonitor: notifyUidStateChanged
12-13 23:14:11.192  2120  2236 I minksocket: MinkIPC MESSAGE: ( 2120:2236 ) MinkIPC_QRTR_Service:301 minkipc = 0xb400007cbfd190b0 sock = 18, client with node 1 port 4ccf went down
12-13 23:14:11.192  2278 17145 D AudioPolicyService: getUidState(10232) !cacheIter->second.first, return PROCESS_STATE_UNKNOWN
12-13 23:14:11.192 17942 25385 I bt_shim_scanner: Unregister: in shim layer, scannerId=1
12-13 23:14:11.193 17942 17981 I HnChrReportConnImpl: HnChrReportConnImpl notifyDataToChr.
12-13 23:14:11.194 26180 11792 I NotificationManager: com.google.android.gms: cancel(3)
12-13 23:14:11.194  6856  8878 E CHR_ChrProtocolTxtManager: [hasReachTxtLimitLineForMap]:/data/log/protocol/bt_flow_record.txt is not exist!
12-13 23:14:11.195  2120  2236 I minksocket: MinkIPC MESSAGE: ( 2120:2236 ) MinkIPC_QRTR_Service:301 minkipc = 0xb400007cbfd190b0 sock = 18, client with node 1 port 4cd4 went down
12-13 23:14:11.196  6777  7481 I PGServer: report state:8 event type:2 pid:0 uid:10045 pkg:BLE_SCAN to pid: 2510
12-13 23:14:11.196  6777  7481 I BluetoothState: inactive bluetooth uid: 10045, pid:26029, connId:-1, reason:BLE_SCAN
12-13 23:14:11.196  6777  7481 D BluetoothState: stop bt uid:10045 state:BLE_SCAN total(ms):38477167
12-13 23:14:11.197  2621  2665 I AidlCamera3-Device: close: X, cameraId: 0
12-13 23:14:11.197  3830 17266 I TRuntime.CctTransportBackend: Making request to: https://firebaselogging.googleapis.com/v0cc/log/batch?format=json_proto3
12-13 23:14:11.197  2621  2665 I Camera3-Device: disconnectImpl: X, cameraId: 0, 0xb40000718844dc70
12-13 23:14:11.198 26180 20394 I NearbyMediums: Found Fast Ble Advertisements :
12-13 23:14:11.198 26180 20394 I NearbyMediums: BleAdvertisement { version=2, socketVersion=2, isFast=true, serviceIdHash=null, data=[ 0x23 0x4a 0x49 0x54 0x4c 0x11 0x32 0xfd 0xd1 0x72 0xcb 0xa3 0x5c 0xbd 0x58 0xe2 0xc2 0x9d 0x25 0x5e 0x76 0x6e 0x41 ], deviceToken=[ 0x03 0xf2 ], rxAdvertisement=null } : 12 times.
12-13 23:14:11.198 26180 20394 I NearbyMediums: Total 12 fast advertisements from 1 unique advertisers.
12-13 23:14:11.198 26180 20394 I NearbyMediums: Current Tracked Scanning Clients are : {NearbyConnections.EnvironmentMonitor, NearbySharing}
12-13 23:14:11.198  2621  2665 I Camera2ClientBase: Camera 0: Detach complete
12-13 23:14:11.198  2621  2665 I CameraService: disconnect: mDisconnected: 0
12-13 23:14:11.198  2510  7081 I HwCameraServiceProxy: handleCameraState: cameraId: 0, newCameraState: 3, facing:0, clientName: com.resultmarketing.whatscard
12-13 23:14:11.198  2510  7081 I HwCameraServiceProxy: notifyCameraStateChangeForMediaAssistant cameraId 0, newCameraState 3, facing 0, isMediaAssitant :false, isVideocallAssitant false
12-13 23:14:11.198  2510  7081 I HwCameraServiceProxy: notifyCameraStateChangeForRotate begin cameraId 0, newCameraState 3, facing 0, clientName com.resultmarketing.whatscard
12-13 23:14:11.198  2510  7081 D ActivityTaskManager: notify camera state=3 for ActivityRecord{5934f33 u0 com.resultmarketing.whatscard/.MainActivity t5175}
12-13 23:14:11.198  2510  7081 I HwCameraServiceProxy: notifyCameraStateChangeForRotate end
12-13 23:14:11.198  2510  7081 I HwCameraServiceProxy: notifyCameraStateChangeForVibrator begin cameraId 0, newCameraState 3, facing 0
12-13 23:14:11.198  2510  7081 D HnVibratorManagerService: notifyVibrateOptions
12-13 23:14:11.198  2510  7081 I HwCameraServiceProxy: notifyCameraStateChangeForVibrator end
12-13 23:14:11.199  6822  7313 I UserCommStateMonitor: update camera map:{0=cameraState 3 isBackCamera true packageName com.resultmarketing.whatscard, 1=cameraState 3 isBackCamera false packageName com.hihonor.camera}
12-13 23:14:11.199  6822  7313 I UserSceneObserver: notify registrants event: 12
12-13 23:14:11.199  6822  7313 I Booster_VoipSceneJudger: update camera map:{}
12-13 23:14:11.201 13076 20390 I Finsky  : [66916] SCH: Satisfied jobs for 9767 are: 16-16161616
12-13 23:14:11.202  2621  2665 I CameraService: finishCameraOps: stopWatchingMode, package name = com.resultmarketing.whatscard, client UID = 10366
12-13 23:14:11.202 26180 26201 I NearbyConnections: Client 177324165 requested discovery to stop.
12-13 23:14:11.202  2621  2665 I CameraService: disconnect: Disconnected client for camera 0 for PID 3830
12-13 23:14:11.202  2621  2665 I HwCameraServiceEx: RemoveCameraIdIfExist(389): remove camera id:0 from conflict container.
12-13 23:14:11.202  2621  2665 I cameraserver: allowNfcPolling(62)
12-13 23:14:11.202  2621  2665 I CameraService: disconnect: NFC reopen, current client id:0
12-13 23:14:11.203  2621 20399 I cameraserver: allowNfcPollingImpl(26): E
12-13 23:14:11.203  2621  2665 D cameraserver: logFgsApiEnd: FGS Logger Transaction failed, -129
12-13 23:14:11.203  2621  2665 I Camera2ClientBase: Camera 0: Shut down complete
12-13 23:14:11.203  6777  7980 I CameraManager: cameraTmp is 0_com.hihonor.powergenie
12-13 23:14:11.203  2510  6321 D HwConnectivityManagerImpl: getNetworkPolicyFlag flagStr null
12-13 23:14:11.203  2621  2665 I HwCameraServiceEx: Enter ModifyImageCoreState().
12-13 23:14:11.203  2621  2665 I CameraService: getCameraCharacteristics cameraId and clientName: 0_com.hihonor.powergenie
12-13 23:14:11.203  2621  2665 I HwCameraServiceEx: splitcameraIdAndclientName cameraId: 0, clientName: com.hihonor.powergenie
12-13 23:14:11.203  6777  7481 I AppManager: handleVideoRecord, add: false, pid: , uid: 10366, type: 1
12-13 23:14:11.204  3830 17079 D UseCaseAttachState: Active and attached use case: [] for camera: 0
12-13 23:14:11.204  2621 20399 I cameraserver: allowNfcPollingImpl(49) open NFC!
12-13 23:14:11.205 13076 20386 I Finsky  : [66915] SCH: Job 16-16161616 starting
12-13 23:14:11.205 23198 23222 D NfcNci:HwCustNfcService: isIWareCalling Calling UID = 1047
12-13 23:14:11.205 23198 23222 I NfcNci:HwCustNfcService: enablePolling
12-13 23:14:11.205  3830 17070 D Camera2CameraImpl: {Camera@ee67a6c[id=0]} CameraDevice.onClosed()
12-13 23:14:11.205  3830 17070 D Camera2CameraImpl: {Camera@ee67a6c[id=0]} Transitioning camera internal state: CLOSING --> INITIALIZED
12-13 23:14:11.205  2621 20399 I cameraserver: allowNfcPollingImpl(56): X
12-13 23:14:11.205  3830 17070 D CameraStateRegistry: Recalculating open cameras:
12-13 23:14:11.205  3830 17070 D CameraStateRegistry: Camera                                       State                 
12-13 23:14:11.205  3830 17070 D CameraStateRegistry: -------------------------------------------------------------------
12-13 23:14:11.205  3830 17070 D CameraStateRegistry: Camera@ef022b1[id=1]                         UNKNOWN               
12-13 23:14:11.205  3830 17070 D CameraStateRegistry: Camera@ee67a6c[id=0]                         CLOSED                
12-13 23:14:11.205  3830 17070 D CameraStateRegistry: -------------------------------------------------------------------
12-13 23:14:11.205  3830 17070 D CameraStateRegistry: Open count: 0 (Max allowed: 1)
12-13 23:14:11.205 13076 13076 I Finsky  : [2] WM::SCH: Logging work start for 16-16161616
12-13 23:14:11.206  3830 17070 D CameraStateMachine: New public camera state CameraState{type=CLOSED, error=null} from CLOSED and null
12-13 23:14:11.206  3830 17070 D CameraStateMachine: Publishing new public camera state CameraState{type=CLOSED, error=null}
12-13 23:14:11.206  6822  6822 I CameraManager: cameraTmp is 0_com.hihonor.systemserver
12-13 23:14:11.207  2510  7090 I PowerManagerService: wakeLock.mDisabled:false, mDeviceIdleMode:false, mProcState:0
12-13 23:14:11.207  2621  2665 I HwCameraServiceEx: Enter ModifyImageCoreState().
12-13 23:14:11.207  2621  2665 I CameraService: getCameraCharacteristics cameraId and clientName: 0_com.hihonor.systemserver
12-13 23:14:11.207  2621  2665 I HwCameraServiceEx: splitcameraIdAndclientName cameraId: 0, clientName: com.hihonor.systemserver
12-13 23:14:11.208  1250  2600 E SmcInvoke_MinkDescriptor: mem obj with id :19 not found in list
12-13 23:14:11.208  6777  7980 I HwDevicePolicyManagerImpl: isFlashLightDisabled: false
12-13 23:14:11.208 23198 11122 E NfcNci:HwCustNfcService: applyRouting -1.1
12-13 23:14:11.209 26180 20392 I NearbyMediums: In ScanningCancellationFlag, service-id=NearbySharing is the last scanner to stop scanning. The flag has been cancelled.
12-13 23:14:11.210  2774  6472 D GPQTEEC : [QTEEC.cpp:592 __convertParamsOut] paramTypes[0]=3
12-13 23:14:11.210  2774  6472 D GPQTEEC : [QTEEC.cpp:594 __convertParamsOut] Type is output
12-13 23:14:11.210  2774  6472 D GPQTEEC : [QTEEC.cpp:592 __convertParamsOut] paramTypes[1]=0
12-13 23:14:11.210  2774  6472 D GPQTEEC : [QTEEC.cpp:592 __convertParamsOut] paramTypes[2]=0
12-13 23:14:11.210  2774  6472 D GPQTEEC : [QTEEC.cpp:592 __convertParamsOut] paramTypes[3]=f
12-13 23:14:11.210  2774  6472 D GPQTEEC : [QTEEC.cpp:594 __convertParamsOut] Type is output
12-13 23:14:11.210  2774  6472 D GPQTEEC : [QTEEC.cpp:605 __convertParamsOut] SizeIn/SizeOut = 76/76
12-13 23:14:11.210  2774  6472 D GPQTEEC : [QTEEC.cpp:621 __convertParamsOut] Copy back from qsmem->ion_sbuf @ 0x74d2564000 (76 bytes)
12-13 23:14:11.210  2774  6472 D GPQTEEC : [QTEEC.cpp:470 __RevertRegisteredMemToTempMem] Saved op buffer @ 0x722147a510, Temp op @ 0x722147a510
12-13 23:14:11.210  2774  6472 D GPQTEEC : [QTEEC.cpp:382 TEEC_QTEE_ReleaseSharedMemory] Releasing qsmem buffer @ 0x74d2564000
12-13 23:14:11.210  2774  6472 D GPQTEEC : [QTEEC.cpp:131 __SharedMem_Free] munmap(0x74d2564000, 76)
12-13 23:14:11.210  2774  6472 D GPQTEEC : [QTEEC.cpp:479 __RevertRegisteredMemToTempMem] Returned op->params[i].tmpref.size 76
12-13 23:14:11.210  2774  6472 D GPQTEEC : [QTEEC.cpp:481 __RevertRegisteredMemToTempMem] Restored op buffer @ 0x722147a510
12-13 23:14:11.210  2774  6472 D GPQTEEC : [QTEEC.cpp:47 dumpHex] Operation OUT (112 bytes @ 0x0x722147a5d0)
12-13 23:14:11.210  2774  6472 D GPQTEEC : [QTEEC.cpp:54 dumpHex] 01 00 00 00 03 70 00 00 00 00 00 00 00 00 00 00 
12-13 23:14:11.210  2774  6472 D GPQTEEC : [QTEEC.cpp:54 dumpHex] 00 00 00 00 00 00 00 00 00 00 00 00 00 00 00 00 
12-13 23:14:11.210  2774  6472 D GPQTEEC : [QTEEC.cpp:54 dumpHex] 00 00 00 00 00 00 00 00 00 00 00 00 00 00 00 00 
12-13 23:14:11.210  2774  6472 D GPQTEEC : [QTEEC.cpp:54 dumpHex] 00 00 00 00 00 00 00 00 00 00 00 00 00 00 00 00 
12-13 23:14:11.210  2774  6472 D GPQTEEC : [QTEEC.cpp:54 dumpHex] 00 00 00 00 00 00 00 00 00 00 00 00 00 00 00 00 
12-13 23:14:11.210  2774  6472 D GPQTEEC : [QTEEC.cpp:54 dumpHex] 10 A5 47 21 72 00 00 00 4C 00 00 00 00 00 00 00 
12-13 23:14:11.210  2774  6472 D GPQTEEC : [QTEEC.cpp:54 dumpHex] 00 00 00 00 00 00 00 00 A0 DD B4 67 73 00 00 B4 
12-13 23:14:11.210  2774  6472 D fpc_tac : HAL Invokecommand = 78 out, result = 0, retry_times = 1
12-13 23:14:11.210  2774  6472 I fpc_fingerprint_hal: wait_finger_down, took 164 ms
12-13 23:14:11.210  2774  6472 I FingerprintDevice: onAcquired(7), vendorCode(1003)
12-13 23:14:11.210  2510  7834 W HnAidlResponseHandler: onAcquired, should abandon FingerUp action
12-13 23:14:11.210  2510  7834 I HnAidlResponseHandler: acquiredInfo : 6 , vendorCode : 1003
12-13 23:14:11.210  2510  7834 I HwFingerprintService: clientAcquireInfo = 2003
12-13 23:14:11.210  2510  7834 I HwFingerprintService: setKeyguardAuthenStatusForce set status = false
12-13 23:14:11.210  2774  6472 D fpc_tac : HAL Invokecommand = 18
12-13 23:14:11.210  2774  6472 D GPQTEEC : [QTEEC.cpp:47 dumpHex] Operation IN (112 bytes @ 0x0x722147a830)
12-13 23:14:11.210  2774  6472 D GPQTEEC : [QTEEC.cpp:54 dumpHex] 01 00 00 00 03 70 00 00 00 00 00 00 09 00 00 00 
12-13 23:14:11.210  2774  6472 D GPQTEEC : [QTEEC.cpp:54 dumpHex] 00 00 00 00 00 00 00 00 00 00 00 00 00 00 00 00 
12-13 23:14:11.210  2774  6472 D GPQTEEC : [QTEEC.cpp:54 dumpHex] 00 00 00 00 00 00 00 00 00 00 00 00 00 00 00 00 
12-13 23:14:11.210  2774  6472 D GPQTEEC : [QTEEC.cpp:54 dumpHex] 00 00 00 00 00 00 00 00 00 00 00 00 00 00 00 00 
12-13 23:14:11.210  2774  6472 D GPQTEEC : [QTEEC.cpp:54 dumpHex] 00 00 00 00 00 00 00 00 00 00 00 00 00 00 00 00 
12-13 23:14:11.210  2774  6472 D GPQTEEC : [QTEEC.cpp:54 dumpHex] 70 A7 47 21 72 00 00 00 4C 00 00 00 00 00 00 00 
12-13 23:14:11.210  2774  6472 D GPQTEEC : [QTEEC.cpp:54 dumpHex] 00 00 00 00 00 00 00 00 00 00 00 00 00 00 00 00 
12-13 23:14:11.210  2774  6472 D GPQTEEC : [QTEEC.cpp:425 __ConvertTempMemToRegisteredMem] Saved op tmpref.buffer = 0x722147a770, Op memref.parent->buffer = 0x722147a770 (76 bytes)
12-13 23:14:11.211  2774  6472 D GPQTEEC : [QTEEC.cpp:111 __SharedMem_Alloc] mmap(0x74d2564000, 76)
12-13 23:14:11.211  2774  6472 D GPQTEEC : [QTEEC.cpp:230 TEEC_QTEE_RegisterSharedMemory] qsmem buffer allocated @ 0x74d2564000 76 bytes, registered buffer @ 0x722147a770
12-13 23:14:11.211  2774  6472 D GPQTEEC : [QTEEC.cpp:444 __ConvertTempMemToRegisteredMem] Temp op buffer set @ 0x722147a770
12-13 23:14:11.211  2774  6472 D GPQTEEC : [QTEEC.cpp:1182 TEEC_QTEE_InvokeCommand] Operation is not NULL
12-13 23:14:11.211  2774  6472 D GPQTEEC : [QTEEC.cpp:47 dumpHex] param[] (16 bytes @ 0x0x722147a6ac)
12-13 23:14:11.211  2774  6472 D GPQTEEC : [QTEEC.cpp:54 dumpHex] 00 00 00 00 09 00 00 00 00 00 00 00 00 00 00 00 
12-13 23:14:11.211  2774  6472 D GPQTEEC : [QTEEC.cpp:47 dumpHex] param[] (16 bytes @ 0x0x722147a6bc)
12-13 23:14:11.211  2774  6472 D GPQTEEC : [QTEEC.cpp:54 dumpHex] 00 00 00 00 00 00 00 00 00 00 00 00 00 00 00 00 
12-13 23:14:11.211  2774  6472 D GPQTEEC : [QTEEC.cpp:47 dumpHex] param[] (16 bytes @ 0x0x722147a6cc)
12-13 23:14:11.211  2774  6472 D GPQTEEC : [QTEEC.cpp:54 dumpHex] 00 00 00 00 00 00 00 00 00 00 00 00 00 00 00 00 
12-13 23:14:11.211  2774  6472 D GPQTEEC : [QTEEC.cpp:514 __convertParamsIn] param[3] size=76, offset=0
12-13 23:14:11.211  2774  6472 D GPQTEEC : [QTEEC.cpp:524 __convertParamsIn] Real backed buffer (76 bytes)
12-13 23:14:11.211  2774  6472 D GPQTEEC : [QTEEC.cpp:529 __convertParamsIn] Copy into qsmem->ashmem_buffer @ 0x74d2564000 (76 bytes)
12-13 23:14:11.211  2774  6472 D GPQTEEC : [QTEEC.cpp:47 dumpHex] param[] (16 bytes @ 0x0x722147a6dc)
12-13 23:14:11.211  2774  6472 D GPQTEEC : [QTEEC.cpp:54 dumpHex] FF FF FF FF 00 00 00 00 4C 00 00 00 00 00 00 00 
12-13 23:14:11.211  2774  6472 D GPQTEEC : [QTEEC.cpp:1193 TEEC_QTEE_InvokeCommand] operation->paramTypes = 0x0000F003, req->param_types = 0x00007003
12-13 23:14:11.211  2510  6734 W ProcBatteryStats: timer is not running , not stop, name: com.android.phone, uid: 1001, tag: *telephony-radio*
12-13 23:14:11.211  1250  1265 I DMABUFHEAPS: Using DMA-BUF heap named: qcom,qseecom-ta
12-13 23:14:11.211 26180 11792 D BluetoothAdapter: isLeEnabled(): ON
12-13 23:14:11.213 17942 25385 I gatt-ScanHelper: stopScan() - queue size =4
12-13 23:14:11.213 17942 25385 E PowerLogWrite: write new power event, from uid:1002,tag:182,msg:10045|13332|BLE_SCAN
12-13 23:14:11.214 17942 18053 I bt_shim_scanner: ScanFilterParamSetup: in shim layer, clientIf=6
12-13 23:14:11.214  6822  6822 I HwDevicePolicyManagerImpl: isFlashLightDisabled: false
12-13 23:14:11.214  6822  6822 D Booster_DeviceMonitor: updateCameraState, cameraId: 0, isBackCamera: true, isCameraOn: false
12-13 23:14:11.214  6822  7310 I Booster_OllieObserver: notify registrants event: EVENT_CAMERA_STATE_CHANGED
12-13 23:14:11.214 17942 25385 I bt_shim_scanner: Unregister: in shim layer, scannerId=6
12-13 23:14:11.215 26180 20392 I NearbyMediums: Stopped BLE scanning, service-id=NearbySharing
12-13 23:14:11.215  2510  7078 I PowerManagerService: wakeLock.mDisabled:false, mDeviceIdleMode:false, mProcState:0
12-13 23:14:11.215 23198 11122 I libnfc_nci: isCePriorityEnabled :0
12-13 23:14:11.215 23198 11122 D libnfc_nci: storeLastDiscoveryParams: enter
12-13 23:14:11.215 23198 11122 D libnfc_nci: nfcManager_enableDiscovery: enter; tech_mask = 4f
12-13 23:14:11.215 23198 11122 D libnfc_nci: PowerSwitch::setLevel: level=PS-FULL (1)
12-13 23:14:11.215 23198 11122 D libnfc_nci: nativeNfcTag_acquireRfInterfaceMutexLock: try to acquire lock
12-13 23:14:11.215 23198 11122 D libnfc_nci: nativeNfcTag_acquireRfInterfaceMutexLock: sRfInterfaceMutex lock
12-13 23:14:11.215 17942 18053 I bt_shim_scanner: ScanFilterParamSetup: in shim layer, clientIf=6
12-13 23:14:11.215 23198 11122 D libnfc_nci: nativeNfcTag_acquireRfInterfaceMutexLock: try to acquire lock
12-13 23:14:11.215 23198 11122 D libnfc_nci: nativeNfcTag_acquireRfInterfaceMutexLock: sRfInterfaceMutex lock
12-13 23:14:11.215 23198 11122 D libnfc_nci: startRfDiscovery: is start=0
12-13 23:14:11.215 23198 11122 D libnfc_nci: NFA_StopRfDiscovery
12-13 23:14:11.216 23198 11122 D libnfc_nci: GKI_getbuf 0xb400007c84d35000 44:48
12-13 23:14:11.216 26180 20392 I NearbyMediums: Can't stop WiFi Aware subscribing because it was never started.
12-13 23:14:11.216 23198 11122 D libnfc_nci: startRfDiscovery: sNfaEnableDisablePollingEvent.wait begin
12-13 23:14:11.216 23198 19427 D libnfc_nci: NFA got event 0x010C
12-13 23:14:11.216 26180 20392 I NearbyMediums: NFC discovery successfully stopped.
12-13 23:14:11.216 23198 19427 D libnfc_nci: event: NFA_DM_API_STOP_RF_DISCOVERY_EVT (0x0c)
12-13 23:14:11.216 23198 19427 D libnfc_nci: nfa_dm_act_stop_rf_discovery
12-13 23:14:11.216 23198 19427 D libnfc_nci: deactivate_type:0x0
12-13 23:14:11.216 23198 19427 D libnfc_nci: state: DISCOVERY (1), event: DEACTIVATE_CMD(6) disc_flags: 0x2
12-13 23:14:11.216 23198 19427 D libnfc_nci: NFC_Deactivate 4 (IDLE) deactivate_type:0
12-13 23:14:11.216 23198 19427 D libnfc_nci: GKI_getbuf 0xb400007cf4ceda20 45:48
12-13 23:14:11.216 23198 19427 D libnfc_nci: nfc_ncif_send_cmd()
12-13 23:14:11.216 23198 19427 D libnfc_nci: check_and_store_last_cmd:
12-13 23:14:11.216 23198 19427 D NfcAdaptation: NfcAdaptation::HalWrite
12-13 23:14:11.217 26180 20392 I NearbyConnections: No longer listening to visibility changes for client 177324165
12-13 23:14:11.218 17942 18053 I bt_shim_scanner: ScanFilterParamSetup: in shim layer, clientIf=6
12-13 23:14:11.218  2165  2165 I android.hardware.nfc-service.nxp: Nfc::write
12-13 23:14:11.218  2165  2165 D NxpHal  : phNxpNciHal_write enter
12-13 23:14:11.218  2165  2165 D NxpHal  : phNxpNciHal_write_internal enter
12-13 23:14:11.218  2165  2165 D NxpHal  : phNxpNciHal_write_unlocked enter
12-13 23:14:11.218  2165  2165 D NxpTml  : phTmlNfc_Write wWriteStatus=0xd 
12-13 23:14:11.218  2165 19432 D NxpTml  : PN54X - Write requested.....
12-13 23:14:11.218  2165 19432 D NxpTml  : PN54X - Invoking I2C Write.....
12-13 23:14:11.218  2165 19432 D NxpTml  : gpphTmlNfc_Context->pDevHandle =0x6 
12-13 23:14:11.219  2510  2784 I WifiEnhanceMonitor: notifyUidStateChanged
12-13 23:14:11.220  2510  2784 I WifiEnhanceMonitor: notifyUidStateChanged
12-13 23:14:11.220  2278 17145 D AudioPolicyService: getUidState(99864) !cacheIter->second.first, return PROCESS_STATE_UNKNOWN
12-13 23:14:11.220  2278 20015 D AudioPolicyService: getUidState(10232) !cacheIter->second.first, return PROCESS_STATE_UNKNOWN
12-13 23:14:11.221 17942 18053 I bt_shim_scanner: Scan: in shim layer stopped
12-13 23:14:11.221 17942 18017 I bluetooth: unregister_client: Client unregistered
12-13 23:14:11.222 17942 18053 I bt_shim_scanner: SetScanParameters: in shim layer, scannerId=3
12-13 23:14:11.222 17942 18053 I bt_shim_scanner: Scan: in shim layer started
12-13 23:14:11.222 17942 18033 I gatt-ScanHelper: onScanParamSetupCompleted() - scannerId=3, status=0, pkgName=android.uid.system:1000
12-13 23:14:11.222 17942 18017 I bluetooth: stop_scan: Scanning already stopped, return!
12-13 23:14:11.222 17942 18017 I bluetooth: register_client: Client registered
12-13 23:14:11.222 17942 17981 I HnChrReportConnImpl: HnChrReportConnImpl getInstance.
12-13 23:14:11.223 17942 17981 I HnChrReportConnImpl: handleChrLogItemFlow, cause = 25000
12-13 23:14:11.223 17942 17981 I HnChrReportConnImpl: handleChrLogItemFlow, str = 25000,1765638851223,0,15,57061,com.google.android.gms,6
12-13 23:14:11.223 17942 17981 I HnChrReportConnImpl: HnChrReportConnImpl notifyDataToChr.
12-13 23:14:11.223 17942 17981 I HnChrReportConnImpl: HnChrReportConnImpl getInstance.
12-13 23:14:11.223 17942 17981 I HnChrReportConnImpl: handleChrLogItemFlow, cause = 25000
12-13 23:14:11.223 17942 17981 I HnChrReportConnImpl: handleChrLogItemFlow, str = 25000,1765638851223,0,15,57062,com.google.android.gms;6;94;1765638732189
12-13 23:14:11.224 17942 17981 I HnChrReportConnImpl: HnChrReportConnImpl notifyDataToChr.
12-13 23:14:11.226  6856  8878 E CHR_ChrProtocolTxtManager: [hasReachTxtLimitLineForMap]:/data/log/protocol/bt_flow_record.txt is not exist!
12-13 23:14:11.226  6856  8878 E CHR_ChrProtocolTxtManager: [hasReachTxtLimitLineForMap]:/data/log/protocol/bt_flow_record.txt is not exist!
12-13 23:14:11.226  2510  7834 I PowerManagerService: wakeLock.mDisabled:false, mDeviceIdleMode:false, mProcState:8
12-13 23:14:11.228  2165 19432 D NxpTml  : Write errno : 6b
12-13 23:14:11.228  2165 19432 D NxpTml  : PN54X - Error in I2C Write.....
12-13 23:14:11.228  2165 19432 D NxpTml  : PN54X - Posting Fresh Write message.....
12-13 23:14:11.228  2165 19432 D NxpTml  : PN54X - Tml Writer Thread Running................
12-13 23:14:11.228  2165 19434 D NxpHal  : write error status = 0x1ff
12-13 23:14:11.228  2165  2165 D NxpHal  : write_unlocked failed - PN54X Maybe in Standby Mode - Retry
12-13 23:14:11.232  1250  1265 E DMABUFHEAPS:  heap_name qcom,qseecom-ta DmabufAlloc size 4096 openTime 0 allocTime=21
12-13 23:14:11.232  1250  1265 D vendor.qti.hardware.qteeconnector@1.0-gp: prepareMemoryObjs param[3].memref.size=76, .memref.offset=0, memSize=76
12-13 23:14:11.238  2165  2165 D NxpTml  : phTmlNfc_Write wWriteStatus=0xd 
12-13 23:14:11.239  2165 19432 D NxpTml  : PN54X - Write requested.....
12-13 23:14:11.239  2165 19432 D NxpTml  : PN54X - Invoking I2C Write.....
12-13 23:14:11.239  2165 19432 D NxpTml  : gpphTmlNfc_Context->pDevHandle =0x6 
12-13 23:14:11.239  2165 19432 D NxpTml  : PN54X - I2C Write successful.....
