12-13 16:36:53.884 16140 16140 V InputMethodService: finishStylusHandwriting()
12-13 16:36:53.884 16140 16140 D InlineSuggestionSessionController: notifyOnStartInput: com.resultmarketing.whatscard, 0
12-13 16:36:53.889  2286  2286 I Layer   : ~Layer layername: Surface(name=1aa3798 StatusBar)/@0xdd6bf93 - animation-leash of insets_animation#213518 address = 0xb4000071b2ee4950
12-13 16:36:53.889  2286  2286 I SurfaceFlinger: [onLayerDestroyed] [Surface(name=1aa3798 StatusBar)/@0xdd6bf93 - animation-leash of insets_animation#213518] address:0xb4000071b2ee4950 has destroyed
12-13 16:36:53.889  2286  2286 I Layer   : ~Layer layername: Surface(name=533a248 NavigationBar0)/@0x5906af7 - animation-leash of insets_animation#213517 address = 0xb4000071b2f23170
12-13 16:36:53.889  2286  2286 I SurfaceFlinger: [onLayerDestroyed] [Surface(name=533a248 NavigationBar0)/@0x5906af7 - animation-leash of insets_animation#213517] address:0xb4000071b2f23170 has destroyed
12-13 16:36:53.970  2286  2424 I Scheduler: touchTimerCallback timer change to TimerState: Expired
12-13 16:36:53.974  2510  2791 I SurfaceControl: nativeRelease 0xb400007daad73f70 count: 3 name: Dim Layer for - Task=5140#213521
12-13 16:36:53.987  2510  8205 I SWAP_SCENE: resetZswapdCpuSet to 0-5, get pid of zswapd:8208
12-13 16:36:53.988  2510  8205 I system_server: SWAP_CPU: get cpu number = 8
12-13 16:36:53.988  2510  8205 I system_server: SWAP_CPU: set affinity to 0-5 success
12-13 16:36:54.002  2152 30998 I sensors-hal: handle_sns_std_sensor_event:150, ambient_light_event: ts=2202474361451071, lux = 71, raw_adc=394, raw_2=262
12-13 16:36:54.007  2510  2791 I WindowManager: removeLeash, the window position need update Window{40e9b52 u0 com.resultmarketing.whatscard/com.resultmarketing.whatscard.MainActivity EXITING}
12-13 16:36:54.007  2510  2791 I SurfaceControl: nativeRelease 0xb400007daad20ed0 count: 3 name: Surface(name=40e9b52 com.resultmarketing.whatscard/com.resultmarketing.whatscard.MainActivity)/@0xd4c0195 - animation-leash of window_animation#213522
12-13 16:36:54.008  2510  2791 I SurfaceControl: nativeRelease 0xb400007daad1b170 count: 3 name: com.resultmarketing.whatscard/com.resultmarketing.whatscard.MainActivity#213519
12-13 16:36:54.009  2510  2791 I SurfaceControl: nativeRelease 0xb400007daad2e370 count: 2 name: 40e9b52 com.resultmarketing.whatscard/com.resultmarketing.whatscard.MainActivity#213516
12-13 16:36:54.009  2510  2791 I WindowManager: setSurfaceControl null, caller = com.android.server.wm.WindowContainer.removeImmediately:946 com.android.server.wm.WindowState.removeImmediately:2983 com.android.server.wm.WindowState.destroySurface:4260 com.android.server.wm.WindowState.onExitAnimationDone:5980 com.android.server.wm.WindowStateAnimator.onAnimationFinished:255 com.android.server.wm.WindowState.onAnimationFinished:6277 com.android.server.wm.WindowContainer$$ExternalSyntheticLambda5.onAnimationFinished:0 com.android.server.wm.SurfaceAnimator.lambda$getFinishedCallback$0:167 com.android.server.wm.SurfaceAnimator.$r8$lambda$jpWLmdZ8WD7VMOkNht1QSuwzXVM:0 com.android.server.wm.SurfaceAnimator$$ExternalSyntheticLambda1.run:0 
12-13 16:36:54.039  2286  2286 I SurfaceFlinger: [com.resultmarketing.whatscard/com.resultmarketing.whatscard.MainActivity#213519] apply visible 0 transactionId 825223
12-13 16:36:54.045  2143  4070 W ServiceManagerCppClient: Waited one second for vendor.qti.qhcp.IQHDC/default (is service started? Number of threads started in the threadpool: 3. Are binder threads started and available?)
12-13 16:36:54.048   983 31450 W libc    : Unable to set property "ctl.interface_start" to "aidl/vendor.qti.qhcp.IQHDC/default": PROP_ERROR_HANDLE_CONTROL_MESSAGE (0x20)
12-13 16:36:54.051  9898  9898 W HiPush10.0.12.304: [PGManager ] Current is not within controlled state
12-13 16:36:54.057  2286  2286 I Layer   : ~Layer layername: 40e9b52 com.resultmarketing.whatscard/com.resultmarketing.whatscard.MainActivity#213516 address = 0xb4000071b2fa70d0
12-13 16:36:54.057  2286  2286 I SurfaceFlinger: [onLayerDestroyed] [40e9b52 com.resultmarketing.whatscard/com.resultmarketing.whatscard.MainActivity#213516] address:0xb4000071b2fa70d0 has destroyed
12-13 16:36:54.057  2286  2286 I Layer   : ~Layer layername: Dim Layer for - Task=5140#213521 address = 0xb4000071b2fe58f0
12-13 16:36:54.057  2286  2286 I SurfaceFlinger: [onLayerDestroyed] [Dim Layer for - Task=5140#213521] address:0xb4000071b2fe58f0 has destroyed
12-13 16:36:54.057  2286  2286 I Layer   : ~Layer layername: Surface(name=40e9b52 com.resultmarketing.whatscard/com.resultmarketing.whatscard.MainActivity)/@0xd4c0195 - animation-leash of window_animation#213522 address = 0xb4000071b2ff3730
12-13 16:36:54.057  2286  2286 I SurfaceFlinger: [onLayerDestroyed] [Surface(name=40e9b52 com.resultmarketing.whatscard/com.resultmarketing.whatscard.MainActivity)/@0xd4c0195 - animation-leash of window_animation#213522] address:0xb4000071b2ff3730 has destroyed
12-13 16:36:54.057  2286  2286 I Layer   : ~Layer layername: com.resultmarketing.whatscard/com.resultmarketing.whatscard.MainActivity#213519 address = 0xb4000071b3004d00
12-13 16:36:54.057  2286  2286 I SurfaceFlinger: [onLayerDestroyed] [com.resultmarketing.whatscard/com.resultmarketing.whatscard.MainActivity#213519] address:0xb4000071b3004d00 has destroyed
12-13 16:36:54.063 23707 23831 I AWARENESS_FenceManager: sendMsg a:BIND,package:brain,fence: AppRecoAssembler_PredictSolutionTrigger_DeviceStatusFence_SCREEN_ON_NONE
12-13 16:36:54.064 23707 23858 E AWARENESS_FenceManager: connected: false
12-13 16:36:54.064 23707 23858 E AWARENESS_FenceManager: triggerByMessager bindService action : com.hihonor.brain.action.BIND_AWARENESS_START, packageName : com.hihonor.brain
12-13 16:36:54.066  2510  2879 I NotificationService: pag com.hihonor.brain dosen't have notification permission
12-13 16:36:54.070  2510  7839 D ActivityManager: sync unfroze 21135 com.hihonor.brain for 6
12-13 16:36:54.070 21135 21198 I Brain_Sched: [ts]start tsk DfxHelper
12-13 16:36:54.071  2510  2784 I WifiEnhanceMonitor: notifyUidStateChanged
12-13 16:36:54.074  2278 17144 D AudioPolicyService: getUidState(10046) !cacheIter->second.first, return PROCESS_STATE_UNKNOWN
12-13 16:36:54.076 21135 21135 I Brain_AwMsgService: onCreate
12-13 16:36:54.077  2278 17144 D AudioPolicyService: getUidState(10046) cacheIter->second.first, return cacheIter->second.second(-1)
12-13 16:36:54.078  6777  7481 I AppManager: dependence has been existed:23707 -> 21135
12-13 16:36:54.079 21135 21135 I Brain_AwMsgService: onBind.
12-13 16:36:54.081 23707 23707 I AWARENESS_FenceManager: Brain Con
12-13 16:36:54.081 21135 21198 I Brain_DfxHelper: business alive when in idlerunnable
12-13 16:36:54.081 21135 21198 I Brain_Sched: [ts]end tsk
12-13 16:36:54.082 21135 21204 I Brain_AppRecoAssembler: Aw feed DeviceStatusFence#AppRecoAssembler_PredictSolutionTrigger_DeviceStatusFence_SCREEN_ON_NONE
12-13 16:36:54.082 21135 21199 I Brain_AppRecoAssembler: dispatch DeviceStatusFence#AppRecoAssembler_PredictSolutionTrigger_DeviceStatusFence_SCREEN_ON_NONE
12-13 16:36:54.082 23707 23858 I AWARENESS_D_P_InquiryProviderCallExecMethod: invoke begin, calling pkg name: com.hihonor.awareness
12-13 16:36:54.082 23707 23858 W AWARENESS_D_P_DataQueryComponentContainer: null supplier for: queryCityCode
12-13 16:36:54.082 23707 23858 I AWARENESS_D_P_InquiryProviderCallExecMethod: invoke duration is 0
12-13 16:36:54.082 21135 21199 I Brain_EventBus: AppRecoAssembler loaded
12-13 16:36:54.083 23707 23858 W Intelli_Analytics_DpIQCacheHelper: inquiry value is null or invalid, refuse update cache
12-13 16:36:54.083 21135 21199 I Brain_AppRecoAssembler: business has 1 listener execute success true
12-13 16:36:54.083 21135 21266 I Brain_AppRecoAssembler: [ts]start tsk AppRecoAssembler_PredictSolutionTrigger_DeviceStatusFence_SCREEN_ON_NONE
12-13 16:36:54.083 21135 21266 E Brain_PredictSolutionTrigger: HyperHold is not valid
12-13 16:36:54.084 21135 21266 I Brain_AppRecoAssembler: PredictSolutionTrigger result:KEEP:PAUSE, sink:0
12-13 16:36:54.084 21135 21266 I Brain_AppRecoAssembler: [ts]end tsk
12-13 16:36:54.084 21135 21266 I Brain_AppRecoAssembler: join end.
12-13 16:36:54.086  2253  2375 E ANDR-PERF-OPTSHANDLER: ANDR-PERF-OPTSHANDLER: modify_sysfsnode() 1164: Perflock resource /sys/devices/system/cpu/bus_dcvs/L3/soc:qcom,memlat:l3:prime/min_freq not supported
12-13 16:36:54.086  2253  2375 E ANDR-PERF-RESOURCEQS: ANDR-PERF-RESOURCEQS: RemoveAndApply() 292: Failed to reset optimization here [13, 22]
12-13 16:36:54.108  2246  4974 E libnav  : CablComputeBacklightLevel(): UpdateType = DifferentSceneUpdate
12-13 16:36:54.112  9043  9043 I wpa_supplicant: nl80211: vendor command vendor_id=4980, subcmd=13
12-13 16:36:54.117  8927  8995 I WifiHAL : event received NL80211_CMD_VENDOR, vendor_id = 0x1374, subcmd = 0xd
12-13 16:36:54.117  2710  2710 I cnss-daemon: nl80211 response handler invoked
12-13 16:36:54.117  2710  2710 I cnss-daemon: nl80211_response_handler: cmd 103, vendorID 4980, subcmd 13  received
12-13 16:36:54.118  9043  9043 I wpa_supplicant: nl80211: Ignore unsupported QCA vendor event 13
12-13 16:36:54.168  2152 30998 I sensors-hal: handle_sns_std_sensor_event:150, ambient_light_event: ts=2202474527455654, lux = 229, raw_adc=382, raw_2=262
12-13 16:36:54.196  2510  4823 W AlarmManager: WAKEUP alarm e99e4bd when: 2202474555 maxWhen: 2202474555 pkg: com.hihonor.awareness proc: com.hihonor.awareness tag: *walarm*:com.hihonor.awareness.action.alarm.notice trigger action: com.hihonor.awareness.action.alarm.notice
12-13 16:36:54.197  2510  4823 I ActivityManager: sendIntentSender target:PendingIntentRecord{759758a com.hihonor.awareness broadcastIntent}, intent:flg=0x4 hwFlg=0x110
12-13 16:36:54.199  2510  4823 I PowerManagerService: wakeLock.mDisabled:false, mDeviceIdleMode:false, mProcState:0
12-13 16:36:54.200  2510  4823 I PowerManagerService: need acquire WakeLockSuspendBlocker
12-13 16:36:54.200  2510  4823 I PowerManagerService: Acquiring suspend blocker "PowerManagerService.WakeLocks".
12-13 16:36:54.201  1242 17087 I android.system.suspend-service: incSuspendCounter++ success,name:PowerManagerService.WakeLocks mUseSuspendCounter:1 mSuspendCounter:2: Success
12-13 16:36:54.201  2510  4823 I power   : acquire wakelock: PowerManagerService.WakeLocks
12-13 16:36:54.205 23707 23925 W AWARENESS_TM:  received:1765615014191(16:36:54:191)
12-13 16:36:54.205 23707 23925 I AWARENESS_TM: trigger at:1765615014205,firstTime:1765615014191
12-13 16:36:54.207  2510  2510 I PowerManagerService: need release WakeLockSuspendBlocker
12-13 16:36:54.207  2510  2510 I PowerManagerService: Releasing suspend blocker "PowerManagerService.WakeLocks".
12-13 16:36:54.207  1242 17087 I android.system.suspend-service: decSuspendCounter-- success,name:PowerManagerService.WakeLocks mUseSuspendCounter:1 mSuspendCounter:3: Success
12-13 16:36:54.208  2510  2510 I power   : release wakelock: PowerManagerService.WakeLocks
12-13 16:36:54.209 23707 23925 I AWARENESS_TM: time list is cleared
12-13 16:36:54.209 23707 23925 W AWARENESS_TM: ftt:-9223372036854775808,ts:[]
12-13 16:36:54.209 23707 23925 W AWARENESS_TM: publish to:{1765615014191=[AppRecoAssembler_PredictSolutionTrigger_TimedAppFence_APP_STARTUP_NONE]}
12-13 16:36:54.210 23707 23925 I AWARENESS_TaskScheduler: unsub 8005 from TimedAppFence,key=AppRecoAssembler_PredictSolutionTrigger_TimedAppFence_APP_STARTUP_NONE
12-13 16:36:54.210 23707 23925 I AWARENESS_TimeAbility: AppRecoAssembler_PredictSolutionTrigger_TimedAppFe un for 1765615014191
12-13 16:36:54.210 23707 23925 E AWARENESS_TM: trigger not reg
12-13 16:36:54.210 23707 23925 W AWARENESS_TM: is empty, ignore
12-13 16:36:54.210 23707 23925 I AWARENESS_TaskScheduler: count is not 0 : 509,ability id=time_ability
12-13 16:36:54.211 23707 23925 I AWARENESS_TimedAppFence: reach interval : 5000 for com.resultmarketing.whatscard to trigger
12-13 16:36:54.211 23707 23925 I AWARENESS_FenceManager: sendMsg a:BIND,package:brain,fence: AppRecoAssembler_PredictSolutionTrigger_TimedAppFence_APP_STARTUP_NONE
12-13 16:36:54.211 23707 23858 E AWARENESS_FenceManager: connected: true
12-13 16:36:54.213 21135 21204 I Brain_AppRecoAssembler: Aw feed TimedAppFence#AppRecoAssembler_PredictSolutionTrigger_TimedAppFence_APP_STARTUP_NONE
12-13 16:36:54.213 23707 23858 I AWARENESS_D_P_InquiryProviderCallExecMethod: invoke begin, calling pkg name: com.hihonor.awareness
12-13 16:36:54.214 23707 23858 W AWARENESS_D_P_DataQueryComponentContainer: null supplier for: queryCityCode
12-13 16:36:54.214 21135 21199 I Brain_AppRecoAssembler: dispatch TimedAppFence#AppRecoAssembler_PredictSolutionTrigger_TimedAppFence_APP_STARTUP_NONE
12-13 16:36:54.214 21135 21199 I Brain_EventBus: AppRecoAssembler loaded
12-13 16:36:54.214 23707 23858 I AWARENESS_D_P_InquiryProviderCallExecMethod: invoke duration is 0
12-13 16:36:54.214 21135 21199 I Brain_AppRecoAssembler: business has 1 listener execute success true
12-13 16:36:54.214 21135 21257 I Brain_AppRecoAssembler: [ts]start tsk AppRecoAssembler_PredictSolutionTrigger_TimedAppFence_APP_STARTUP_NONE
12-13 16:36:54.215 23707 23858 W Intelli_Analytics_DpIQCacheHelper: inquiry value is null or invalid, refuse update cache
12-13 16:36:54.215 21135 21257 E Brain_PredictSolutionTrigger: HyperHold is not valid
12-13 16:36:54.215 21135 21257 I Brain_AppRecoAssembler: PredictSolutionTrigger result:KEEP:PAUSE, sink:0
12-13 16:36:54.216 21135 21257 I Brain_AppRecoAssembler: [ts]end tsk
12-13 16:36:54.216 21135 21257 I Brain_AppRecoAssembler: join end.
12-13 16:36:54.244  2286  2426 I Scheduler: idleTimerCallback timer change to TimerState: Expired
12-13 16:36:54.244  2286  2426 I Scheduler: idleTimerCallback call boostTimerCallback Expired
12-13 16:36:54.244  2286  2426 I Scheduler: boostTimerCallback timer change to TimerState: Expiring
12-13 16:36:54.257  2286  2286 I VariableRefreshRateHandler: calculateSoftwareFreqCurrentSkipCount: rate: 60, boost: 0, reportFps: 60, instantSkipCount: 0, nonboostSkipCount: 0, currentSkipCount: 0
12-13 16:36:54.335  2152 30998 I sensors-hal: handle_sns_std_sensor_event:150, ambient_light_event: ts=2202474693454560, lux = 170, raw_adc=301, raw_2=262
12-13 16:36:54.341  2253  2375 E ANDR-PERF-UTIL: ANDR-PERF-UTIL: change_node_val() 319: Failed to update node /sys/class/kgsl/kgsl-3d0/touch_wake with value 1
12-13 16:36:54.342  2253  2375 E ANDR-PERF-RESOURCEQS: ANDR-PERF-RESOURCEQS: AddAndApply() 167: Failed to apply optimization [10, 13]
12-13 16:36:54.369  2253  2375 E ANDR-PERF-UTIL: ANDR-PERF-UTIL: change_node_val() 319: Failed to update node /sys/class/kgsl/kgsl-3d0/touch_wake with value 0
12-13 16:36:54.369  2253  2375 E ANDR-PERF-RESOURCEQS: ANDR-PERF-RESOURCEQS: RemoveAndApply() 292: Failed to reset optimization here [10, 13]
12-13 16:36:54.415  2253  2377 W ServiceManagerCppClient: Waited one second for vendor.qti.qhcp.IQHDC/default (is service started? Number of threads started in the threadpool: 2. Are binder threads started and available?)
12-13 16:36:54.420   983 31464 W libc    : Unable to set property "ctl.interface_start" to "aidl/vendor.qti.qhcp.IQHDC/default": PROP_ERROR_HANDLE_CONTROL_MESSAGE (0x20)
12-13 16:36:54.667  2152 30998 I sensors-hal: handle_sns_std_sensor_event:150, ambient_light_event: ts=2202475025459665, lux = 164, raw_adc=273, raw_2=262
12-13 16:36:54.703 17942 18053 I bt_shim_scanner: Scan: in shim layer stopped
12-13 16:36:54.704 17942 18017 I bluetooth: unregister_client: Client unregistered
12-13 16:36:54.704 17942 18053 I bt_shim_scanner: SetScanParameters: in shim layer, scannerId=5
12-13 16:36:54.704 17942 18053 I bt_shim_scanner: Scan: in shim layer started
12-13 16:36:54.704  2141  2141 D vendor.qti.bluetooth@1.0-ibs_handler: SerialClockVote: vote for UART CLK ON
12-13 16:36:54.710  2141  2141 D vendor.qti.bluetooth@1.0-wake_lock: Acquire wakelock is acquired 
12-13 16:36:54.710  2141  2141 I vendor.qti.bluetooth@1.0-ibs_handler: DeviceWakeUp: Writing IBS_WAKE_IND
12-13 16:36:54.712  2141 18025 I vendor.qti.bluetooth@1.0-ibs_handler: ProcessIbsCmd: Received IBS_WAKE_ACK: 0xFC
12-13 16:36:54.712  2141 18025 I vendor.qti.bluetooth@1.0-ibs_handler: ProcessIbsCmd: Signal wack_cond_
12-13 16:36:54.713  2141  2141 D vendor.qti.bluetooth@1.0-ibs_handler: DeviceWakeUp: Unblocked from waiting for FC, pthread_cond_timedwait ret = 0
12-13 16:36:54.714 17942 18017 I bluetooth: stop_scan: Scanning already stopped, return!
12-13 16:36:54.714 17942 18033 I gatt-ScanHelper: onScanParamSetupCompleted() - scannerId=5, status=0, pkgName=com.google.uid.shared:10045
12-13 16:36:54.714 17942 18017 I bluetooth: register_client: Client registered
12-13 16:36:54.717  2141 18025 I vendor.qti.bluetooth@1.0-ibs_handler: ProcessIbsCmd: Received IBS_WAKE_IND: 0xFD
12-13 16:36:54.717  2141 18025 I vendor.qti.bluetooth@1.0-ibs_handler: ProcessIbsCmd: Writing IBS_WAKE_ACK
12-13 16:36:54.762  2141 18025 I vendor.qti.bluetooth@1.0-ibs_handler: ProcessIbsCmd: Received IBS_SLEEP_IND: 0xFE
12-13 16:36:54.833  2152 30998 I sensors-hal: handle_sns_std_sensor_event:150, ambient_light_event: ts=2202475191457060, lux = 148, raw_adc=249, raw_2=262
12-13 16:36:54.839  2253  2375 E ANDR-PERF-UTIL: ANDR-PERF-UTIL: change_node_val() 319: Failed to update node /sys/class/kgsl/kgsl-3d0/touch_wake with value 1
12-13 16:36:54.839  2253  2375 E ANDR-PERF-RESOURCEQS: ANDR-PERF-RESOURCEQS: AddAndApply() 167: Failed to apply optimization [10, 13]
12-13 16:36:54.867  2253  2375 E ANDR-PERF-UTIL: ANDR-PERF-UTIL: change_node_val() 319: Failed to update node /sys/class/kgsl/kgsl-3d0/touch_wake with value 0
12-13 16:36:54.867  2253  2375 E ANDR-PERF-RESOURCEQS: ANDR-PERF-RESOURCEQS: RemoveAndApply() 292: Failed to reset optimization here [10, 13]
12-13 16:36:54.909  2510  6210 E HwQoEJNI: sendQoeCmd. open monitor_fd error
12-13 16:36:54.935  2359  2359 E afehal  : to enter IDLE mode , Interval=120/2800/0/1
12-13 16:36:54.935  2359  2359 I aptouch_daemon: change_to_idlemode, enter idle, ret=0x0000
12-13 16:36:54.946  2359  2359 I aptouch_daemon: check_idle_status, idle in. 300
12-13 16:36:54.957  6822  7307 D Booster_TelephonyState: updateLteSignalStrengthFromProp[1], lteRsrp:-95 lteRsrq:-15 lteSinr:2
12-13 16:36:54.999  2152 30998 I sensors-hal: handle_sns_std_sensor_event:150, ambient_light_event: ts=2202475357451071, lux = 156, raw_adc=259, raw_2=262
12-13 16:36:55.012 17942 18053 I bt_shim_scanner: Scan: in shim layer stopped
12-13 16:36:55.013 17942 18053 I bt_shim_scanner: SetScanParameters: in shim layer, scannerId=5
12-13 16:36:55.013 17942 18053 I bt_shim_scanner: Scan: in shim layer started
12-13 16:36:55.013 17942 18017 I bluetooth: unregister_client: Client unregistered
12-13 16:36:55.016 17942 18017 I bluetooth: stop_scan: Scanning already stopped, return!
12-13 16:36:55.016 17942 18033 I gatt-ScanHelper: onScanParamSetupCompleted() - scannerId=5, status=0, pkgName=com.google.uid.shared:10045
12-13 16:36:55.016 17942 18017 I bluetooth: register_client: Client registered
12-13 16:36:55.029  2141 18025 I vendor.qti.bluetooth@1.0-ibs_handler: ProcessIbsCmd: Received IBS_WAKE_IND: 0xFD
12-13 16:36:55.029  2141 18025 I vendor.qti.bluetooth@1.0-ibs_handler: ProcessIbsCmd: Writing IBS_WAKE_ACK
12-13 16:36:55.048  2143  4070 W ServiceManagerCppClient: Waited one second for vendor.qti.qhcp.IQHDC/default (is service started? Number of threads started in the threadpool: 3. Are binder threads started and available?)
12-13 16:36:55.054   983 31467 W libc    : Unable to set property "ctl.interface_start" to "aidl/vendor.qti.qhcp.IQHDC/default": PROP_ERROR_HANDLE_CONTROL_MESSAGE (0x20)
12-13 16:36:55.076  2141 18025 I vendor.qti.bluetooth@1.0-ibs_handler: ProcessIbsCmd: Received IBS_SLEEP_IND: 0xFE
12-13 16:36:55.165  2152 30998 I sensors-hal: handle_sns_std_sensor_event:150, ambient_light_event: ts=2202475523460706, lux = 153, raw_adc=257, raw_2=262
12-13 16:36:55.165  6493  6493 I HnWifiViewBinder: wifiInOutState:0
12-13 16:36:55.167  2510  4682 I HwBatteryService: power_ui state= 1 mQuickChargeStatus=1
12-13 16:36:55.167  2510  4682 I HwBatteryService: handleWirelessTxStatus
12-13 16:36:55.167  2510  4682 I HwBatteryService: switch not open, return, mWirelessTxFlag : 0
12-13 16:36:55.167  2510  4682 W HwBatteryService: need return. Invalid value: -1
12-13 16:36:55.168  2510  4682 D HwBatteryService: setHwChargeTimeRemaining, time = -1 String time: -1
12-13 16:36:55.171  6493  6493 I HnWifiViewBinder: wifiInOutState:0
12-13 16:36:55.172 26180  3818 I NearbyDiscovery: (REDACTED) PureOffloadFastPairScanner: eventType=%s, isInternalReq=%s, isScanning=%s, isScanningAllowed=%s
12-13 16:36:55.173 26180  3818 I NearbyDiscovery: (REDACTED) ApFastPairScanner: isScreenOn=%s, isLocationEnabled=%s, disableLocationRequirement=%s, isDiscoveryScanningEnabled=%s, during24GhzWifiWarmingUpPeriod=%s
12-13 16:36:55.174 26180  3818 D BluetoothAdapter: isLeEnabled(): ON
12-13 16:36:55.174 26180  3818 I NearbyDiscovery: (REDACTED) ApFastPairScanner: eventType=%s, intReq=%s, scanning=%s, scanAllowed=%s, bleEnabled=%s, lockScanRate=%s, startScanningByLowPowerMode=%s
12-13 16:36:55.175 26180  3818 I NearbyDiscovery: (REDACTED) ApFastPairScanner: Stopping scan, %s
12-13 16:36:55.175 26180  3818 D BluetoothAdapter: isLeEnabled(): ON
12-13 16:36:55.177  2510  7084 I BatteryService: Processing new values: info={chargerAcOnline=false,chargerUsbOnline=true,chargerWirelessOnline=false,maxChargingCurrent=500000,maxChargingVoltage=5000000,batteryStatus=2=CHARGING,batteryHealth=2=GOOD,batteryPresent=true,batteryLevel=59,batteryVoltage=4024,batteryTemperature=337,batteryFullCharge=6590000,batteryChargeCounter=3500000,batteryTechnology=Unknown,batteryCapacityLevel=3=NORMAL,chargerDockOnline=false}, mBatteryLevelCritical=false, mPlugType=2, mLastPlugType=2
12-13 16:36:55.177  2510  7084 I BatteryService: check conditions changed
12-13 16:36:55.180  2510  7839 I BatteryService: Processing new values: info={chargerAcOnline=false,chargerUsbOnline=true,chargerWirelessOnline=false,maxChargingCurrent=500000,maxChargingVoltage=5000000,batteryStatus=2=CHARGING,batteryHealth=2=GOOD,batteryPresent=true,batteryLevel=59,batteryVoltage=4024,batteryTemperature=337,batteryFullCharge=6590000,batteryChargeCounter=3500000,batteryTechnology=Unknown,batteryCapacityLevel=3=NORMAL,chargerDockOnline=false}, mBatteryLevelCritical=false, mPlugType=2, mLastPlugType=2
12-13 16:36:55.180  2510  7839 I BatteryService: check conditions changed
12-13 16:36:55.181  6777  7481 I PGServer: report state:8 event type:2 pid:0 uid:10045 pkg:BLE_SCAN to pid: 2510
12-13 16:36:55.181 17942 18087 I gatt-ScanHelper: stopScan() - queue size =5
12-13 16:36:55.182  6777  7481 I BluetoothState: inactive bluetooth uid: 10045, pid:26029, connId:-1, reason:BLE_SCAN
12-13 16:36:55.182  6777  7481 D BluetoothState: stop bt uid:10045 state:BLE_SCAN total(ms):29335820
12-13 16:36:55.184 17942 18053 I bt_shim_scanner: ScanFilterParamSetup: in shim layer, clientIf=5
12-13 16:36:55.185 17942 18053 I bt_shim_scanner: ScanFilterParamSetup: in shim layer, clientIf=5
12-13 16:36:55.186 17942 18053 I bt_shim_scanner: ScanFilterParamSetup: in shim layer, clientIf=5
12-13 16:36:55.186  2141 18025 I vendor.qti.bluetooth@1.0-ibs_handler: ProcessIbsCmd: Received IBS_WAKE_IND: 0xFD
12-13 16:36:55.186  2141 18025 I vendor.qti.bluetooth@1.0-ibs_handler: ProcessIbsCmd: Writing IBS_WAKE_ACK
12-13 16:36:55.186 17942 18087 I bt_shim_scanner: Unregister: in shim layer, scannerId=5
12-13 16:36:55.188 26180  3818 I NearbyDiscovery: (REDACTED) ApFastPairScanner: isScreenOn=%s, isLocationEnabled=%s, disableLocationRequirement=%s, isDiscoveryScanningEnabled=%s, during24GhzWifiWarmingUpPeriod=%s
12-13 16:36:55.189 26180  3818 I NearbyDiscovery: (REDACTED) ApFastPairScanner: Start scanning internally, %s
12-13 16:36:55.189 17942 18053 I bt_shim_scanner: Scan: in shim layer stopped
12-13 16:36:55.189 17942 18017 I bluetooth: unregister_client: Client unregistered
12-13 16:36:55.189 17942 18053 I bt_shim_scanner: SetScanParameters: in shim layer, scannerId=1
12-13 16:36:55.189 17942 18053 I bt_shim_scanner: Scan: in shim layer started
12-13 16:36:55.189 26180  3818 D BluetoothAdapter: isLeEnabled(): ON
12-13 16:36:55.189 17942 17981 I HnChrReportConnImpl: HnChrReportConnImpl getInstance.
12-13 16:36:55.189 17942 17981 I HnChrReportConnImpl: handleChrLogItemFlow, cause = 25000
12-13 16:36:55.190 17942 17981 I HnChrReportConnImpl: handleChrLogItemFlow, str = 25000,1765615015190,0,15,57061,com.google.android.gms,5
12-13 16:36:55.190 17942 18017 I bluetooth: stop_scan: Scanning already stopped, return!
12-13 16:36:55.191 17942 18017 I bluetooth: register_client: Client registered
12-13 16:36:55.191 17942 17981 I HnChrReportConnImpl: HnChrReportConnImpl notifyDataToChr.
12-13 16:36:55.191 17942 18033 I gatt-ScanHelper: onScanParamSetupCompleted() - scannerId=1, status=0, pkgName=com.google.uid.shared:10045
12-13 16:36:55.192  6856  8878 E CHR_ChrProtocolTxtManager: [hasReachTxtLimitLineForMap]:the txt has reached limit, tableName = bt_flow_record
12-13 16:36:55.195 17942 18087 I bt_shim_scanner: RegisterScanner: in shim layer
12-13 16:36:55.195 17942 18017 I bluetooth: register_scanner: register_scanner
12-13 16:36:55.196 17942 18033 I gatt-ScanHelper: onScannerRegistered() - UUID=c3aaee0e-67e9-4cb6-82ec-8fbb440d0cf2, scannerId=5, status=0, pkgName=com.google.uid.shared:10045
12-13 16:36:55.196 26180 32537 D BluetoothLeScanner: onScannerRegistered() - status=0 scannerId=5 mScannerId=0
12-13 16:36:55.198  2286  2426 I Scheduler: idleTimerCallback timer change to TimerState: Reset
12-13 16:36:55.199  2253  2375 E ANDR-PERF-UTIL: ANDR-PERF-UTIL: change_node_val() 319: Failed to update node /sys/class/kgsl/kgsl-3d0/touch_wake with value 1
12-13 16:36:55.199  2253  2375 E ANDR-PERF-RESOURCEQS: ANDR-PERF-RESOURCEQS: AddAndApply() 167: Failed to apply optimization [10, 13]
12-13 16:36:55.200 17942 18087 I gatt-ScanHelper: start scan with filters
12-13 16:36:55.200  6777  7481 I PGServer: report state:8 event type:1 pid:0 uid:10045 pkg:BLE_SCAN to pid: 2510
12-13 16:36:55.201  6777  7481 I BluetoothState: new active bluetooth uid: 10045, pid:26029, connId:-1, reason:BLE_SCAN
12-13 16:36:55.208  6856  7132 D Nc_Chr_BT: NcBtDftManager: handleBtParam id = COMMON_E1002
12-13 16:36:55.208  6856  7132 E Nc_Chr_BT: NcBtDftManager: unhandled id
12-13 16:36:55.208  6856  7132 D BT_CHR: BtChrStatThirdApkEvent: updateApkAction action: 4
12-13 16:36:55.208 26180  3818 I NearbyDiscovery: (REDACTED) ApFastPairScanner: Starting %s scanning
12-13 16:36:55.208  6856  7132 D BT_CHR: BtChrManager: isPermissionGrant: true
12-13 16:36:55.209 17942 18053 I bt_shim_scanner: ScanFilterEnable: in shim layer
12-13 16:36:55.210 17942 18053 I bt_shim_scanner: ScanFilterAdd: in shim layer
12-13 16:36:55.210  2286  2286 I Scheduler: applyPolicy: scored layer size: 0
12-13 16:36:55.210 17942 18053 I bt_shim_scanner: ScanFilterParamSetup: in shim layer, clientIf=5
12-13 16:36:55.211 17942 18053 I bt_shim_scanner: ScanFilterAdd: in shim layer
12-13 16:36:55.211 17942 18053 I bt_shim_scanner: ScanFilterParamSetup: in shim layer, clientIf=5
12-13 16:36:55.212 17942 18053 I bt_shim_scanner: ScanFilterAdd: in shim layer
12-13 16:36:55.214 17942 18053 I bt_shim_scanner: ScanFilterParamSetup: in shim layer, clientIf=5
12-13 16:36:55.215 17942 18053 I bt_shim_scanner: Scan: in shim layer stopped
12-13 16:36:55.215 17942 18017 I bluetooth: unregister_client: Client unregistered
12-13 16:36:55.215 17942 18053 I bt_shim_scanner: SetScanParameters: in shim layer, scannerId=1
12-13 16:36:55.215 17942 18053 I bt_shim_scanner: Scan: in shim layer started
12-13 16:36:55.215 17942 18033 I gatt-ScanHelper: onScanParamSetupCompleted() - scannerId=1, status=0, pkgName=com.google.uid.shared:10045
12-13 16:36:55.215 17942 18017 I bluetooth: stop_scan: Scanning already stopped, return!
12-13 16:36:55.215 17942 18017 I bluetooth: register_client: Client registered
12-13 16:36:55.226  2253  2375 E ANDR-PERF-UTIL: ANDR-PERF-UTIL: change_node_val() 319: Failed to update node /sys/class/kgsl/kgsl-3d0/touch_wake with value 0
12-13 16:36:55.226  2253  2375 E ANDR-PERF-RESOURCEQS: ANDR-PERF-RESOURCEQS: RemoveAndApply() 292: Failed to reset optimization here [10, 13]
12-13 16:36:55.275  2141 18025 I vendor.qti.bluetooth@1.0-ibs_handler: ProcessIbsCmd: Received IBS_SLEEP_IND: 0xFE
12-13 16:36:55.331  2152 30998 I sensors-hal: handle_sns_std_sensor_event:150, ambient_light_event: ts=2202475689451540, lux = 154, raw_adc=255, raw_2=262
12-13 16:36:55.398  2286  2426 I Scheduler: idleTimerCallback timer change to TimerState: Expired
12-13 16:36:55.418  2253  2377 W ServiceManagerCppClient: Waited one second for vendor.qti.qhcp.IQHDC/default (is service started? Number of threads started in the threadpool: 2. Are binder threads started and available?)
12-13 16:36:55.424   983 31469 W libc    : Unable to set property "ctl.interface_start" to "aidl/vendor.qti.qhcp.IQHDC/default": PROP_ERROR_HANDLE_CONTROL_MESSAGE (0x20)
12-13 16:36:55.497  2152 30998 I sensors-hal: handle_sns_std_sensor_event:150, ambient_light_event: ts=2202475855454977, lux = 156, raw_adc=260, raw_2=262
12-13 16:36:55.663  2152 30998 I sensors-hal: handle_sns_std_sensor_event:150, ambient_light_event: ts=2202476021458102, lux = 153, raw_adc=253, raw_2=262
12-13 16:36:55.721  2634  2634 E Thermal-daemon:hn_thermal: [shell_back] tempNew :33  tempOld :32
12-13 16:36:55.722  2634  2634 E Thermal-daemon:hn_thermal: [ap] tempNew :34  tempOld :33
12-13 16:36:55.772  2652  2702 E AwareLog: iawared: ChangePropertyContent open /proc/sys/net/ipv4/netqos_limit fail errno(2)!
12-13 16:36:55.777  2510  4690 E HwResourcesImpl: processName is null
12-13 16:36:55.822  2152 22653 I sensors-hal: handle_sns_client_event:442, accel_sample(accelcal_available:0): ts=2202476072323415 ns; value = [0.235180, 0.200458, 9.586750], status=3
12-13 16:36:55.829  2152 30998 I sensors-hal: handle_sns_std_sensor_event:150, ambient_light_event: ts=2202476187452633, lux = 152, raw_adc=256, raw_2=262
12-13 16:36:55.995  2152 30998 I sensors-hal: handle_sns_std_sensor_event:150, ambient_light_event: ts=2202476353450498, lux = 156, raw_adc=258, raw_2=262
12-13 16:36:56.052  2143  4070 W ServiceManagerCppClient: Waited one second for vendor.qti.qhcp.IQHDC/default (is service started? Number of threads started in the threadpool: 3. Are binder threads started and available?)
12-13 16:36:56.058   983 31472 W libc    : Unable to set property "ctl.interface_start" to "aidl/vendor.qti.qhcp.IQHDC/default": PROP_ERROR_HANDLE_CONTROL_MESSAGE (0x20)
12-13 16:36:56.116  9043  9043 I wpa_supplicant: nl80211: vendor command vendor_id=4980, subcmd=13
12-13 16:36:56.122  2710  2710 I cnss-daemon: nl80211 response handler invoked
12-13 16:36:56.123  8927  8995 I WifiHAL : event received NL80211_CMD_VENDOR, vendor_id = 0x1374, subcmd = 0xd
12-13 16:36:56.123  2710  2710 I cnss-daemon: nl80211_response_handler: cmd 103, vendorID 4980, subcmd 13  received
12-13 16:36:56.124  9043  9043 I wpa_supplicant: nl80211: Ignore unsupported QCA vendor event 13
12-13 16:36:56.235  2141 18029 I vendor.qti.bluetooth@1.0-ibs_handler: DeviceSleep: TX Awake, Sending SLEEP_IND
12-13 16:36:56.236  2141 18029 D vendor.qti.bluetooth@1.0-ibs_handler: SerialClockVote: vote for UART CLK OFF
12-13 16:36:56.250  2510  6210 I WifiEnhanceMonitor: getPrimaryWifiInfo: primaryWifiInfo from WifiManager
12-13 16:36:56.327  2152 30998 I sensors-hal: handle_sns_std_sensor_event:150, ambient_light_event: ts=2202476685457321, lux = 150, raw_adc=252, raw_2=262
12-13 16:36:56.387  2141 18020 D vendor.qti.bluetooth@1.0-wake_lock: Release wakelock is released 
12-13 16:36:56.396  2510  7084 I AlarmManager: remove alarm reason:1 alarms:[Alarm{75dee75 type 3 origWhen 317562469620 whenElapsed 317562469620 PendingIntent{8881305: PendingIntentRecord{299cf5a com.google.android.gms/com.google.android.gms.container startService}} com.google.android.gms procName com.google.android.gms}]
12-13 16:36:56.411  2510  7084 I AlarmManager: remove alarm reason:1 alarms:[Alarm{5245e0a type 3 origWhen 317562469514 whenElapsed 317562469514 PendingIntent{79173f0: PendingIntentRecord{5e1ad69 com.google.android.gms/com.google.android.gms.container startService}} com.google.android.gms procName com.google.android.gms.persistent}]
12-13 16:36:56.421  2253  2377 W ServiceManagerCppClient: Waited one second for vendor.qti.qhcp.IQHDC/default (is service started? Number of threads started in the threadpool: 2. Are binder threads started and available?)
12-13 16:36:56.428   983 31473 W libc    : Unable to set property "ctl.interface_start" to "aidl/vendor.qti.qhcp.IQHDC/default": PROP_ERROR_HANDLE_CONTROL_MESSAGE (0x20)
12-13 16:36:56.492  2152 30998 I sensors-hal: handle_sns_std_sensor_event:150, ambient_light_event: ts=2202476851451071, lux = 148, raw_adc=246, raw_2=262
12-13 16:36:56.659  2152 30998 I sensors-hal: handle_sns_std_sensor_event:150, ambient_light_event: ts=2202477017454040, lux = 154, raw_adc=257, raw_2=262
12-13 16:36:56.768  2286  2425 I Scheduler: boostTimerCallback timer change to TimerState: Expired
12-13 16:36:56.827  2152 30998 I sensors-hal: handle_sns_std_sensor_event:150, ambient_light_event: ts=2202477183458883, lux = 148, raw_adc=246, raw_2=262
12-13 16:36:56.838  6777  7976 I ScalingFreqAdapterUniPerf: ===success setFreq:  bcpumax:7->1804800
12-13 16:36:56.838  2181  8023 I uniperf server: setConfig clientId=1, tagLen=1, tags[0]=7, configs[0]=1804800
12-13 16:36:56.959  6822  7307 D Booster_TelephonyState: updateLteSignalStrengthFromProp[1], lteRsrp:-95 lteRsrq:-15 lteSinr:2
12-13 16:36:56.991  2152 30998 I sensors-hal: handle_sns_std_sensor_event:150, ambient_light_event: ts=2202477349457060, lux = 158, raw_adc=260, raw_2=262
12-13 16:36:57.055  2143  4070 W ServiceManagerCppClient: Waited one second for vendor.qti.qhcp.IQHDC/default (is service started? Number of threads started in the threadpool: 3. Are binder threads started and available?)
12-13 16:36:57.060   983 31474 W libc    : Unable to set property "ctl.interface_start" to "aidl/vendor.qti.qhcp.IQHDC/default": PROP_ERROR_HANDLE_CONTROL_MESSAGE (0x20)
12-13 16:36:57.157  2152 30998 I sensors-hal: handle_sns_std_sensor_event:150, ambient_light_event: ts=2202477515458779, lux = 151, raw_adc=253, raw_2=262
12-13 16:36:57.298  2510  6210 E TcpInfoMonitor: totalTxPackets is zero, no need to query TcpInfo!
12-13 16:36:57.323  2152 30998 I sensors-hal: handle_sns_std_sensor_event:150, ambient_light_event: ts=2202477681461487, lux = 147, raw_adc=245, raw_2=262
12-13 16:36:57.426  2253  2377 W ServiceManagerCppClient: Waited one second for vendor.qti.qhcp.IQHDC/default (is service started? Number of threads started in the threadpool: 2. Are binder threads started and available?)
12-13 16:36:57.432   983 31475 W libc    : Unable to set property "ctl.interface_start" to "aidl/vendor.qti.qhcp.IQHDC/default": PROP_ERROR_HANDLE_CONTROL_MESSAGE (0x20)
12-13 16:36:57.488  2152 30998 I sensors-hal: handle_sns_std_sensor_event:150, ambient_light_event: ts=2202477847459404, lux = 155, raw_adc=258, raw_2=262
12-13 16:36:57.584 24711 24741 E bms_file: file /sys/class/hw_power/charger/direct_charger/direct_charge_succ is invalid
12-13 16:36:57.585 24711 24741 E bms_file: file /sys/class/hw_power/charger/direct_charger_hsc/direct_charge_succ is invalid
12-13 16:36:57.587 24711 24741 E bms_file: file /sys/class/hw_power/charger/direct_charger/direct_charge_succ is invalid
12-13 16:36:57.588 24711 24741 E bms_file: file /sys/class/hw_power/charger/direct_charger_hsc/direct_charge_succ is invalid
12-13 16:36:57.589 24711 24741 E bms_file: file sys/class/hw_power/adsp_dts is invalid
12-13 16:36:57.590 24711 24741 E bms_file: file /sys/class/backlight/panel1-backlight/brightness is invalid
12-13 16:36:57.593 24711 24741 E bms_file: file /sys/class/hw_power/charger/direct_charger/direct_charge_succ is invalid
12-13 16:36:57.594 24711 24741 E bms_file: file /sys/class/hw_power/charger/direct_charger_hsc/direct_charge_succ is invalid
12-13 16:36:57.595 24711 24741 E bms_file: file /sys/class/hw_power/charger/direct_charger/direct_charge_succ is invalid
12-13 16:36:57.596 24711 24741 E bms_file: file /sys/class/hw_power/charger/direct_charger_hsc/direct_charge_succ is invalid
12-13 16:36:57.609 24711 24741 E bms_file: file /sys/class/hw_power/charger/direct_charger/direct_charge_succ is invalid
12-13 16:36:57.609 24711 24741 E bms_file: file /sys/class/hw_power/charger/direct_charger_hsc/direct_charge_succ is invalid
12-13 16:36:57.610 24711 24741 E bms_file: file /sys/class/hw_power/charger/charge_data/iin_thermal is invalid
12-13 16:36:57.610 24711 24741 I bms_behavior: monitor interval count 116
12-13 16:36:57.655  2152 30998 I sensors-hal: handle_sns_std_sensor_event:150, ambient_light_event: ts=2202478013462529, lux = 150, raw_adc=248, raw_2=262
12-13 16:36:57.923  2510  6210 E HwQoEJNI: sendQoeCmd. open monitor_fd error
12-13 16:36:57.988  2152 30998 I sensors-hal: handle_sns_std_sensor_event:150, ambient_light_event: ts=2202478345454717, lux = 148, raw_adc=246, raw_2=262
12-13 16:36:58.057  2143  4070 W ServiceManagerCppClient: Waited one second for vendor.qti.qhcp.IQHDC/default (is service started? Number of threads started in the threadpool: 3. Are binder threads started and available?)
12-13 16:36:58.068   983 31476 W libc    : Unable to set property "ctl.interface_start" to "aidl/vendor.qti.qhcp.IQHDC/default": PROP_ERROR_HANDLE_CONTROL_MESSAGE (0x20)
12-13 16:36:58.121  9043  9043 I wpa_supplicant: nl80211: vendor command vendor_id=4980, subcmd=13
12-13 16:36:58.127  2710  2710 I cnss-daemon: nl80211 response handler invoked
12-13 16:36:58.127  2710  2710 I cnss-daemon: nl80211_response_handler: cmd 103, vendorID 4980, subcmd 13  received
12-13 16:36:58.128  8927  8995 I WifiHAL : event received NL80211_CMD_VENDOR, vendor_id = 0x1374, subcmd = 0xd
12-13 16:36:58.129  9043  9043 I wpa_supplicant: nl80211: Ignore unsupported QCA vendor event 13
12-13 16:36:58.153  2152 30998 I sensors-hal: handle_sns_std_sensor_event:150, ambient_light_event: ts=2202478511452269, lux = 146, raw_adc=246, raw_2=262
12-13 16:36:58.319  2152 30998 I sensors-hal: handle_sns_std_sensor_event:150, ambient_light_event: ts=2202478677461487, lux = 132, raw_adc=220, raw_2=262
12-13 16:36:58.327  2253  2375 E ANDR-PERF-UTIL: ANDR-PERF-UTIL: change_node_val() 319: Failed to update node /sys/class/kgsl/kgsl-3d0/touch_wake with value 1
12-13 16:36:58.327  2253  2375 E ANDR-PERF-RESOURCEQS: ANDR-PERF-RESOURCEQS: AddAndApply() 167: Failed to apply optimization [10, 13]
12-13 16:36:58.354  2253  2375 E ANDR-PERF-UTIL: ANDR-PERF-UTIL: change_node_val() 319: Failed to update node /sys/class/kgsl/kgsl-3d0/touch_wake with value 0
12-13 16:36:58.354  2253  2375 E ANDR-PERF-RESOURCEQS: ANDR-PERF-RESOURCEQS: RemoveAndApply() 292: Failed to reset optimization here [10, 13]
12-13 16:36:58.429  2253  2377 W ServiceManagerCppClient: Waited one second for vendor.qti.qhcp.IQHDC/default (is service started? Number of threads started in the threadpool: 2. Are binder threads started and available?)
12-13 16:36:58.435   983 31479 W libc    : Unable to set property "ctl.interface_start" to "aidl/vendor.qti.qhcp.IQHDC/default": PROP_ERROR_HANDLE_CONTROL_MESSAGE (0x20)
12-13 16:36:58.457  6822  7313 I BoosterProps: isCloudPropEnable, propName is:msc.speed_test_limit_notifier_enable, propValue is:false, default value is:false
12-13 16:36:58.485  2152 30998 I sensors-hal: handle_sns_std_sensor_event:150, ambient_light_event: ts=2202478843461227, lux = 132, raw_adc=221, raw_2=262
12-13 16:36:58.651  2152 30998 I sensors-hal: handle_sns_std_sensor_event:150, ambient_light_event: ts=2202479009458310, lux = 133, raw_adc=225, raw_2=262
12-13 16:36:58.668  2510  7839 I PowerManagerService: wakeLock.mDisabled:false, mDeviceIdleMode:false, mProcState:0
12-13 16:36:58.669  2510  7839 I PowerManagerService: need acquire WakeLockSuspendBlocker
12-13 16:36:58.669  2510  7839 I PowerManagerService: Acquiring suspend blocker "PowerManagerService.WakeLocks".
12-13 16:36:58.670  1242  7108 I android.system.suspend-service: incSuspendCounter++ success,name:PowerManagerService.WakeLocks mUseSuspendCounter:1 mSuspendCounter:2: Success
12-13 16:36:58.672  2510  7839 I power   : acquire wakelock: PowerManagerService.WakeLocks
12-13 16:36:58.691 26180 26861 I NearbyMediums: No BLE Fast/GATT advertisements found in the latest cycle.
12-13 16:36:58.692 26180 26861 I NearbyMediums: Current Tracked Scanning Clients are : {NearbyConnections.EnvironmentMonitor, NearbySharing}
12-13 16:36:58.729  2510  7839 I PowerManagerService: need release WakeLockSuspendBlocker
12-13 16:36:58.729  2510  7839 I PowerManagerService: Releasing suspend blocker "PowerManagerService.WakeLocks".
12-13 16:36:58.730  2510  7839 I power   : release wakelock: PowerManagerService.WakeLocks
12-13 16:36:58.730  1242 17087 I android.system.suspend-service: decSuspendCounter-- success,name:PowerManagerService.WakeLocks mUseSuspendCounter:1 mSuspendCounter:3: Success
12-13 16:36:58.777  6963  7264 W HSM_BG  : NetAssistantDbManager:get setting column info but empty table
12-13 16:36:58.785  6963  7264 W HSM_BG  : NetAssistantDbManager:get setting column info but empty table
12-13 16:36:58.816  2152 30998 I sensors-hal: handle_sns_std_sensor_event:150, ambient_light_event: ts=2202479175449404, lux = 132, raw_adc=217, raw_2=262
12-13 16:36:58.848  6963  7325 W HSM_BG  : NormalTrafficAnalysis:The alert byte < 0, so return
12-13 16:36:58.862  2510  2853 D ZrHung.AppEyeTransparentWindow: handleMessage CHECK_TRANS_WINDOW_ERROR_MSG
12-13 16:36:58.911 24073 24146 V AudioManager: isMusicActive...
12-13 16:36:58.912  2278 17144 W AudioPolicyService:  [1000] is the service
12-13 16:36:58.950  2510  2571 I system_server: Background young concurrent mark compact GC freed 20MB AllocSpace bytes, 63(1152KB) LOS objects, 11% free, 111MB/125MB, paused 2.182ms,12.305ms total 147.470ms
12-13 16:36:58.963  6822  7307 D Booster_TelephonyState: updateLteSignalStrengthFromProp[1], lteRsrp:-95 lteRsrq:-15 lteSinr:2
12-13 16:36:58.979  2359  2359 I aptouch_daemon: check_idle_status, idle out.
12-13 16:36:58.983  2152 30998 I sensors-hal: handle_sns_std_sensor_event:150, ambient_light_event: ts=2202479341454196, lux = 137, raw_adc=223, raw_2=262
12-13 16:36:59.010  1247 31007 I keystore2: system/security/keystore2/watchdog/src/lib.rs:319 - Watchdog thread idle -> terminating. Have a great day.
12-13 16:36:59.061  2143  4070 W ServiceManagerCppClient: Waited one second for vendor.qti.qhcp.IQHDC/default (is service started? Number of threads started in the threadpool: 3. Are binder threads started and available?)
12-13 16:36:59.067   983 31480 W libc    : Unable to set property "ctl.interface_start" to "aidl/vendor.qti.qhcp.IQHDC/default": PROP_ERROR_HANDLE_CONTROL_MESSAGE (0x20)
12-13 16:36:59.076  2510  2793 I AppEyeFwkBlock: do monitor
12-13 16:36:59.106 26180 26861 I NearbyPresence: (REDACTED) %s verified [==] new request %s equals to the old request
12-13 16:36:59.149  2152 30998 I sensors-hal: handle_sns_std_sensor_event:150, ambient_light_event: ts=2202479507459925, lux = 130, raw_adc=220, raw_2=262
12-13 16:36:59.152  2510  4794 D ActivityManager: freezing 9086 com.whatsapp
12-13 16:36:59.167  2510  6242 D InetDiagMessage: Destroyed 0 sockets, proto=IPPROTO_TCP, family=AF_INET, states=14
12-13 16:36:59.171  2510  6242 D InetDiagMessage: Destroyed 0 sockets, proto=IPPROTO_TCP, family=AF_INET6, states=14
12-13 16:36:59.172  2510  6242 D InetDiagMessage: Destroyed live tcp sockets for uids={10301} in 8ms
12-13 16:36:59.178  2359  2359 E afehal  : to enter IDLE mode , Interval=120/2800/0/1
12-13 16:36:59.178  2359  2359 I aptouch_daemon: change_to_idlemode, enter idle, ret=0x0000
12-13 16:36:59.182  2510  4794 D ActivityManager: freezing 24809 com.hihonor.appmarket
12-13 16:36:59.189  2359  2359 I aptouch_daemon: check_idle_status, idle in. 300
12-13 16:36:59.192  2510  6242 D InetDiagMessage: Destroyed 0 sockets, proto=IPPROTO_TCP, family=AF_INET, states=14
12-13 16:36:59.195  2510  6242 D InetDiagMessage: Destroyed 0 sockets, proto=IPPROTO_TCP, family=AF_INET6, states=14
12-13 16:36:59.196  2510  6242 D InetDiagMessage: Destroyed live tcp sockets for uids={10032} in 7ms
12-13 16:36:59.252  2510  6210 I WifiEnhanceMonitor: getPrimaryWifiInfo: primaryWifiInfo from WifiManager
12-13 16:36:59.314  2152 30998 I sensors-hal: handle_sns_std_sensor_event:150, ambient_light_event: ts=2202479673459925, lux = 134, raw_adc=219, raw_2=262
12-13 16:36:59.363  2510  4794 D ActivityManager: freezing 18856 com.hihonor.android.pushagent
12-13 16:36:59.371  2510  6242 D InetDiagMessage: Destroyed 0 sockets, proto=IPPROTO_TCP, family=AF_INET, states=14
12-13 16:36:59.375  2510  6242 D InetDiagMessage: Destroyed 0 sockets, proto=IPPROTO_TCP, family=AF_INET6, states=14
12-13 16:36:59.376  2510  6242 D InetDiagMessage: Destroyed live tcp sockets for uids={10047} in 8ms
12-13 16:36:59.433  2253  2377 W ServiceManagerCppClient: Waited one second for vendor.qti.qhcp.IQHDC/default (is service started? Number of threads started in the threadpool: 2. Are binder threads started and available?)
12-13 16:36:59.439   983 31481 W libc    : Unable to set property "ctl.interface_start" to "aidl/vendor.qti.qhcp.IQHDC/default": PROP_ERROR_HANDLE_CONTROL_MESSAGE (0x20)
12-13 16:36:59.490  2510  6210 I WifiNetworkStatsMonitor: total/4551/4496,com.tencent.mm/4551/4368,com.hihonor.appmarket/0/128,unknown:0/0/0,com.autocountsoft.payroll/0/0,unknown:-5/0/0,com.hihonor.mediamaterial/0/0,authenticator.two.factor.authentication.otp/0/0,com.hihonor.android.launcher/0/0,com.openai.chatgpt/0/0,com.cimb.cimbocto/0/0
12-13 16:36:59.490  2510  6210 D WifiEnhanceHomeFenceMonitor: registerHomeAwarenessFence, register back home fence.
12-13 16:36:59.491  2510  6210 I WifiEnhanceHomeFenceMonitor: processBackHomeFence, add back home fence , id : WifiEnhanceHomeFenceMonitor_backHomeFence
12-13 16:36:59.491  2510  6210 D WifiEnhanceHomeFenceMonitor: registerHomeAwarenessFence, register leave home fence.
12-13 16:36:59.492  2510  6210 I WifiEnhanceHomeFenceMonitor: processLeaveHomeFence, add leave home fence , id : WifiEnhanceHomeFenceMonitor_leaveHomeFence
12-13 16:36:59.492  2510  8336 I AwarenessClient: wait result,type=register_fence_by_listener,rId=569d5d0a-244b-42b4-b840-75e6e3f26aaa,key=WifiEnhanceHomeFenceMonitor_backHomeFence,isNeedCache=true,sysApp=true
12-13 16:36:59.494 23707  2954 I AWARENESS_E_D_P: regByListener rId=569d5d0a-244b-42b4-b840-75e6e3f26aaa,key=WifiEnhanceHomeFenceMonitor_backHomeFence
12-13 16:36:59.494 23707 23906 I AWARENESS_MFenceFF: c:LocationFence
12-13 16:36:59.494 23707 23906 I AWARENESS_MFenceFF: not support fence, LocationFence
12-13 16:36:59.495 23707 23906 E AWARENESS_ManagedFenceList: createFence fail, AwarenessFence{key='WifiEnhanceHomeFenceMonitor_backHomeFence', type='LocationFence}
12-13 16:36:59.495  2510  8336 I AwarenessClient: wait result,type=register_fence_by_listener,rId=4ca42456-639b-41b8-8bc6-ac7298cf6f45,key=WifiEnhanceHomeFenceMonitor_leaveHomeFence,isNeedCache=true,sysApp=true
12-13 16:36:59.496 23707  2954 I AWARENESS_E_D_P: regByListener rId=4ca42456-639b-41b8-8bc6-ac7298cf6f45,key=WifiEnhanceHomeFenceMonitor_leaveHomeFence
12-13 16:36:59.496 23707 23896 I AWARENESS_MFenceFF: c:LocationFence
12-13 16:36:59.496 23707 23896 I AWARENESS_MFenceFF: not support fence, LocationFence
12-13 16:36:59.496  2510  8336 I WifiEnhanceHomeFenceMonitor: mHomeFenceConnectListener, on result, key = WifiEnhanceHomeFenceMonitor_backHomeFence , code = 0
12-13 16:36:59.496 23707 23896 E AWARENESS_ManagedFenceList: createFence fail, AwarenessFence{key='WifiEnhanceHomeFenceMonitor_leaveHomeFence', type='LocationFence}
12-13 16:36:59.496  2510  8336 I AwarenessClient: handle wait rm for WifiEnhanceHomeFenceMonitor_backHomeFence
12-13 16:36:59.496  2510  8336 I AwarenessClient: dispatch no cached for WifiEnhanceHomeFenceMonitor_backHomeFence
12-13 16:36:59.497 23707 23906 I AWARENESS_D_P_InquiryProviderCallExecMethod: invoke begin, calling pkg name: com.hihonor.awareness
12-13 16:36:59.497  2510  8336 I WifiEnhanceHomeFenceMonitor: mHomeFenceConnectListener, on result, key = WifiEnhanceHomeFenceMonitor_leaveHomeFence , code = 0
12-13 16:36:59.497 23707 23906 W AWARENESS_D_P_DataQueryComponentContainer: null supplier for: queryCityCode
12-13 16:36:59.497  2510  8336 I AwarenessClient: handle wait rm for WifiEnhanceHomeFenceMonitor_leaveHomeFence
12-13 16:36:59.497 23707 23906 I AWARENESS_D_P_InquiryProviderCallExecMethod: invoke duration is 0
12-13 16:36:59.497  2510  8336 I AwarenessClient: dispatch no cached for WifiEnhanceHomeFenceMonitor_leaveHomeFence
12-13 16:36:59.497 23707 23906 W Intelli_Analytics_DpIQCacheHelper: inquiry value is null or invalid, refuse update cache
12-13 16:36:59.497 23707 23896 I AWARENESS_D_P_InquiryProviderCallExecMethod: invoke begin, calling pkg name: com.hihonor.awareness
12-13 16:36:59.497 23707 23896 W AWARENESS_D_P_DataQueryComponentContainer: null supplier for: queryCityCode
12-13 16:36:59.498 23707 23896 I AWARENESS_D_P_InquiryProviderCallExecMethod: invoke duration is 1
12-13 16:36:59.498 23707 23896 W Intelli_Analytics_DpIQCacheHelper: inquiry value is null or invalid, refuse update cache
12-13 16:36:59.647  2152 30998 I sensors-hal: handle_sns_std_sensor_event:150, ambient_light_event: ts=2202480005461487, lux = 136, raw_adc=223, raw_2=262
12-13 16:36:59.654  2510  6266 D DeviceStorageMonitorService: Start to check the low storage threshold
12-13 16:36:59.658  2510  6266 I DeviceStorageMonitorService: totalBytes:237548601344; usableBytes: 192533078016
12-13 16:36:59.658  2510  6266 D DeviceStorageMonitorService: updateNotifications  oldLevel:0,newLevel0
