12-13 17:21:15.769  2510  2787 V LocalDisplayAdapter: getDisplayDeviceInfoLocked called,720x1610, 720x1610displayCutout DisplayCutout{insets=Rect(0, 74 - 0, 0) waterfall=Insets{left=0, top=0, right=0, bottom=0} decoRect=null decoSafeInset=null boundingRect={Bounds=[Rect(0, 0 - 0, 0), Rect(336, 0 - 384, 74), Rect(0, 0 - 0, 0), Rect(0, 0 - 0, 0)]} cutoutPathParserInfo={CutoutPathParserInfo{displayWidth=720 displayHeight=1610 physicalDisplayWidth=720 physicalDisplayHeight=1610 density={2.0} cutoutSpec={M-24,0h48v74h-24z} rotation={0} scale={1.0} physicalPixelDisplaySizeRatio={1.0}}} sideOverrides={}}, roundedCorners RoundedCorners{[RoundedCorner{position=TopLeft, radius=64, center=Point(64, 64)}, RoundedCorner{position=TopRight, radius=64, center=Point(656, 64)}, RoundedCorner{position=BottomRight, radius=64, center=Point(656, 1546)}, RoundedCorner{position=BottomLeft, radius=64, center=Point(64, 1546)}]}
12-13 17:21:15.773  2510  2784 E SystemGestures: The HwFoldScreenManagerInternal is null.
12-13 17:21:15.775  2510  2784 I LogicalDisplay: configureDisplayLocked mTempLayerStackRect=Rect(0, 0 - 720, 1610) mTempDisplayRect=Rect(0, 0 - 720, 1610) orientation = 0 mDisplayId=0
12-13 17:21:15.775  2510  2784 I HwActivityTaskSupervisorEx: handleVrDisplayChanged displayId = 0
12-13 17:21:15.775  2510  2510 I DE J DES: [effect] Not update Display State for displayengine current state is 2 now state is 1
12-13 17:21:15.776  2510  2784 W HwActivityTaskSupervisorEx: handleVrDisplayChanged other vr mode displayId: 0
12-13 17:21:15.778  2510  2510 I HwMultiDisplayManager: onDisplayChanged: 0
12-13 17:21:15.779  6647  6647 I VRI[MainActivity]: send MSG_WINDOW_FOCUS_CHANGED msg
12-13 17:21:15.780  2510  3143 I DisplayBrightnessController: brightness = -1.0
12-13 17:21:15.780  2510  3143 I HwNormalizedAutomaticBrightnessController: isLightSensorEnabled=falsemLightSensorEnabledfalse
12-13 17:21:15.780  2510  3143 I DisplayPowerController[0]: mAutomaticBrightnessController.configure start enter from there.brightnessState=-1.0
12-13 17:21:15.780  2510  3143 I HwNormalizedRampAnimator: useHealthEyeAnimationTimeEnable=false
12-13 17:21:15.781  2510  3143 E HwNormalizedAutomaticBrightnessController: mDarkAdaptDetector is null, dark adapt may not enable
12-13 17:21:15.781  2510  3143 D HwNormalizedRampAnimator: darkAdaptDimmingMode: 0
12-13 17:21:15.781  2510  3143 I DisplayPowerController[0]: Animating brightness: target=0.0, rate=0.0, newTarget=-1.0, newSdrTarget=-1.0, newLocalTarget=-1.0, brightnessFloat255=0.0, AutoBrightnessEnable=false, mDisplayStatePolicy: 2
12-13 17:21:15.781  2510  3143 I BatteryStatsService: mLastBrightness equals brightness. value: 0
12-13 17:21:15.781  2510  3143 D BrightnessThermalClamper: Thermal status observer already started
12-13 17:21:15.781  2510  3143 D BrightnessPowerClamper: Power throttling data is missing for configuration data.
12-13 17:21:15.782  2510  3143 I PowerManagerService: finishWakefulnessChangeIfNeededLocked IS_SUPPORT_AP: true
12-13 17:21:15.782  2510  3143 I PowerManagerService: don't wait until dream has enabled dozing at Ap Aod solution
12-13 17:21:15.782  2510  3143 I PowerManagerService: Acquiring suspend blocker "PowerManagerService.Broadcasts".
12-13 17:21:15.785  2510  2510 I WallpaperManagerService: getWallpaperInfoWithFlags which:1
12-13 17:21:15.785  2510  2510 I WallpaperManagerService: getWallpaperInfoWithFlags wallpaper is null
12-13 17:21:15.786  2510  4709 W SettingsState: writeSingleSetting() get invalid item. version: 226, id: 41869, name: notify_update_data_change
12-13 17:21:15.792  2510  4821 D HwStorageManagerService: setScreenStateFlag
12-13 17:21:15.793  1111  1155 D vold    : begin lockScreenPrepare
12-13 17:21:15.793  1111  1155 D vold    : FscryptLockScreenPrepare flag is: 1 userId:0
12-13 17:21:15.795  2510  4821 I PowerManagerService: wakeLock.mDisabled:false, mDeviceIdleMode:false, mProcState:0
12-13 17:21:15.795  2510  4821 I PowerManagerService: need acquire WakeLockSuspendBlocker
12-13 17:21:15.795  2510  4821 I PowerManagerService: Acquiring suspend blocker "PowerManagerService.WakeLocks".
12-13 17:21:15.797  2510  3143 I DreamManagerService: Entering dreamland.
12-13 17:21:15.797  2510  3143 I PowerManagerService: wakeLock.mDisabled:false, mDeviceIdleMode:false, mProcState:0
12-13 17:21:15.799  2510  3143 I HwAodManagerService: configTpInApMode aodState:104
12-13 17:21:15.799  2510  3143 I PowerManagerService: Dozing...
12-13 17:21:15.801  2510  4821 E HwResolverManager: Could not found app: com.hihonor.pcassistant
12-13 17:21:15.803  2510  4821 I PowerManagerService: wakeLock.mDisabled:false, mDeviceIdleMode:false, mProcState:0
12-13 17:21:15.804  2510  4821 I PowerManagerService: need release DisplaySuspendBlocker
12-13 17:21:15.804  2510  4821 I PowerManagerService: Releasing suspend blocker "PowerManagerService.Display".
12-13 17:21:15.804  2510  2783 I DreamController: Starting dream: name=ComponentInfo{com.hihonor.aod/com.hihonor.aod.doze.DozeService}, isPreviewMode=false, canDoze=true, userId=0, reason='power manager request'
12-13 17:21:15.807  2510  2783 E ProcessInfoCollector: getProcessInfo: failed to find this proc: 2510
12-13 17:21:15.808  2510  7022 I HwPhoneWindowManager: onShowingChangedL: true
12-13 17:21:15.808  2510  7083 I PowerManagerService: wakeLock.mDisabled:false, mDeviceIdleMode:false, mProcState:0
12-13 17:21:15.809  2510  7083 W ProcBatteryStats: timer is running , not start, name: com.android.phone, uid: 1001, tag: *telephony-radio*
12-13 17:21:15.812  2510  2510 D TrustManagerService: handler: 6
12-13 17:21:15.812  2510  2510 I BiometricUtils: getRealUserId, callinguserid is 0, and realUserId is 0
12-13 17:21:15.813  2510  2510 I BiometricService: getAuthenticatorIds getRealUserId
12-13 17:21:15.814  2510  2510 I BiometricService: sensorId 0, authenticatorId is 9548
12-13 17:21:15.817  1247  7277 I keystore2: system/security/keystore2/src/authorization.rs:155 - on_device_locked(user_id=0, unlocking_sids=[3538812500138890568], weak_unlock_enabled=false)
12-13 17:21:15.825  2510  7080 W ProcBatteryStats: timer is not running , not stop, name: com.android.phone, uid: 1001, tag: *telephony-radio*
12-13 17:21:15.828  2510  4821 W ActivityManager: Receiver with filter android.content.IntentFilter@813049c already registered for pid 9024, callerPackage is com.hihonor.aod
12-13 17:21:15.830  2510  7022 W ActivityManager: Receiver with filter android.content.IntentFilter@299ce88 already registered for pid 9024, callerPackage is com.hihonor.aod
12-13 17:21:15.832  2510  4859 D HwActivityManagerServiceEx: getPackageNameForPid callingAppId: 1000
12-13 17:21:15.833  2510  4859 D HwActivityManagerServiceEx: notifyAppToTop pid:6493, enable:1
12-13 17:21:15.834  2510  4859 D HwActivityManagerServiceEx: notifyAppToTop pid:6647, enable:0
12-13 17:21:15.834  6647  6647 D RtgSched: resetRtgSchedHandle failed enable:0
12-13 17:21:15.843  1247  7277 I keystore2: vendor/honor/system/base/system/security/keystore2/keystore_debug/honor_keystore_database_log.rs:36 - "keystore2/src/database.rs".name="system_server" in "with_transaction" pid=2510
12-13 17:21:15.845  9024  9024 I DreamService[DozeService]: finish(): mFinished=false,callers=com.hihonor.aod.doze.DozeService.checkAllowedEnterAod:913 com.hihonor.aod.doze.DozeService.onCreate:815 android.app.ActivityThread.handleCreateService:5986 android.app.ActivityThread.-$$Nest$mhandleCreateService:0 android.app.ActivityThread$H.handleMessage:3148 
12-13 17:21:15.847  1247  7277 I keystore2: system/security/keystore2/src/super_key.rs:976 - UnlockedDeviceRequired super keys for user 0 are biometric-encrypted.
12-13 17:21:15.847  1247 19193 I keystore2: vendor/honor/system/base/system/security/keystore2/keystore_debug/honor_keystore_database_log.rs:36 - "keystore2/src/database.rs".name="/system/bin/keystore2" in "with_transaction" pid=1247
12-13 17:21:15.848  2510  2510 I TrustManagerService: setDeviceLockedForUser time: 35ms
12-13 17:21:15.850  2510  4990 D InputMethodManagerService: IME window vis: 0 active: 0 inv: 0 displayId: 0
12-13 17:21:15.851  2510  2510 I DE J DES: [effect] BroadcastReceiver.onReceive() action:android.intent.action.SCREEN_OFF
12-13 17:21:15.851  2510  2510 I DE J HwBrightnessSceneRecognition: [effect] support game assist 2.0 isSupport= false
12-13 17:21:15.851  2510  2787 I StorageManagerService: onKeyguardStateChanged true
12-13 17:21:15.851  2510  2510 I DE J DES: [effect] is not super wall paper theme, normal screen off.
12-13 17:21:15.851  2510  2510 I DE J DES: [effect] handleBroadcastScreenOffInner display state is 1
12-13 17:21:15.851  2510  6330 I DE J DES: [effect] setScene(10, 17
12-13 17:21:15.852  2510  7083 I KeyguardStateMonitor: onPendingLock pendingLock: false
12-13 17:21:15.852  2510  2783 I DreamController: attach to DreamService
12-13 17:21:15.853  9024  9044 I DreamService: DreamServiceWrapper#attach post
12-13 17:21:15.854  2510  2510 I DE J DES: [effect] SuperSdr2hdr no need change
12-13 17:21:15.854  2510  2510 I DE J DES: [effect] Invalid Action!
12-13 17:21:15.854  2510  2510 I DE J DES: [effect] DeSaturationStatus: false, action: 17
12-13 17:21:15.854  9024  9024 I DreamService: DreamServiceWrapper#attach run
12-13 17:21:15.854  9024  9024 W DreamService[DozeService]: attach() called after dream already finished
12-13 17:21:15.854  2510  7090 I DreamManagerService: Leaving dreamland.
12-13 17:21:15.855  2510  2783 I DreamController: Stopping dream: name=ComponentInfo{com.hihonor.aod/com.hihonor.aod.doze.DozeService}, isPreviewMode=false, canDoze=true, userId=0, reason='finished self'
12-13 17:21:15.856  9024  9024 I DreamService[DozeService]: finish(): mFinished=true,callers=android.service.dreams.DreamService.detach:1469 android.service.dreams.DreamService.-$$Nest$mdetach:0 android.service.dreams.DreamService$DreamServiceWrapper.$r8$lambda$1LeV6PgvJQarx7-tBMQHBSWLLCM:0 android.service.dreams.DreamService$DreamServiceWrapper$$ExternalSyntheticLambda1.run:0 android.os.Handler.handleCallback:997 
12-13 17:21:15.859  2510  3143 I PowerManagerService: Not support aod, update the power state to sleep.
12-13 17:21:15.859  2510  3143 I PowerGroup: Sleeping power group (groupId=0, uid=1000, reason=timeout)...
12-13 17:21:15.859  2510  3143 I PowerManagerService: Sleeping (uid 1000)...
12-13 17:21:15.859  9024  9024 I DreamService[DozeService]: finish(): mFinished=true,callers=android.service.dreams.DreamService.detach:1469 android.service.dreams.DreamService.onDestroy:1372 com.hihonor.aod.doze.DozeService.onDestroy:1036 android.app.ActivityThread.handleStopService:6196 android.app.ActivityThread.-$$Nest$mhandleStopService:0 
12-13 17:21:15.866  2510  2510 I SWAP_SCENE: Entering notifySceneData notifySceneData. EventType:SCREEN_OFF para:
12-13 17:21:15.869  2510  8271 D SWAP_GkiKernelInterface: set buffer success, buffer: 1300, low: 1250, high: 1350, reserve: 400
12-13 17:21:15.871  1247 19193 I keystore2: vendor/honor/system/base/system/security/keystore2/keystore_debug/honor_keystore_database_log.rs:36 - "keystore2/src/database.rs".name="/system/bin/keystore2" in "with_transaction" pid=1247
12-13 17:21:15.873  2510  2510 I HwBatteryService: intent = Intent { act=android.intent.action.SCREEN_OFF flg=0x58200010 }
12-13 17:21:15.884  2510  2510 D HwMultiWindowSwitchMngr: handleRemoveHotAreaWhenScreenOff null
12-13 17:21:15.885  2510  7024 I PowerManagerService: need release WakeLockSuspendBlocker
12-13 17:21:15.885  2510  7024 I PowerManagerService: Releasing suspend blocker "PowerManagerService.WakeLocks".
12-13 17:21:15.887  2510  2510 I HnGestureActionListener: state change:android.intent.action.SCREEN_OFF
12-13 17:21:15.891  2510  5004 I HwStorageManagerService: Receive broadcast is android.intent.action.SCREEN_OFF
12-13 17:21:15.891  2510  5004 I FstrimServiceIdler: setScreenOnfalse
12-13 17:21:15.891  2510  5004 I FstrimServiceIdler:  begin scheduleFstrim, mFstrimPending=true
12-13 17:21:15.891  2510  5004 I FstrimServiceIdler: persist.sys.fsantiaging.enable :true
12-13 17:21:15.891  2510  5004 I FstrimServiceIdler: the latencytime is 300000
12-13 17:21:15.892  2510  5004 D CompatChangeReporter: Compat change id reported: 253665015; UID 1000; state: ENABLED
12-13 17:21:15.893  6963  7325 W ContextImpl: Calling a method in the system process without a qualified user: android.app.ContextImpl.startService:2064 android.content.ContextWrapper.startService:827 com.hihonor.systemmanager.spacecleanner.service.b.a:176 com.hihonor.systemmanager.spacecleanner.service.a.a:174 com.hihonor.component.broadcast.b.invokeSuspend:11 
12-13 17:21:15.895  2510  7084 I PowerManagerService: wakeLock.mDisabled:false, mDeviceIdleMode:false, mProcState:0
12-13 17:21:15.895  2510  7084 I PowerManagerService: need acquire WakeLockSuspendBlocker
12-13 17:21:15.895  2510  7084 I PowerManagerService: Acquiring suspend blocker "PowerManagerService.WakeLocks".
12-13 17:21:15.896  2510  5004 D CompatChangeReporter: Compat change id reported: 311402873; UID 1000; state: ENABLED
12-13 17:21:15.898  2510  5004 D CompatChangeReporter: Compat change id reported: 323349338; UID 1000; state: ENABLED
12-13 17:21:15.901  2510  7078 I PowerManagerService: wakeLock.mDisabled:false, mDeviceIdleMode:false, mProcState:0
12-13 17:21:15.902  2510  7078 W ProcBatteryStats: timer is running , not start, name: com.hihonor.android.chr, uid: 1000, tag: RilRequestManager
12-13 17:21:15.906  2510  6977 W ActivityManager: Receiver with filter android.content.IntentFilter@467e964 already registered for pid 6963, callerPackage is com.hihonor.systemmanager
12-13 17:21:15.908  2510  7090 W ProcBatteryStats: timer is not running , not stop, name: com.hihonor.android.chr, uid: 1000, tag: RilRequestManager
12-13 17:21:15.908  2510  7090 I PowerManagerService: need release WakeLockSuspendBlocker
12-13 17:21:15.908  2510  7090 I PowerManagerService: Releasing suspend blocker "PowerManagerService.WakeLocks".
12-13 17:21:15.909  2510  7833 I StatusBarDisable: setFlags what=3600000 which=1 pkg=com.android.systemui
12-13 17:21:15.909  2510  7833 I StatusBarManagerService: gatherDisableActionsLocked userId=0 which: 1 mDisableRecords: [userId=0 what1=0x03600000 what2=0x00000000 pkg=com.android.systemui token=android.os.BinderProxy@b307cd]
12-13 17:21:15.909  2510  7833 I StatusBarManagerService: gatherDisableActionsLocked userId=0 which: 2 mDisableRecords: [userId=0 what1=0x03600000 what2=0x00000000 pkg=com.android.systemui token=android.os.BinderProxy@b307cd]
12-13 17:21:15.909  2510  7833 I StatusBarDisable: disableLocked mBar.disable net1=3600000 net2=0 pkg=com.android.systemui what=3600000 displayId: 0
12-13 17:21:15.909  2510  6446 W ActivityManager: Receiver with filter android.content.IntentFilter@e28f882 already registered for pid 6963, callerPackage is com.hihonor.systemmanager
12-13 17:21:15.911  2510  7084 W ActivityManager: Receiver with filter android.content.IntentFilter@9b59b93 already registered for pid 6963, callerPackage is com.hihonor.systemmanager
12-13 17:21:15.913  6493  6493 D FullScreenUtils: isNeedToHideStatusBar: splitscreenstate=0
12-13 17:21:15.918  2510  6343 I MR2ServiceImpl: Updating composite discovery preference | preference: RouteDiscoveryRequest{ preferredFeatures={}, activeScan=false }, active routers: []
12-13 17:21:15.921  2510  7090 I WindowManager: Policy visibility false: Window{f2284eb u0 InputMethod}
12-13 17:21:15.921  2510  7090 I WindowManager: Policy visibility false: Window{d0a9300 u0 ShellDropTarget}
12-13 17:21:15.921  2510  7090 I WindowManager: Changing focus from null to Window{8cdc227 u0 NotificationShade} mode 0 displayId=0
12-13 17:21:15.921  2510  7090 I WindowManager: removeLeash, the window position need update Window{533a248 u0 NavigationBar0}
12-13 17:21:15.922  2510  2783 I TouchScreenWrapperAidl: hwTsSetAftConfig service:vendor.honor.hardware.tp.ITouchscreen$Stub$Proxy@7e7e59b config:version:1+state:locked
12-13 17:21:15.922  2510  7090 I WindowManager: removeLeash, the window position need update Window{1aa3798 u0 StatusBar}
12-13 17:21:15.923  2510  7090 I HwDisplayPolicyEx: setStickImmersiveMode isStickHideNav = true
12-13 17:21:15.923  2510  7090 I HwDisplayContentEx: currentFocus windowstate not null
12-13 17:21:15.923  2510  7090 E ZrHung.AppEyeFocusWindow: cancel check
12-13 17:21:15.923  2510  7090 I HwDisplayContentEx: trans currentFocus windowstate not null
12-13 17:21:15.925  2510  2783 I TouchScreenWrapperAidl: hwTsSetAftConfig result:0
12-13 17:21:15.926  6493  6493 D FullScreenUtils: isNeedToHideStatusBar: splitscreenstate=0
12-13 17:21:15.927  6493  6493 D FullScreenUtils: isNeedToHideStatusBar: splitscreenstate=0
12-13 17:21:15.927  2510  2791 I WindowManager: Win Window{8cdc227 u0 NotificationShade}, animationWallpaper=false, hasWallpaper=true, w.isOnScreen()=true, w.isDrawFinishedLw()=false
12-13 17:21:15.945  2510  7833 I AlarmManager: remove alarm reason:1 alarms:[Alarm{1000b63 type 0 origWhen 1765617775928 whenElapsed 2205236288 PendingIntent{a2500fc: PendingIntentRecord{6f66385 com.hihonor.awareness broadcastIntent}} com.hihonor.awareness procName com.hihonor.awareness}]
12-13 17:21:15.956  2510  2791 I WindowManager: Win Window{8cdc227 u0 NotificationShade}, animationWallpaper=false, hasWallpaper=true, w.isOnScreen()=true, w.isDrawFinishedLw()=true
12-13 17:21:15.956  2510  2791 I WindowManager: New wallpaper target: Window{8cdc227 u0 NotificationShade} prevTarget: null
12-13 17:21:15.957  2510  2791 I WindowManager: Win Window{8cdc227 u0 NotificationShade}, animationWallpaper=false, hasWallpaper=true, w.isOnScreen()=true, w.isDrawFinishedLw()=true
12-13 17:21:15.963  2510  6229 I PowerManagerService: wakeLock.mDisabled:false, mDeviceIdleMode:false, mProcState:0
12-13 17:21:15.964  2510  6229 I PowerManagerService: need acquire WakeLockSuspendBlocker
12-13 17:21:15.964  2510  6229 I PowerManagerService: Acquiring suspend blocker "PowerManagerService.WakeLocks".
12-13 17:21:15.968  6493  6493 D FullScreenUtils: isNeedToHideStatusBar: splitscreenstate=0
12-13 17:21:15.973  6493  6493 I RtgSchedEvent: current pid:6493 AppType:-1
12-13 17:21:15.975  2510  6229 I PowerManagerService: need release WakeLockSuspendBlocker
12-13 17:21:15.976  2510  6229 I PowerManagerService: Releasing suspend blocker "PowerManagerService.WakeLocks".
12-13 17:21:15.977  2510  4689 I UsageStatsService: Receive system dreaming broadcast and send message to save data
12-13 17:21:15.977  2510  4689 I UsageStatsService: User[0] Flushing usage stats to disk
12-13 17:21:15.977  6493  6493 I VRI[NotificationShade]: send MSG_WINDOW_FOCUS_CHANGED msg
12-13 17:21:15.983  6493  6493 D FullScreenUtils: isNeedToHideStatusBar: splitscreenstate=0
12-13 17:21:15.984  2510  7078 E HwResolverManager: Could not found app: com.hihonor.pcassistant
12-13 17:21:15.985  2510  2784 I HwPhoneWindowManager: OverscanTimeout run
12-13 17:21:15.990  2510  7084 I PowerManagerService: wakeLock.mDisabled:false, mDeviceIdleMode:false, mProcState:0
12-13 17:21:15.991  2510  7084 I PowerManagerService: need acquire WakeLockSuspendBlocker
12-13 17:21:15.991  2510  7084 I PowerManagerService: Acquiring suspend blocker "PowerManagerService.WakeLocks".
12-13 17:21:15.994  6493  6493 D FullScreenUtils: isNeedToHideStatusBar: splitscreenstate=0
12-13 17:21:15.994  2510  2791 I WindowManager: Win Window{8cdc227 u0 NotificationShade}, animationWallpaper=false, hasWallpaper=true, w.isOnScreen()=true, w.isDrawFinishedLw()=true
12-13 17:21:16.003  2510  2784 I TouchScreenWrapperAidl: hwTsRunCommand service:vendor.honor.hardware.tp.ITouchscreen$Stub$Proxy@3c61481 command:THP_InformStatusBarStatus parameter:android.uid.system:1000#1 callback:com.android.server.input.HwInputManagerServiceEx$$ExternalSyntheticLambda0@c15920a mCallback:com.android.server.input.tp.TouchScreenCallbackAidl@4121967
12-13 17:21:16.016  2510  6446 I PowerManagerService: need release WakeLockSuspendBlocker
12-13 17:21:16.016  2510  6446 I PowerManagerService: Releasing suspend blocker "PowerManagerService.WakeLocks".
12-13 17:21:16.023  2510  4709 W SettingsState: writeSingleSetting() get invalid item. version: 226, id: 139831, name: single_hand_switch
12-13 17:21:16.024  2510  4674 I PowerManagerService: wakeLock.mDisabled:false, mDeviceIdleMode:false, mProcState:5
12-13 17:21:16.025  2510  4674 I PowerManagerService: need acquire WakeLockSuspendBlocker
12-13 17:21:16.025  2510  4674 I PowerManagerService: Acquiring suspend blocker "PowerManagerService.WakeLocks".
12-13 17:21:16.031  2510  7090 I PowerManagerService: need release WakeLockSuspendBlocker
12-13 17:21:16.032  2510  7090 I PowerManagerService: Releasing suspend blocker "PowerManagerService.WakeLocks".
12-13 17:21:16.050  2510  2859 I HwActivityTaskManagerServiceEx: OverscanTimeout run
12-13 17:21:16.107  2510  4689 I UsageStatsService: Send delay message to save data
12-13 17:21:16.185  2510  2783 I PowerManagerService: Releasing suspend blocker "PowerManagerService.Broadcasts".
12-13 17:21:16.560  2510  2787 I TransitionController: first create transition: TransitionRecord{7b885c5 id=-1 type=SLEEP flags=0x0}, caller: android.os.Handler.dispatchMessage:118 android.os.Looper.loopOnce:237 android.os.Looper.loop:325 android.os.HandlerThread.run:85 com.android.server.ServiceThread.run:46 
12-13 17:21:16.561  2510  7091 I PowerManagerService: wakeLock.mDisabled:false, mDeviceIdleMode:false, mProcState:0
12-13 17:21:16.561  2510  7091 I PowerManagerService: need acquire WakeLockSuspendBlocker
12-13 17:21:16.562  2510  7091 I PowerManagerService: Acquiring suspend blocker "PowerManagerService.WakeLocks".
12-13 17:21:16.562  6493  6605 V WindowManagerShell: Transition requested (#15983): android.os.BinderProxy@3354f19 TransitionRequestInfo { type = SLEEP, triggerTask = null, pipTask = null, remoteTransition = null, displayChange = null, flags = 0, debugId = 15983, displayMode = 0, hnTransitionRequestInfoEx = HnTransitionRequestInfoEx { isAllowAsyncStartTransitionfalsemIsCrossAppLaunchfalse} }
12-13 17:21:16.563  2510  2787 D HwMultiWindowManager: setParticialSplitScreenStatus: status=false, partialSplitTaskId=-1
12-13 17:21:16.566  2510  2783 V WindowManager: Sent Transition (#15983) createdAt=12-13 17:21:16.559 via request=TransitionRequestInfo { type = SLEEP, triggerTask = null, pipTask = null, remoteTransition = null, displayChange = null, flags = 0, debugId = 15983, displayMode = 0, hnTransitionRequestInfoEx = HnTransitionRequestInfoEx { isAllowAsyncStartTransitionfalsemIsCrossAppLaunchfalse} }
12-13 17:21:16.566  2510  2783 V WindowManager:     startWCT=null
12-13 17:21:16.566  6493  6736 V WindowManagerShell: onTransitionReady(transaction=10780368739683)
12-13 17:21:16.566  2510  2783 V WindowManager:     info={id=15983 t=SLEEP f=0x40 trk=0 includeEmbeddedWindow=false isKeyGuardLocked=true r=[] c=[]}
12-13 17:21:16.571  2510  7084 W WMTransition: Transition already started id=15983 state=2
12-13 17:21:16.572  6493  6605 V WindowManagerShell: onTransitionReady android.os.BinderProxy@3354f19: {id=15983 t=SLEEP f=0x40 trk=0 includeEmbeddedWindow=false isKeyGuardLocked=true r=[] c=[]}
12-13 17:21:16.572  6493  6605 I WindowManagerShell: No transition roots in (#15983) android.os.BinderProxy@3354f19@0 so abort
12-13 17:21:16.573  6493  6605 I ShellTransitions: Transition ready: (#15983) android.os.BinderProxy@3354f19@0 abort? true and playing: null
12-13 17:21:16.574  6493  6605 I ShellTransitions: Active animation finished=(#15983) android.os.BinderProxy@3354f19@0, merged=null, aborted=true
12-13 17:21:16.574  6493  6605 I HnFreeformController: freeform_tag, removeRecentsTransition: android.os.BinderProxy@3354f19
12-13 17:21:16.574  6493  6605 I HnFreeformController: freeform_tag, setRecentsTransitionToHome transition: android.os.BinderProxy@3354f19, toHome: false
12-13 17:21:16.574  6493  6605 V WindowManagerShell: Transition animation finished (aborted=true), notifying core (#15983) android.os.BinderProxy@3354f19@0
12-13 17:21:16.576  2510  2579 I TransitionController: finishTransition TransitionRecord{7b885c5 id=15983 type=SLEEP flags=0x40}
12-13 17:21:16.576  2510  7091 I PowerManagerService: wakeLock.mDisabled:false, mDeviceIdleMode:false, mProcState:0
12-13 17:21:16.577  2510  2579 D HnMultiWindowAnimation: getDoingHnAnimType: 0
12-13 17:21:16.577  2510  2579 E HWMW_HwMagicWindowManagerImpl: service has not been started
12-13 17:21:16.578  2510  2783 V WindowManager: Finish Transition (#15983): created at 12-13 17:21:16.559 collect-started=0.768ms request-sent=0.977ms started=2.607ms ready=2.596ms sent=3.273ms finished=16.362ms
12-13 17:21:16.578  6493  6605 I WindowManagerShell: Track 0 became idle
12-13 17:21:16.578  6493  6605 I WindowManagerShell: All active transition animations finished
12-13 17:21:16.579  2510  7084 I BLASTSyncEngine: transaction commit callback: 15983
12-13 17:21:16.579  2510  7091 W ProcBatteryStats: timer is running , not start, name: com.android.phone, uid: 1001, tag: *telephony-radio*
12-13 17:21:16.581  2510  7087 W UserManagerService: Requested status bar icon for non-badged user 0
12-13 17:21:16.588  2510  2579 W ProcBatteryStats: timer is not running , not stop, name: com.android.phone, uid: 1001, tag: *telephony-radio*
12-13 17:21:16.590  2510  2579 I PowerManagerService: need release WakeLockSuspendBlocker
12-13 17:21:16.590  2510  2579 I PowerManagerService: Releasing suspend blocker "PowerManagerService.WakeLocks".
12-13 17:21:17.339  2510  6343 I MR2ServiceImpl: Updating composite discovery preference | preference: RouteDiscoveryRequest{ preferredFeatures={}, activeScan=false }, active routers: []
12-13 17:21:17.440  2510  2793 I AppEyeFwkBlock: do monitor
12-13 17:21:17.836  2510  4794 D ActivityManager: freezing 18435 com.google.android.googlequicksearchbox:search
12-13 17:21:19.740  2510  4682 I HwBatteryService: power_ui state= 1 mQuickChargeStatus=1
12-13 17:21:19.741  2510  4682 I HwBatteryService: handleWirelessTxStatus
12-13 17:21:19.741  2510  4682 I HwBatteryService: switch not open, return, mWirelessTxFlag : 0
12-13 17:21:19.741  2510  4682 W HwBatteryService: need return. Invalid value: -1
12-13 17:21:19.741  2510  4682 D HwBatteryService: setHwChargeTimeRemaining, time = -1 String time: -1
12-13 17:21:19.753  2510  2579 I BatteryService: Processing new values: info={chargerAcOnline=false,chargerUsbOnline=true,chargerWirelessOnline=false,maxChargingCurrent=500000,maxChargingVoltage=5000000,batteryStatus=2=CHARGING,batteryHealth=2=GOOD,batteryPresent=true,batteryLevel=66,batteryVoltage=4086,batteryTemperature=323,batteryFullCharge=6590000,batteryChargeCounter=3500000,batteryTechnology=Unknown,batteryCapacityLevel=3=NORMAL,chargerDockOnline=false}, mBatteryLevelCritical=false, mPlugType=2, mLastPlugType=2
12-13 17:21:19.754  2510  2579 I BatteryService: check conditions changed
12-13 17:21:19.758  2510  2579 I BatteryService: Processing new values: info={chargerAcOnline=false,chargerUsbOnline=true,chargerWirelessOnline=false,maxChargingCurrent=500000,maxChargingVoltage=5000000,batteryStatus=2=CHARGING,batteryHealth=2=GOOD,batteryPresent=true,batteryLevel=66,batteryVoltage=4086,batteryTemperature=323,batteryFullCharge=6590000,batteryChargeCounter=3500000,batteryTechnology=Unknown,batteryCapacityLevel=3=NORMAL,chargerDockOnline=false}, mBatteryLevelCritical=false, mPlugType=2, mLastPlugType=2
12-13 17:21:19.758  2510  2579 I BatteryService: check conditions changed
12-13 17:21:20.212  2510  7087 I AlarmManager: remove alarm reason:1 alarms:[Alarm{e5b2c27 type 3 origWhen 317565133541 whenElapsed 317565133541 PendingIntent{341984f: PendingIntentRecord{b701bdc com.google.android.gms/com.google.android.gms.container startService}} com.google.android.gms procName com.google.android.gms.persistent}]
12-13 17:21:20.884  2510  4859 D HwActivityManagerServiceEx: notifyAppToTop pid:6493, enable:0
12-13 17:21:20.888  6493  6493 D RtgSched: resetRtgSchedHandle failed enable:0
12-13 17:21:22.525  2510  2795 W Watchdog: waitState=[0] waitedHalf=[false]
12-13 17:21:22.526  2510  2795 W Watchdog: watchdogKick kickCounter=[150]
12-13 17:21:23.223  2510  4794 D ActivityManager: freezing 19092 todolist.scheduleplanner.dailyplanner.todo.reminders
12-13 17:21:23.441  2510  2793 I AppEyeFwkBlock: do monitor
12-13 17:21:26.371  1247 19188 I keystore2: system/security/keystore2/watchdog/src/lib.rs:319 - Watchdog thread idle -> terminating. Have a great day.
12-13 17:21:27.911  2510  4682 I HwBatteryService: power_ui state= 1 mQuickChargeStatus=1
12-13 17:21:27.912  2510  4682 I HwBatteryService: handleWirelessTxStatus
12-13 17:21:27.912  2510  4682 I HwBatteryService: switch not open, return, mWirelessTxFlag : 0
12-13 17:21:27.912  2510  4682 W HwBatteryService: need return. Invalid value: -1
12-13 17:21:27.912  2510  4682 D HwBatteryService: setHwChargeTimeRemaining, time = -1 String time: -1
12-13 17:21:27.922  2510  2579 I BatteryService: Processing new values: info={chargerAcOnline=false,chargerUsbOnline=true,chargerWirelessOnline=false,maxChargingCurrent=500000,maxChargingVoltage=5000000,batteryStatus=2=CHARGING,batteryHealth=2=GOOD,batteryPresent=true,batteryLevel=66,batteryVoltage=4086,batteryTemperature=323,batteryFullCharge=6590000,batteryChargeCounter=3500000,batteryTechnology=Unknown,batteryCapacityLevel=3=NORMAL,chargerDockOnline=false}, mBatteryLevelCritical=false, mPlugType=2, mLastPlugType=2
12-13 17:21:27.922  2510  2579 I BatteryService: check conditions changed
12-13 17:21:27.927  2510  2579 I BatteryService: Processing new values: info={chargerAcOnline=false,chargerUsbOnline=true,chargerWirelessOnline=false,maxChargingCurrent=500000,maxChargingVoltage=5000000,batteryStatus=2=CHARGING,batteryHealth=2=GOOD,batteryPresent=true,batteryLevel=66,batteryVoltage=4086,batteryTemperature=323,batteryFullCharge=6590000,batteryChargeCounter=3500000,batteryTechnology=Unknown,batteryCapacityLevel=3=NORMAL,chargerDockOnline=false}, mBatteryLevelCritical=false, mPlugType=2, mLastPlugType=2
12-13 17:21:27.928  2510  2579 I BatteryService: check conditions changed
12-13 17:21:28.260  2510  2579 W ProcessStats: Tracking association SourceState{623040 com.android.vending/10154 Top #1946960} whose proc state 1 is better than process ProcessState{ef1210b com.google.android.gms/10045 pkg=com.google.android.gms} proc state 4 (113 skipped)
12-13 17:21:29.442  2510  2793 I AppEyeFwkBlock: do monitor
12-13 17:21:35.442  2510  2793 I AppEyeFwkBlock: do monitor
12-13 17:21:35.930  2510  4823 I ActivityManager: sendIntentSender target:PendingIntentRecord{e605019 com.hihonor.awareness broadcastIntent}, intent:flg=0x4 hwFlg=0x110
12-13 17:21:35.932  2510  4823 I PowerManagerService: wakeLock.mDisabled:false, mDeviceIdleMode:false, mProcState:0
12-13 17:21:35.933  2510  4823 I PowerManagerService: need acquire WakeLockSuspendBlocker
12-13 17:21:35.934  2510  4823 I PowerManagerService: Acquiring suspend blocker "PowerManagerService.WakeLocks".
12-13 17:21:35.951  2510  2510 I PowerManagerService: need release WakeLockSuspendBlocker
12-13 17:21:35.951  2510  2510 I PowerManagerService: Releasing suspend blocker "PowerManagerService.WakeLocks".
12-13 17:21:36.086  2510  4682 I HwBatteryService: power_ui state= 1 mQuickChargeStatus=1
12-13 17:21:36.086  2510  4682 I HwBatteryService: handleWirelessTxStatus
12-13 17:21:36.086  2510  4682 I HwBatteryService: switch not open, return, mWirelessTxFlag : 0
12-13 17:21:36.086  2510  4682 W HwBatteryService: need return. Invalid value: -1
12-13 17:21:36.086  2510  4682 D HwBatteryService: setHwChargeTimeRemaining, time = -1 String time: -1
12-13 17:21:36.096  2510  2579 I BatteryService: Processing new values: info={chargerAcOnline=false,chargerUsbOnline=true,chargerWirelessOnline=false,maxChargingCurrent=500000,maxChargingVoltage=5000000,batteryStatus=2=CHARGING,batteryHealth=2=GOOD,batteryPresent=true,batteryLevel=66,batteryVoltage=4086,batteryTemperature=323,batteryFullCharge=6590000,batteryChargeCounter=3500000,batteryTechnology=Unknown,batteryCapacityLevel=3=NORMAL,chargerDockOnline=false}, mBatteryLevelCritical=false, mPlugType=2, mLastPlugType=2
12-13 17:21:36.097  2510  2579 I BatteryService: check conditions changed
12-13 17:21:36.101  2510  2579 I BatteryService: Processing new values: info={chargerAcOnline=false,chargerUsbOnline=true,chargerWirelessOnline=false,maxChargingCurrent=500000,maxChargingVoltage=5000000,batteryStatus=2=CHARGING,batteryHealth=2=GOOD,batteryPresent=true,batteryLevel=66,batteryVoltage=4086,batteryTemperature=323,batteryFullCharge=6590000,batteryChargeCounter=3500000,batteryTechnology=Unknown,batteryCapacityLevel=3=NORMAL,chargerDockOnline=false}, mBatteryLevelCritical=false, mPlugType=2, mLastPlugType=2
12-13 17:21:36.102  2510  2579 I BatteryService: check conditions changed
12-13 17:21:37.528  2510  2795 W Watchdog: waitState=[0] waitedHalf=[false]
12-13 17:21:37.528  2510  2795 W Watchdog: watchdogKick kickCounter=[150]
12-13 17:21:40.255  2633  3642 I storaged: storaged_t::event: storage_info refreshed.
12-13 17:21:41.052  2510  4794 D ActivityManager: freezing 26029 com.google.android.gms
12-13 17:21:41.114  2510  7080 I AlarmManager: remove alarm reason:1 alarms:[Alarm{24bf62b type 3 origWhen 317565153860 whenElapsed 317565153860 PendingIntent{8ff791f: PendingIntentRecord{8a8346c com.google.android.gms/com.google.android.gms.container startService}} com.google.android.gms procName com.google.android.gms.persistent}]
12-13 17:21:41.443  2510  2793 I AppEyeFwkBlock: do monitor
12-13 17:21:44.259  2510  4682 I HwBatteryService: power_ui state= 1 mQuickChargeStatus=1
12-13 17:21:44.259  2510  4682 I HwBatteryService: handleWirelessTxStatus
12-13 17:21:44.260  2510  4682 I HwBatteryService: switch not open, return, mWirelessTxFlag : 0
12-13 17:21:44.260  2510  4682 W HwBatteryService: need return. Invalid value: -1
12-13 17:21:44.260  2510  4682 D HwBatteryService: setHwChargeTimeRemaining, time = -1 String time: -1
12-13 17:21:44.271  2510  7078 I BatteryService: Processing new values: info={chargerAcOnline=false,chargerUsbOnline=true,chargerWirelessOnline=false,maxChargingCurrent=500000,maxChargingVoltage=5000000,batteryStatus=2=CHARGING,batteryHealth=2=GOOD,batteryPresent=true,batteryLevel=66,batteryVoltage=4087,batteryTemperature=323,batteryFullCharge=6590000,batteryChargeCounter=3500000,batteryTechnology=Unknown,batteryCapacityLevel=3=NORMAL,chargerDockOnline=false}, mBatteryLevelCritical=false, mPlugType=2, mLastPlugType=2
12-13 17:21:44.271  2510  7078 I BatteryService: check conditions changed
12-13 17:21:44.276  2510  7078 I BatteryService: Processing new values: info={chargerAcOnline=false,chargerUsbOnline=true,chargerWirelessOnline=false,maxChargingCurrent=500000,maxChargingVoltage=5000000,batteryStatus=2=CHARGING,batteryHealth=2=GOOD,batteryPresent=true,batteryLevel=66,batteryVoltage=4087,batteryTemperature=323,batteryFullCharge=6590000,batteryChargeCounter=3500000,batteryTechnology=Unknown,batteryCapacityLevel=3=NORMAL,chargerDockOnline=false}, mBatteryLevelCritical=false, mPlugType=2, mLastPlugType=2
12-13 17:21:44.276  2510  7078 I BatteryService: check conditions changed
12-13 17:21:44.413  2510  4682 I HwBatteryService: power_ui state= 1 mQuickChargeStatus=1
12-13 17:21:44.414  2510  4682 I HwBatteryService: handleWirelessTxStatus
12-13 17:21:44.414  2510  4682 I HwBatteryService: switch not open, return, mWirelessTxFlag : 0
12-13 17:21:44.414  2510  4682 W HwBatteryService: need return. Invalid value: -1
12-13 17:21:44.414  2510  4682 D HwBatteryService: setHwChargeTimeRemaining, time = -1 String time: -1
12-13 17:21:44.423  2510  4682 I HwBatteryService: power_ui state= 1 mQuickChargeStatus=1
12-13 17:21:44.423  2510  4682 I HwBatteryService: handleWirelessTxStatus
12-13 17:21:44.423  2510  4682 I HwBatteryService: switch not open, return, mWirelessTxFlag : 0
12-13 17:21:44.423  2510  4682 W HwBatteryService: need return. Invalid value: -1
12-13 17:21:44.423  2510  4682 D HwBatteryService: setHwChargeTimeRemaining, time = -1 String time: -1
12-13 17:21:44.426  2510  7078 I BatteryService: Processing new values: info={chargerAcOnline=false,chargerUsbOnline=true,chargerWirelessOnline=false,maxChargingCurrent=500000,maxChargingVoltage=5000000,batteryStatus=2=CHARGING,batteryHealth=2=GOOD,batteryPresent=true,batteryLevel=66,batteryVoltage=4087,batteryTemperature=323,batteryFullCharge=6590000,batteryChargeCounter=3500000,batteryTechnology=Unknown,batteryCapacityLevel=3=NORMAL,chargerDockOnline=false}, mBatteryLevelCritical=false, mPlugType=2, mLastPlugType=2
12-13 17:21:44.427  2510  7078 I BatteryService: check conditions changed
12-13 17:21:44.432  2510  7078 I BatteryService: Processing new values: info={chargerAcOnline=false,chargerUsbOnline=true,chargerWirelessOnline=false,maxChargingCurrent=500000,maxChargingVoltage=5000000,batteryStatus=2=CHARGING,batteryHealth=2=GOOD,batteryPresent=true,batteryLevel=66,batteryVoltage=4087,batteryTemperature=323,batteryFullCharge=6590000,batteryChargeCounter=3500000,batteryTechnology=Unknown,batteryCapacityLevel=3=NORMAL,chargerDockOnline=false}, mBatteryLevelCritical=false, mPlugType=2, mLastPlugType=2
12-13 17:21:44.432  2510  7078 I BatteryService: check conditions changed
12-13 17:21:44.438  2510  7078 I BatteryService: Processing new values: info={chargerAcOnline=false,chargerUsbOnline=true,chargerWirelessOnline=false,maxChargingCurrent=500000,maxChargingVoltage=5000000,batteryStatus=2=CHARGING,batteryHealth=2=GOOD,batteryPresent=true,batteryLevel=66,batteryVoltage=4087,batteryTemperature=323,batteryFullCharge=6590000,batteryChargeCounter=3500000,batteryTechnology=Unknown,batteryCapacityLevel=3=NORMAL,chargerDockOnline=false}, mBatteryLevelCritical=false, mPlugType=2, mLastPlugType=2
12-13 17:21:44.438  2510  7078 I BatteryService: check conditions changed
12-13 17:21:44.441  2510  7078 I BatteryService: Processing new values: info={chargerAcOnline=false,chargerUsbOnline=true,chargerWirelessOnline=false,maxChargingCurrent=500000,maxChargingVoltage=5000000,batteryStatus=2=CHARGING,batteryHealth=2=GOOD,batteryPresent=true,batteryLevel=66,batteryVoltage=4087,batteryTemperature=323,batteryFullCharge=6590000,batteryChargeCounter=3500000,batteryTechnology=Unknown,batteryCapacityLevel=3=NORMAL,chargerDockOnline=false}, mBatteryLevelCritical=false, mPlugType=2, mLastPlugType=2
12-13 17:21:44.442  2510  7078 I BatteryService: check conditions changed
12-13 17:21:45.930  2510  4823 I ActivityManager: sendIntentSender target:PendingIntentRecord{757909c com.hihonor.awareness broadcastIntent}, intent:flg=0x4 hwFlg=0x110
12-13 17:21:45.933  2510  4823 I PowerManagerService: wakeLock.mDisabled:false, mDeviceIdleMode:false, mProcState:0
12-13 17:21:45.934  2510  4823 I PowerManagerService: need acquire WakeLockSuspendBlocker
12-13 17:21:45.934  2510  4823 I PowerManagerService: Acquiring suspend blocker "PowerManagerService.WakeLocks".
12-13 17:21:45.945  2510  2510 I PowerManagerService: need release WakeLockSuspendBlocker
12-13 17:21:45.945  2510  2510 I PowerManagerService: Releasing suspend blocker "PowerManagerService.WakeLocks".
12-13 17:21:45.967  2510  7084 I PowerManagerService: wakeLock.mDisabled:false, mDeviceIdleMode:false, mProcState:10
12-13 17:21:45.968  2510  7084 I PowerManagerService: need acquire WakeLockSuspendBlocker
12-13 17:21:45.968  2510  7084 I PowerManagerService: Acquiring suspend blocker "PowerManagerService.WakeLocks".
12-13 17:21:45.974  2510  7087 I PowerManagerService: wakeLock.mDisabled:false, mDeviceIdleMode:false, mProcState:10
12-13 17:21:45.975  2510  7087 W ProcBatteryStats: timer is running , not start, name: com.tencent.mm, uid: 10280, tag: VFS:Maintenance
12-13 17:21:45.981  2510  7087 I PowerManagerService: wakeLock.mDisabled:false, mDeviceIdleMode:false, mProcState:10
12-13 17:21:47.444  2510  2793 I AppEyeFwkBlock: do monitor
12-13 17:21:52.433  2510  4682 I HwBatteryService: power_ui state= 1 mQuickChargeStatus=1
12-13 17:21:52.433  2510  4682 I HwBatteryService: handleWirelessTxStatus
12-13 17:21:52.433  2510  4682 I HwBatteryService: switch not open, return, mWirelessTxFlag : 0
12-13 17:21:52.433  2510  4682 W HwBatteryService: need return. Invalid value: -1
12-13 17:21:52.433  2510  4682 D HwBatteryService: setHwChargeTimeRemaining, time = -1 String time: -1
12-13 17:21:52.444  2510  7087 I BatteryService: Processing new values: info={chargerAcOnline=false,chargerUsbOnline=true,chargerWirelessOnline=false,maxChargingCurrent=500000,maxChargingVoltage=5000000,batteryStatus=2=CHARGING,batteryHealth=2=GOOD,batteryPresent=true,batteryLevel=66,batteryVoltage=4087,batteryTemperature=322,batteryFullCharge=6590000,batteryChargeCounter=3500000,batteryTechnology=Unknown,batteryCapacityLevel=3=NORMAL,chargerDockOnline=false}, mBatteryLevelCritical=false, mPlugType=2, mLastPlugType=2
12-13 17:21:52.445  2510  7087 I BatteryService: check conditions changed
12-13 17:21:52.449  2510  7087 I BatteryService: Processing new values: info={chargerAcOnline=false,chargerUsbOnline=true,chargerWirelessOnline=false,maxChargingCurrent=500000,maxChargingVoltage=5000000,batteryStatus=2=CHARGING,batteryHealth=2=GOOD,batteryPresent=true,batteryLevel=66,batteryVoltage=4087,batteryTemperature=322,batteryFullCharge=6590000,batteryChargeCounter=3500000,batteryTechnology=Unknown,batteryCapacityLevel=3=NORMAL,chargerDockOnline=false}, mBatteryLevelCritical=false, mPlugType=2, mLastPlugType=2
12-13 17:21:52.449  2510  7087 I BatteryService: check conditions changed
12-13 17:21:52.529  2510  2795 W Watchdog: waitState=[0] waitedHalf=[false]
12-13 17:21:52.530  2510  2795 W Watchdog: watchdogKick kickCounter=[150]
12-13 17:21:53.444  2510  2793 I AppEyeFwkBlock: do monitor
12-13 17:21:58.668  2510  6734 I PowerManagerService: wakeLock.mDisabled:false, mDeviceIdleMode:false, mProcState:0
12-13 17:21:59.333  2510  4823 I PowerManagerService: wakeLock.mDisabled:false, mDeviceIdleMode:false, mProcState:0
12-13 17:21:59.337  2510  4823 I ActivityManager: sendIntentSender target:PendingIntentRecord{125a228 com.facebook.katana broadcastIntent}, intent:flg=0x4 hwFlg=0x110
12-13 17:21:59.344  2510  4690 I JobScheduler.Time: realNextDelayExpiredElapsedMillis: 2205213499 mNextDelayExpiredElapsedMillis:2205213499
12-13 17:21:59.347  2510  4690 E ProcessInfoCollector: getProcessInfo: proc should not less than zero.
12-13 17:21:59.349  2510  4690 E ProcessInfoCollector: getProcessInfo: proc should not less than zero.
12-13 17:21:59.351  2510  4690 I PowerManagerService: wakeLock.mDisabled:false, mDeviceIdleMode:false, mProcState:0
12-13 17:21:59.353  2510  4690 I PowerManagerService: wakeLock.mDisabled:false, mDeviceIdleMode:false, mProcState:0
12-13 17:21:59.355  2510  4690 W ProcBatteryStats: timer is running , not start, name: com.android.vending, uid: 10154, tag: *job*/com.android.vending/com.google.android.finsky.scheduler.process.mainimpl.PhoneskyJobServiceMain
12-13 17:21:59.358  2510  4690 E ProcessInfoCollector: getProcessInfo: failed to find this proc: 2510
12-13 17:21:59.358  2510  2879 I NotificationService: pag com.android.vending dosen't have notification permission
12-13 17:21:59.364  2510  4690 W ProcessStats: Tracking association SourceState{ab680ca com.resultmarketing.whatscard/10366 Top #1946999} whose proc state 1 is better than process ProcessState{3b16654 com.android.vending/10154 pkg=com.android.vending} proc state 6 (78 skipped)
12-13 17:21:59.369  2510  4690 I PowerManagerService: wakeLock.mDisabled:false, mDeviceIdleMode:false, mProcState:0
12-13 17:21:59.370  2510  4690 I PowerManagerService: wakeLock.mDisabled:false, mDeviceIdleMode:false, mProcState:0
12-13 17:21:59.372  2510  4690 W ProcBatteryStats: timer is running , not start, name: todolist.scheduleplanner.dailyplanner.todo.reminders, uid: 10296, tag: *job*/todolist.scheduleplanner.dailyplanner.todo.reminders/com.google.android.datatransport.runtime.scheduling.jobscheduling.JobInfoSchedulerService
12-13 17:21:59.374  2510  4690 E ProcessInfoCollector: getProcessInfo: failed to find this proc: 2510
12-13 17:21:59.379  2510  4690 D ActivityManager: sync unfroze 19092 todolist.scheduleplanner.dailyplanner.todo.reminders for 6
12-13 17:21:59.384  2510  4690 D ActivityManager: sync unfroze 26029 com.google.android.gms for 6
12-13 17:21:59.390  2510  4690 W JobServiceContext: Sending onNetworkChanged for a job that isn't started. JobStatus{4c7e4 #u0a296/1603613263 todolist.scheduleplanner.dailyplanner.todo.reminders/com.google.android.datatransport.runtime.scheduling.jobscheduling.JobInfoSchedulerService u=0 s=10296 TIME=-16s300ms:none NET READY}
12-13 17:21:59.411  2510  2579 I PowerManagerService: wakeLock.mDisabled:false, mDeviceIdleMode:false, mProcState:8
12-13 17:21:59.430  2510  2579 I DevicePolicyManager: record DPM event{EventId:204, admin:null, intVal:0, boolVal:false, TimePeriodMs:0, StringVal:[com.android.vending, com.google]
12-13 17:21:59.445  2510  2793 I AppEyeFwkBlock: do monitor
12-13 17:21:59.536  2510  2879 I NotificationService: pag com.android.vending dosen't have notification permission
12-13 17:21:59.606  2510  7078 W ProcBatteryStats: timer is not running , not stop, name: todolist.scheduleplanner.dailyplanner.todo.reminders, uid: 10296, tag: *job*/todolist.scheduleplanner.dailyplanner.todo.reminders/com.google.android.datatransport.runtime.scheduling.jobscheduling.JobInfoSchedulerService
12-13 17:21:59.608  2510  7078 D CompatChangeReporter: Compat change id reported: 311208629; UID 10296; state: ENABLED
12-13 17:21:59.682  2510  2879 I NotificationService: pag com.android.vending dosen't have notification permission
12-13 17:21:59.683  2510  7078 V ActivityManager: startProcess: name=com.android.vending:quick_launch app=null knownToBeDead=true thread=null pid=-1 preloadStatus=-1
12-13 17:21:59.734  2510  2880 I ActivityManager: Start proc 19333:com.android.vending:quick_launch/u0a154 for service {com.android.vending/com.google.frameworks.client.data.android.server.play.QuickLaunchProcessEndpointService}
12-13 17:21:59.735  2510  2880 W ActivityManager: Slow operation: 51ms so far, now at startProcess: done updating pids map
12-13 17:21:59.735  2510  2880 I SWAP_SCENE: Entering notifySceneData notifySceneData. EventType:PROCESS_CREATE para:com.android.vending
12-13 17:21:59.735  2510  2880 I HwActivityManagerServiceEx: notifyProcessStatusChange::pkg:com.android.vending pid:19333 uid:10154
12-13 17:21:59.736  2510  8271 I SWAP_GkiKernelInterface: addToProcs:subProcess pid:19333
12-13 17:21:59.778 19333 19333 D ActivityThread: Attach thread to application
12-13 17:21:59.794 19333 19349 I ActivityThread: Init compatible state: false
12-13 17:21:59.966  2510  7078 D HwActivityManagerServiceEx: finishPreloaded callingPid 19333
12-13 17:21:59.966  2510  7078 D HwActivityManagerServiceEx: finishPreloaded preloadStatus: 0 app: ProcessRecord{9917232 19333:com.android.vending:quick_launch/u0a154} uidRec.isPreload: false
12-13 17:21:59.969 19333 19333 I ActivityThread: finishPreloaded preloadStatus 0
12-13 17:22:00.265  2510  2579 I DevicePolicyManager: record DPM event{EventId:204, admin:null, intVal:0, boolVal:false, TimePeriodMs:0, StringVal:[com.android.vending, com.google]
12-13 17:22:00.380  2510  2579 W ProcBatteryStats: timer is not running , not stop, name: com.android.vending, uid: 10154, tag: *job*/com.android.vending/com.google.android.finsky.scheduler.process.mainimpl.PhoneskyJobServiceMain
12-13 17:22:00.397  2510  2579 I AlarmManager: remove alarm reason:0 alarms:[Alarm{8d3a465 type 2 origWhen 2205140409 whenElapsed 2205140409 android android procName system}]
12-13 17:22:00.397  2510  2579 I JobScheduler.Time: realNextJobExpiredElapsedMillis: 2206295466mNextJobExpiredElapsedMillis2206295466
12-13 17:22:00.612  2510  4682 I HwBatteryService: power_ui state= 1 mQuickChargeStatus=1
12-13 17:22:00.613  2510  4682 I HwBatteryService: handleWirelessTxStatus
12-13 17:22:00.614  2510  4682 I HwBatteryService: switch not open, return, mWirelessTxFlag : 0
12-13 17:22:00.617  2510  4682 W HwBatteryService: need return. Invalid value: -1
12-13 17:22:00.617  2510  2579 I BatteryService: Processing new values: info={chargerAcOnline=false,chargerUsbOnline=true,chargerWirelessOnline=false,maxChargingCurrent=500000,maxChargingVoltage=5000000,batteryStatus=2=CHARGING,batteryHealth=2=GOOD,batteryPresent=true,batteryLevel=66,batteryVoltage=4087,batteryTemperature=322,batteryFullCharge=6590000,batteryChargeCounter=3500000,batteryTechnology=Unknown,batteryCapacityLevel=3=NORMAL,chargerDockOnline=false}, mBatteryLevelCritical=false, mPlugType=2, mLastPlugType=2
12-13 17:22:00.617  2510  4682 D HwBatteryService: setHwChargeTimeRemaining, time = -1 String time: -1
12-13 17:22:00.618  2510  2579 I BatteryService: check conditions changed
12-13 17:22:00.619  2510  2579 I BatteryService: Processing new values: info={chargerAcOnline=false,chargerUsbOnline=true,chargerWirelessOnline=false,maxChargingCurrent=500000,maxChargingVoltage=5000000,batteryStatus=2=CHARGING,batteryHealth=2=GOOD,batteryPresent=true,batteryLevel=66,batteryVoltage=4087,batteryTemperature=322,batteryFullCharge=6590000,batteryChargeCounter=3500000,batteryTechnology=Unknown,batteryCapacityLevel=3=NORMAL,chargerDockOnline=false}, mBatteryLevelCritical=false, mPlugType=2, mLastPlugType=2
12-13 17:22:00.620  2510  2579 I BatteryService: check conditions changed
12-13 17:22:03.692  2510  6266 D DeviceStorageMonitorService: Start to check the low storage threshold
12-13 17:22:03.693  2510  6266 I DeviceStorageMonitorService: totalBytes:237548601344; usableBytes: 192530038784
12-13 17:22:03.693  2510  6266 D DeviceStorageMonitorService: updateNotifications  oldLevel:0,newLevel0
12-13 17:22:05.446  2510  2793 I AppEyeFwkBlock: do monitor
12-13 17:22:07.531  2510  2795 W Watchdog: waitState=[0] waitedHalf=[false]
12-13 17:22:07.532  2510  2795 W Watchdog: watchdogKick kickCounter=[150]
