12-13 23:14:11.338  2152  2152 I sensors-hal: activate:279, android.sensor.light/51 en=0
12-13 23:14:11.339  2174  2174 D HW_DISPLAY_TEST: display_set_self_adapt_min_fps: display_set_self_adapt_min_fps:60
12-13 23:14:11.339  2174  2174 E HW_DISPLAY_TEST: get_active_panel: panel index: 3
12-13 23:14:11.339  2174  2174 D HW_DISPLAY_TEST: display_set_self_adapt_min_fps: file_name:/sys/class/graphics/fb0/lcd_self_adapt_min_fps
12-13 23:14:11.340  2510  2787 D DisplayManagerService: Ignore redundant display event 0/2 to 10162/3759
12-13 23:14:11.340  2510  2784 E SystemGestures: The HwFoldScreenManagerInternal is null.
12-13 23:14:11.340  2510  2510 I DE J DES: [effect] Not update Display State for displayengine current state is 2 now state is 1
12-13 23:14:11.341  2510  2510 I HwMultiDisplayManager: onDisplayChanged: 0
12-13 23:14:11.341  2120  2236 I minksocket: MinkIPC MESSAGE: ( 2120:2236 ) MinkIPC_QRTR_Service:301 minkipc = 0xb400007cbfd190b0 sock = 18, client with node 1 port 4c98 went down
12-13 23:14:11.341  2510  2787 D DisplayManagerService: Ignore redundant display event 0/2 to 10287/14611
12-13 23:14:11.341  2510  2787 D DisplayManagerService: Ignore redundant display event 0/2 to 10216/16096
12-13 23:14:11.341  2510  2784 I LogicalDisplay: configureDisplayLocked mTempLayerStackRect=Rect(0, 0 - 720, 1610) mTempDisplayRect=Rect(0, 0 - 720, 1610) orientation = 0 mDisplayId=0
12-13 23:14:11.341  2510  2787 D DisplayManagerService: Ignore redundant display event 0/2 to 10162/17292
12-13 23:14:11.342  2510  2784 I HwActivityTaskSupervisorEx: handleVrDisplayChanged displayId = 0
12-13 23:14:11.342  2510  2784 W HwActivityTaskSupervisorEx: handleVrDisplayChanged other vr mode displayId: 0
12-13 23:14:11.342  2152  2152 I sensors-hal: als_deactivate:69, als_deactivate, is_support_aod
12-13 23:14:11.342  2152  2152 I sensors-hal: activate:291, android.sensor.light/51 en=0 completed
12-13 23:14:11.342  2510  3155 I SensorService: disableSensor handle:51, packageName:hidl_client_pid_2246
12-13 23:14:11.342  2510  2787 D DisplayManagerService: Ignore redundant display event 0/2 to 10258/23428
12-13 23:14:11.343  2510  2787 D DisplayManagerService: Ignore redundant display event 0/2 to 10209/32081
12-13 23:14:11.343  2510  3143 I PowerManagerService: finishWakefulnessChangeIfNeededLocked IS_SUPPORT_AP: true
12-13 23:14:11.343  2510  3143 I PowerManagerService: don't wait until dream has enabled dozing at Ap Aod solution
12-13 23:14:11.343  2510  3143 I PowerManagerService: Acquiring suspend blocker "PowerManagerService.Broadcasts".
12-13 23:14:11.343  2510  2510 I WallpaperManagerService: getWallpaperInfoWithFlags which:1
12-13 23:14:11.344  2510  2510 I WallpaperManagerService: getWallpaperInfoWithFlags wallpaper is null
12-13 23:14:11.344  1242 22913 I android.system.suspend-service: incSuspendCounter++ success,name:PowerManagerService.Broadcasts mUseSuspendCounter:1 mSuspendCounter:3: Success
12-13 23:14:11.344  2510  3143 I power   : acquire wakelock: PowerManagerService.Broadcasts
12-13 23:14:11.349  6493  6738 I KeyguardService: KGSvcCall onFinishedGoingToSleep. reason:2 false
12-13 23:14:11.349  2510  2510 I HwPhoneWindowManager: HwScreenOnProximityLock quit mistouch view for going to sleep mIsScreenTurnedOn:false
12-13 23:14:11.349  6493  6738 W FullScreenAodAnimationStateMediator: onFinishedGoingToSleep false
12-13 23:14:11.350  2148  2148 I QTI PowerHAL: Power setMode: 7 to: 0
12-13 23:14:11.351  2148  2148 E QTI PowerHAL: Failed to acquire lock for hint_id: 1040.
12-13 23:14:11.351  2148  2148 I QTI PowerHAL: Got set_interactive hint
12-13 23:14:11.351  2510  7090 D HwStorageManagerService: setScreenStateFlag
12-13 23:14:11.352  6493  6738 I MusicMonitor: getInst stack trace: <private>
12-13 23:14:11.352  1111  1155 D vold    : begin lockScreenPrepare
12-13 23:14:11.352  1111  1155 D vold    : FscryptLockScreenPrepare flag is: 1 userId:0
12-13 23:14:11.355  2253 20410 E ANDR-PERF-LM: Core: detectAndRunIdle() 180: Not able to open /sys/class/power_supply/battery/status, Error: Permission denied
12-13 23:14:11.355  2510  6734 I PowerManagerService: wakeLock.mDisabled:false, mDeviceIdleMode:false, mProcState:0
12-13 23:14:11.357  1250  2598 E SmcInvoke_MinkDescriptor: mem obj with id :22 not found in list
12-13 23:14:11.357  1250  2598 E SmcInvoke_MinkDescriptor: mem obj with id :24 not found in list
12-13 23:14:11.357  6493  6738 W DisabledFeatureUtils: Dis-Feature : 0
12-13 23:14:11.357  2510  6734 I HwFingerprintService:  Remaining Num Attempts = 5
12-13 23:14:11.358  2774  6472 D GPQTEEC : [QTEEC.cpp:592 __convertParamsOut] paramTypes[0]=3
12-13 23:14:11.358  2774  6472 D GPQTEEC : [QTEEC.cpp:594 __convertParamsOut] Type is output
12-13 23:14:11.358  2774  6472 D GPQTEEC : [QTEEC.cpp:592 __convertParamsOut] paramTypes[1]=d
12-13 23:14:11.358  2774  6472 D GPQTEEC : [QTEEC.cpp:592 __convertParamsOut] paramTypes[2]=0
12-13 23:14:11.358  2774  6472 D GPQTEEC : [QTEEC.cpp:592 __convertParamsOut] paramTypes[3]=f
12-13 23:14:11.358  2774  6472 D GPQTEEC : [QTEEC.cpp:594 __convertParamsOut] Type is output
12-13 23:14:11.358  2774  6472 D GPQTEEC : [QTEEC.cpp:605 __convertParamsOut] SizeIn/SizeOut = 76/76
12-13 23:14:11.358  2774  6472 D GPQTEEC : [QTEEC.cpp:621 __convertParamsOut] Copy back from qsmem->ion_sbuf @ 0x74d2563000 (76 bytes)
12-13 23:14:11.358  2774  6472 D GPQTEEC : [QTEEC.cpp:470 __RevertRegisteredMemToTempMem] Saved op buffer @ 0xb40000742bb4d790, Temp op @ 0xb40000742bb4d790
12-13 23:14:11.358  2774  6472 D GPQTEEC : [QTEEC.cpp:382 TEEC_QTEE_ReleaseSharedMemory] Releasing qsmem buffer @ 0x74d2564000
12-13 23:14:11.358  2774  6472 D GPQTEEC : [QTEEC.cpp:131 __SharedMem_Free] munmap(0x74d2564000, 12)
12-13 23:14:11.358  6856  7140 D WifiStatStore: updateScreen : false
12-13 23:14:11.358  2774  6472 D GPQTEEC : [QTEEC.cpp:479 __RevertRegisteredMemToTempMem] Returned op->params[i].tmpref.size 12
12-13 23:14:11.358  2774  6472 D GPQTEEC : [QTEEC.cpp:481 __RevertRegisteredMemToTempMem] Restored op buffer @ 0xb40000742bb4d790
12-13 23:14:11.358  2774  6472 D GPQTEEC : [QTEEC.cpp:470 __RevertRegisteredMemToTempMem] Saved op buffer @ 0x722147a750, Temp op @ 0x722147a750
12-13 23:14:11.358  2774  6472 D GPQTEEC : [QTEEC.cpp:382 TEEC_QTEE_ReleaseSharedMemory] Releasing qsmem buffer @ 0x74d2563000
12-13 23:14:11.358  2774  6472 D GPQTEEC : [QTEEC.cpp:131 __SharedMem_Free] munmap(0x74d2563000, 76)
12-13 23:14:11.358  2774  6472 D GPQTEEC : [QTEEC.cpp:479 __RevertRegisteredMemToTempMem] Returned op->params[i].tmpref.size 76
12-13 23:14:11.358  2774  6472 D GPQTEEC : [QTEEC.cpp:481 __RevertRegisteredMemToTempMem] Restored op buffer @ 0x722147a750
12-13 23:14:11.358  2774  6472 D GPQTEEC : [QTEEC.cpp:47 dumpHex] Operation OUT (112 bytes @ 0x0x722147a810)
12-13 23:14:11.358  2774  6472 D GPQTEEC : [QTEEC.cpp:54 dumpHex] 01 00 00 00 53 70 00 00 00 00 00 00 00 00 00 00 
12-13 23:14:11.358  2774  6472 D GPQTEEC : [QTEEC.cpp:54 dumpHex] 00 00 00 00 00 00 00 00 00 00 00 00 00 00 00 00 
12-13 23:14:11.358  2774  6472 D GPQTEEC : [QTEEC.cpp:54 dumpHex] 90 D7 B4 2B 74 00 00 B4 0C 00 00 00 00 00 00 00 
12-13 23:14:11.358  2774  6472 D GPQTEEC : [QTEEC.cpp:54 dumpHex] 00 00 00 00 00 00 00 00 00 00 00 00 00 00 00 00 
12-13 23:14:11.358  2774  6472 D GPQTEEC : [QTEEC.cpp:54 dumpHex] 00 00 00 00 00 00 00 00 00 00 00 00 00 00 00 00 
12-13 23:14:11.358  2774  6472 D GPQTEEC : [QTEEC.cpp:54 dumpHex] 50 A7 47 21 72 00 00 00 4C 00 00 00 00 00 00 00 
12-13 23:14:11.358  2774  6472 D GPQTEEC : [QTEEC.cpp:54 dumpHex] 00 00 00 00 00 00 00 00 A0 DD B4 67 73 00 00 B4 
12-13 23:14:11.358  2774  6472 D fpc_tac : HAL Invokecommand = 6 out, result = 0, retry_times = 1
12-13 23:14:11.358  2774  6472 I fpc_tac : fpc_tac_send_set_arbitrary_data_cmd: ok, response: 0
12-13 23:14:11.358  2774  6472 I FingerprintDevice: onAcquired(7), vendorCode(1001)
12-13 23:14:11.358  2510  7090 I HnAidlResponseHandler: acquiredInfo : 6 , vendorCode : 1001
12-13 23:14:11.358  2510  7090 W HwFingerprintService: not handle acquire info : 2001
12-13 23:14:11.358  2774  6472 I fpc_fingerprint_hal: fpc FP_IOC_CMD_DISABLE_IRQ is already disabled
12-13 23:14:11.358  2774  6472 D fpc_tac : HAL Invokecommand = 20
12-13 23:14:11.358  2774  6472 D GPQTEEC : [QTEEC.cpp:47 dumpHex] Operation IN (112 bytes @ 0x0x722147a520)
12-13 23:14:11.358  2774  6472 D GPQTEEC : [QTEEC.cpp:54 dumpHex] 01 00 00 00 03 70 00 00 00 00 00 00 09 00 00 00 
12-13 23:14:11.358  2774  6472 D GPQTEEC : [QTEEC.cpp:54 dumpHex] 00 00 00 00 00 00 00 00 00 00 00 00 00 00 00 00 
12-13 23:14:11.358  2774  6472 D GPQTEEC : [QTEEC.cpp:54 dumpHex] 00 00 00 00 00 00 00 00 00 00 00 00 00 00 00 00 
12-13 23:14:11.358  2774  6472 D GPQTEEC : [QTEEC.cpp:54 dumpHex] 00 00 00 00 00 00 00 00 00 00 00 00 00 00 00 00 
12-13 23:14:11.358  2774  6472 D GPQTEEC : [QTEEC.cpp:54 dumpHex] 00 00 00 00 00 00 00 00 00 00 00 00 00 00 00 00 
12-13 23:14:11.358  2774  6472 D GPQTEEC : [QTEEC.cpp:54 dumpHex] 60 A4 47 21 72 00 00 00 4C 00 00 00 00 00 00 00 
12-13 23:14:11.358  2774  6472 D GPQTEEC : [QTEEC.cpp:54 dumpHex] 00 00 00 00 00 00 00 00 00 00 00 00 00 00 00 00 
12-13 23:14:11.358  2774  6472 D GPQTEEC : [QTEEC.cpp:425 __ConvertTempMemToRegisteredMem] Saved op tmpref.buffer = 0x722147a460, Op memref.parent->buffer = 0x722147a460 (76 bytes)
12-13 23:14:11.359  2774  6472 D GPQTEEC : [QTEEC.cpp:111 __SharedMem_Alloc] mmap(0x74d2564000, 76)
12-13 23:14:11.359  2774  6472 D GPQTEEC : [QTEEC.cpp:230 TEEC_QTEE_RegisterSharedMemory] qsmem buffer allocated @ 0x74d2564000 76 bytes, registered buffer @ 0x722147a460
12-13 23:14:11.359  2774  6472 D GPQTEEC : [QTEEC.cpp:444 __ConvertTempMemToRegisteredMem] Temp op buffer set @ 0x722147a460
12-13 23:14:11.359  2774  6472 D GPQTEEC : [QTEEC.cpp:1182 TEEC_QTEE_InvokeCommand] Operation is not NULL
12-13 23:14:11.359  2774  6472 D GPQTEEC : [QTEEC.cpp:47 dumpHex] param[] (16 bytes @ 0x0x722147a39c)
12-13 23:14:11.359  2774  6472 D GPQTEEC : [QTEEC.cpp:54 dumpHex] 00 00 00 00 09 00 00 00 00 00 00 00 00 00 00 00 
12-13 23:14:11.359  2774  6472 D GPQTEEC : [QTEEC.cpp:47 dumpHex] param[] (16 bytes @ 0x0x722147a3ac)
12-13 23:14:11.359  2774  6472 D GPQTEEC : [QTEEC.cpp:54 dumpHex] 00 00 00 00 00 00 00 00 00 00 00 00 00 00 00 00 
12-13 23:14:11.359  2774  6472 D GPQTEEC : [QTEEC.cpp:47 dumpHex] param[] (16 bytes @ 0x0x722147a3bc)
12-13 23:14:11.359  2774  6472 D GPQTEEC : [QTEEC.cpp:54 dumpHex] 00 00 00 00 00 00 00 00 00 00 00 00 00 00 00 00 
12-13 23:14:11.359  2774  6472 D GPQTEEC : [QTEEC.cpp:514 __convertParamsIn] param[3] size=76, offset=0
12-13 23:14:11.359  2774  6472 D GPQTEEC : [QTEEC.cpp:524 __convertParamsIn] Real backed buffer (76 bytes)
12-13 23:14:11.359  2774  6472 D GPQTEEC : [QTEEC.cpp:529 __convertParamsIn] Copy into qsmem->ashmem_buffer @ 0x74d2564000 (76 bytes)
12-13 23:14:11.359  2774  6472 D GPQTEEC : [QTEEC.cpp:47 dumpHex] param[] (16 bytes @ 0x0x722147a3cc)
12-13 23:14:11.359  2774  6472 D GPQTEEC : [QTEEC.cpp:54 dumpHex] FF FF FF FF 00 00 00 00 4C 00 00 00 00 00 00 00 
12-13 23:14:11.359  2774  6472 D GPQTEEC : [QTEEC.cpp:1193 TEEC_QTEE_InvokeCommand] operation->paramTypes = 0x0000F003, req->param_types = 0x00007003
12-13 23:14:11.359  1250  1265 I DMABUFHEAPS: Using DMA-BUF heap named: qcom,qseecom-ta
12-13 23:14:11.359  2510  6344 W FingerprintManager: Invalid acquired message: 6, 1001
12-13 23:14:11.359  6493  6738 D BiometricStatusRepositoryImpl: authenticationState updated: Acquired(biometricSourceType=FINGERPRINT, requestReason=DeviceEntryAuthentication, acquiredInfo=6)
12-13 23:14:11.359  2510  6344 V Biometrics/AcquisitionClient: Acquired: 6 1001, shouldSend: true
12-13 23:14:11.361  6822  6822 I Booster_BroadcastMonitor: receive action: android.intent.action.SCREEN_OFF
12-13 23:14:11.361  2253  2375 E ANDR-PERF-UTIL: ANDR-PERF-UTIL: change_node_val() 319: Failed to update node /sys/class/kgsl/kgsl-3d0/touch_wake with value 0
12-13 23:14:11.361  2253  2375 E ANDR-PERF-RESOURCEQS: ANDR-PERF-RESOURCEQS: RemoveAndApply() 292: Failed to reset optimization here [10, 13]
12-13 23:14:11.362  2510  7090 E HwResolverManager: Could not found app: com.hihonor.pcassistant
12-13 23:14:11.362  6822  7310 I Booster_OllieObserver: notify registrants event: EVENT_SCREEN_STATE_CHANGED, new screen state = false
12-13 23:14:11.364  6856  6856 I BT_CHR: BtChrStatManager: wifi bt CoexistBroadcastReceiver android.intent.action.SCREEN_OFF
12-13 23:14:11.364  6856  6856 D BT_CHR: BtChrStatManager: isBtPlayingfalseisWifiConnect24false
12-13 23:14:11.365  6822  6822 I HnCollie_BroadcastMonitor: receive action: android.intent.action.SCREEN_OFF
12-13 23:14:11.366  6822  7591 I HnCollie_CollieObserver: notify registrants event: EVENT_SCREEN_STATE_CHANGED, new screen state = false
12-13 23:14:11.366  6856  7140 I WifiStatController: not need report or sync
12-13 23:14:11.366  2174  2174 I HW_DISPLAY_EFFECT: hw_get_display_panel_type: panel info is blmax:4095,blmin:22,blmax_nit_actual:709,blmax_nit_standard:700,lcdtype:LCD
12-13 23:14:11.366  2174  2174 I HW_DISPLAY_EFFECT: 
12-13 23:14:11.366  2174  2174 I HW_DISPLAY_EFFECT: hw_get_display_panel_type: lcd type is LCD
12-13 23:14:11.366  6856  7232 I HwDubaiService: screen off begin
12-13 23:14:11.367  6822  7310 I SpeedTestNotifier: is not speed test scene, send 0 to IAware
12-13 23:14:11.367  6822  7590 I HnCollie_CrsSwitchManager: handleMessage, event = EVENT_SCREEN_STATE_CHANGED
12-13 23:14:11.367  2510  3143 I DreamManagerService: Entering dreamland.
12-13 23:14:11.367  6822  7310 D NsaPowerConsumptionMonitor: onScreenStateChanged, isScreenOff = true
12-13 23:14:11.367  2510  3143 I PowerManagerService: wakeLock.mDisabled:false, mDeviceIdleMode:false, mProcState:0
12-13 23:14:11.367  6822  7590 D HnCollie_ImsRegAbnormalSelfCureManager: handleMessage, event = EVENT_SCREEN_STATE_CHANGED
12-13 23:14:11.367  6493  6493 E NotificationShadeWindowController: applyVisibility: true, false, mNotificationShadeView.alpha=1.0, forceHideForBiometricsUnlock=false
12-13 23:14:11.367  6493  6493 D NotificationShadeWindowView: setVisibility =  0
12-13 23:14:11.368  6856  7232 I HwDubaiService: User: 0, device secure: true
12-13 23:14:11.368  6856  7232 I HwDubaiService: screen off end
12-13 23:14:11.368  1250  1265 D vendor.qti.hardware.qteeconnector@1.0-gp: prepareMemoryObjs param[3].memref.size=76, .memref.offset=0, memSize=76
12-13 23:14:11.368  6822  7590 I HnCollie_InternalErrorImsUnregisteredSelfCure: trigger pending action.
12-13 23:14:11.368  2510  6734 I HwScreenOnProximityLock: keyguardShowing, mIsScreenTurnedOn :false
12-13 23:14:11.368  2510  6734 I HwPhoneWindowManager: onShowingChangedL: true
12-13 23:14:11.369  6493  6493 W HwBkDropView: setDrawBehindAsSrc skipped. null
12-13 23:14:11.369  2510  2784 I HwAccessibilityWaterMark: mIsAccessibilityLockScreenOn: false mIsKeyGuardShowing true
12-13 23:14:11.369  2510  3143 I HwAod   : isStandbyPosture: false
12-13 23:14:11.369  2510  3143 I HwPowerManagerService: configTpWhenStandbyOffIfNeed IS_SUPPORT_AP: true
12-13 23:14:11.369  2510  3143 I HwPowerManagerService: Notify aod Standby off
12-13 23:14:11.369  2510  3143 I HwAodManagerService: configTpInApMode aodState:104
12-13 23:14:11.369  2510  3143 I TpController: configTpInApMode:104,isInwardFoldDevice :false,isFoldDevice :false,displayMode :1,mLastAodState =101, aodState :104
12-13 23:14:11.369  2510  3143 I TpController: Last aod state is not standby on, not config standby off
12-13 23:14:11.369  2510  3143 I PowerManagerService: Dozing...
12-13 23:14:11.369  2510  3143 D BrightnessThermalClamper: Thermal status observer already started
12-13 23:14:11.369  2510  3143 D BrightnessPowerClamper: Power throttling data is missing for configuration data.
12-13 23:14:11.370  2510  2783 I DreamController: Starting dream: name=ComponentInfo{com.hihonor.aod/com.hihonor.aod.doze.DozeService}, isPreviewMode=false, canDoze=true, userId=0, reason='power manager request'
12-13 23:14:11.370  6493  6493 I NotificationShadeWindowController: Window State {
12-13 23:14:11.370  6493  6493 I NotificationShadeWindowController:   forceShowWallpaper: false  mBackdropShowing: false  mBackgroundBlurRadius: 0  mBlurBehind: false  mBouncerShowing: false  mComponentsForcingTopUi: []  mDozing: false  mForceCollapsed: false  mForceDozeBrightness: false
12-13 23:14:11.370  6493  6493 I NotificationShadeWindowController:   mForcePluginOpen: false  mForceUserActivity: false  mHeadsUpShowing: false  mHiddenInScreenRecord: false  mKeyguardFadingAway: false  mKeyguardGoingAway: false  mKeyguardNeedsInput: false  mKeyguardOccluded: false  mKeyguardShowing: true
12-13 23:14:11.370  6493  6493 I NotificationShadeWindowController:   mLaunchingActivity: false  mNotTouchable: false  mNotificationShadeFocusable: false  mPanelExpanded: false  mPanelVisible: false  mProjectionStatus: false  mQsExpanded: false  mRemoteInputActive: false  mScrimsVisibility: 0
12-13 23:14:11.370  6493  6493 I NotificationShadeWindowController:   mStatusBarState: 0  mWallpaperSupportsAmbientMode: true}
12-13 23:14:11.371  6822  7606 I Hicom_Monitor: notifyScreenStatusChanged: status:7
12-13 23:14:11.372  2510  4970 D BluetoothManagerService: isBleAppPresent(): Number of BLE app registered: 0
12-13 23:14:11.372  6822  7310 I NetworkQoe: sendCellularQoeCollectStopMsg, actionid = 1026
12-13 23:14:11.373  2510  6734 I TrustManagerService: handle reportKeyguardShowingChanged.
12-13 23:14:11.373  2510  2510 D TrustManagerService: handler: 6
12-13 23:14:11.373  2510  2510 D TrustManagerService: refreshDeviceLockedForUser : true true
12-13 23:14:11.373  2510  7022 I PowerManagerService: wakeLock.mDisabled:false, mDeviceIdleMode:false, mProcState:0
12-13 23:14:11.373  2510  2510 I BiometricUtils: getRealUserId, callinguserid is 0, and realUserId is 0
12-13 23:14:11.373  2510  2510 I BiometricService: getAuthenticatorIds getRealUserId
12-13 23:14:11.374  2510  7022 I PowerManagerService: need release DisplaySuspendBlocker
12-13 23:14:11.374  2510  7022 I PowerManagerService: Releasing suspend blocker "PowerManagerService.Display".
12-13 23:14:11.374  2510  7022 I power   : release wakelock: PowerManagerService.Display
12-13 23:14:11.374  2510  7022 I PowerManagerService-JNI: Releasing suspend blocker "PowerManager.SuspendLockout".
12-13 23:14:11.375  6493  6493 D SysUiState: SysUiState changed: old=537001984 new=537002048
12-13 23:14:11.375  6493  6493 D OverviewProxyService: Notifying sysui state change to overview service: proxy=com.android.systemui.shared.recents.IOverviewProxy$Stub$Proxy@70c0f41 flags=537002048
12-13 23:14:11.375  6493  6493 I OverviewProxyService: notifySystemUiStateFlags begin, flags:537002048
12-13 23:14:11.375  6493  6493 I OverviewProxyService: notifySystemUiStateFlags end, flags:537002048
12-13 23:14:11.376  1242 22913 I android.system.suspend-service: decSuspendCounter-- success,name:PowerManagerService.Display mUseSuspendCounter:1 mSuspendCounter:4: Success
12-13 23:14:11.377  1242 13447 I android.system.suspend-service: decSuspendCounter-- success,name:PowerManager.SuspendLockout mUseSuspendCounter:1 mSuspendCounter:3: Success
12-13 23:14:11.378  2510  2510 I HwFingerprintService: hasEnrolledFingerprints: true
12-13 23:14:11.378  6493  6493 I BaseCapsuleStatusBH: keyguard isShowing:false isShowing:true
12-13 23:14:11.378  6493  6493 I LivelyCapsuleStatusBH: hideCapsulesAndShowStatusIcons: 
12-13 23:14:11.378  2510  2510 I BiometricService: sensorId 0, authenticatorId is 9548
12-13 23:14:11.378  2510  2783 E ProcessInfoCollector: getProcessInfo: failed to find this proc: 2510
12-13 23:14:11.378  6493  6493 W LivelyCapsuleStatusBH: hideCapsulesAndShowStatusIcons: retrun
12-13 23:14:11.378  6493  6493 I HnPhoneStatusBarAnimController: resetScaleStateWithoutAnim : , scaleDown: false
12-13 23:14:11.379  6493  6493 I KgBaseUtils: path=<private>,vlu=<private>
12-13 23:14:11.379  2510  7081 I PowerManagerService: wakeLock.mDisabled:false, mDeviceIdleMode:false, mProcState:0
12-13 23:14:11.380  2510  7081 W ProcBatteryStats: timer is running , not start, name: com.android.phone, uid: 1001, tag: *telephony-radio*
12-13 23:14:11.380  2169 21022 E vendor.honor.hardware.activity_recognition-service: (QcomArSendCmdState:531):QcomArSendCmdState: timeout waiting for GetState complete
12-13 23:14:11.381  2169 21022 E ArHal   : (ArDataGetState:1444):state fail. getLen[-1].
12-13 23:14:11.381  2169 21022 W ArHal   : (ArGetCurrentActivity:1548):ar data get current activity failed!
12-13 23:14:11.381  7861  7973 I BroadcastReceiverManager: onReceive: android.intent.action.SCREEN_OFF
12-13 23:14:11.381  7861  7973 I nearby  : ScreenChangeReceiver:onReceive: android.intent.action.SCREEN_OFF
12-13 23:14:11.381  7861  7973 I nearby  : CoapManager:onScreenOff
12-13 23:14:11.382  7861  7973 I nearby  : MultiAdvManager:getInstance
12-13 23:14:11.382  7861  7973 I nearby  : BleAdvertiser:stopAdvertise: not advertising returncom.hihonor.nearby.ble.advstack.DiscoverAdvertiser@c547a84
12-13 23:14:11.382  7861  7973 I nearby  : DiscoverAdvertiser:clearBusiness
12-13 23:14:11.382  2510  2784 I WifiEnhanceMonitor: notifyUidStateChanged
12-13 23:14:11.382  7861  8070 I nearby  : CoapManager:onScreenOffProc
12-13 23:14:11.383  2278 20015 D AudioPolicyService: getUidState(10050) cacheIter->second.first, return cacheIter->second.second(6)
12-13 23:14:11.384  6822  7310 I NetworkQoeChr: end qoe report
12-13 23:14:11.384  6822  7310 D MovementMonitor: enableMovementEventWrapper, for event : android.activity_recognition.on_bicycle , wakeup status is : false
12-13 23:14:11.384  6822  7310 I HnMSDPMovementManager: enableMovementEvent type =1
12-13 23:14:11.384  7861  7973 I nearby  : BleAdvertiser:stopAdvertise: not advertising returncom.hihonor.nearby.ble.advstack.DiscoverAdvertiser@364926d
12-13 23:14:11.384  7861  7973 I nearby  : DiscoverAdvertiser:clearBusiness
12-13 23:14:11.384  7861  7973 I nearby  : BleAdvertiser:stopAdvertise: not advertising returncom.hihonor.nearby.ble.advstack.DiscoverAdvertiser@3bdbea2
12-13 23:14:11.384  7861  7973 I nearby  : DiscoverAdvertiser:clearBusiness
12-13 23:14:11.384  7861  7973 I nearby  : BleAdvertiser:stopAdvertise: not advertising returncom.hihonor.nearby.ble.advstack.DiscoverAdvertiser@b2bb733
12-13 23:14:11.384  7861  7973 I nearby  : DiscoverAdvertiser:clearBusiness
12-13 23:14:11.384  7663  7663 I HnAOD   : DozeService:onCreate
12-13 23:14:11.384  7861  7973 I nearby  : BleAdvertiser:stopAdvertise: not advertising returncom.hihonor.nearby.ble.advstack.advertiser.TransShareAdvertiser@7e0baf0
12-13 23:14:11.384  7861  7973 I nearby  : DiscoverAdvertiser:clearBusiness
12-13 23:14:11.384  7861  7973 I nearby  : BleAdvertiser:stopAdvertise: not advertising returncom.hihonor.nearby.ble.advstack.ExtendAdvertiser@944e869
12-13 23:14:11.384  7861  7973 I nearby  : SingleAdvManager:getInstance
12-13 23:14:11.384  7861  7973 I nearby  : BleAdvertiser:stopAdvertise: not advertising returncom.hihonor.nearby.ble.advstack.k@aae961c
12-13 23:14:11.384  7861  7973 I nearby  : DiscoverAdvertiser:clearBusiness
12-13 23:14:11.384  7861  7973 I nearby  : BleAdvertiser:stopAdvertise: not advertising returncom.hihonor.nearby.ble.advstack.advertiser.TransShareAdvertiser@3baa225
12-13 23:14:11.384  7861  7973 I nearby  : DiscoverAdvertiser:clearBusiness
12-13 23:14:11.384  7861  7973 I nearby  : BleAdvertiser:stopAdvertise: not advertising returncom.hihonor.nearby.ble.advstack.ExtendAdvertiser@17c7ffa
12-13 23:14:11.385  2624  2658 D dubaid  : [DubaiStorage.cpp] UpdateDeviceLock# User: 0, device lock: 1
12-13 23:14:11.384  2286  2412 I SurfaceFlinger: hwVsyncTimerCallback poweroff not reset HwVsyncTimer
12-13 23:14:11.386  7663  7663 I HnAOD   : UiUtils:setIsSub false
12-13 23:14:11.386  7663  7739 I AwarenessClient: dispatchOneRequest: requestid=7b768f4f-88b0-490f-895b-9d412f08d7ac,messagetype=get_snapshot,fence key=snapshotQueryCapabilitiesForEyes, isNeedCache=true
12-13 23:14:11.386  2510  2510 I HwFingerprintService: hasEnrolledFingerprintsDeprecated: true
12-13 23:14:11.387  6777  7481 I AppManager: dependence has been existed:2510 -> 7663
12-13 23:14:11.388  6493  6493 I PhoneBar: all capsule disappear
12-13 23:14:11.388  6493  6493 I HwSystemIconsMore: statusIconsMore setIsShowCapsule: false
12-13 23:14:11.388  6493  6493 I HnNetWorkIconsMore: netIconsMore setIsShowCapsule: false
12-13 23:14:11.388  6493  6493 I HwSystemIconParentView: endNotifIconAvoidAnim
12-13 23:14:11.388  6493  6493 W DynamicServeHosReportUtils: reportCapsuleExposureEnd, record or record.bundle is null
12-13 23:14:11.389  7861  8041 I nearby  : BleGattServer:removeMTAGattService
12-13 23:14:11.389  7861  8041 I nearby  : BleGattServer:MTA Gatt service may have been removed
12-13 23:14:11.389  7861  8041 I nearby  : BleGattServer:removeMTAGattService
12-13 23:14:11.389  6493  6493 I QAWController: Re-creating the QAW client to avoid stale.
12-13 23:14:11.389  7861  8041 I nearby  : BleGattServer:MTA Gatt service may have been removed
12-13 23:14:11.390  7663  7663 I HnAOD   : DozeService:mCurrentUser:0
12-13 23:14:11.390  7663  7663 I HnAOD   : AodApHost:`getAodPos needResetPos` = true
12-13 23:14:11.390 23707  2954 I AWARENESS_E_D_P: getSnapShot rId=7b768f4f-88b0-490f-895b-9d412f08d7ac,Snapshot{k='snapshotQueryCapabilitiesForEyes',t='queryCapabilities',p='Bundle[mParcelledData.dataSize=40]'}
12-13 23:14:11.391 23198 23198 E NfcNci  : HnScreenStateHelper error: isWatch: false,screenState:2
12-13 23:14:11.391  2169 21022 I vendor.honor.hardware.activity_recognition-service: (QcomArSendCmdState:497):QcomArSendCmdState: timeElapsed = 0
12-13 23:14:11.391 23198 23198 W NfcNci  : HwDeviceHost_Default warn: setScreenOrPowerState
12-13 23:14:11.391  7663  7663 I HnAOD   : AodStateManager:setAodPos PositionX = 0PositionY = 0
12-13 23:14:11.392 23707 23926 I AWARENESS_ManagedSnapshotFactoryFacade: createSnapshot: type = queryCapabilities
12-13 23:14:11.392 23707 23926 I AWARENESS_TaskScheduler: query 200027016 from QueryCapabilitiesSnapshot,key=snapshotQueryCapabilitiesForEyes
12-13 23:14:11.392 23707 23926 I AWARENESS_TaskScheduler: doQuery not init, init now, id=get_aidl_query_ability
12-13 23:14:11.393 23198 23198 D libnfc_nci: nfcManager_doSetScreenState: state = 2 prevScreenState= 8, discovry_param = 1
12-13 23:14:11.393 23198 23198 D libnfc_nci: nfcManager_doSetScreenState: bb state = 2 prevScreenState= 8, discovry_param = 0
12-13 23:14:11.393 23198 23198 D libnfc_nci: param_id:0x2
12-13 23:14:11.393 23198 23198 D libnfc_nci: GKI_getbuf 0xb400007c30d2a3e0 44:48
12-13 23:14:11.393 23707 23926 I AWARENESS_QueryCapabilitiesAbility: onCreate
12-13 23:14:11.393 23707 23926 I AWARENESS_AbilityWrapper: create:com.hihonor.awareness.server.aoplugin.ao.atomicability.hiaon.QueryCapabilitiesAbility done
12-13 23:14:11.393 23198 23198 D libnfc_nci: HnCheckRfStateChange: enter, conDiscoveryParam = 0
12-13 23:14:11.393 23198 23198 D libnfc_nci: SetConDiscoveryParam: set conDiscoveryParam to 0
12-13 23:14:11.393 23198 23198 D libnfc_nci: receive new_state=DISCOVERY_L
12-13 23:14:11.393 23198 23198 D libnfc_nci: send to dubai, timeStamp=20251213231411393 NfcState=DISCOVERY Duration=140 errorState=null
12-13 23:14:11.393 23707 23926 I AWARENESS_QueryCapabilitiesAbility: onQuery,4
12-13 23:14:11.393 23198 23198 D libnfc_nci: set old_state=DISCOVERY_L
12-13 23:14:11.393 23198 23198 D libnfc_nci: nfcManager_doSetScreenState: gNfaSetConfigEvent.wait()
12-13 23:14:11.393 23707 23926 I AWARENESS_SnapshotManager: snapshot created, key=snapshotQueryCapabilitiesForEyes
12-13 23:14:11.393 23707 23926 I AWARENESS_SnapshotManager: onResult,null,code=10000
12-13 23:14:11.393  1247 28590 I keystore2: system/security/keystore2/src/authorization.rs:155 - on_device_locked(user_id=0, unlocking_sids=[3538812500138890568], weak_unlock_enabled=false)
12-13 23:14:11.394  2169 21022 I ArHal   : (ArEnableActivityEventExtend:1569):env[1]:event[1]:time[200000000000]:len[32]:param1[0.000000]param3[0.000000]param4[0.000000]buf[]!
12-13 23:14:11.394  7663  7663 I HnAOD   : AodStateManager:isStandbySwitchOpen() mAODPreferenceManager is null
12-13 23:14:11.394  2169 21022 I vendor.honor.hardware.activity_recognition-service: (QcomArSendCmdState:497):QcomArSendCmdState: timeElapsed = 0
12-13 23:14:11.394 23198 19427 D libnfc_nci: NFA got event 0x0102
12-13 23:14:11.394 23198 19427 D libnfc_nci: event: NFA_DM_API_SET_CONFIG_EVT (0x02)
12-13 23:14:11.394 23198 19427 D libnfc_nci: nfa_dm_check_set_config
12-13 23:14:11.394 23198 19427 D libnfc_nci: GKI_getbuf 0xb400007cf4ceda20 45:48
12-13 23:14:11.394 23198 19427 D libnfc_nci: nfc_ncif_send_cmd()
12-13 23:14:11.394 23198 19427 D libnfc_nci: check_and_store_last_cmd:
12-13 23:14:11.394 23198 19427 D NfcAdaptation: NfcAdaptation::HalWrite
12-13 23:14:11.395 23707 25069 I AWARENESS_QueryCapabilitiesAbility: handleMsg:{ when=-2ms what=100 obj=receiverStack:-(QueryCapabilitiesSnapshot,snapshotQueryCapabilitiesForEyes) target=com.hihonor.awareness.server.aoplugin.ao.atomicability.hiaon.QueryCapabilitiesAbility$1 }
12-13 23:14:11.395  2169 21022 I vendor.honor.hardware.activity_recognition-service: (QcomArSendCmdState:497):QcomArSendCmdState: timeElapsed = 0
12-13 23:14:11.395  2510  7834 W ActivityManager: Receiver with filter android.content.IntentFilter@a4e5c0a already registered for pid 7663, callerPackage is com.hihonor.aod
12-13 23:14:11.395  3830 16900 W eting.whatscard: Cleared Reference was only reachable from finalizer (only reported once)
12-13 23:14:11.395  6822  7310 I HnMSDPMovementManager: enableMovementEvent type =1
12-13 23:14:11.397  2169 21022 I ArHal   : (ArEnableActivityEventExtend:1569):env[1]:event[2]:time[200000000000]:len[32]:param1[0.000000]param3[0.000000]param4[0.000000]buf[]!
12-13 23:14:11.397  2169 21022 I vendor.honor.hardware.activity_recognition-service: (QcomArSendCmdState:497):QcomArSendCmdState: timeElapsed = 0
12-13 23:14:11.397  7663  7663 I HnAOD   : BatteryController:updateBatteryStatus:level:72,status:2,plugType:2
12-13 23:14:11.397  7663  7663 I HnAOD   : AODPreferenceManager:getGlobalSwitchState switch = 0
12-13 23:14:11.397 23707 23926 I AWARENESS_D_P_InquiryProviderCallExecMethod: invoke begin, calling pkg name: com.hihonor.awareness
12-13 23:14:11.397 23707 23926 W AWARENESS_D_P_DataQueryComponentContainer: null supplier for: queryCityCode
12-13 23:14:11.398 23707 23926 I AWARENESS_D_P_InquiryProviderCallExecMethod: invoke duration is 0
12-13 23:14:11.398 23707 23926 W Intelli_Analytics_DpIQCacheHelper: inquiry value is null or invalid, refuse update cache
12-13 23:14:11.398  2169 21022 I vendor.honor.hardware.activity_recognition-service: (QcomArSendCmdState:497):QcomArSendCmdState: timeElapsed = 0
12-13 23:14:11.398  6822  7310 D MovementMonitor: enableMovementEventWrapper, for event : android.activity_recognition.walking , wakeup status is : false
12-13 23:14:11.398  6822  7310 I HnMSDPMovementManager: enableMovementEvent type =1
12-13 23:14:11.399  6822 13263 I MovementMonitor: onMovementStatusChanged
12-13 23:14:11.399  3830 17266 I TRuntime.CctTransportBackend: Status Code: 200
12-13 23:14:11.400  2169 21022 I ArHal   : (ArEnableActivityEventExtend:1569):env[0]:event[2]:time[5000000000]:len[32]:param1[0.000000]param3[0.000000]param4[0.000000]buf[]!
12-13 23:14:11.400  2169 21022 I vendor.honor.hardware.activity_recognition-service: (QcomArSendCmdState:497):QcomArSendCmdState: timeElapsed = 0
12-13 23:14:11.400  2169 21022 I vendor.honor.hardware.activity_recognition-service: (QcomArSendCmdState:497):QcomArSendCmdState: timeElapsed = 0
12-13 23:14:11.401  2510  2784 I WifiEnhanceMonitor: notifyUidStateChanged
12-13 23:14:11.401  6963  6963 I ChargeNotificationHelper: setIntentAction: android.intent.action.SCREEN_OFF
12-13 23:14:11.401  6963  7568 D SmartChargeBroadcastRunnable: update event ScreenOff
12-13 23:14:11.401  6963  7568 I SmartBrainNotifyService:  cancelEndEarlyDelayMessageWhenScreenOff begin difference= 1765638851401
12-13 23:14:11.401  6963  7568 I ChargeNotificationHelper: setIntentAction run: android.intent.action.SCREEN_OFF
12-13 23:14:11.401  6963  7271 I SmartChgBase/Work: register LongStandby and work num is 6
12-13 23:14:11.401  2169 21022 I ArHal   : (ArEnableActivityEventExtend:1569):env[1]:event[1]:time[200000000000]:len[32]:param1[0.000000]param3[0.000000]param4[0.000000]buf[]!
12-13 23:14:11.402  2169 21022 I vendor.honor.hardware.activity_recognition-service: (QcomArSendCmdState:497):QcomArSendCmdState: timeElapsed = 0
12-13 23:14:11.402  2652  2702 I AwareLog: SetThreadToVipGroup:: iawared vipgroup set pid[6493] Success!
12-13 23:14:11.402  2652  2702 I AwareLog: SetThreadToVipGroup:: iawared vipgroup set pid[6685] Success!
12-13 23:14:11.402  2652  2702 I AwareLog: SetThreadToVipGroup:: iawared vipgroup set pid[6699] Success!
12-13 23:14:11.402  2652  2702 I AwareLog: SetThreadToVipGroup:: iawared vipgroup set pid[6698] Success!
12-13 23:14:11.402  2652  2702 I AwareLog: SetThreadToVipGroup:: iawared vipgroup set pid[6669] Success!
12-13 23:14:11.402  2652  2702 I AwareLog: SetThreadToVipGroup:: iawared vipgroup set pid[5869] Success!
12-13 23:14:11.402  2278 20015 D AudioPolicyService: getUidState(10090) cacheIter->second.first, return cacheIter->second.second(0)
12-13 23:14:11.403  6777 22409 I MotionDetection: onMovementStatusChanged, type: 0
12-13 23:14:11.403  6777 22409 I MotionDetection: Activity = android.activity_recognition.in_vehicle, eventType = exit, timeStampNs = 89852302099, Last movement timeStampNs = 0, confidence = 0
12-13 23:14:11.403  2510  7090 W ProcBatteryStats: timer is not running , not stop, name: com.android.phone, uid: 1001, tag: *telephony-radio*
12-13 23:14:11.403  2621 20787 I CameraService: onUidStateChanged: packageName: com.google.android.googlequicksearchbox, uid: 10157, procState: 5
12-13 23:14:11.403  6963  7271 I SmartChgBase/Event: to dispatch event:2025-12-13 23:14:11/ScreenOff
12-13 23:14:11.404  2169 21022 I vendor.honor.hardware.activity_recognition-service: (QcomArSendCmdState:497):QcomArSendCmdState: timeElapsed = 0
12-13 23:14:11.405  2621 20787 I CameraService: onUidStateChanged: packageName: com.android.systemui, uid: 10090, procState: 1
12-13 23:14:11.406  6963 20415 I SmartChgBase/Work: in LongStandby ThreadWork run
12-13 23:14:11.406  2169 21022 I ArHal   : (ArEnableActivityEventExtend:1569):env[1]:event[2]:time[200000000000]:len[32]:param1[0.000000]param3[0.000000]param4[0.000000]buf[]!
12-13 23:14:11.407  2169 21022 I vendor.honor.hardware.activity_recognition-service: (QcomArSendCmdState:497):QcomArSendCmdState: timeElapsed = 0
12-13 23:14:11.407   988   988 I hwservicemanager: getTransport: Cannot find entry vendor.honor.hardware.camera.hiaon@1.0::IHIAONService/hiaoncameraservice in either framework or device VINTF manifest.
12-13 23:14:11.408 23707 25069 I AWARENESS_QueryCapabilitiesAbility: isAidl false isHidl false
12-13 23:14:11.408 23707 25069 I AWARENESS_QueryCapabilitiesAbility: empty or error
12-13 23:14:11.408  6493  6493 W KgSecView: securityMode:getSecurityViewIdForMode: 
12-13 23:14:11.408  6493  6493 W KgSecView: securityMode:pinType:1
12-13 23:14:11.409  7663  7663 I HnAOD   : AodStateManager:addAodSwitchListener listener = com.hihonor.aod.doze.DozeService@2ad5f58
12-13 23:14:11.409  7663  7663 I HnAOD   : DozeService: mStandbySwitchOn : false mAodSwitchOn : false
12-13 23:14:11.409  2169 21022 I vendor.honor.hardware.activity_recognition-service: (QcomArSendCmdState:497):QcomArSendCmdState: timeElapsed = 0
12-13 23:14:11.409  2510  7833 W ActivityManager: Receiver with filter android.content.IntentFilter@97e2ed6 already registered for pid 7663, callerPackage is com.hihonor.aod
12-13 23:14:11.410  7663  7663 I HnAOD   : BatteryController:updateBatteryStatus:level:72,status:2,plugType:2
12-13 23:14:11.410  7663  7663 I HnAOD   : AODPreferenceManager:getGlobalSwitchState switch = 0
12-13 23:14:11.410  7663  7663 W HnAOD   : DozeService:checkAllowedEnterAod Not allowed to entered foraod switch close or low battery or awake but plugin in on
12-13 23:14:11.410  7663  7663 I DreamService[DozeService]: finish(): mFinished=false,callers=com.hihonor.aod.doze.DozeService.checkAllowedEnterAod:913 com.hihonor.aod.doze.DozeService.onCreate:815 android.app.ActivityThread.handleCreateService:5986 android.app.ActivityThread.-$$Nest$mhandleCreateService:0 android.app.ActivityThread$H.handleMessage:3148 
12-13 23:14:11.411  6493  6493 I AnimSceneUtil: get map from Resource.
12-13 23:14:11.411 23707 23928 I AWARENESS_QueryCapabilitiesSnapshot: receive and publish data:{"eventTypes":[],"isSupport":false}
12-13 23:14:11.411  2169 21022 I ArHal   : (ArEnableActivityEventExtend:1569):env[2]:event[1]:time[200000000000]:len[32]:param1[0.000000]param3[0.000000]param4[0.000000]buf[]!
12-13 23:14:11.411 23707 23925 I AWARENESS_QueryCapabilitiesAbility: onDestroy
12-13 23:14:11.411  2165  2165 I android.hardware.nfc-service.nxp: Nfc::write
12-13 23:14:11.412  2165  2165 D NxpHal  : phNxpNciHal_write enter
12-13 23:14:11.412  2165  2165 D NxpHal  : phNxpNciHal_write_internal enter
12-13 23:14:11.412  2165  2165 D NxpHal  : phNxpNciHal_write_unlocked enter
12-13 23:14:11.412 23707 23925 I AWARENESS_TaskScheduler: Finish release ability get_aidl_query_ability@64998221
12-13 23:14:11.412  2169 21022 I vendor.honor.hardware.activity_recognition-service: (QcomArSendCmdState:497):QcomArSendCmdState: timeElapsed = 0
12-13 23:14:11.412  2165  2165 D NxpTml  : phTmlNfc_Write wWriteStatus=0xd 
12-13 23:14:11.412  6493  6493 D HwNotchSizeUtil: mRogWidth = 720mRogWHeigth = 1610, mDefaultWidth = 720,size = 48,resolutionSize =48
12-13 23:14:11.412  7663 18646 I HnAOD   : CommonUtils:snapshotGetAbilityQuery result:{"eventTypes":[],"isSupport":false}
12-13 23:14:11.412  2169 21022 I vendor.honor.hardware.activity_recognition-service: (QcomArSendCmdState:497):QcomArSendCmdState: timeElapsed = 0
12-13 23:14:11.413  6493  6493 D HwNotchSizeUtil: mRogWidth = 720mRogWHeigth = 1610, mDefaultWidth = 720,size = 74,resolutionSize =74
12-13 23:14:11.413  6493  6493 E HwReflectUtil: there is no getDisplayDecoMode method
12-13 23:14:11.413  2165 19432 D NxpTml  : PN54X - Write requested.....
12-13 23:14:11.413  2165 19432 D NxpTml  : PN54X - Invoking I2C Write.....
12-13 23:14:11.413  2165 19432 D NxpTml  : gpphTmlNfc_Context->pDevHandle =0x6 
12-13 23:14:11.414  6822  7310 I HnMSDPMovementManager: enableMovementEvent type =1
12-13 23:14:11.414  2169 21022 I ArHal   : (ArEnableActivityEventExtend:1569):env[2]:event[1]:time[200000000000]:len[32]:param1[0.000000]param3[0.000000]param4[0.000000]buf[]!
12-13 23:14:11.414  2165 19432 D NxpTml  : PN54X - I2C Write successful.....
12-13 23:14:11.415  2165 19432 D NxpTml  : PN54X - Posting Fresh Write message.....
12-13 23:14:11.415  2165 19432 D NxpTml  : PN54X - Tml Writer Thread Running................
12-13 23:14:11.415  2165 19434 D NxpHal  : write successful status = 0x0
12-13 23:14:11.415  7861  7973 I nearby  : AutoController:onReceive: android.intent.action.SCREEN_OFF
12-13 23:14:11.415  2169 21022 I vendor.honor.hardware.activity_recognition-service: (QcomArSendCmdState:497):QcomArSendCmdState: timeElapsed = 0
12-13 23:14:11.416  7861  8073 I nearby  : AutoController:handleMessage what=0 arg1=0 device=nu
12-13 23:14:11.416  7861  8073 I nearby  : AutoController:adapter status 12
12-13 23:14:11.417 23707 23928 I AWARENESS_D_P_InquiryProviderCallExecMethod: invoke begin, calling pkg name: com.hihonor.awareness
12-13 23:14:11.417 23707 23928 W AWARENESS_D_P_DataQueryComponentContainer: null supplier for: queryCityCode
12-13 23:14:11.417 23707 23928 I AWARENESS_D_P_InquiryProviderCallExecMethod: invoke duration is 0
12-13 23:14:11.417 23707 23928 W Intelli_Analytics_DpIQCacheHelper: inquiry value is null or invalid, refuse update cache
12-13 23:14:11.417 17942 17942 I bt_btif bt interface: enable_fast_scan: is_enabled: false
12-13 23:14:11.417  2165 19431 D NxpTml  : PN54X - I2C Read successful.....
12-13 23:14:11.417  7861  8073 I AutoDeviceSp: more than one month since last connection
12-13 23:14:11.417  2165 19431 D NxpTml  : PN54X - Posting read message.....
12-13 23:14:11.417  7861  8073 I nearby  : AutoController:isBluetoothEnabled=true
12-13 23:14:11.417  7861  8073 I nearby  : AutoController:stopBleScan
12-13 23:14:11.418  7861  8073 I nearby  : AutoScanManager:stopBleScan
12-13 23:14:11.418  7861  8073 W nearby  : AutoController:handleMessage MESSAGE_SCAN_CONDITION_CHANGE 
12-13 23:14:11.418  2165 19434 D NxpHal  : read successful status = 0x0
12-13 23:14:11.418  2165 19434 D NxpHal  : phNxpNciHal_print_res_status: response status =STATUS_OK
12-13 23:14:11.418  7861  8041 I nearby  : BleCoexistence:stopScan, scanner={type=AUTO,defScanLevel=1,scanLevel={LOW,1},scanParm={60,600},WorkSource{}}
12-13 23:14:11.418  2169 21022 I vendor.honor.hardware.activity_recognition-service: (QcomArSendCmdState:497):QcomArSendCmdState: timeElapsed = 0
12-13 23:14:11.418  7861  8041 I nearby  : BleScanner:ScanFilters=ServiceDataUuid,ServiceData:
12-13 23:14:11.418  7861  8041 I nearby  : BleScanner:ScanFilters[0] null,null
12-13 23:14:11.418  7861  8041 D BluetoothAdapter: isLeEnabled(): ON
12-13 23:14:11.419  2169 21022 I ArHal   : (ArEnableActivityEventExtend:1569):env[2]:event[2]:time[200000000000]:len[32]:param1[0.000000]param3[0.000000]param4[0.000000]buf[]!
12-13 23:14:11.419  2169 21022 I vendor.honor.hardware.activity_recognition-service: (QcomArSendCmdState:497):QcomArSendCmdState: timeElapsed = 0
12-13 23:14:11.420  2169 21022 I vendor.honor.hardware.activity_recognition-service: (QcomArSendCmdState:497):QcomArSendCmdState: timeElapsed = 0
12-13 23:14:11.420 23198 23222 D libnfc_nci: GKI_getbuf 0xb400007cf4cea820 46:48
12-13 23:14:11.420 23198 19427 D libnfc_nci: NFC received rsp gid:0
12-13 23:14:11.420 23198 19427 D libnfc_nci: nci_proc_core_rsp opcode:0x2
12-13 23:14:11.420 23198 19427 D libnfc_nci: NFC_SET_CONFIG_REVT(0x5002)
12-13 23:14:11.420 23198 19427 D libnfc_nci: nfaDeviceManagementCallback: enter; event=0x2
12-13 23:14:11.420 23198 19427 D libnfc_nci: nfaDeviceManagementCallback: NFA_DM_SET_CONFIG_EVT
12-13 23:14:11.421 23198 23198 D libnfc_nci: nfcManager_doSetScreenState: NFA_SetConfig success
12-13 23:14:11.421 23198 23198 D libnfc_nci: NFA_SetPowerSubStateForScreenState: state:0x2
12-13 23:14:11.421 23198 23198 D libnfc_nci: GKI_getbuf 0xb400007c84d1d570 44:48
12-13 23:14:11.421 23198 23198 D libnfc_nci: nfcManager_doSetScreenState: bb sNfaSetPowerSubState.wait()
12-13 23:14:11.421  2169 21022 I ArHal   : (ArEnableActivityEventExtend:1569):env[3]:event[1]:time[200000000000]:len[32]:param1[0.000000]param3[0.000000]param4[0.000000]buf[]!
12-13 23:14:11.421 23198 19427 D libnfc_nci: NFA got event 0x0117
12-13 23:14:11.421 23198 19427 D libnfc_nci: event: NFA_DM_API_SET_POWER_SUB_STATE_EVT (0x17)
12-13 23:14:11.421 23198 19427 D libnfc_nci: nfa_dm_set_power_sub_state
12-13 23:14:11.421  9043  9043 I wpa_supplicant: nl80211: vendor command vendor_id=4980, subcmd=13
12-13 23:14:11.421 23198 19427 D libnfc_nci: GKI_getbuf 0xb400007cf4cea820 45:48
12-13 23:14:11.421 23198 19427 D libnfc_nci: nfc_ncif_send_cmd()
12-13 23:14:11.421 23198 19427 D libnfc_nci: check_and_store_last_cmd:
12-13 23:14:11.421 23198 19427 D NfcAdaptation: NfcAdaptation::HalWrite
12-13 23:14:11.421  2169 21022 I vendor.honor.hardware.activity_recognition-service: (QcomArSendCmdState:497):QcomArSendCmdState: timeElapsed = 0
12-13 23:14:11.423  2165  2165 I android.hardware.nfc-service.nxp: Nfc::write
12-13 23:14:11.423  2165  2165 D NxpHal  : phNxpNciHal_write enter
12-13 23:14:11.423  2165  2165 D NxpHal  : phNxpNciHal_write_internal enter
12-13 23:14:11.423  2165  2165 D NxpHal  : phNxpNciHal_write_unlocked enter
12-13 23:14:11.423  2169 21022 I vendor.honor.hardware.activity_recognition-service: (QcomArSendCmdState:497):QcomArSendCmdState: timeElapsed = 0
12-13 23:14:11.423  2165 19434 D NxpTml  : phTmlNfc_Read wReadStatus=0xd 
12-13 23:14:11.423 17942 10614 I gatt-ScanHelper: stopScan() - queue size =3
12-13 23:14:11.424  2165 19431 D NxpTml  : PN54X - Read requested.....
12-13 23:14:11.424  2165 19431 D NxpTml  : PN54X - Invoking I2C Read.....
12-13 23:14:11.424  2165 19431 D NxpTml  : gpphTmlNfc_Context->pDevHandle = 0x6
12-13 23:14:11.424  8927  8995 I WifiHAL : event received NL80211_CMD_VENDOR, vendor_id = 0x1374, subcmd = 0xd
12-13 23:14:11.424  2710  2710 I cnss-daemon: nl80211 response handler invoked
12-13 23:14:11.424  2710  2710 I cnss-daemon: nl80211_response_handler: cmd 103, vendorID 4980, subcmd 13  received
12-13 23:14:11.425 13076 20401 I Finsky  : [66918] Flushing event logs for [0UCBQy1J72EPK3K7eeoHOd92pHOzIyCOQEvEGlH3-Ro]
12-13 23:14:11.425  9043  9043 I wpa_supplicant: nl80211: Ignore unsupported QCA vendor event 13
12-13 23:14:11.425 13076 20401 I Finsky  : [66918] Flushing event logs for [mROwAr6QCXLKr-t5FGt7iwrwWEh8m9EAf7GHy2k9mYs]
12-13 23:14:11.425  2165  2165 D NxpTml  : phTmlNfc_Write wWriteStatus=0xd 
12-13 23:14:11.425  2165 19432 D NxpTml  : PN54X - Write requested.....
12-13 23:14:11.425  2165 19432 D NxpTml  : PN54X - Invoking I2C Write.....
12-13 23:14:11.425  2165 19432 D NxpTml  : gpphTmlNfc_Context->pDevHandle =0x6 
12-13 23:14:11.425 13076 20401 I Finsky  : [66918] playLoggingServerUrl: https://play.googleapis.com/play/log
12-13 23:14:11.425  2169 21022 I ArHal   : (ArEnableActivityEventExtend:1569):env[3]:event[2]:time[200000000000]:len[32]:param1[0.000000]param3[0.000000]param4[0.000000]buf[]!
12-13 23:14:11.426 13076 20401 I Finsky  : [66918] playLoggingServerTimestampUrl: https://play.googleapis.com/play/log/timestamp
12-13 23:14:11.426  2169 21022 I vendor.honor.hardware.activity_recognition-service: (QcomArSendCmdState:497):QcomArSendCmdState: timeElapsed = 0
12-13 23:14:11.426  2169 21022 I vendor.honor.hardware.activity_recognition-service: (QcomArSendCmdState:497):QcomArSendCmdState: timeElapsed = 0
12-13 23:14:11.427 17942 18080 E PowerLogWrite: write new power event, from uid:1002,tag:182,msg:1002|17942|BLE_SCAN
12-13 23:14:11.428 17942 18080 I gatt-ScanHelper: stopScan() - queue size =3
12-13 23:14:11.428  2169 21022 I ArHal   : (ArEnableActivityEventExtend:1569):env[4]:event[1]:time[5000000000]:len[32]:param1[0.000000]param3[0.000000]param4[0.000000]buf[]!
12-13 23:14:11.428  2165 19432 D NxpTml  : PN54X - I2C Write successful.....
12-13 23:14:11.428  2165 19432 D NxpTml  : PN54X - Posting Fresh Write message.....
12-13 23:14:11.428  2165 19432 D NxpTml  : PN54X - Tml Writer Thread Running................
12-13 23:14:11.428  2169 21022 I vendor.honor.hardware.activity_recognition-service: (QcomArSendCmdState:497):QcomArSendCmdState: timeElapsed = 0
12-13 23:14:11.429  2165 19431 D NxpTml  : PN54X - I2C Read successful.....
12-13 23:14:11.429  2165 19431 D NxpTml  : PN54X - Posting read message.....
12-13 23:14:11.429  2165 19434 D NxpHal  : write successful status = 0x0
12-13 23:14:11.429  2165 19434 D NxpHal  : read successful status = 0x0
12-13 23:14:11.429  2169 21022 I vendor.honor.hardware.activity_recognition-service: (QcomArSendCmdState:497):QcomArSendCmdState: timeElapsed = 0
12-13 23:14:11.429 17942 18053 I bt_shim_scanner: ScanFilterParamSetup: in shim layer, clientIf=5
12-13 23:14:11.430  6777  7481 I PGServer: report state:8 event type:2 pid:0 uid:1002 pkg:BLE_SCAN to pid: 2510
12-13 23:14:11.430 23198 23222 D libnfc_nci: GKI_getbuf 0xb400007cf4ceda20 46:48
12-13 23:14:11.430 23198 19427 D libnfc_nci: NFC received rsp gid:0
12-13 23:14:11.430  6777  7481 I BluetoothState: inactive bluetooth uid: 1002, pid:17942, connId:-1, reason:BLE_SCAN
12-13 23:14:11.430 23198 19427 D libnfc_nci: nci_proc_core_rsp opcode:0x9
12-13 23:14:11.430 23198 19427 D libnfc_nci: unknown revt(0x5012)
12-13 23:14:11.430 23198 19427 D libnfc_nci: nfaDeviceManagementCallback: enter; event=0xB
12-13 23:14:11.430  6777  7481 D BluetoothState: stop bt uid:1002 state:BLE_SCAN total(ms):33598587
12-13 23:14:11.430 23198 19427 D libnfc_nci: nfaDeviceManagementCallback: NFA_DM_SET_POWER_SUB_STATE_EVT; status=0x0
12-13 23:14:11.430 17942 10614 I bt_shim_scanner: Unregister: in shim layer, scannerId=5
12-13 23:14:11.430  7861  8041 I nearby  : BleCoexistence:current scan parameter=60:600ms
12-13 23:14:11.430  7861  8041 I nearby  : BleCoexistence:updateScanners mtaflag: false
12-13 23:14:11.430  7861  8041 I nearby  : BleCoexistence:no need for update, scanner sourceWorkSource{7861 com.hihonor.nearby}
12-13 23:14:11.430 23198 23198 D libnfc_nci: nfcManager_doSetScreenState: NFA_SetPowerSubStateForScreenState success
12-13 23:14:11.430 23198 23198 D libnfc_nci: nfcManager_doSetScreenState end
12-13 23:14:11.431 17942 18053 I bt_shim_scanner: Scan: in shim layer stopped
12-13 23:14:11.431 17942 18017 I bluetooth: unregister_client: Client unregistered
12-13 23:14:11.431 17942 18053 I bt_shim_scanner: SetScanParameters: in shim layer, scannerId=3
12-13 23:14:11.431 17942 18053 I bt_shim_scanner: Scan: in shim layer started
12-13 23:14:11.431  2141 18025 I vendor.qti.bluetooth@1.0-ibs_handler: ProcessIbsCmd: Received IBS_WAKE_IND: 0xFD
12-13 23:14:11.431 17942 18017 I bluetooth: stop_scan: Scanning already stopped, return!
12-13 23:14:11.431  2141 18025 I vendor.qti.bluetooth@1.0-ibs_handler: ProcessIbsCmd: Writing IBS_WAKE_ACK
12-13 23:14:11.431 17942 18017 I bluetooth: register_client: Client registered
12-13 23:14:11.431  6963 20415 E SmartChgBase/Config: get CustomizeProduct failed or no CustomizeProduct MatchCustomizeProduct
12-13 23:14:11.431  6963 20415 I SmartChgBase/Public: get property ro.build.characteristics=default
12-13 23:14:11.431 17942 18033 I gatt-ScanHelper: onScanParamSetupCompleted() - scannerId=3, status=0, pkgName=android.uid.system:1000
12-13 23:14:11.431  6963 20415 E SmartChgBase/Config: configure item's build characteristics mismatch DEFAULT:DEFAULT
12-13 23:14:11.432  2165 19431 D NxpTml  : PN54X - Read requested.....
