12-13 17:21:12.338  2510  3143 I HwNormalizedAutomaticBrightnessController: isLightSensorEnabled=falsemLightSensorEnabledfalse
12-13 17:21:12.338  2510  3143 I DisplayPowerController[0]: mAutomaticBrightnessController.configure start enter from there.brightnessState=NaN
12-13 17:21:12.339  2510  3143 I HwNormalizedRampAnimator: useHealthEyeAnimationTimeEnable=true
12-13 17:21:12.340  2510  3143 E HwNormalizedAutomaticBrightnessController: mDarkAdaptDetector is null, dark adapt may not enable
12-13 17:21:12.340  2510  3143 D HwNormalizedRampAnimator: darkAdaptDimmingMode: 0
12-13 17:21:12.340  2510  3143 I DisplayDimModifier: Dim brightness= 0.05
12-13 17:21:12.341  2510  6385 I DisplayDeviceConfig: hasSdrToHdrRatioSpline = false
12-13 17:21:12.341  2510  3143 I HwNormalizedManualBrightnessController[0]: sdr brightness =12.75
12-13 17:21:12.341  2510  3143 I DisplayPowerController[0]: Animating brightness: target=0.05, rate=0.7058824, newTarget=0.05, newSdrTarget=0.05, newLocalTarget=0.05, brightnessFloat255=12.75, AutoBrightnessEnable=false, mDisplayStatePolicy: 2
12-13 17:21:12.341  2510  3143 I BatteryStatsService: mLastBrightness equals brightness. value: 13
12-13 17:21:12.577  2510  4823 I ActivityManager: sendIntentSender target:PendingIntentRecord{30c4b81 android broadcastIntent}, intent:flg=0x4 hwFlg=0x110
12-13 17:21:12.579  2510  4823 I ActivityManager: App 10296/todolist.scheduleplanner.dailyplanner.todo.reminders targets O+, restricted
12-13 17:21:12.580  2510  4823 I PowerManagerService: wakeLock.mDisabled:false, mDeviceIdleMode:false, mProcState:0
12-13 17:21:12.580  2510  2879 I ActivityManager: App 10296/todolist.scheduleplanner.dailyplanner.todo.reminders targets O+, restricted
12-13 17:21:12.580  2510  4823 I PowerManagerService: UL_Power mReadyToBgReport: true
12-13 17:21:12.581  2510  4823 I PowerManagerService: need acquire WakeLockSuspendBlocker
12-13 17:21:12.581  2510  4823 I PowerManagerService: Acquiring suspend blocker "PowerManagerService.WakeLocks".
12-13 17:21:12.581  2510  2879 E ProcessInfoCollector: getProcessInfo: proc should not less than zero.
12-13 17:21:12.581  2510  2879 V ActivityManager: startProcess: name=todolist.scheduleplanner.dailyplanner.todo.reminders app=null knownToBeDead=true thread=null pid=-1 preloadStatus=-1
12-13 17:21:12.583  2510  2879 D CompatChangeReporter: Compat change id reported: 151861875; UID 10296; state: ENABLED
12-13 17:21:12.585  2510  4823 I ActivityManager: sendIntentSender target:PendingIntentRecord{e8974ff com.facebook.services broadcastIntent}, intent:flg=0x4 hwFlg=0x110
12-13 17:21:12.595  2510  4823 I ActivityManager: sendIntentSender target:PendingIntentRecord{b852f3b com.hihonor.powergenie broadcastIntent}, intent:flg=0x4 hwFlg=0x110
12-13 17:21:12.598  2510  4823 I ActivityManager: sendIntentSender target:PendingIntentRecord{b1fc981 com.google.android.gms/com.google.android.gms.location_base broadcastIntent}, intent:flg=0x4 hwFlg=0x110
12-13 17:21:12.605  2510  7083 I PowerManagerService: wakeLock.mDisabled:false, mDeviceIdleMode:false, mProcState:3
12-13 17:21:12.605  2510  7083 I PowerManagerService: UL_Power mReadyToBgReport: true
12-13 17:21:12.624  2510  7022 I PowerManagerService: UL_Power mReadyToBgReport: true
12-13 17:21:12.635  2510  2880 W ActivityManager: Slow operation: 51ms so far, now at startProcess: returned from zygote!
12-13 17:21:12.636  2510  2880 W ActivityManager: Slow operation: 52ms so far, now at startProcess: done updating battery stats
12-13 17:21:12.636  2510  2880 W ActivityManager: Slow operation: 52ms so far, now at startProcess: building log message
12-13 17:21:12.636  2510  2880 I ActivityManager: Start proc 19092:todolist.scheduleplanner.dailyplanner.todo.reminders/u0a296 for broadcast {todolist.scheduleplanner.dailyplanner.todo.reminders/app.todolist.widget.TaskListWidgetProviderLite}
12-13 17:21:12.637  2510  2880 W ActivityManager: Slow operation: 52ms so far, now at startProcess: starting to update pids map
12-13 17:21:12.637  2510  2880 W ActivityManager: Slow operation: 53ms so far, now at startProcess: done updating pids map
12-13 17:21:12.637  2510  2880 I SWAP_SCENE: Entering notifySceneData notifySceneData. EventType:PROCESS_CREATE para:todolist.scheduleplanner.dailyplanner.todo.reminders
12-13 17:21:12.637  2510  2880 I HwActivityManagerServiceEx: notifyProcessStatusChange::pkg:todolist.scheduleplanner.dailyplanner.todo.reminders pid:19092 uid:10296
12-13 17:21:12.638  2510  8271 I SWAP_SCENE: Entering appColdCheck cold! appName:todolist.scheduleplanner.dailyplanner.todo.reminders
12-13 17:21:12.640  2510  8271 I SWAP_GkiKernelInterface: mkdir for todolist.scheduleplanner.dailyplanner.todo.reminders success
12-13 17:21:12.640  2510  8271 I SWAP_SCENE: Entering appColdCheck cold! Mkdir. appName:todolist.scheduleplanner.dailyplanner.todo.reminders
12-13 17:21:12.640  2510  8271 I SWAP_GkiKernelInterface: addToProcs:todolist.scheduleplanner.dailyplanner.todo.reminders pid:19092
12-13 17:21:12.677 19092 19092 D ActivityThread: Attach thread to application
12-13 17:21:12.690  2510  7022 E WindowManager: Process Permission error! uid:10296
12-13 17:21:12.690  2510  7022 E WindowManager: check permission error, current package is todolist.scheduleplanner.dailyplanner.todo.reminders , it is not systemApp, callers is com.hihonor.android.view.IHwWindowManager$Stub.onTransact:1503 android.os.Binder.execTransactInternal:1534 android.os.Binder.execTransact:1476 <bottom of call stack> <bottom of call stack> <bottom of call stack> <bottom of call stack> <bottom of call stack> <bottom of call stack> <bottom of call stack> 
12-13 17:21:12.693 19092 19108 I ActivityThread: Init compatible state: true
12-13 17:21:12.913  2510  7090 I PackageManager: setEnabledSetting pkg:todolist.scheduleplanner.dailyplanner.todo.reminders, className:androidx.work.impl.background.systemjob.SystemJobService, newState:1, flags:1, userId:0, CallingPid:19092, CallingUid:10296
12-13 17:21:12.996  2510  7090 D CompatChangeReporter: Compat change id reported: 319212206; UID 10296; state: ENABLED
12-13 17:21:13.006  2510  7090 D HwActivityManagerServiceEx: finishPreloaded callingPid 19092
12-13 17:21:13.006  2510  7090 D HwActivityManagerServiceEx: finishPreloaded preloadStatus: 0 app: ProcessRecord{f5bfb78 19092:todolist.scheduleplanner.dailyplanner.todo.reminders/u0a296} uidRec.isPreload: false
12-13 17:21:13.019  2510  7090 I ActivityManager: App 10296/todolist.scheduleplanner.dailyplanner.todo.reminders targets O+, restricted
12-13 17:21:13.024 19092 19092 I ActivityThread: finishPreloaded preloadStatus 0
12-13 17:21:13.040  2510  7090 I AppWidgetServiceImpl: getInstalledProvidersForProfile: flip_sub_display widget, continue
12-13 17:21:13.040  2510  7090 I AppWidgetServiceImpl: getInstalledProvidersForProfile: widget clip only can be bind to hnsystemserver
12-13 17:21:13.040  2510  7090 I AppWidgetServiceImpl: getInstalledProvidersForProfile: flip_sub_display widget, continue
12-13 17:21:13.040  2510  7090 I AppWidgetServiceImpl: getInstalledProvidersForProfile: flip_sub_display widget, continue
12-13 17:21:13.040  2510  7090 I AppWidgetServiceImpl: getInstalledProvidersForProfile: standby widget, continue
12-13 17:21:13.040  2510  7090 I AppWidgetServiceImpl: getInstalledProvidersForProfile: flip_sub_display widget, continue
12-13 17:21:13.041  2510  7090 I AppWidgetServiceImpl: getInstalledProvidersForProfile: widget clip only can be bind to hnsystemserver
12-13 17:21:13.055  2510  6313 D AppWidgetServiceImpl: Trying to notify widget view data changed
12-13 17:21:13.056  2510  6313 D AppWidgetServiceImpl: Trying to notify widget update for package todolist.scheduleplanner.dailyplanner.todo.reminders with widget id: 2
12-13 17:21:13.060  2510  2510 I PowerManagerService: UL_Power mReadyToBgReport: true
12-13 17:21:13.060  2510  2510 I PowerManagerService: need release WakeLockSuspendBlocker
12-13 17:21:13.060  2510  2510 I PowerManagerService: Releasing suspend blocker "PowerManagerService.WakeLocks".
12-13 17:21:13.061  2510  7091 I ActivityManager: App 10296/todolist.scheduleplanner.dailyplanner.todo.reminders targets O+, restricted
12-13 17:21:13.062  2510  7091 I ActivityManager: App 10296/todolist.scheduleplanner.dailyplanner.todo.reminders targets O+, restricted
12-13 17:21:13.062  2510  7091 I ActivityManager: App 10296/todolist.scheduleplanner.dailyplanner.todo.reminders targets O+, restricted
12-13 17:21:13.062  2510  7091 I ActivityManager: App 10296/todolist.scheduleplanner.dailyplanner.todo.reminders targets O+, restricted
12-13 17:21:13.062  2510  7091 I ActivityManager: App 10296/todolist.scheduleplanner.dailyplanner.todo.reminders targets O+, restricted
12-13 17:21:13.062  2510  7091 I ActivityManager: App 10296/todolist.scheduleplanner.dailyplanner.todo.reminders targets O+, restricted
12-13 17:21:13.062  2510  7091 I ActivityManager: App 10296/todolist.scheduleplanner.dailyplanner.todo.reminders targets O+, restricted
12-13 17:21:13.064  2510  2879 I ActivityManager: App 10296/todolist.scheduleplanner.dailyplanner.todo.reminders targets O+, restricted
12-13 17:21:13.067  2510  7091 I ActivityManager: App 10296/todolist.scheduleplanner.dailyplanner.todo.reminders targets O+, restricted
12-13 17:21:13.067  2510  7091 I ActivityManager: App 10296/todolist.scheduleplanner.dailyplanner.todo.reminders targets O+, restricted
12-13 17:21:13.067  2510  7091 I ActivityManager: App 10296/todolist.scheduleplanner.dailyplanner.todo.reminders targets O+, restricted
12-13 17:21:13.067  2510  7091 I ActivityManager: App 10296/todolist.scheduleplanner.dailyplanner.todo.reminders targets O+, restricted
12-13 17:21:13.067  2510  7091 I ActivityManager: App 10296/todolist.scheduleplanner.dailyplanner.todo.reminders targets O+, restricted
12-13 17:21:13.067  2510  7091 I ActivityManager: App 10296/todolist.scheduleplanner.dailyplanner.todo.reminders targets O+, restricted
12-13 17:21:13.067  2510  7091 I ActivityManager: App 10296/todolist.scheduleplanner.dailyplanner.todo.reminders targets O+, restricted
12-13 17:21:13.090  2510  4821 D CompatChangeReporter: Compat change id reported: 311402873; UID 10296; state: ENABLED
12-13 17:21:13.090  2510  4821 D CompatChangeReporter: Compat change id reported: 323349338; UID 10296; state: ENABLED
12-13 17:21:13.091  2510  7091 D CompatChangeReporter: Compat change id reported: 297989574; UID 10296; state: ENABLED
12-13 17:21:13.100  2510  4821 I AlarmManager: remove alarm reason:1 alarms:[Alarm{9c8366f type 0 origWhen 1765674000189 whenElapsed 2261460549 PendingIntent{f35a936: PendingIntentRecord{6ac9951 todolist.scheduleplanner.dailyplanner.todo.reminders broadcastIntent}} todolist.scheduleplanner.dailyplanner.todo.reminders procName todolist.scheduleplanner.dailyplanner.todo.reminders}]
12-13 17:21:13.105  2510  7083 D SmartHeartBeat: isPendingAlarm, false, pkg:todolist.scheduleplanner.dailyplanner.todo.reminders, action:null,not pending alarm with AlarmClockInfo
12-13 17:21:13.106  2510  2510 I ActivityManager: App 10156/com.google.android.apps.wellbeing targets O+, restricted
12-13 17:21:13.109  2510  2879 I ActivityManager: App 10156/com.google.android.apps.wellbeing targets O+, restricted
12-13 17:21:13.110  2510  2879 E ProcessInfoCollector: getProcessInfo: failed to find this proc: 2510
12-13 17:21:13.114  2510  2510 I ActivityManager: App 10156/com.google.android.apps.wellbeing targets O+, restricted
12-13 17:21:13.116  2510  2510 D ConditionProviders.SCP: onReceive android.app.action.NEXT_ALARM_CLOCK_CHANGED
12-13 17:21:13.116  2510  2510 D ConditionProviders.SCP: evaluateSubscriptionLocked cal=ScheduleCalendar[mDays={1, 7}, mSchedule=ScheduleInfo{days=[1, 7], startHour=22, startMinute=0, endHour=7, endMinute=0, exitAtAlarm=false, nextAlarm=Thu Jan 01 07:30:00 GMT+08:00 1970 (0)}], now=Sat Dec 13 17:21:13 GMT+08:00 2025 (1765617673116), nextUserAlarmTime=Sun Dec 14 09:00:00 GMT+08:00 2025 (1765674000102)
12-13 17:21:13.116  2510  2510 D ConditionProviders.SCP: notifyCondition condition://android/schedule?days=1.7&start=22.0&end=7.0&exitAtAlarm=false STATE_FALSE reason=!meetsSchedule
12-13 17:21:13.117  2510  2510 I AlarmManager: remove alarm reason:1 alarms:[Alarm{4bfc781 type 0 origWhen 1765634400000 whenElapsed 2221860360 PendingIntent{ac43309: PendingIntentRecord{2deb2f6 android broadcastIntent}} android procName system}]
12-13 17:21:13.118  2510  2510 D ConditionProviders.SCP: Scheduling evaluate for Sat Dec 13 22:00:00 GMT+08:00 2025 (1765634400000), in +4h38m46s884ms, now=Sat Dec 13 17:21:13 GMT+08:00 2025 (1765617673116)
12-13 17:21:13.118  2510  2879 I ActivityManager: App 10156/com.google.android.apps.wellbeing targets O+, restricted
12-13 17:21:13.118  2510  2879 E ProcessInfoCollector: getProcessInfo: failed to find this proc: 2510
12-13 17:21:13.119  2510  2510 D ConditionProviders.SCP: onReceive android.app.action.NEXT_ALARM_CLOCK_CHANGED
12-13 17:21:13.120  2510  2510 D ConditionProviders.SCP: evaluateSubscriptionLocked cal=ScheduleCalendar[mDays={1, 7}, mSchedule=ScheduleInfo{days=[1, 7], startHour=22, startMinute=0, endHour=7, endMinute=0, exitAtAlarm=false, nextAlarm=Thu Jan 01 07:30:00 GMT+08:00 1970 (0)}], now=Sat Dec 13 17:21:13 GMT+08:00 2025 (1765617673119), nextUserAlarmTime=Sun Dec 14 09:00:00 GMT+08:00 2025 (1765674000102)
12-13 17:21:13.120  2510  2510 D ConditionProviders.SCP: notifyCondition condition://android/schedule?days=1.7&start=22.0&end=7.0&exitAtAlarm=false STATE_FALSE reason=!meetsSchedule
12-13 17:21:13.120  2510  2510 I AlarmManager: remove alarm reason:1 alarms:[Alarm{6205abd type 0 origWhen 1765634400000 whenElapsed 2221860360 PendingIntent{3377026: PendingIntentRecord{2deb2f6 android broadcastIntent}} android procName system}]
12-13 17:21:13.120  2510  2510 D ConditionProviders.SCP: Scheduling evaluate for Sat Dec 13 22:00:00 GMT+08:00 2025 (1765634400000), in +4h38m46s881ms, now=Sat Dec 13 17:21:13 GMT+08:00 2025 (1765617673119)
12-13 17:21:13.134  2510  6313 D AppWidgetServiceImpl: Trying to notify widget view data changed
12-13 17:21:13.140  2510  6313 D AppWidgetServiceImpl: Trying to notify widget view data changed
12-13 17:21:13.143  2510  6313 D AppWidgetServiceImpl: Trying to notify widget update for package todolist.scheduleplanner.dailyplanner.todo.reminders with widget id: 2
12-13 17:21:13.147  2510  7090 I ActivityManager: App 10296/todolist.scheduleplanner.dailyplanner.todo.reminders targets O+, restricted
12-13 17:21:13.150  2510  7022 I ActivityManager: App 10296/todolist.scheduleplanner.dailyplanner.todo.reminders targets O+, restricted
12-13 17:21:13.155  2510  7022 I ActivityManager: App 10296/todolist.scheduleplanner.dailyplanner.todo.reminders targets O+, restricted
12-13 17:21:13.158  2510  7022 I ActivityManager: App 10296/todolist.scheduleplanner.dailyplanner.todo.reminders targets O+, restricted
12-13 17:21:13.165  2510  7090 I PowerManagerService: wakeLock.mDisabled:false, mDeviceIdleMode:false, mProcState:3
12-13 17:21:13.165  2510  7090 I PowerManagerService: UL_Power mReadyToBgReport: true
12-13 17:21:13.165  2510  7090 I PowerManagerService: need acquire WakeLockSuspendBlocker
12-13 17:21:13.165  2510  7090 I PowerManagerService: Acquiring suspend blocker "PowerManagerService.WakeLocks".
12-13 17:21:13.166  2510  7083 I ActivityManager: App 10296/todolist.scheduleplanner.dailyplanner.todo.reminders targets O+, restricted
12-13 17:21:13.170  2510  7083 I ActivityManager: App 10296/todolist.scheduleplanner.dailyplanner.todo.reminders targets O+, restricted
12-13 17:21:13.170  2510  7022 W AppOps  : Noting op not finished: uid 10045 pkg com.google.android.gms code 113 startTime of in progress event=1765616651158
12-13 17:21:13.172  2510  7022 I ActivityManager: App 10296/todolist.scheduleplanner.dailyplanner.todo.reminders targets O+, restricted
12-13 17:21:13.172  2510  7083 I ActivityManager: sendIntentSender target:PendingIntentRecord{367368b com.google.android.gms/fused_location_provider startService}, intent:hwFlg=0x10
12-13 17:21:13.176  2510  7090 W AppOps  : Noting op not finished: uid 10045 pkg com.google.android.gms code 79 startTime of in progress event=1765616651158
12-13 17:21:13.177  2510  6313 D AppWidgetServiceImpl: Trying to notify widget view data changed
12-13 17:21:13.179  2510  6313 D AppWidgetServiceImpl: Trying to notify widget view data changed
12-13 17:21:13.180  2510  6612 I ActivityManager: sendIntentSender target:PendingIntentRecord{33e67a6 com.google.android.gms/com.google.android.gms.personalsafety broadcastIntent}, intent:hwFlg=0x10
12-13 17:21:13.181  2510  6313 D AppWidgetServiceImpl: Trying to notify widget update for package todolist.scheduleplanner.dailyplanner.todo.reminders with widget id: 2
12-13 17:21:13.182  2510  7091 W AppOps  : Noting op not finished: uid 10045 pkg com.google.android.gms code 113 startTime of in progress event=1765616651158
12-13 17:21:13.184  2510  7080 I ActivityManager: sendIntentSender target:PendingIntentRecord{12c368 com.google.android.gms/fused_location_provider startService}, intent:hwFlg=0x10
12-13 17:21:13.191  2510  4821 I ActivityManager: App 10296/todolist.scheduleplanner.dailyplanner.todo.reminders targets O+, restricted
12-13 17:21:13.192  2510  7080 W AppOps  : Noting op not finished: uid 10045 pkg com.google.android.gms code 113 startTime of in progress event=1765616651158
12-13 17:21:13.193  2510  7091 I ActivityManager: sendIntentSender target:PendingIntentRecord{60539fe com.google.android.gms/fused_location_provider startService}, intent:hwFlg=0x10
12-13 17:21:13.195  2510  7083 I ActivityManager: App 10296/todolist.scheduleplanner.dailyplanner.todo.reminders targets O+, restricted
12-13 17:21:13.199  2510  7083 I ActivityManager: App 10296/todolist.scheduleplanner.dailyplanner.todo.reminders targets O+, restricted
12-13 17:21:13.200  2510  7080 W AppOps  : Noting op not finished: uid 10045 pkg com.google.android.gms code 113 startTime of in progress event=1765616651158
12-13 17:21:13.201  2510  7080 I PowerManagerService: wakeLock.mDisabled:false, mDeviceIdleMode:false, mProcState:3
12-13 17:21:13.201  2510  7080 I PowerManagerService: UL_Power mReadyToBgReport: true
12-13 17:21:13.202  2510  4821 I ActivityManager: sendIntentSender target:PendingIntentRecord{5084df4 com.google.android.gms/fused_location_provider startService}, intent:hwFlg=0x10
12-13 17:21:13.205  2510  7090 I ActivityManager: App 10296/todolist.scheduleplanner.dailyplanner.todo.reminders targets O+, restricted
12-13 17:21:13.206  2510  7091 I PowerManagerService: UL_Power mReadyToBgReport: true
12-13 17:21:13.206  2510  4821 I PowerManagerService: wakeLock.mDisabled:false, mDeviceIdleMode:false, mProcState:3
12-13 17:21:13.206  2510  4821 I PowerManagerService: UL_Power mReadyToBgReport: true
12-13 17:21:13.209  2510  7022 I PowerManagerService: UL_Power mReadyToBgReport: true
12-13 17:21:13.209  2510  7090 I ActivityManager: App 10296/todolist.scheduleplanner.dailyplanner.todo.reminders targets O+, restricted
12-13 17:21:13.212  2510  7022 I PowerManagerService: UL_Power mReadyToBgReport: true
12-13 17:21:13.212  2510  7022 I PowerManagerService: need release WakeLockSuspendBlocker
12-13 17:21:13.212  2510  7091 I ActivityManager: App 10296/todolist.scheduleplanner.dailyplanner.todo.reminders targets O+, restricted
12-13 17:21:13.213  2510  7022 I PowerManagerService: Releasing suspend blocker "PowerManagerService.WakeLocks".
12-13 17:21:13.313  2510  4709 W SettingsState: writeSingleSetting() get invalid item. version: 226, id: 139831, name: single_hand_switch
--------- beginning of main
12-13 17:21:13.479 24711 24741 E bms_file: file /sys/class/hw_power/charger/direct_charger_hsc/direct_charge_succ is invalid
12-13 17:21:13.480 24711 24741 E bms_file: file /sys/class/hw_power/charger/charge_data/iin_thermal is invalid
12-13 17:21:13.481 24711 24741 I bms_behavior: monitor interval count 645
12-13 17:21:13.494  2143  4070 W ServiceManagerCppClient: Waited one second for vendor.qti.qhcp.IQHDC/default (is service started? Number of threads started in the threadpool: 3. Are binder threads started and available?)
12-13 17:21:13.500   983 19168 W libc    : Unable to set property "ctl.interface_start" to "aidl/vendor.qti.qhcp.IQHDC/default": PROP_ERROR_HANDLE_CONTROL_MESSAGE (0x20)
12-13 17:21:13.602  2152 15299 I sensors-hal: handle_sns_std_sensor_event:150, ambient_light_event: ts=2205133960996785, lux = 34, raw_adc=64, raw_2=771
12-13 17:21:13.768  2152 15299 I sensors-hal: handle_sns_std_sensor_event:150, ambient_light_event: ts=2205134126997618, lux = 36, raw_adc=66, raw_2=771
12-13 17:21:13.810  2510  6210 E HwQoEJNI: sendQoeCmd. open monitor_fd error
12-13 17:21:13.909  2253  2377 W ServiceManagerCppClient: Waited one second for vendor.qti.qhcp.IQHDC/default (is service started? Number of threads started in the threadpool: 2. Are binder threads started and available?)
12-13 17:21:13.915   983 19169 W libc    : Unable to set property "ctl.interface_start" to "aidl/vendor.qti.qhcp.IQHDC/default": PROP_ERROR_HANDLE_CONTROL_MESSAGE (0x20)
12-13 17:21:13.934  2152 15299 I sensors-hal: handle_sns_std_sensor_event:150, ambient_light_event: ts=2205134292997358, lux = 34, raw_adc=64, raw_2=771
12-13 17:21:14.024  6822  7307 D Booster_TelephonyState: updateLteSignalStrengthFromProp[1], lteRsrp:-93 lteRsrq:-13 lteSinr:2
12-13 17:21:14.100  2152 15299 I sensors-hal: handle_sns_std_sensor_event:150, ambient_light_event: ts=2205134458995795, lux = 35, raw_adc=65, raw_2=771
12-13 17:21:14.233  2510  6210 I WifiEnhanceMonitor: getPrimaryWifiInfo: primaryWifiInfo from WifiManager
12-13 17:21:14.233  6963  7274 I SmartChgBase/ArbExecExtStep: Init:[targetValue:0]
12-13 17:21:14.233  6963  7274 I SmartChgBase/Arb_HidlParam: Apply Skipped: IsApplyExcept return true. [moduleName:BASP, param:dc_vterm_dec, detailsWithValue:source=trigger;event=heartbeat;chargestatus=start;value=0;]
12-13 17:21:14.234  6963  7274 I SmartChgBase/Arb_HidlParam: Apply Skipped: IsApplyExcept return true. [moduleName:BASP, param:ichg_ratio, detailsWithValue:source=trigger;event=heartbeat;chargestatus=start;value=100;]
12-13 17:21:14.234  6963  7274 I SmartChgBase/ArbExecExtStep: Init:[targetValue:0]
12-13 17:21:14.234  6963  7274 I SmartChgBase/Arb_HidlParam: Apply Skipped: IsApplyExcept return true. [moduleName:BASP, param:nondc_vterm_dec, detailsWithValue:source=trigger;event=heartbeat;chargestatus=start;value=0;]
12-13 17:21:14.235  6963  7274 I SmartChgBase/Arb_HidlParam: Apply Skipped: IsApplyExcept return true. [moduleName:ASW, param:soc_control, detailsWithValue:source=trigger;event=heartbeat;chargestatus=start;value=1 95 100 1 1;]
12-13 17:21:14.266  2152 15299 I sensors-hal: handle_sns_std_sensor_event:150, ambient_light_event: ts=2205134624996837, lux = 36, raw_adc=66, raw_2=771
12-13 17:21:14.498  2143  4070 W ServiceManagerCppClient: Waited one second for vendor.qti.qhcp.IQHDC/default (is service started? Number of threads started in the threadpool: 3. Are binder threads started and available?)
12-13 17:21:14.503   983 19170 W libc    : Unable to set property "ctl.interface_start" to "aidl/vendor.qti.qhcp.IQHDC/default": PROP_ERROR_HANDLE_CONTROL_MESSAGE (0x20)
12-13 17:21:14.525  2510  6210 E HwQoEJNI: sendQoeCmd. open monitor_fd error
12-13 17:21:14.525  2510  6210 E TcpInfoMonitor: error, current tcpInfo result is null!
12-13 17:21:14.598  2152 15299 I sensors-hal: handle_sns_std_sensor_event:150, ambient_light_event: ts=2205134956995275, lux = 34, raw_adc=64, raw_2=771
12-13 17:21:14.765  2152 15299 I sensors-hal: handle_sns_std_sensor_event:150, ambient_light_event: ts=2205135122995275, lux = 33, raw_adc=63, raw_2=771
12-13 17:21:14.855  2510  7080 I BatteryService: Processing new values: info={chargerAcOnline=false,chargerUsbOnline=true,chargerWirelessOnline=false,maxChargingCurrent=500000,maxChargingVoltage=5000000,batteryStatus=2=CHARGING,batteryHealth=2=GOOD,batteryPresent=true,batteryLevel=66,batteryVoltage=4083,batteryTemperature=323,batteryFullCharge=6590000,batteryChargeCounter=3500000,batteryTechnology=Unknown,batteryCapacityLevel=3=NORMAL,chargerDockOnline=false}, mBatteryLevelCritical=false, mPlugType=2, mLastPlugType=2
12-13 17:21:14.856  2510  7080 I BatteryService: check conditions changed
12-13 17:21:14.859  2510  7080 I BatteryService: Processing new values: info={chargerAcOnline=false,chargerUsbOnline=true,chargerWirelessOnline=false,maxChargingCurrent=500000,maxChargingVoltage=5000000,batteryStatus=2=CHARGING,batteryHealth=2=GOOD,batteryPresent=true,batteryLevel=66,batteryVoltage=4083,batteryTemperature=323,batteryFullCharge=6590000,batteryChargeCounter=3500000,batteryTechnology=Unknown,batteryCapacityLevel=3=NORMAL,chargerDockOnline=false}, mBatteryLevelCritical=false, mPlugType=2, mLastPlugType=2
12-13 17:21:14.860  2510  7080 I BatteryService: check conditions changed
12-13 17:21:14.912  2253  2377 W ServiceManagerCppClient: Waited one second for vendor.qti.qhcp.IQHDC/default (is service started? Number of threads started in the threadpool: 2. Are binder threads started and available?)
12-13 17:21:14.923   983 19171 W libc    : Unable to set property "ctl.interface_start" to "aidl/vendor.qti.qhcp.IQHDC/default": PROP_ERROR_HANDLE_CONTROL_MESSAGE (0x20)
12-13 17:21:14.930  2152 15299 I sensors-hal: handle_sns_std_sensor_event:150, ambient_light_event: ts=2205135288998660, lux = 36, raw_adc=66, raw_2=771
12-13 17:21:15.068 26180 12867 I NearbyMediums: No BLE Fast/GATT advertisements found in the latest cycle.
12-13 17:21:15.069 26180 12867 I NearbyMediums: Current Tracked Scanning Clients are : {NearbyConnections.EnvironmentMonitor, NearbySharing}
12-13 17:21:15.096  2152 15299 I sensors-hal: handle_sns_std_sensor_event:150, ambient_light_event: ts=2205135454996316, lux = 34, raw_adc=64, raw_2=771
12-13 17:21:15.104  6963 24758 I HSC_SEC_AI_PLUGIN_FreeVirusUtils: isChargingBattery status2
12-13 17:21:15.107  6963 24758 I HSC_SEC_AI_PLUGIN_FreeTimeScanUtils: free time scan event report: {"WIFI_CONNECTED_STATUS":"1","SCREEN_STATUS":"0","TEMPERATURE_STATUS":"0","START_TIME":"1765614435082","LASTING_TIME":"54"}
12-13 17:21:15.192  9043  9043 I wpa_supplicant: nl80211: vendor command vendor_id=4980, subcmd=13
12-13 17:21:15.198  2710  2710 I cnss-daemon: nl80211 response handler invoked
12-13 17:21:15.198  2710  2710 I cnss-daemon: nl80211_response_handler: cmd 103, vendorID 4980, subcmd 13  received
12-13 17:21:15.200  9043  9043 I wpa_supplicant: nl80211: Ignore unsupported QCA vendor event 13
12-13 17:21:15.201  8927  8995 I WifiHAL : event received NL80211_CMD_VENDOR, vendor_id = 0x1374, subcmd = 0xd
12-13 17:21:15.262  2152 15299 I sensors-hal: handle_sns_std_sensor_event:150, ambient_light_event: ts=2205135620996577, lux = 34, raw_adc=64, raw_2=771
12-13 17:21:15.292  2510  3143 I HwAod   : isStandbyPosture: false
12-13 17:21:15.292  2510  3143 I PowerManagerService: dozePowerGroup: eventTime=942025044, groupId=0, reason=timeout, uid=1000
12-13 17:21:15.298  2510  3143 I PowerGroup: Powering off display group due to timeout (groupId= 0, uid= 1000, millisSinceLastUserActivity=30001, lastUserActivityEvent=touch)...
12-13 17:21:15.299  2510  3143 I PowerManagerService: Going to sleep due to timeout (uid 1000, screenOffTimeout=30000, activityTimeoutWM=-1, maxDimRatio=0.20000005, maxDimDur=7000)...
12-13 17:21:15.300  2510  2510 I WindowManager: UL_PowerStarted going to sleep... (groupId=0 why=OFF_BECAUSE_OF_TIMEOUT)
12-13 17:21:15.306  2510  4990 D InputMethodManagerService: IME window vis: 0 active: 0 inv: 0 displayId: 0
12-13 17:21:15.307  2510  4990 I InputMethodManagerService: handleSetInteractive:interactive=false,mIsAodExist=true
12-13 17:21:15.308  2510  3143 I HwPowerManagerService: configTpWhenScreenOffIfNeed IS_SUPPORT_AP: true
12-13 17:21:15.309  2510  3143 I HwPowerManagerService: Notify aod screen off mProximityPositive :false
12-13 17:21:15.309  6647  6647 I InputMethodManager: handleMessage: MSG_SET_INTERACTIVE false, was true
12-13 17:21:15.310  2510  3143 I HwAodManagerService: configTpInApMode aodState:101
12-13 17:21:15.310  2510  3143 I TpController: configTpInApMode:101,isInwardFoldDevice :false,isFoldDevice :false,displayMode :1,mLastAodState =102, aodState :101
12-13 17:21:15.310  2510  3143 I TpController: Begin to set TP lmt switch
12-13 17:21:15.311 16140 16140 V InputMethodService: finishInput() in android.inputmethodservice.InputMethodService$InputMethodSessionImpl@7714dfe
12-13 17:21:15.311  2510  3143 I TpController: product model=LGN-NX1
12-13 17:21:15.312  2510  3143 I TpController: isVeyron=false
12-13 17:21:15.312 16140 16140 D InlineSuggestionSessionController: notifyOnFinishInput
12-13 17:21:15.312 16140 16140 V InputMethodService: CALL: onFinishInput
12-13 17:21:15.312  2510  3143 I TpController: Set tp state isAodEnable:false,isStandbyEnable:false,isFpEnable:trueisPowerFp:true,isOnlyAod:true
12-13 17:21:15.312  2510  3143 I TpController: sendCommandToTp featureFlag:6,cmdStr0
12-13 17:21:15.312  2510  3143 I TpController: sendCmdToTpAIDL:	(feature: 6,  cmd: 0)
12-13 17:21:15.313  2191  2191 I TS_AIDL_Service: hwSetFeatureConfig
12-13 17:21:15.313  6493  6530 I KeyguardService: KGSvcCall onStartedGoingToSleep. reason:2
12-13 17:21:15.314  6493  6530 W FullScreenAodAnimationStateMediator: onPreStartedGoingToSleep
12-13 17:21:15.315  2191  2191 I TS_HAL  : ts_set_feature_config:feature =6,config = 0
12-13 17:21:15.315  2191  2191 I TS_HAL  : aod_touch_switch_ctrl: write /sys/touchscreen/aod_touch_switch_ctrl 0
12-13 17:21:15.315  6493  6493 I MagicLockscreenController: resetAlpha skip MagazineSwitchViewPagerForeground
12-13 17:21:15.315  6493  6493 I MagicLockscreenController: set backDropView alpha: 1.0
12-13 17:21:15.316 16140 16140 V InputMethodService: finishStylusHandwriting()
12-13 17:21:15.316  2510  3143 I TpController: aidl send command result:	1
12-13 17:21:15.316  2510  3143 I TpController: Set tp state isAodEnable:false,isStandbyEnable:false,isFpEnable:trueisPowerFp:true,isOnlyAod:false
12-13 17:21:15.317  2510  3143 I TpController: suspendIfNeed cmd=0, foldState=0
12-13 17:21:15.317  2510  3143 I TpController: sendCommandToTp featureFlag:11,cmdStr0
12-13 17:21:15.317  6493  6530 W KgMediator: isKeyguardGoingAway: false, false
12-13 17:21:15.317  2510  3143 I TpController: sendCmdToTpAIDL:	(feature: 11,  cmd: 0)
12-13 17:21:15.317  2191  2191 I TS_AIDL_Service: hwSetFeatureConfig
12-13 17:21:15.318  2191  2191 I TS_HAL  : ts_set_feature_config:feature =11,config = 0
12-13 17:21:15.318  2510  3143 I TpController: aidl send command result:	1
12-13 17:21:15.319  2510  3143 I DisplayPowerController[0]: LightSensorEnable change true -> false
12-13 17:21:15.319  2510  7091 I KeyguardStateMonitor: onPendingLock pendingLock: true
12-13 17:21:15.319  2510  2784 I WifiEnhanceMonitor: notifyUidStateChanged
12-13 17:21:15.320  6493  6493 I MusicMonitor: getInst stack trace: <private>
12-13 17:21:15.321  2152  2152 I sensors-hal: batch:314, android.sensor.light/51, period=325000000, max_latency=0
12-13 17:21:15.321  2152  2152 I sensors-hal: set_config:62, sample_period_ns is adjusted to 0 based on min/max delay_ns
12-13 17:21:15.321  2510  7091 E HwResolverManager: Could not found app: com.hihonor.pcassistant
12-13 17:21:15.321  2152  2152 I sensors-hal: set_config:74, send_ap_value_to_cp: SNS_AP_VALUE_TYPE_BATCH_REQUEST
12-13 17:21:15.321  2152  2152 I sensors-hal: batch:327, android.sensor.light/51, period=325000000, max_latency=0 request completed
12-13 17:21:15.321  6493  6493 W MusicUtils: findCurrentMediaPlayPackage sessions size is 0
12-13 17:21:15.324  2278 13557 D AudioPolicyService: getUidState(10121) cacheIter->second.first, return cacheIter->second.second(5)
12-13 17:21:15.324  2152 15298 I sensors-hal: ssc_conn_resp_cb:727, resp_value = 0
12-13 17:21:15.324  2510  3143 I SensorService: disableSensor handle:51, packageName:com.android.server.display.HwLightSensorListener
12-13 17:21:15.325  2621 27202 I CameraService: onUidStateChanged: packageName: com.hihonor.android.launcher, uid: 10121, procState: 6
12-13 17:21:15.328  2152  2152 I sensors-hal: batch:314, android.sensor.light/51, period=500000000, max_latency=0
12-13 17:21:15.328  2152  2152 I sensors-hal: set_config:62, sample_period_ns is adjusted to 0 based on min/max delay_ns
12-13 17:21:15.328  2510  2510 W ProcessStats: Tracking association SourceState{e2f3c21 com.hihonor.systemserver/1000 Persist #1946903} whose proc state 0 is better than process ProcessState{7f02fcb com.hihonor.nearby/1000 pkg=com.hihonor.nearby (sub)} proc state 4 (0 skipped)
12-13 17:21:15.329  2152  2152 I sensors-hal: set_config:74, send_ap_value_to_cp: SNS_AP_VALUE_TYPE_BATCH_REQUEST
12-13 17:21:15.330  2152  2152 I sensors-hal: batch:327, android.sensor.light/51, period=500000000, max_latency=0 request completed
12-13 17:21:15.331  2510  6330 I SensorService: disableSensor handle:51, packageName:com.android.server.display.HwLightSensorListener
12-13 17:21:15.331  2621 27202 I CameraService: onUidStateChanged: packageName: com.preff.kb.hr, uid: 10222, procState: 7
12-13 17:21:15.332  2152 15298 I sensors-hal: ssc_conn_resp_cb:727, resp_value = 0
12-13 17:21:15.333  2510  6330 I DE J DES: [effect] LightSensorEnable=false
12-13 17:21:15.334  6493  6493 W KGWpp   : isMCEnable is  false
12-13 17:21:15.335  2510  3143 I HwNormalizedManualBrightnessThresholdDetector: clearAmbientLightRingBuffer
12-13 17:21:15.336  2510  3143 I DisplayPowerController[0]: ScreenState change 1 -> 0
12-13 17:21:15.336  2510  3143 I DE J DES: [effect] PowerMode status is: false ProximityPowerStatus is: false
12-13 17:21:15.337  2510  6331 I DE J DES: [effect] setScene(24, 17
12-13 17:21:15.338  6493  6493 W MgzUtils: is user customed wpp8 <--> 8
12-13 17:21:15.338  2510  6331 I DE J HwBrightnessSceneRecognition: [effect] notifyScreenStatus = false
12-13 17:21:15.338  6493  6493 W MgzUtils: is user customed wpp8 <--> 8
12-13 17:21:15.338  2172  2172 I DE H =STC: setStcParam:93: setStcParam, config = 13
12-13 17:21:15.338  6493  6493 W MgzUtils: is user customed wpp8 <--> 8
12-13 17:21:15.339  6493  6493 W MgzUtils: is user customed wpp8 <--> 8
12-13 17:21:15.339  2510  9639 I DE J HwBrightnessSceneRecognition: [effect] disableArs failed, mIsArConnected||mHwMsdpMovementManager||mArActivities is null!
12-13 17:21:15.339  2172  2830 I DE H =STC: repeat:286: waitTrigger
12-13 17:21:15.339  2172  2830 I DE H =STC: dispatchStcParam:181: displayMode = 0, config = 13
12-13 17:21:15.339  6493  6493 W KGWpp   : Load simple wpp as default
12-13 17:21:15.339  6493  6493 W MgzUtils: is user customed wpp8 <--> 8
12-13 17:21:15.339  6493  6493 W KGWpp   : onStartedGoingToSleep skip switch Magazine
12-13 17:21:15.339  2246  2407 E DE H OEMService: dispatch: Dispatching command: 13
12-13 17:21:15.340  6493  6530 W FullScreenAodAnimationStateMediator: onStartedGoingToSleep
12-13 17:21:15.340  6493  6493 W KG_OsUtils: multi_user selector disable as not support multiusers.
12-13 17:21:15.341  6493  6530 W FSAController: Set BokehDrawable Transparent
12-13 17:21:15.341  2510  3143 E HwAodManagerService: with invaild deviceid
12-13 17:21:15.341  6493  6493 W DisabledFeatureUtils: Dis-Feature : 0
12-13 17:21:15.342  2286  2298 W SurfaceFlinger: captureLayers: layer is null, parent layer name Task=5145#213773
12-13 17:21:15.342  2510  7022 D HwStorageManagerService: setScreenStateFlag
12-13 17:21:15.342  6493  6493 W DisabledFeatureUtils: Dis-Feature : 0
12-13 17:21:15.343  1111  1155 D vold    : begin lockScreenPrepare
12-13 17:21:15.343  1111  1155 D vold    : FscryptLockScreenPrepare flag is: 1 userId:0
12-13 17:21:15.345  2510  7022 I HwFingerprintService: isHardwareDetectedDeprecated: true
12-13 17:21:15.346  6493  6493 W DisabledFeatureUtils: Dis-Feature : 0
12-13 17:21:15.347  2286  2298 D CompositionEngine: StrategyPredicter: enable:1 isBeta:0 debug:0
12-13 17:21:15.347  2286  2298 I CompositionEngine: setCompositionEnabled id: displayIdOpt is invalid enable: 1
12-13 17:21:15.347  2286  2298 I CompositionEngine: setLayerFilter id: displayIdOpt is invalid, layerStackId: 0, 0
12-13 17:21:15.348  2286  2298 I SurfaceFlinger: output usage:4
12-13 17:21:15.349  6493  6493 W KG_FP.KUM: startListening ForFingerprint use up-waiting false  0
12-13 17:21:15.351  2510  7022 I HwFingerprintService: Init FingerprintStateNotifierEx before authenticate
12-13 17:21:15.352  2510  6347 I FingerprintStateNotifierEx: Init
12-13 17:21:15.352  2510  6347 I FingerprintStateNotifierEx: unInit
12-13 17:21:15.352  2510  7022 W HwFingerprintService: setLivenessSwitch:start
12-13 17:21:15.353  2510  7022 W HwFingerprintService: checkNeedLivenessList:start
12-13 17:21:15.353  2510  7022 W HwFingerprintService: needLivenessAuthentication = 0
12-13 17:21:15.354  2774  2774 I vendor.honor.hardware.biometrics.fingerprint-service: Session::setLivenessSwitch enter
12-13 17:21:15.354  2774  2774 I vendor.honor.hardware.biometrics.fingerprint-service: setLivenessSwitch
12-13 17:21:15.354  2774  2774 I FingerprintDevice: setLivenessSwitch
12-13 17:21:15.354  2774  2774 I FingerprintDevice: FingerprintDevice--dev->need_liveness_authentication = false;
12-13 17:21:15.354  2510  7022 I HnFingerprintProvider/default: sendDataToHal cmdId: 300
12-13 17:21:15.355  2774  2774 I vendor.honor.hardware.biometrics.fingerprint-service: Session::sendDataToHal enter
12-13 17:21:15.355  2774  2774 I vendor.honor.hardware.biometrics.fingerprint-service: FingerprintEngine::sendDataToHal 300 
12-13 17:21:15.355  2774  2774 I FingerprintDevice: FingerprintDevice::sendDataToHal 300
12-13 17:21:15.355  2774  2774 I fpc_fingerprint_hal: virtual_data_server_handle_all_cmd cmd = 300, data_length = 20
12-13 17:21:15.355  2774  2774 I FingerprintDevice: FingerprintDevice::sendDataToHal ret 0 
12-13 17:21:15.356  2510  7022 I HnFingerprintProvider/default: sendDataToHal result: 0, paramSize: 20
12-13 17:21:15.356  2510  7022 W HwFingerprintService: framework setLivenessSwitch is ok ---end
12-13 17:21:15.356  2510  7091 I WindowManager: EHDR real capture,task: Task{668aaf4 #5145 type=standard A=10366:com.resultmarketing.whatscard} ,snapshot: TaskSnapshot{ mId=1765617675340 mCaptureTime=2205135716557499 mTopActivityComponent=com.resultmarketing.whatscard/.MainActivity mSnapshot=android.hardware.HardwareBuffer@e60340c (720x1610) mColorSpace=sRGB IEC61966-2.1 (id=0, model=RGB) mOrientation=1 mRotation=0 mTaskSize=Point(720, 1610) mContentInsets=[0,74][0,78] mLetterboxInsets=[0,0][0,0] mIsLowResolution=false mIsRealSnapshot=true mWindowingMode=1 mAppearance=0 mIsTranslucent=true mHasImeSurface=false mIsForceRotate=false mInternalReferences=0
12-13 17:21:15.356  2510  7022 I FingerprintService: in authenticate, restricted value is false, and userid is 0.
12-13 17:21:15.357  2510  7022 I FingerprintService: begin scheduleAuthenticate in FingerprintService
12-13 17:21:15.357  2510  7022 I FingerprintServiceEx: mCurrentClientPackageName  = com.android.systemui
12-13 17:21:15.357  2510  6347 W FingerprintStateNotifierEx: fetchRemoteListenerLocked isFullStyle:false, isAodEnable : false
12-13 17:21:15.357  6493  6493 W KG_FP.KUM: Fingerprint RunningStateChanged. 1
12-13 17:21:15.358 23445 25336 D TaskStackChangeListeners: sendMsg, onTaskSnapshotChanged: 68091516
12-13 17:21:15.358  2510  6347 E ProcessInfoCollector: getProcessInfo: failed to find this proc: 2510
12-13 17:21:15.358 23445 23445 D TaskStackChangeListeners: startHandle, onTaskSnapshotChanged: 68091516
12-13 17:21:15.358  2510  4885 I HwWindowManagerServiceEx: com.resultmarketing.whatscard blur level: -1
12-13 17:21:15.358  2510  4885 I HwWindowManagerServiceEx: getBlurLevel: 0
12-13 17:21:15.359  6493  6736 D TaskStackChangeListeners: sendMsg, onTaskSnapshotChanged: 154163278
12-13 17:21:15.359 23445 23445 D TaskStackChangeListeners: endHandle, onTaskSnapshotChanged: 68091516 ,cost: 1
12-13 17:21:15.359  6493  8272 D TaskStackListener: destory snapshot binder pid 0 myPid 6493 taskId=5145
12-13 17:21:15.360  6493  6493 E HnBlurSwitch: Error HnLogger : FailureThe device is not configured with blur parameters
12-13 17:21:15.360  6493  6493 E HnBlurSwitch: Error HnLogger : FailureThe device is not configured with blur parameters
12-13 17:21:15.361  6493  6600 W ExHandler: BgThread running too long, use 23 { when=-23ms callback=com.android.systemui.keyguard.HwKeyguardViewMediator$17 target=com.hihonor.keyguard.basetype.ExHandler }
12-13 17:21:15.362  6493  6493 I NavigationBar: dis:0,vis:0,bD:0,hints:0,sIs:false
12-13 17:21:15.362  6493  6600 W MgzUtils: is user customed wpp8 <--> 8
12-13 17:21:15.362  2510  3143 D DisplayPowerState: prepareColorFade
12-13 17:21:15.363  2510  3143 D HwColorFadeEx: mContext =android.app.ContextImpl@a1a3d31
12-13 17:21:15.363  6493  6600 W KGWpp_Utils: getThemeWallpaperPath:/data/themes/0//wallpaper/unlock_wallpaper_0.jpg
12-13 17:21:15.363  2510  3143 D ScreenCapture: ScreenshotHardwareBuffer captureDisplay
12-13 17:21:15.364  2510  6344 D HnVibratorManagerService: checkHwVibrator: Using Aidl Interface
12-13 17:21:15.364  2510  7080 I WallpaperManagerService: getAbnormalExitWallpaperInfo userId = 0; exitStr = ; key = abnormal_exit_system_wallpaper_info
12-13 17:21:15.364  6493  6600 W BitmapUtils: non-needed cache
12-13 17:21:15.364  6493  6600 I WallpaperChangedUtils: isEnableLockscreenWallpapeTransparent: false
12-13 17:21:15.364  2262  2262 D honor_custvibrator: checkHwVibrator haptic.common.success_continue
12-13 17:21:15.364  2510  7080 I WallpaperManagerService: getAbnormalExitWallpaperInfo userId = 0; exitStr = ; key = abnormal_exit_lock_wallpaper_info
12-13 17:21:15.364  2510  6344 I HnVibratorManagerService: isSupportHwVibrator type:haptic.common.success_continue, isSupport:0
12-13 17:21:15.364  6493  6493 D SysUiState: SysUiState changed: old=268566528 new=537001984
12-13 17:21:15.364  2510  6344 D BiometricScheduler: [Added] {[3801] com.hihonor.server.fingerprint.aidl.HnFingerprintAuthClient, proto=3, owner=com.android.systemui, cookie=0, requestId=2891, userId=0}, new queue size: 1
12-13 17:21:15.364  6493  6493 D OverviewProxyService: Notifying sysui state change to overview service: proxy=com.android.systemui.shared.recents.IOverviewProxy$Stub$Proxy@70c0f41 flags=537001984
12-13 17:21:15.365  6493  6493 I OverviewProxyService: notifySystemUiStateFlags begin, flags:537001984
12-13 17:21:15.365  2510  6344 D BiometricScheduler: [Polled] {[3801] com.hihonor.server.fingerprint.aidl.HnFingerprintAuthClient, proto=3, owner=com.android.systemui, cookie=0, requestId=2891, userId=0}, State: 0
12-13 17:21:15.365  2510  6344 D GestureAvailabilityTracker: Notifying gesture availability, active=false
12-13 17:21:15.365  2510  6344 I HwFingerprintService: FingerprintType do not support inscreen fingerprint
12-13 17:21:15.365  2286  2298 D CompositionEngine: StrategyPredicter: enable:1 isBeta:0 debug:0
12-13 17:21:15.365  2510  6344 I HwFingerprintService: sendFaceStatusToHal:mIsFaceDetectEnabled false,mIsSuperPowerEnabled false,mIsPrimaryUser true,mIsTrustUnlock false,isFaceStatus false,mIsfaceStatus false,isBooting false
12-13 17:21:15.365  2286  2298 I CompositionEngine: setCompositionEnabled id: displayIdOpt is invalid enable: 1
12-13 17:21:15.365  2286  2298 I CompositionEngine: setLayerFilter id: displayIdOpt is invalid, layerStackId: 0, 0
12-13 17:21:15.365  2510  6344 I HnFingerprintAuthClient: start mHasReceiverOnError true
12-13 17:21:15.365  2510  6344 I HnFingerprintAuthClient: [startCurrentClient] {[3801] com.hihonor.server.fingerprint.aidl.HnFingerprintAuthClient, proto=3, owner=com.android.systemui, cookie=0, requestId=2891, userId=0}
12-13 17:21:15.365  2286  2298 I SurfaceFlinger: output usage:4
12-13 17:21:15.365  2510  6344 E HnSensorProperties: getScreenRefreshState prop empty
12-13 17:21:15.365  2510  6344 D BiometricScheduler: [Started] {[3801] com.hihonor.server.fingerprint.aidl.HnFingerprintAuthClient, proto=3, owner=com.android.systemui, cookie=0, requestId=2891, userId=0}
12-13 17:21:15.365  2510  6344 I FingerprintServiceEx: startCurrentClient with cookie = 0, client = HnFingerprintAuthClient
12-13 17:21:15.365  2510  6344 I HwFingerprintService: sendCmdToTpHal config = 1
12-13 17:21:15.365  2510  6344 I HwFingerprintService: sendCmdToTpHal start config = 1
12-13 17:21:15.365  6493  6493 I OverviewProxyService: notifySystemUiStateFlags end, flags:537001984
12-13 17:21:15.365  2191  2191 I TS_AIDL_Service: hwSetFeatureConfig
12-13 17:21:15.365  6493  6493 E DynamicCardClusterHp: onStartedGoingToSleep::run card dismiss.
12-13 17:21:15.365  2191  2191 I TS_HAL  : ts_set_feature_config:feature =2,config = 1,1
12-13 17:21:15.365  2191  2191 I TS_HAL  : fingerprint_switch_ctrl:write /sys/touchscreen/fingerprint_switch_ctrl 1,1
12-13 17:21:15.366  6493  6493 D TaskStackChangeListeners: startHandle, onTaskSnapshotChanged: 154163278
12-13 17:21:15.366  2359  2395 I aptouch_daemon: update_switch, m_udfp_switch: 1
12-13 17:21:15.366  2359  2395 I aptouch_daemon: get_uevent, status is 0x0008c5
12-13 17:21:15.366  6493  6605 I StageCoordinator: setGestureToPartialSplitScreenAnimationScreenListenerStatus true
12-13 17:21:15.366  6493  6493 D TaskStackChangeListeners: endHandle, onTaskSnapshotChanged: 154163278 ,cost: 0
12-13 17:21:15.366  6493  6605 D StageCoordinator: onStartedGoingToSleep: false
12-13 17:21:15.366  6493  6605 W StageCoordinatorEx: Attempted to release HnInputInterceptorLeash but it was not initialized.
12-13 17:21:15.366  6493  6493 W vol.VolumeDialogImpl: dismissH reason : 2
12-13 17:21:15.366  6493  6493 D vol.VolumeDialogImpl: dismissH: skipping dismiss because isAnimatingDismiss is true and showingStateInconsistent is false
12-13 17:21:15.366  2510  6344 I HwFingerprintService: sendCmdToTpHal success
12-13 17:21:15.366  2510  6344 I FingerprintController: setForbidGotoSleepFlag not set
12-13 17:21:15.366  2510  6344 W FaceViewController: mFaceRecognizeManager is null
12-13 17:21:15.366  2510  6344 I FingerprintController: startCurrentClient cookie 0
12-13 17:21:15.367  2510  6344 D BiometricStateCallback: State updated from 0 to 2, client {[3801] com.hihonor.server.fingerprint.aidl.HnFingerprintAuthClient, proto=3, owner=com.android.systemui, cookie=0, requestId=2891, userId=0}
12-13 17:21:15.368  2286  2298 I SurfaceFlinger: SurfaceComposerAIDL::captureDisplay, doBlur/radius (0/0)
12-13 17:21:15.368  2510  7080 D ActivityTaskManager: syncSemSplitStatusToLauncher 
12-13 17:21:15.368  2510  6344 D Biometrics/AuthenticationClient: Requesting auth for com.android.systemui
12-13 17:21:15.368  2510  6344 I HnFingerprintAuthClient: authenticate startHalOperation
12-13 17:21:15.369  6493  6605 I StageCoordinator: sendSemSplitStatusToLaunch: false semSplitPosition 0
12-13 17:21:15.369  6493  8272 D BiometricStatusRepositoryImpl: authenticationState updated: Started(biometricSourceType=FINGERPRINT, requestReason=DeviceEntryAuthentication)
12-13 17:21:15.369  2774  2774 I vendor.honor.hardware.biometrics.fingerprint-service: Session::authenticate enter
12-13 17:21:15.370  2774  2839 I fpc_fingerprint_hal: fpc_authenticate_impl, operation_id = 0, gid = 0
12-13 17:21:15.370  2774  6472 I fpc_fingerprint_hal: worker_state_authenticate STATE_AUTHENTICATE
12-13 17:21:15.370  2510  6344 D SensorPermission: checkSensorOp android, uid 1000, sensorType = 5, isBlockSensorType = false
12-13 17:21:15.370  2774  6472 D fpc_tac : HAL Invokecommand = 101
12-13 17:21:15.370  2774  6472 D GPQTEEC : [QTEEC.cpp:47 dumpHex] Operation IN (112 bytes @ 0x0x722147a9e0)
12-13 17:21:15.370  2774  6472 D GPQTEEC : [QTEEC.cpp:54 dumpHex] 01 00 00 00 03 70 00 00 00 00 00 00 09 00 00 00 
12-13 17:21:15.370  2774  6472 D GPQTEEC : [QTEEC.cpp:54 dumpHex] 00 00 00 00 00 00 00 00 00 00 00 00 00 00 00 00 
12-13 17:21:15.370  2774  6472 D GPQTEEC : [QTEEC.cpp:54 dumpHex] 00 00 00 00 00 00 00 00 00 00 00 00 00 00 00 00 
12-13 17:21:15.370  2774  6472 D GPQTEEC : [QTEEC.cpp:54 dumpHex] 00 00 00 00 00 00 00 00 00 00 00 00 00 00 00 00 
12-13 17:21:15.370  2774  6472 D GPQTEEC : [QTEEC.cpp:54 dumpHex] 00 00 00 00 00 00 00 00 00 00 00 00 00 00 00 00 
12-13 17:21:15.370  2774  6472 D GPQTEEC : [QTEEC.cpp:54 dumpHex] 20 A9 47 21 72 00 00 00 4C 00 00 00 00 00 00 00 
12-13 17:21:15.370  2774  6472 D GPQTEEC : [QTEEC.cpp:54 dumpHex] 00 00 00 00 00 00 00 00 00 00 00 00 00 00 00 00 
12-13 17:21:15.370  2774  6472 D GPQTEEC : [QTEEC.cpp:425 __ConvertTempMemToRegisteredMem] Saved op tmpref.buffer = 0x722147a920, Op memref.parent->buffer = 0x722147a920 (76 bytes)
12-13 17:21:15.370  2510  6344 D SensorManager: 0xb400007df0d45f70 addFd fd=751
12-13 17:21:15.371  2510  6344 I SensorService: OnChangeMode, send history data to : android, handleID : 51
12-13 17:21:15.371  2774  6472 D GPQTEEC : [QTEEC.cpp:111 __SharedMem_Alloc] mmap(0x74d2564000, 76)
12-13 17:21:15.371  2774  6472 D GPQTEEC : [QTEEC.cpp:230 TEEC_QTEE_RegisterSharedMemory] qsmem buffer allocated @ 0x74d2564000 76 bytes, registered buffer @ 0x722147a920
12-13 17:21:15.371  2774  6472 D GPQTEEC : [QTEEC.cpp:444 __ConvertTempMemToRegisteredMem] Temp op buffer set @ 0x722147a920
12-13 17:21:15.371  2774  6472 D GPQTEEC : [QTEEC.cpp:1182 TEEC_QTEE_InvokeCommand] Operation is not NULL
12-13 17:21:15.371  2774  6472 D GPQTEEC : [QTEEC.cpp:47 dumpHex] param[] (16 bytes @ 0x0x722147a85c)
12-13 17:21:15.371  2774  6472 D GPQTEEC : [QTEEC.cpp:54 dumpHex] 00 00 00 00 09 00 00 00 00 00 00 00 00 00 00 00 
12-13 17:21:15.371  2774  6472 D GPQTEEC : [QTEEC.cpp:47 dumpHex] param[] (16 bytes @ 0x0x722147a86c)
12-13 17:21:15.371  2774  6472 D GPQTEEC : [QTEEC.cpp:54 dumpHex] 00 00 00 00 00 00 00 00 00 00 00 00 00 00 00 00 
12-13 17:21:15.371  2774  6472 D GPQTEEC : [QTEEC.cpp:47 dumpHex] param[] (16 bytes @ 0x0x722147a87c)
12-13 17:21:15.371  2774  6472 D GPQTEEC : [QTEEC.cpp:54 dumpHex] 00 00 00 00 00 00 00 00 00 00 00 00 00 00 00 00 
