--------- beginning of system
12-13 23:18:33.451  2510  7834 I BatteryService: Processing new values: info={chargerAcOnline=false,chargerUsbOnline=true,chargerWirelessOnline=false,maxChargingCurrent=500000,maxChargingVoltage=5000000,batteryStatus=2=CHARGING,batteryHealth=2=GOOD,batteryPresent=true,batteryLevel=73,batteryVoltage=4147,batteryTemperature=329,batteryFullCharge=6589000,batteryChargeCounter=3500000,batteryTechnology=Unknown,batteryCapacityLevel=3=NORMAL,chargerDockOnline=false}, mBatteryLevelCritical=false, mPlugType=2, mLastPlugType=2
12-13 23:18:33.451  2510  7834 I BatteryService: check conditions changed
12-13 23:18:33.457  2510  7834 I BatteryService: Processing new values: info={chargerAcOnline=false,chargerUsbOnline=true,chargerWirelessOnline=false,maxChargingCurrent=500000,maxChargingVoltage=5000000,batteryStatus=2=CHARGING,batteryHealth=2=GOOD,batteryPresent=true,batteryLevel=73,batteryVoltage=4147,batteryTemperature=329,batteryFullCharge=6589000,batteryChargeCounter=3500000,batteryTechnology=Unknown,batteryCapacityLevel=3=NORMAL,chargerDockOnline=false}, mBatteryLevelCritical=false, mPlugType=2, mLastPlugType=2
12-13 23:18:33.458  2510  7834 I BatteryService: check conditions changed
--------- beginning of main
12-13 23:18:33.649  2143  4070 W ServiceManagerCppClient: Waited one second for vendor.qti.qhcp.IQHDC/default (is service started? Number of threads started in the threadpool: 3. Are binder threads started and available?)
12-13 23:18:33.649  2253  2377 W ServiceManagerCppClient: Waited one second for vendor.qti.qhcp.IQHDC/default (is service started? Number of threads started in the threadpool: 2. Are binder threads started and available?)
12-13 23:18:33.657   983 22918 W libc    : Unable to set property "ctl.interface_start" to "aidl/vendor.qti.qhcp.IQHDC/default": PROP_ERROR_HANDLE_CONTROL_MESSAGE (0x20)
12-13 23:18:33.661   983 22919 W libc    : Unable to set property "ctl.interface_start" to "aidl/vendor.qti.qhcp.IQHDC/default": PROP_ERROR_HANDLE_CONTROL_MESSAGE (0x20)
12-13 23:18:33.745  2152 14128 I sensors-hal: handle_sns_client_event:442, accel_sample(accelcal_available:0): ts=2226573939170095 ns; value = [0.458921, 0.177545, 9.598612], status=3
12-13 23:18:34.106  9043  9043 I wpa_supplicant: nl80211: vendor command vendor_id=4980, subcmd=13
12-13 23:18:34.112  8927  8995 I WifiHAL : event received NL80211_CMD_VENDOR, vendor_id = 0x1374, subcmd = 0xd
12-13 23:18:34.113  9043  9043 I wpa_supplicant: nl80211: Ignore unsupported QCA vendor event 13
12-13 23:18:34.113  2710  2710 I cnss-daemon: nl80211 response handler invoked
12-13 23:18:34.113  2710  2710 I cnss-daemon: nl80211_response_handler: cmd 103, vendorID 4980, subcmd 13  received
12-13 23:18:34.345  2152 14128 I sensors-hal: handle_sns_client_event:442, accel_sample(accelcal_available:0): ts=2226574536434054 ns; value = [0.457867, 0.201918, 9.602680], status=3
12-13 23:18:34.540  2510  6210 D WifiEnhanceHomeFenceMonitor: registerHomeAwarenessFence, register back home fence.
12-13 23:18:34.540  2510  6210 I WifiEnhanceHomeFenceMonitor: processBackHomeFence, add back home fence , id : WifiEnhanceHomeFenceMonitor_backHomeFence
12-13 23:18:34.541  2510  6210 D WifiEnhanceHomeFenceMonitor: registerHomeAwarenessFence, register leave home fence.
12-13 23:18:34.541  2510  6210 I WifiEnhanceHomeFenceMonitor: processLeaveHomeFence, add leave home fence , id : WifiEnhanceHomeFenceMonitor_leaveHomeFence
12-13 23:18:34.541  2510  8336 I AwarenessClient: wait result,type=register_fence_by_listener,rId=523d5842-4882-42e2-8ec1-1f823fbd6fdf,key=WifiEnhanceHomeFenceMonitor_backHomeFence,isNeedCache=true,sysApp=true
12-13 23:18:34.543 23707  2954 I AWARENESS_E_D_P: regByListener rId=523d5842-4882-42e2-8ec1-1f823fbd6fdf,key=WifiEnhanceHomeFenceMonitor_backHomeFence
12-13 23:18:34.545 23707 23923 I AWARENESS_MFenceFF: c:LocationFence
12-13 23:18:34.545 23707 23923 I AWARENESS_MFenceFF: not support fence, LocationFence
12-13 23:18:34.545 23707 23923 E AWARENESS_ManagedFenceList: createFence fail, AwarenessFence{key='WifiEnhanceHomeFenceMonitor_backHomeFence', type='LocationFence}
12-13 23:18:34.545  2510  8336 I AwarenessClient: wait result,type=register_fence_by_listener,rId=3dfca0b1-30bb-4e18-8cc4-e3d9acf3f5cd,key=WifiEnhanceHomeFenceMonitor_leaveHomeFence,isNeedCache=true,sysApp=true
12-13 23:18:34.546 23707  2954 I AWARENESS_E_D_P: regByListener rId=3dfca0b1-30bb-4e18-8cc4-e3d9acf3f5cd,key=WifiEnhanceHomeFenceMonitor_leaveHomeFence
12-13 23:18:34.547 23707 23906 I AWARENESS_MFenceFF: c:LocationFence
12-13 23:18:34.548 23707 23906 I AWARENESS_MFenceFF: not support fence, LocationFence
12-13 23:18:34.548 23707 23906 E AWARENESS_ManagedFenceList: createFence fail, AwarenessFence{key='WifiEnhanceHomeFenceMonitor_leaveHomeFence', type='LocationFence}
12-13 23:18:34.549  2510  8336 I WifiEnhanceHomeFenceMonitor: mHomeFenceConnectListener, on result, key = WifiEnhanceHomeFenceMonitor_backHomeFence , code = 0
12-13 23:18:34.549 23707 23923 I AWARENESS_D_P_InquiryProviderCallExecMethod: invoke begin, calling pkg name: com.hihonor.awareness
12-13 23:18:34.549  2510  8336 I AwarenessClient: handle wait rm for WifiEnhanceHomeFenceMonitor_backHomeFence
12-13 23:18:34.549 23707 23923 W AWARENESS_D_P_DataQueryComponentContainer: null supplier for: queryCityCode
12-13 23:18:34.549  2510  8336 I AwarenessClient: dispatch no cached for WifiEnhanceHomeFenceMonitor_backHomeFence
12-13 23:18:34.549 23707 23923 I AWARENESS_D_P_InquiryProviderCallExecMethod: invoke duration is 0
12-13 23:18:34.549 23707 23923 W Intelli_Analytics_DpIQCacheHelper: inquiry value is null or invalid, refuse update cache
12-13 23:18:34.550  2510  8336 I WifiEnhanceHomeFenceMonitor: mHomeFenceConnectListener, on result, key = WifiEnhanceHomeFenceMonitor_leaveHomeFence , code = 0
12-13 23:18:34.550  2510  8336 I AwarenessClient: handle wait rm for WifiEnhanceHomeFenceMonitor_leaveHomeFence
12-13 23:18:34.550  2510  8336 I AwarenessClient: dispatch no cached for WifiEnhanceHomeFenceMonitor_leaveHomeFence
12-13 23:18:34.551 23707 23906 I AWARENESS_D_P_InquiryProviderCallExecMethod: invoke begin, calling pkg name: com.hihonor.awareness
12-13 23:18:34.551 23707 23906 W AWARENESS_D_P_DataQueryComponentContainer: null supplier for: queryCityCode
12-13 23:18:34.552 23707 23906 I AWARENESS_D_P_InquiryProviderCallExecMethod: invoke duration is 0
12-13 23:18:34.552 23707 23906 W Intelli_Analytics_DpIQCacheHelper: inquiry value is null or invalid, refuse update cache
12-13 23:18:34.652  2143  4070 W ServiceManagerCppClient: Waited one second for vendor.qti.qhcp.IQHDC/default (is service started? Number of threads started in the threadpool: 3. Are binder threads started and available?)
12-13 23:18:34.653  2253  2377 W ServiceManagerCppClient: Waited one second for vendor.qti.qhcp.IQHDC/default (is service started? Number of threads started in the threadpool: 2. Are binder threads started and available?)
12-13 23:18:34.660   983 22920 W libc    : Unable to set property "ctl.interface_start" to "aidl/vendor.qti.qhcp.IQHDC/default": PROP_ERROR_HANDLE_CONTROL_MESSAGE (0x20)
12-13 23:18:34.661   983 22921 W libc    : Unable to set property "ctl.interface_start" to "aidl/vendor.qti.qhcp.IQHDC/default": PROP_ERROR_HANDLE_CONTROL_MESSAGE (0x20)
12-13 23:18:34.945  2152 14128 I sensors-hal: handle_sns_client_event:442, accel_sample(accelcal_available:0): ts=2226575137672908 ns; value = [0.481522, 0.179365, 9.610577], status=3
12-13 23:18:35.011  2510  2793 I AppEyeFwkBlock: do monitor
12-13 23:18:35.288  2510  6210 E HwQoEJNI: sendQoeCmd. open monitor_fd error
12-13 23:18:35.289  2510  6210 I HnDualBandManager: handle2gApStrongWifiRssiChange
12-13 23:18:35.545  2152 14128 I sensors-hal: handle_sns_client_event:442, accel_sample(accelcal_available:0): ts=2226575736922543 ns; value = [0.462703, 0.190330, 9.580555], status=3
12-13 23:18:35.655  2143  4070 W ServiceManagerCppClient: Waited one second for vendor.qti.qhcp.IQHDC/default (is service started? Number of threads started in the threadpool: 3. Are binder threads started and available?)
12-13 23:18:35.658  2253  2377 W ServiceManagerCppClient: Waited one second for vendor.qti.qhcp.IQHDC/default (is service started? Number of threads started in the threadpool: 2. Are binder threads started and available?)
12-13 23:18:35.660   983 22922 W libc    : Unable to set property "ctl.interface_start" to "aidl/vendor.qti.qhcp.IQHDC/default": PROP_ERROR_HANDLE_CONTROL_MESSAGE (0x20)
12-13 23:18:35.662   983 22923 W libc    : Unable to set property "ctl.interface_start" to "aidl/vendor.qti.qhcp.IQHDC/default": PROP_ERROR_HANDLE_CONTROL_MESSAGE (0x20)
12-13 23:18:36.110  9043  9043 I wpa_supplicant: nl80211: vendor command vendor_id=4980, subcmd=13
12-13 23:18:36.117  2710  2710 I cnss-daemon: nl80211 response handler invoked
12-13 23:18:36.117  2710  2710 I cnss-daemon: nl80211_response_handler: cmd 103, vendorID 4980, subcmd 13  received
12-13 23:18:36.117  8927  8995 I WifiHAL : event received NL80211_CMD_VENDOR, vendor_id = 0x1374, subcmd = 0xd
12-13 23:18:36.120  9043  9043 I wpa_supplicant: nl80211: Ignore unsupported QCA vendor event 13
12-13 23:18:36.145  6727  9091 W AlarmManager: Unrecognized alarm listener com.android.networkstack.android.net.ip.IpClientLinkObserver$Dhcp6PdPreferredPrefixAlarmListener@47d9316
12-13 23:18:36.146  2152 14128 I sensors-hal: handle_sns_client_event:442, accel_sample(accelcal_available:0): ts=2226576338189106 ns; value = [0.432967, 0.169549, 9.612258], status=3
12-13 23:18:36.147  6727  9091 D ApfFilter: (wlan0): Adding RA fe80::f287:56ff:fe13:e60 -> ff02::1 1800s 2001:e68:542e:891a::/64 4294959980s/4294959980s DNS 600s 2001:e68::b:68 2001:e68::b:69 
12-13 23:18:36.508 17670 17675 E bms_file: file /sys/class/hw_power/charger/direct_charger/direct_charge_succ is invalid
12-13 23:18:36.509 17670 17675 E bms_file: file /sys/class/hw_power/charger/direct_charger_hsc/direct_charge_succ is invalid
12-13 23:18:36.511 17670 17675 E bms_file: file /sys/class/hw_power/charger/direct_charger/direct_charge_succ is invalid
12-13 23:18:36.512 17670 17675 E bms_file: file /sys/class/hw_power/charger/direct_charger_hsc/direct_charge_succ is invalid
12-13 23:18:36.513 17670 17675 E bms_file: file sys/class/hw_power/adsp_dts is invalid
12-13 23:18:36.514 17670 17675 E bms_file: file /sys/class/backlight/panel1-backlight/brightness is invalid
12-13 23:18:36.517 17670 17675 E bms_file: file /sys/class/hw_power/charger/direct_charger/direct_charge_succ is invalid
12-13 23:18:36.518 17670 17675 E bms_file: file /sys/class/hw_power/charger/direct_charger_hsc/direct_charge_succ is invalid
12-13 23:18:36.519 17670 17675 E bms_file: file /sys/class/hw_power/charger/direct_charger/direct_charge_succ is invalid
12-13 23:18:36.519 17670 17675 E bms_file: file /sys/class/hw_power/charger/direct_charger_hsc/direct_charge_succ is invalid
12-13 23:18:36.530 17670 17675 E bms_file: file /sys/class/hw_power/charger/direct_charger/direct_charge_succ is invalid
12-13 23:18:36.531 17670 17675 E bms_file: file /sys/class/hw_power/charger/direct_charger_hsc/direct_charge_succ is invalid
12-13 23:18:36.531 17670 17675 E bms_file: file /sys/class/hw_power/charger/charge_data/iin_thermal is invalid
12-13 23:18:36.532 17670 17675 I bms_behavior: monitor interval count 64
12-13 23:18:36.586  6777  7481 I AppManager: dependence has been existed:10225 -> 26180
12-13 23:18:36.658  2143  4070 W ServiceManagerCppClient: Waited one second for vendor.qti.qhcp.IQHDC/default (is service started? Number of threads started in the threadpool: 3. Are binder threads started and available?)
12-13 23:18:36.661  2253  2377 W ServiceManagerCppClient: Waited one second for vendor.qti.qhcp.IQHDC/default (is service started? Number of threads started in the threadpool: 2. Are binder threads started and available?)
12-13 23:18:36.662   983 22924 W libc    : Unable to set property "ctl.interface_start" to "aidl/vendor.qti.qhcp.IQHDC/default": PROP_ERROR_HANDLE_CONTROL_MESSAGE (0x20)
12-13 23:18:36.665   983 22925 W libc    : Unable to set property "ctl.interface_start" to "aidl/vendor.qti.qhcp.IQHDC/default": PROP_ERROR_HANDLE_CONTROL_MESSAGE (0x20)
12-13 23:18:36.746  2152 14128 I sensors-hal: handle_sns_client_event:442, accel_sample(accelcal_available:0): ts=2226576937381710 ns; value = [0.458059, 0.182142, 9.597270], status=3
12-13 23:18:37.345  2152 14128 I sensors-hal: handle_sns_client_event:442, accel_sample(accelcal_available:0): ts=2226577528745408 ns; value = [0.466199, 0.161935, 9.586018], status=3
12-13 23:18:37.463  6777  8093 I .hihonor.iaware: Explicit concurrent mark compact GC freed 4804KB AllocSpace bytes, 8(160KB) LOS objects, 49% free, 7817KB/15MB, paused 490us,4.878ms total 105.552ms
12-13 23:18:37.659  2143  4070 W ServiceManagerCppClient: Waited one second for vendor.qti.qhcp.IQHDC/default (is service started? Number of threads started in the threadpool: 3. Are binder threads started and available?)
12-13 23:18:37.663  2253  2377 W ServiceManagerCppClient: Waited one second for vendor.qti.qhcp.IQHDC/default (is service started? Number of threads started in the threadpool: 2. Are binder threads started and available?)
12-13 23:18:37.667   983 22926 W libc    : Unable to set property "ctl.interface_start" to "aidl/vendor.qti.qhcp.IQHDC/default": PROP_ERROR_HANDLE_CONTROL_MESSAGE (0x20)
12-13 23:18:37.669   983 22927 W libc    : Unable to set property "ctl.interface_start" to "aidl/vendor.qti.qhcp.IQHDC/default": PROP_ERROR_HANDLE_CONTROL_MESSAGE (0x20)
12-13 23:18:37.945  2152 14128 I sensors-hal: handle_sns_client_event:442, accel_sample(accelcal_available:0): ts=2226578136090251 ns; value = [0.456191, 0.177881, 9.600911], status=3
12-13 23:18:38.032  2510  4794 D ActivityManager: freezing 20647 com.hihonor.awareness:dp.ofdb
12-13 23:18:38.117  9043  9043 I wpa_supplicant: nl80211: vendor command vendor_id=4980, subcmd=13
12-13 23:18:38.126  2710  2710 I cnss-daemon: nl80211 response handler invoked
12-13 23:18:38.126  8927  8995 I WifiHAL : event received NL80211_CMD_VENDOR, vendor_id = 0x1374, subcmd = 0xd
12-13 23:18:38.127  2710  2710 I cnss-daemon: nl80211_response_handler: cmd 103, vendorID 4980, subcmd 13  received
12-13 23:18:38.127  9043  9043 I wpa_supplicant: nl80211: Ignore unsupported QCA vendor event 13
12-13 23:18:38.303  2510  6210 E HwQoEJNI: sendQoeCmd. open monitor_fd error
12-13 23:18:38.304  2510  6210 I HnDualBandManager: handle2gApStrongWifiRssiChange
12-13 23:18:38.546  2152 14128 I sensors-hal: handle_sns_client_event:442, accel_sample(accelcal_available:0): ts=2226578727500772 ns; value = [0.420613, 0.175247, 9.587027], status=3
12-13 23:18:38.663  2143  4070 W ServiceManagerCppClient: Waited one second for vendor.qti.qhcp.IQHDC/default (is service started? Number of threads started in the threadpool: 3. Are binder threads started and available?)
12-13 23:18:38.667  2253  2377 W ServiceManagerCppClient: Waited one second for vendor.qti.qhcp.IQHDC/default (is service started? Number of threads started in the threadpool: 2. Are binder threads started and available?)
12-13 23:18:38.673   983 22929 W libc    : Unable to set property "ctl.interface_start" to "aidl/vendor.qti.qhcp.IQHDC/default": PROP_ERROR_HANDLE_CONTROL_MESSAGE (0x20)
12-13 23:18:38.676   983 22930 W libc    : Unable to set property "ctl.interface_start" to "aidl/vendor.qti.qhcp.IQHDC/default": PROP_ERROR_HANDLE_CONTROL_MESSAGE (0x20)
12-13 23:18:39.145  2152 14128 I sensors-hal: handle_sns_client_event:442, accel_sample(accelcal_available:0): ts=2226579328914210 ns; value = [0.441922, 0.166197, 9.592969], status=3
12-13 23:18:39.205  2634  2634 E Thermal-daemon:hn_thermal: [shell_frame] tempNew :32  tempOld :33
12-13 23:18:39.461  2510  6210 I WifiNetworkStatsMonitor: total/280/144,android.uid.system:1000/280/0,unknown:0/0/144,com.autocountsoft.payroll/0/0,unknown:-5/0/0,com.hihonor.mediamaterial/0/0,authenticator.two.factor.authentication.otp/0/0,com.hihonor.android.launcher/0/0,com.openai.chatgpt/0/0,com.cimb.cimbocto/0/0,com.klikasia.klik.android/0/0
12-13 23:18:39.666  2143  4070 W ServiceManagerCppClient: Waited one second for vendor.qti.qhcp.IQHDC/default (is service started? Number of threads started in the threadpool: 3. Are binder threads started and available?)
12-13 23:18:39.670  2253  2377 W ServiceManagerCppClient: Waited one second for vendor.qti.qhcp.IQHDC/default (is service started? Number of threads started in the threadpool: 2. Are binder threads started and available?)
12-13 23:18:39.673   983 22931 W libc    : Unable to set property "ctl.interface_start" to "aidl/vendor.qti.qhcp.IQHDC/default": PROP_ERROR_HANDLE_CONTROL_MESSAGE (0x20)
12-13 23:18:39.675   983 22932 W libc    : Unable to set property "ctl.interface_start" to "aidl/vendor.qti.qhcp.IQHDC/default": PROP_ERROR_HANDLE_CONTROL_MESSAGE (0x20)
12-13 23:18:39.746  2152 14128 I sensors-hal: handle_sns_client_event:442, accel_sample(accelcal_available:0): ts=2226579926347283 ns; value = [0.443837, 0.163324, 9.582767], status=3
12-13 23:18:40.125  9043  9043 I wpa_supplicant: nl80211: vendor command vendor_id=4980, subcmd=13
12-13 23:18:40.132  8927  8995 I WifiHAL : event received NL80211_CMD_VENDOR, vendor_id = 0x1374, subcmd = 0xd
12-13 23:18:40.132  2710  2710 I cnss-daemon: nl80211 response handler invoked
12-13 23:18:40.133  2710  2710 I cnss-daemon: nl80211_response_handler: cmd 103, vendorID 4980, subcmd 13  received
12-13 23:18:40.134  9043  9043 I wpa_supplicant: nl80211: Ignore unsupported QCA vendor event 13
12-13 23:18:40.244  6963  7263 I PowerKitApi: isUserSleeping ! pkg: com.hihonor.systemmanager
12-13 23:18:40.250  6777 13635 I PowerKit_Impl: pkg: com.hihonor.systemmanager check whether user is sleeping, return false
12-13 23:18:40.252  6777 13635 I PowerKit_Impl: apply pkg: com.hihonor.systemmanager callingpkg:com.hihonor.systemmanager resource:65535 timeout:180000 reason:
12-13 23:18:40.253  6777 13635 I AppResManager: Request interaction :{com.hihonor.systemmanager com.hihonor.systemmanager 65535 2226760613}
12-13 23:18:40.253  6777  7976 I AbnormalCtrlPolicy: Request interaction app: com.hihonor.systemmanager
12-13 23:18:40.253  6777  7768 I PGServer: report state:12 event type:1 pid:-1 uid:0 pkg:com.hihonor.systemmanager#2226760613 to pid: 2510
12-13 23:18:40.266  6777 13635 I AppResManager: keepAliveReq: write to shareperf
12-13 23:18:40.266  6777 13635 I AppResManager: keepAliveReq: end of keep alive event
12-13 23:18:40.282  6963  7263 W NetworkKit_GrsApiManager: null|com.hihonor.framework.network.grs.GrsApiManager|synGetGrsUrl|24|serviceName: com.hihonor.cloud.systemmanager key: ROOT
12-13 23:18:40.289  6963  7263 I NetworkKit_GrsApiManager: null|com.hihonor.framework.network.grs.GrsApiManager|getUrlLocal|28|get url from sp is not empty.
12-13 23:18:40.290  6963  7263 I NetworkKit_LocalManagerProxy: null|te2|c|20|appGrs is not null and clear services.
12-13 23:18:40.310  6963 22935 I NetworkKit_j: null|nf2|b|253|Post call execute
12-13 23:18:40.345  2152 14128 I sensors-hal: handle_sns_client_event:442, accel_sample(accelcal_available:0): ts=2226580527723481 ns; value = [0.460166, 0.181089, 9.590855], status=3
12-13 23:18:40.358  2510  6321 D HwConnectivityManagerImpl: getNetworkPolicyFlag flagStr null
12-13 23:18:40.429  6963 22935 D         : verify: certificate is : CN=grs.hihonorcloud.com,OU=Zhixin New Information,O=Zhixin New Information,C=CN
12-13 23:18:40.431  6963 22935 D         : cn is : [grs.hihonorcloud.com]
12-13 23:18:40.432  6963 22935 D         : san is : [grs.hihonorcloud.com]
12-13 23:18:40.432  6963 22935 I NetworkKit_j: null|nf2|b|316|httpsURLConnection connect takes 122
12-13 23:18:40.451  6963 22935 I NetworkKit_j: null|nf2|b|421|GrsResponse code = 200
12-13 23:18:40.452  6963 22935 I NetworkKit_j: null|nf2|b|483|Request start time: 2226580671 end time: 2226580810 time takes： 139
12-13 23:18:40.454  6963 22934 I NetworkKit_e: null|jf2|a|152|grs request return body is not null and is OK.
12-13 23:18:40.454  6963 22934 I NetworkKit_e: null|jf2|a|216|grs request return body is not null but fail. code is 200
12-13 23:18:40.455  6963 22934 I NetworkKit_HianalyticsHelper: null|com.hihonor.framework.common.hianalytics.HianalyticsHelper|isEnableReportNoSeed|9|Hianalytics sdk need to be initialized
12-13 23:18:40.458  6963  7263 I NetworkKit_GrsApiManager: null|com.hihonor.framework.network.grs.GrsApiManager|synGetGrsUrl|86|get url is from remote server
12-13 23:18:40.458  6963  7263 I NetworkKit_LocalManagerProxy: null|te2|c|20|appGrs is not null and clear services.
12-13 23:18:40.462  6963  7263 D AbsServerRequest: doRequest
12-13 23:18:40.462  6963  7263 D AbsServerRequest: doRequest:0
12-13 23:18:40.463  6963  7263 I AbsServerRequest: RequestType: REQUEST_POST
12-13 23:18:40.465  6963  7263 D HsmJoinRequest: http request.
12-13 23:18:40.490  6963  7263 D HsmJoinRequest: setRequestProperty jsonObject already!
12-13 23:18:40.497  6963  6984 W JavaBinder: BinderProxy is being destroyed but the application did not call unlinkToDeath to unlink all of its death recipients beforehand.  Releasing leaked death recipient: com.hihonor.systemmanager.appmarket.AppMarketService$binder$1
12-13 23:18:40.498  6963  6984 I BpBinder: onLastStrongRef automatically unlinking death recipients: 
12-13 23:18:40.504  2510  6321 D HwConnectivityManagerImpl: getNetworkPolicyFlag flagStr null
12-13 23:18:40.515  6963  7263 I SecurityComp10105302: SecureSSLSocketFactory: createSocket s host port autoClose
12-13 23:18:40.516  6963  7263 I SecurityComp10105302: SecureSSLSocketFactory: set default protocols
12-13 23:18:40.517  6963  7263 I SecurityComp10105302: SecureSSLSocketFactory: set default cipher suites
12-13 23:18:40.538  6963  7263 I SecurityComp10105302: SecureX509TrustManager: checkServerTrusted begin ,server ca chain size is : 3 ,auth type is : GENERIC
12-13 23:18:40.557  6963  7263 I SecurityComp10105302: SecureX509TrustManager: check server i : 0
12-13 23:18:40.567  6963  7263 I SecurityComp10105302: SecureX509TrustManager: client root ca size is : 30
12-13 23:18:40.580  6963  7263 I SecurityComp10105302: SecureX509TrustManager: checkServerTrusted succeed ,root ca issuer is : CN=GlobalSign Root CA, OU=Root CA, O=GlobalSign nv-sa, C=BE
12-13 23:18:40.606  6963  7263 D AbsServerRequest: HsmRainbowConst.CONTINUE_ON_SUCCESS
12-13 23:18:40.610  6963  7263 D AbsServerRequest: processResponse result:true
12-13 23:18:40.619  6963  7263 I UpdateConfigUtils: startDownloadSecConfig
12-13 23:18:40.620  6963  7263 W ContextImpl: Calling a method in the system process without a qualified user: android.app.ContextImpl.startService:2064 android.content.ContextWrapper.startService:827 com.hihonor.securitycentersdk.update.UpdateConfigUtils.startDownloadSecConfig:52 b92.c:665 b92.onHandleMessage:253 
12-13 23:18:40.629  6963  7263 W NetworkKit_GrsApiManager: null|com.hihonor.framework.network.grs.GrsApiManager|synGetGrsUrl|24|serviceName: com.hihonor.cloud.systemmanager key: ROOT
12-13 23:18:40.630  6963  7263 I NetworkKit_GrsApiManager: null|com.hihonor.framework.network.grs.GrsApiManager|getUrlLocal|28|get url from sp is not empty.
12-13 23:18:40.630  6963  7263 I NetworkKit_LocalManagerProxy: null|te2|c|20|appGrs is not null and clear services.
12-13 23:18:40.631  6963  7263 I NetworkKit_LocalManagerProxy: null|te2|c|20|appGrs is not null and clear services.
12-13 23:18:40.631  6963 22943 W NetworkKit_GrsApiManager: null|com.hihonor.framework.network.grs.GrsApiManager|synGetGrsUrl|24|serviceName: com.hihonor.cloud.systemmanager key: ROOT
12-13 23:18:40.632  6963 22943 I NetworkKit_GrsApiManager: null|com.hihonor.framework.network.grs.GrsApiManager|getUrlLocal|28|get url from sp is not empty.
12-13 23:18:40.633  6963 22943 I NetworkKit_LocalManagerProxy: null|te2|c|20|appGrs is not null and clear services.
12-13 23:18:40.634  6963 22943 I NetworkKit_LocalManagerProxy: null|te2|c|20|appGrs is not null and clear services.
12-13 23:18:40.638  6963  7263 W NetworkKit_GrsApiManager: null|com.hihonor.framework.network.grs.GrsApiManager|synGetGrsUrl|24|serviceName: com.hihonor.cloud.isecurity.profile key: ROOT
12-13 23:18:40.639  6963  7263 I NetworkKit_GrsApiManager: null|com.hihonor.framework.network.grs.GrsApiManager|getUrlLocal|28|get url from sp is not empty.
12-13 23:18:40.639  6963  7263 I NetworkKit_LocalManagerProxy: null|te2|c|20|appGrs is not null and clear services.
12-13 23:18:40.640  6963  7263 I NetworkKit_LocalManagerProxy: null|te2|c|20|appGrs is not null and clear services.
12-13 23:18:40.642  6963  7263 W HSM_BG  : RainbowSDK_RainbowMgr:get update file info failed. com.hihonor.systemmanager_cloudUpdate_iGraphicsConfigCust
12-13 23:18:40.649  6963  7263 W HSM_BG  : RainbowSDK_RainbowMgr:get update file info failed. com.hihonor.systemmanager_antivirus_aivirus
12-13 23:18:40.655  6963  7263 W HSM_BG  : RainbowSDK_RainbowMgr:get update file info failed. com.hihonor.systemmanager_cloudUpdate_HwApsSystem
12-13 23:18:40.660  6963  7263 W HSM_BG  : RainbowSDK_RainbowMgr:get update file info failed. com.hihonor.systemmanager_cloudUpdate_PGCfgList
12-13 23:18:40.663  6963 22943 W System  : Ignoring header If-None-Match because its value was null.
12-13 23:18:40.663  6963  7263 W HSM_BG  : RainbowSDK_RainbowMgr:get update file info failed. com.hihonor.systemmanager_isecurity_profile
12-13 23:18:40.666  6777 22409 I PowerKit_Impl: unapply pkg: com.hihonor.systemmanager callingpkg:com.hihonor.systemmanager resource:65535 timeout:-1 reason:null
12-13 23:18:40.666  6777 22409 I AppResManager: cancel Request interaction : {com.hihonor.systemmanager com.hihonor.systemmanager 65535 2226760613}
12-13 23:18:40.667  6777  7768 I PGServer: report state:12 event type:2 pid:-1 uid:0 pkg:com.hihonor.systemmanager#2226760613 to pid: 2510
12-13 23:18:40.669  6777 22409 I AppResManager: keepAliveReq: write to shareperf
12-13 23:18:40.669  6777 22409 I AppResManager: keepAliveReq: end of keep alive event
12-13 23:18:40.669  2143  4070 W ServiceManagerCppClient: Waited one second for vendor.qti.qhcp.IQHDC/default (is service started? Number of threads started in the threadpool: 3. Are binder threads started and available?)
12-13 23:18:40.672   983 22944 W libc    : Unable to set property "ctl.interface_start" to "aidl/vendor.qti.qhcp.IQHDC/default": PROP_ERROR_HANDLE_CONTROL_MESSAGE (0x20)
12-13 23:18:40.672  2253  2377 W ServiceManagerCppClient: Waited one second for vendor.qti.qhcp.IQHDC/default (is service started? Number of threads started in the threadpool: 2. Are binder threads started and available?)
12-13 23:18:40.674   983 22945 W libc    : Unable to set property "ctl.interface_start" to "aidl/vendor.qti.qhcp.IQHDC/default": PROP_ERROR_HANDLE_CONTROL_MESSAGE (0x20)
12-13 23:18:40.707  6963 22943 I SecurityComp10105302: SecureX509TrustManager: checkServerTrusted begin ,server ca chain size is : 3 ,auth type is : GENERIC
12-13 23:18:40.722  6963 22943 I SecurityComp10105302: SecureX509TrustManager: check server i : 0
12-13 23:18:40.729  6963 22943 I SecurityComp10105302: SecureX509TrustManager: client root ca size is : 30
12-13 23:18:40.736  6963 22943 I SecurityComp10105302: SecureX509TrustManager: checkServerTrusted succeed ,root ca issuer is : CN=GlobalSign Root CA, OU=Root CA, O=GlobalSign nv-sa, C=BE
12-13 23:18:40.766  6963 22943 E HSM_BG  : RainbowSDK_HttpRequest:getInputStream exception!
12-13 23:18:40.790  6963 22943 W System  : Ignoring header If-None-Match because its value was null.
12-13 23:18:40.830  6963 22943 I SecurityComp10105302: SecureX509TrustManager: checkServerTrusted begin ,server ca chain size is : 3 ,auth type is : GENERIC
12-13 23:18:40.846  6963 22943 I SecurityComp10105302: SecureX509TrustManager: check server i : 0
12-13 23:18:40.860  6963 22943 I SecurityComp10105302: SecureX509TrustManager: client root ca size is : 30
12-13 23:18:40.874  6963 22943 I SecurityComp10105302: SecureX509TrustManager: checkServerTrusted succeed ,root ca issuer is : CN=GlobalSign Root CA, OU=Root CA, O=GlobalSign nv-sa, C=BE
12-13 23:18:40.905  6963 22943 E HSM_BG  : RainbowSDK_HttpRequest:getInputStream exception!
12-13 23:18:40.906  6963 22943 W HSM_BG  : RainbowSDK_RainbowMgr:get update file info failed. com.hihonor.systemmanager_permission_cloudConfig
12-13 23:18:40.934  6963 22943 W System  : Ignoring header If-None-Match because its value was null.
12-13 23:18:40.945  2152 14128 I sensors-hal: handle_sns_client_event:442, accel_sample(accelcal_available:0): ts=2226581126932856 ns; value = [0.458202, 0.190282, 9.571178], status=3
12-13 23:18:40.979  6963 22943 I SecurityComp10105302: SecureX509TrustManager: checkServerTrusted begin ,server ca chain size is : 3 ,auth type is : GENERIC
12-13 23:18:40.997  6963 22943 I SecurityComp10105302: SecureX509TrustManager: check server i : 0
12-13 23:18:41.008  6963 22943 I SecurityComp10105302: SecureX509TrustManager: client root ca size is : 30
12-13 23:18:41.012  2510  2793 I AppEyeFwkBlock: do monitor
12-13 23:18:41.021  6963 22943 I SecurityComp10105302: SecureX509TrustManager: checkServerTrusted succeed ,root ca issuer is : CN=GlobalSign Root CA, OU=Root CA, O=GlobalSign nv-sa, C=BE
12-13 23:18:41.057  6963 22943 E HSM_BG  : RainbowSDK_HttpRequest:getInputStream exception!
12-13 23:18:41.081  6963 22943 W System  : Ignoring header If-None-Match because its value was null.
12-13 23:18:41.121  6963 22943 I SecurityComp10105302: SecureX509TrustManager: checkServerTrusted begin ,server ca chain size is : 3 ,auth type is : GENERIC
12-13 23:18:41.139  6963 22943 I SecurityComp10105302: SecureX509TrustManager: check server i : 0
12-13 23:18:41.149  6963 22943 I SecurityComp10105302: SecureX509TrustManager: client root ca size is : 30
12-13 23:18:41.163  6963 22943 I SecurityComp10105302: SecureX509TrustManager: checkServerTrusted succeed ,root ca issuer is : CN=GlobalSign Root CA, OU=Root CA, O=GlobalSign nv-sa, C=BE
12-13 23:18:41.192  6963 22943 E HSM_BG  : RainbowSDK_HttpRequest:getInputStream exception!
12-13 23:18:41.193  6963 22943 W HSM_BG  : RainbowSDK_RainbowMgr:get update file info failed. com.hihonor.systemmanager_isecurity_profile
12-13 23:18:41.209  6963 22943 W System  : Ignoring header If-None-Match because its value was null.
12-13 23:18:41.242  6963 22943 I SecurityComp10105302: SecureX509TrustManager: checkServerTrusted begin ,server ca chain size is : 3 ,auth type is : GENERIC
12-13 23:18:41.260  6963 22943 I SecurityComp10105302: SecureX509TrustManager: check server i : 0
12-13 23:18:41.270  6963 22943 I SecurityComp10105302: SecureX509TrustManager: client root ca size is : 30
12-13 23:18:41.283  6963 22943 I SecurityComp10105302: SecureX509TrustManager: checkServerTrusted succeed ,root ca issuer is : CN=GlobalSign Root CA, OU=Root CA, O=GlobalSign nv-sa, C=BE
12-13 23:18:41.310  6963 22943 E HSM_BG  : RainbowSDK_HttpRequest:getInputStream exception!
12-13 23:18:41.312  2510  6210 E HwQoEJNI: sendQoeCmd. open monitor_fd error
12-13 23:18:41.312  2510  6210 I HnDualBandManager: handle2gApStrongWifiRssiChange
12-13 23:18:41.327  6963 22943 W System  : Ignoring header If-None-Match because its value was null.
12-13 23:18:41.359  6963 22943 I SecurityComp10105302: SecureX509TrustManager: checkServerTrusted begin ,server ca chain size is : 3 ,auth type is : GENERIC
12-13 23:18:41.375  6963 22943 I SecurityComp10105302: SecureX509TrustManager: check server i : 0
12-13 23:18:41.386  6963 22943 I SecurityComp10105302: SecureX509TrustManager: client root ca size is : 30
12-13 23:18:41.399  6963 22943 I SecurityComp10105302: SecureX509TrustManager: checkServerTrusted succeed ,root ca issuer is : CN=GlobalSign Root CA, OU=Root CA, O=GlobalSign nv-sa, C=BE
12-13 23:18:41.430  6963 22943 E HSM_BG  : RainbowSDK_HttpRequest:getInputStream exception!
12-13 23:18:41.431  6963 22943 W HSM_BG  : RainbowSDK_RainbowMgr:get update file info failed. com.hihonor.systemmanager_isecurity_profile
12-13 23:18:41.537 17670 17675 E bms_file: file /sys/class/hw_power/charger/direct_charger/direct_charge_succ is invalid
12-13 23:18:41.538 17670 17675 E bms_file: file /sys/class/hw_power/charger/direct_charger_hsc/direct_charge_succ is invalid
12-13 23:18:41.539 17670 17675 E bms_file: file /sys/class/hw_power/charger/direct_charger/direct_charge_succ is invalid
12-13 23:18:41.540 17670 17675 E bms_file: file /sys/class/hw_power/charger/direct_charger_hsc/direct_charge_succ is invalid
12-13 23:18:41.542 17670 17675 E bms_file: file sys/class/hw_power/adsp_dts is invalid
12-13 23:18:41.543 17670 17675 E bms_file: file /sys/class/backlight/panel1-backlight/brightness is invalid
12-13 23:18:41.545  2152 14128 I sensors-hal: handle_sns_client_event:442, accel_sample(accelcal_available:0): ts=2226581728037856 ns; value = [0.453797, 0.166819, 9.586977], status=3
12-13 23:18:41.545 17670 17675 E bms_file: file /sys/class/hw_power/charger/direct_charger/direct_charge_succ is invalid
12-13 23:18:41.546 17670 17675 E bms_file: file /sys/class/hw_power/charger/direct_charger_hsc/direct_charge_succ is invalid
12-13 23:18:41.547 17670 17675 E bms_file: file /sys/class/hw_power/charger/direct_charger/direct_charge_succ is invalid
12-13 23:18:41.548 17670 17675 E bms_file: file /sys/class/hw_power/charger/direct_charger_hsc/direct_charge_succ is invalid
12-13 23:18:41.549 17670 17675 E bms_file: file /sys/class/hw_power/charger/direct_charger/direct_charge_succ is invalid
12-13 23:18:41.550 17670 17675 E bms_file: file /sys/class/hw_power/charger/direct_charger_hsc/direct_charge_succ is invalid
12-13 23:18:41.550 17670 17675 E bms_file: file /sys/class/hw_power/charger/charge_data/iin_thermal is invalid
12-13 23:18:41.551 17670 17675 I bms_behavior: monitor interval count 65
12-13 23:18:41.623  2510  4682 I HwBatteryService: power_ui state= 1 mQuickChargeStatus=1
12-13 23:18:41.625  2510  4682 I HwBatteryService: handleWirelessTxStatus
12-13 23:18:41.625  2510  4682 I HwBatteryService: switch not open, return, mWirelessTxFlag : 0
12-13 23:18:41.625  2510  4682 W HwBatteryService: need return. Invalid value: -1
12-13 23:18:41.625  2510  4682 D HwBatteryService: setHwChargeTimeRemaining, time = -1 String time: -1
12-13 23:18:41.626  2510  6578 I BatteryService: Processing new values: info={chargerAcOnline=false,chargerUsbOnline=true,chargerWirelessOnline=false,maxChargingCurrent=500000,maxChargingVoltage=5000000,batteryStatus=2=CHARGING,batteryHealth=2=GOOD,batteryPresent=true,batteryLevel=73,batteryVoltage=4148,batteryTemperature=328,batteryFullCharge=6589000,batteryChargeCounter=3500000,batteryTechnology=Unknown,batteryCapacityLevel=3=NORMAL,chargerDockOnline=false}, mBatteryLevelCritical=false, mPlugType=2, mLastPlugType=2
12-13 23:18:41.627  2510  6578 I BatteryService: check conditions changed
12-13 23:18:41.629  2510  6578 I BatteryService: Processing new values: info={chargerAcOnline=false,chargerUsbOnline=true,chargerWirelessOnline=false,maxChargingCurrent=500000,maxChargingVoltage=5000000,batteryStatus=2=CHARGING,batteryHealth=2=GOOD,batteryPresent=true,batteryLevel=73,batteryVoltage=4146,batteryTemperature=328,batteryFullCharge=6589000,batteryChargeCounter=3500000,batteryTechnology=Unknown,batteryCapacityLevel=3=NORMAL,chargerDockOnline=false}, mBatteryLevelCritical=false, mPlugType=2, mLastPlugType=2
12-13 23:18:41.630  2510  6578 I BatteryService: check conditions changed
12-13 23:18:41.671  2143  4070 W ServiceManagerCppClient: Waited one second for vendor.qti.qhcp.IQHDC/default (is service started? Number of threads started in the threadpool: 3. Are binder threads started and available?)
12-13 23:18:41.673  2253  2377 W ServiceManagerCppClient: Waited one second for vendor.qti.qhcp.IQHDC/default (is service started? Number of threads started in the threadpool: 2. Are binder threads started and available?)
12-13 23:18:41.675   983 22946 W libc    : Unable to set property "ctl.interface_start" to "aidl/vendor.qti.qhcp.IQHDC/default": PROP_ERROR_HANDLE_CONTROL_MESSAGE (0x20)
12-13 23:18:41.676   983 22947 W libc    : Unable to set property "ctl.interface_start" to "aidl/vendor.qti.qhcp.IQHDC/default": PROP_ERROR_HANDLE_CONTROL_MESSAGE (0x20)
12-13 23:18:42.129  9043  9043 I wpa_supplicant: nl80211: vendor command vendor_id=4980, subcmd=13
12-13 23:18:42.133  2710  2710 I cnss-daemon: nl80211 response handler invoked
12-13 23:18:42.133  2710  2710 I cnss-daemon: nl80211_response_handler: cmd 103, vendorID 4980, subcmd 13  received
12-13 23:18:42.134  8927  8995 I WifiHAL : event received NL80211_CMD_VENDOR, vendor_id = 0x1374, subcmd = 0xd
12-13 23:18:42.134  9043  9043 I wpa_supplicant: nl80211: Ignore unsupported QCA vendor event 13
12-13 23:18:42.144  2152 14128 I sensors-hal: handle_sns_client_event:442, accel_sample(accelcal_available:0): ts=2226582329158689 ns; value = [0.447524, 0.160164, 9.599283], status=3
12-13 23:18:42.241  6822  6822 I HwCommBoosterService: AWARE_THREAD is work correctly.
12-13 23:18:42.241  6822  6822 I HwCommBoosterService: NOTIFY_THREAD is work correctly.
12-13 23:18:42.241  6822  6822 I HwCommBoosterService: SERVICE_THREAD is work correctly.
12-13 23:18:42.242  6822  6822 I HwCommBoosterService: DATABASE_THREAD is work correctly.
12-13 23:18:42.242  6822  6822 I HwCommBoosterService: TRANSPORT_LAYER_THREAD_ID is work correctly.
12-13 23:18:42.242  6822  6822 I HwCommBoosterService: PHY_LAYER_THREAD_ID is work correctly.
12-13 23:18:42.242  6822  6822 I HwCommBoosterService: COMM_CLOUD_THREAD is work correctly.
12-13 23:18:42.243  6822  6822 I HwCommHnCollieService: AWARE_THREAD is work correctly.
12-13 23:18:42.243  6822  6822 I HwCommHnCollieService: NOTIFY_THREAD is work correctly.
12-13 23:18:42.243  6822  6822 I HwCommHnCollieService: SERVICE_THREAD is work correctly.
12-13 23:18:42.674  2143  4070 W ServiceManagerCppClient: Waited one second for vendor.qti.qhcp.IQHDC/default (is service started? Number of threads started in the threadpool: 3. Are binder threads started and available?)
12-13 23:18:42.675  2253  2377 W ServiceManagerCppClient: Waited one second for vendor.qti.qhcp.IQHDC/default (is service started? Number of threads started in the threadpool: 2. Are binder threads started and available?)
12-13 23:18:42.681   983 22949 W libc    : Unable to set property "ctl.interface_start" to "aidl/vendor.qti.qhcp.IQHDC/default": PROP_ERROR_HANDLE_CONTROL_MESSAGE (0x20)
12-13 23:18:42.687   983 22950 W libc    : Unable to set property "ctl.interface_start" to "aidl/vendor.qti.qhcp.IQHDC/default": PROP_ERROR_HANDLE_CONTROL_MESSAGE (0x20)
12-13 23:18:42.745  2152 14128 I sensors-hal: handle_sns_client_event:442, accel_sample(accelcal_available:0): ts=2226582926414939 ns; value = [0.442975, 0.182621, 9.593491], status=3
12-13 23:18:43.344  2152 14128 I sensors-hal: handle_sns_client_event:442, accel_sample(accelcal_available:0): ts=2226583527756762 ns; value = [0.454898, 0.187984, 9.616184], status=3
12-13 23:18:43.678  2253  2377 W ServiceManagerCppClient: Waited one second for vendor.qti.qhcp.IQHDC/default (is service started? Number of threads started in the threadpool: 2. Are binder threads started and available?)
12-13 23:18:43.681  2143  4070 W ServiceManagerCppClient: Waited one second for vendor.qti.qhcp.IQHDC/default (is service started? Number of threads started in the threadpool: 3. Are binder threads started and available?)
12-13 23:18:43.684   983 22951 W libc    : Unable to set property "ctl.interface_start" to "aidl/vendor.qti.qhcp.IQHDC/default": PROP_ERROR_HANDLE_CONTROL_MESSAGE (0x20)
12-13 23:18:43.685   983 22952 W libc    : Unable to set property "ctl.interface_start" to "aidl/vendor.qti.qhcp.IQHDC/default": PROP_ERROR_HANDLE_CONTROL_MESSAGE (0x20)
12-13 23:18:43.944  2152 14128 I sensors-hal: handle_sns_client_event:442, accel_sample(accelcal_available:0): ts=2226584129235251 ns; value = [0.463757, 0.174337, 9.584244], status=3
12-13 23:18:44.132  9043  9043 I wpa_supplicant: nl80211: vendor command vendor_id=4980, subcmd=13
12-13 23:18:44.139  8927  8995 I WifiHAL : event received NL80211_CMD_VENDOR, vendor_id = 0x1374, subcmd = 0xd
12-13 23:18:44.139  2710  2710 I cnss-daemon: nl80211 response handler invoked
12-13 23:18:44.139  2710  2710 I cnss-daemon: nl80211_response_handler: cmd 103, vendorID 4980, subcmd 13  received
12-13 23:18:44.142  9043  9043 I wpa_supplicant: nl80211: Ignore unsupported QCA vendor event 13
12-13 23:18:44.207  2634  2634 E Thermal-daemon:hn_thermal: [ap] tempNew :32  tempOld :33
12-13 23:18:44.331  2510  6210 E HwQoEJNI: sendQoeCmd. open monitor_fd error
12-13 23:18:44.331  2510  6210 I HnDualBandManager: handle2gApStrongWifiRssiChange
12-13 23:18:44.542  2510  6210 D WifiEnhanceHomeFenceMonitor: registerHomeAwarenessFence, register back home fence.
12-13 23:18:44.542  2510  6210 I WifiEnhanceHomeFenceMonitor: processBackHomeFence, add back home fence , id : WifiEnhanceHomeFenceMonitor_backHomeFence
12-13 23:18:44.543  2510  6210 D WifiEnhanceHomeFenceMonitor: registerHomeAwarenessFence, register leave home fence.
12-13 23:18:44.543  2510  6210 I WifiEnhanceHomeFenceMonitor: processLeaveHomeFence, add leave home fence , id : WifiEnhanceHomeFenceMonitor_leaveHomeFence
12-13 23:18:44.543  2510  8336 I AwarenessClient: wait result,type=register_fence_by_listener,rId=8b3f5971-9ebf-4752-8f6f-4fd98e4e7319,key=WifiEnhanceHomeFenceMonitor_backHomeFence,isNeedCache=true,sysApp=true
12-13 23:18:44.545 23707  2954 I AWARENESS_E_D_P: regByListener rId=8b3f5971-9ebf-4752-8f6f-4fd98e4e7319,key=WifiEnhanceHomeFenceMonitor_backHomeFence
12-13 23:18:44.545 23707 24188 I AWARENESS_MFenceFF: c:LocationFence
12-13 23:18:44.546 23707 24188 I AWARENESS_MFenceFF: not support fence, LocationFence
12-13 23:18:44.546 23707 24188 E AWARENESS_ManagedFenceList: createFence fail, AwarenessFence{key='WifiEnhanceHomeFenceMonitor_backHomeFence', type='LocationFence}
12-13 23:18:44.546  2510  8336 I AwarenessClient: wait result,type=register_fence_by_listener,rId=0ef2f074-1ccb-485f-8d54-9f257f44c984,key=WifiEnhanceHomeFenceMonitor_leaveHomeFence,isNeedCache=true,sysApp=true
12-13 23:18:44.546  2152 14128 I sensors-hal: handle_sns_client_event:442, accel_sample(accelcal_available:0): ts=2226584726695876 ns; value = [0.453605, 0.187649, 9.579597], status=3
12-13 23:18:44.547 23707  2954 I AWARENESS_E_D_P: regByListener rId=0ef2f074-1ccb-485f-8d54-9f257f44c984,key=WifiEnhanceHomeFenceMonitor_leaveHomeFence
12-13 23:18:44.547 23707 23926 I AWARENESS_MFenceFF: c:LocationFence
12-13 23:18:44.547  2510  8336 I WifiEnhanceHomeFenceMonitor: mHomeFenceConnectListener, on result, key = WifiEnhanceHomeFenceMonitor_backHomeFence , code = 0
12-13 23:18:44.548 23707 23926 I AWARENESS_MFenceFF: not support fence, LocationFence
12-13 23:18:44.548  2510  8336 I AwarenessClient: handle wait rm for WifiEnhanceHomeFenceMonitor_backHomeFence
12-13 23:18:44.548 23707 23926 E AWARENESS_ManagedFenceList: createFence fail, AwarenessFence{key='WifiEnhanceHomeFenceMonitor_leaveHomeFence', type='LocationFence}
12-13 23:18:44.548  2510  8336 I AwarenessClient: dispatch no cached for WifiEnhanceHomeFenceMonitor_backHomeFence
12-13 23:18:44.548 23707 24188 I AWARENESS_D_P_InquiryProviderCallExecMethod: invoke begin, calling pkg name: com.hihonor.awareness
12-13 23:18:44.548 23707 24188 W AWARENESS_D_P_DataQueryComponentContainer: null supplier for: queryCityCode
12-13 23:18:44.549  2510  8336 I WifiEnhanceHomeFenceMonitor: mHomeFenceConnectListener, on result, key = WifiEnhanceHomeFenceMonitor_leaveHomeFence , code = 0
12-13 23:18:44.549 23707 24188 I AWARENESS_D_P_InquiryProviderCallExecMethod: invoke duration is 1
12-13 23:18:44.549  2510  8336 I AwarenessClient: handle wait rm for WifiEnhanceHomeFenceMonitor_leaveHomeFence
12-13 23:18:44.549 23707 24188 W Intelli_Analytics_DpIQCacheHelper: inquiry value is null or invalid, refuse update cache
12-13 23:18:44.549  2510  8336 I AwarenessClient: dispatch no cached for WifiEnhanceHomeFenceMonitor_leaveHomeFence
12-13 23:18:44.550 23707 23926 I AWARENESS_D_P_InquiryProviderCallExecMethod: invoke begin, calling pkg name: com.hihonor.awareness
12-13 23:18:44.550 23707 23926 W AWARENESS_D_P_DataQueryComponentContainer: null supplier for: queryCityCode
12-13 23:18:44.551 23707 23926 I AWARENESS_D_P_InquiryProviderCallExecMethod: invoke duration is 1
12-13 23:18:44.551 23707 23926 W Intelli_Analytics_DpIQCacheHelper: inquiry value is null or invalid, refuse update cache
12-13 23:18:44.551 23707 24188 I AWARENESS_D_P_InquiryProviderCallExecMethod: invoke begin, calling pkg name: com.hihonor.awareness
12-13 23:18:44.552 23707 24188 W AWARENESS_D_P_DataQueryComponentContainer: null supplier for: queryCityCode
12-13 23:18:44.553 23707 24188 I AWARENESS_D_P_InquiryProviderCallExecMethod: invoke duration is 1
12-13 23:18:44.553 23707 24188 W Intelli_Analytics_DpIQCacheHelper: inquiry value is null or invalid, refuse update cache
12-13 23:18:44.555 23707 24188 D HiView.HiEvent: mTime.getTime() = 0 : currentTime = 1765639124555
12-13 23:18:44.557 23707 24188 I HiView.HiEvent: Flatten done:991621018
12-13 23:18:44.683  2143  4070 W ServiceManagerCppClient: Waited one second for vendor.qti.qhcp.IQHDC/default (is service started? Number of threads started in the threadpool: 3. Are binder threads started and available?)
12-13 23:18:44.683  2253  2377 W ServiceManagerCppClient: Waited one second for vendor.qti.qhcp.IQHDC/default (is service started? Number of threads started in the threadpool: 2. Are binder threads started and available?)
12-13 23:18:44.689   983 22953 W libc    : Unable to set property "ctl.interface_start" to "aidl/vendor.qti.qhcp.IQHDC/default": PROP_ERROR_HANDLE_CONTROL_MESSAGE (0x20)
12-13 23:18:44.690   983 22954 W libc    : Unable to set property "ctl.interface_start" to "aidl/vendor.qti.qhcp.IQHDC/default": PROP_ERROR_HANDLE_CONTROL_MESSAGE (0x20)
12-13 23:18:45.145  2152 14128 I sensors-hal: handle_sns_client_event:442, accel_sample(accelcal_available:0): ts=2226585328158741 ns; value = [0.434931, 0.184058, 9.594299], status=3
12-13 23:18:45.561  2510  2795 W Watchdog: waitState=[0] waitedHalf=[false]
12-13 23:18:45.561  2510  2795 W Watchdog: watchdogKick kickCounter=[150]
12-13 23:18:45.562  2510  2795 I AES     : hangdetect userpet kick to kernel
12-13 23:18:45.563  2510  2782 I InputReader: monitor lock
12-13 23:18:45.563  2510  2782 I EventHub: wake() called
12-13 23:18:45.565  2510  2782 I EventHub: monitor lock
12-13 23:18:45.687  2143  4070 W ServiceManagerCppClient: Waited one second for vendor.qti.qhcp.IQHDC/default (is service started? Number of threads started in the threadpool: 3. Are binder threads started and available?)
12-13 23:18:45.687  2253  2377 W ServiceManagerCppClient: Waited one second for vendor.qti.qhcp.IQHDC/default (is service started? Number of threads started in the threadpool: 2. Are binder threads started and available?)
12-13 23:18:45.694   983 22955 W libc    : Unable to set property "ctl.interface_start" to "aidl/vendor.qti.qhcp.IQHDC/default": PROP_ERROR_HANDLE_CONTROL_MESSAGE (0x20)
12-13 23:18:45.694   983 22956 W libc    : Unable to set property "ctl.interface_start" to "aidl/vendor.qti.qhcp.IQHDC/default": PROP_ERROR_HANDLE_CONTROL_MESSAGE (0x20)
12-13 23:18:45.746  2152 14128 I sensors-hal: handle_sns_client_event:442, accel_sample(accelcal_available:0): ts=2226585927550512 ns; value = [0.437085, 0.183770, 9.605599], status=3
12-13 23:18:46.076 26180 22119 I .gms.persistent: Explicit concurrent mark compact GC freed 17MB AllocSpace bytes, 35(1212KB) LOS objects, 49% free, 24MB/48MB, paused 440us,3.549ms total 247.886ms
12-13 23:18:46.105 26180 26191 W .gms.persistent: ApkAssets: Deleting an ApkAssets object '<empty> and /data/app/~~nTvVGDpuh2lbnPr0Pwrxhg==/com.resultmarketing.whatscard-A-iz3sJBnKp231tCY9XEhA==/base.apk' with 1 weak references
12-13 23:18:46.106 26180 26191 W .gms.persistent: ApkAssets: Deleting an ApkAssets object '<empty> and /data/app/~~nTvVGDpuh2lbnPr0Pwrxhg==/com.resultmarketing.whatscard-A-iz3sJBnKp231tCY9XEhA==/split_config.arm64_v8a.apk' with 1 weak references
12-13 23:18:46.106 26180 26191 W .gms.persistent: ApkAssets: Deleting an ApkAssets object '<empty> and /data/app/~~nTvVGDpuh2lbnPr0Pwrxhg==/com.resultmarketing.whatscard-A-iz3sJBnKp231tCY9XEhA==/split_config.en.apk' with 1 weak references
12-13 23:18:46.106 26180 26191 W .gms.persistent: ApkAssets: Deleting an ApkAssets object '<empty> and /data/app/~~nTvVGDpuh2lbnPr0Pwrxhg==/com.resultmarketing.whatscard-A-iz3sJBnKp231tCY9XEhA==/split_config.in.apk' with 1 weak references
12-13 23:18:46.106 26180 26191 W .gms.persistent: ApkAssets: Deleting an ApkAssets object '<empty> and /data/app/~~nTvVGDpuh2lbnPr0Pwrxhg==/com.resultmarketing.whatscard-A-iz3sJBnKp231tCY9XEhA==/split_config.xhdpi.apk' with 1 weak references
12-13 23:18:46.138  9043  9043 I wpa_supplicant: nl80211: vendor command vendor_id=4980, subcmd=13
12-13 23:18:46.144  2710  2710 I cnss-daemon: nl80211 response handler invoked
12-13 23:18:46.145  2710  2710 I cnss-daemon: nl80211_response_handler: cmd 103, vendorID 4980, subcmd 13  received
12-13 23:18:46.146  9043  9043 I wpa_supplicant: nl80211: Ignore unsupported QCA vendor event 13
12-13 23:18:46.147  8927  8995 I WifiHAL : event received NL80211_CMD_VENDOR, vendor_id = 0x1374, subcmd = 0xd
12-13 23:18:46.344  2152 14128 I sensors-hal: handle_sns_client_event:442, accel_sample(accelcal_available:0): ts=2226586518882804 ns; value = [0.434548, 0.201392, 9.601667], status=3
12-13 23:18:46.556 17670 17675 E bms_file: file /sys/class/hw_power/charger/direct_charger/direct_charge_succ is invalid
12-13 23:18:46.557 17670 17675 E bms_file: file /sys/class/hw_power/charger/direct_charger_hsc/direct_charge_succ is invalid
12-13 23:18:46.558 17670 17675 E bms_file: file /sys/class/hw_power/charger/direct_charger/direct_charge_succ is invalid
12-13 23:18:46.559 17670 17675 E bms_file: file /sys/class/hw_power/charger/direct_charger_hsc/direct_charge_succ is invalid
