--------- beginning of main
12-13 16:33:07.773  1250  2601 E SmcInvoke_MinkDescriptor: mem obj with id :19 not found in list
12-13 16:33:07.773  2774  6472 D GPQTEEC : [QTEEC.cpp:592 __convertParamsOut] paramTypes[0]=3
12-13 16:33:07.773  2774  6472 D GPQTEEC : [QTEEC.cpp:594 __convertParamsOut] Type is output
12-13 16:33:07.773  2774  6472 D GPQTEEC : [QTEEC.cpp:592 __convertParamsOut] paramTypes[1]=0
12-13 16:33:07.773  2774  6472 D GPQTEEC : [QTEEC.cpp:592 __convertParamsOut] paramTypes[2]=0
12-13 16:33:07.773  2774  6472 D GPQTEEC : [QTEEC.cpp:592 __convertParamsOut] paramTypes[3]=f
12-13 16:33:07.773  2774  6472 D GPQTEEC : [QTEEC.cpp:594 __convertParamsOut] Type is output
12-13 16:33:07.773  2774  6472 D GPQTEEC : [QTEEC.cpp:605 __convertParamsOut] SizeIn/SizeOut = 76/76
12-13 16:33:07.773  2774  6472 D GPQTEEC : [QTEEC.cpp:621 __convertParamsOut] Copy back from qsmem->ion_sbuf @ 0x74d2564000 (76 bytes)
12-13 16:33:07.773  2774  6472 D GPQTEEC : [QTEEC.cpp:470 __RevertRegisteredMemToTempMem] Saved op buffer @ 0x722147a790, Temp op @ 0x722147a790
12-13 16:33:07.773  2774  6472 D GPQTEEC : [QTEEC.cpp:382 TEEC_QTEE_ReleaseSharedMemory] Releasing qsmem buffer @ 0x74d2564000
12-13 16:33:07.773  2774  6472 D GPQTEEC : [QTEEC.cpp:131 __SharedMem_Free] munmap(0x74d2564000, 76)
12-13 16:33:07.773  2774  6472 D GPQTEEC : [QTEEC.cpp:479 __RevertRegisteredMemToTempMem] Returned op->params[i].tmpref.size 76
12-13 16:33:07.773  2774  6472 D GPQTEEC : [QTEEC.cpp:481 __RevertRegisteredMemToTempMem] Restored op buffer @ 0x722147a790
12-13 16:33:07.773  2774  6472 D GPQTEEC : [QTEEC.cpp:47 dumpHex] Operation OUT (112 bytes @ 0x0x722147a850)
12-13 16:33:07.773  2774  6472 D GPQTEEC : [QTEEC.cpp:54 dumpHex] 01 00 00 00 03 70 00 00 00 00 00 00 06 00 00 00 
12-13 16:33:07.773  2774  6472 D GPQTEEC : [QTEEC.cpp:54 dumpHex] 00 00 00 00 00 00 00 00 00 00 00 00 00 00 00 00 
12-13 16:33:07.773  2774  6472 D GPQTEEC : [QTEEC.cpp:54 dumpHex] 00 00 00 00 00 00 00 00 00 00 00 00 00 00 00 00 
12-13 16:33:07.773  2774  6472 D GPQTEEC : [QTEEC.cpp:54 dumpHex] 00 00 00 00 00 00 00 00 00 00 00 00 00 00 00 00 
12-13 16:33:07.773  2774  6472 D GPQTEEC : [QTEEC.cpp:54 dumpHex] 00 00 00 00 00 00 00 00 00 00 00 00 00 00 00 00 
12-13 16:33:07.773  2774  6472 D GPQTEEC : [QTEEC.cpp:54 dumpHex] 90 A7 47 21 72 00 00 00 4C 00 00 00 00 00 00 00 
12-13 16:33:07.773  2774  6472 D GPQTEEC : [QTEEC.cpp:54 dumpHex] 00 00 00 00 00 00 00 00 A0 DD B4 67 73 00 00 B4 
12-13 16:33:07.773  2774  6472 D fpc_tac : HAL Invokecommand = 10 out, result = 0, retry_times = 1
12-13 16:33:07.773  2774  6472 I fpc_fingerprint_hal: fpc FP_IOC_CMD_DISABLE_IRQ is already disabled
12-13 16:33:07.773  2774  6472 D fpc_tac : HAL Invokecommand = 20
12-13 16:33:07.773  2774  6472 D GPQTEEC : [QTEEC.cpp:47 dumpHex] Operation IN (112 bytes @ 0x0x722147a5d0)
12-13 16:33:07.773  2774  6472 D GPQTEEC : [QTEEC.cpp:54 dumpHex] 01 00 00 00 03 70 00 00 04 00 00 00 09 00 00 00 
12-13 16:33:07.773  2774  6472 D GPQTEEC : [QTEEC.cpp:54 dumpHex] 00 00 00 00 00 00 00 00 00 00 00 00 00 00 00 00 
12-13 16:33:07.773  2774  6472 D GPQTEEC : [QTEEC.cpp:54 dumpHex] 00 00 00 00 00 00 00 00 00 00 00 00 00 00 00 00 
12-13 16:33:07.773  2774  6472 D GPQTEEC : [QTEEC.cpp:54 dumpHex] 00 00 00 00 00 00 00 00 00 00 00 00 00 00 00 00 
12-13 16:33:07.773  2774  6472 D GPQTEEC : [QTEEC.cpp:54 dumpHex] 00 00 00 00 00 00 00 00 00 00 00 00 00 00 00 00 
12-13 16:33:07.773  2774  6472 D GPQTEEC : [QTEEC.cpp:54 dumpHex] 10 A5 47 21 72 00 00 00 4C 00 00 00 00 00 00 00 
12-13 16:33:07.773  2774  6472 D GPQTEEC : [QTEEC.cpp:54 dumpHex] 00 00 00 00 00 00 00 00 00 00 00 00 00 00 00 00 
12-13 16:33:07.773  2774  6472 D GPQTEEC : [QTEEC.cpp:425 __ConvertTempMemToRegisteredMem] Saved op tmpref.buffer = 0x722147a510, Op memref.parent->buffer = 0x722147a510 (76 bytes)
12-13 16:33:07.774  2774  6472 D GPQTEEC : [QTEEC.cpp:111 __SharedMem_Alloc] mmap(0x74d2564000, 76)
12-13 16:33:07.774  2774  6472 D GPQTEEC : [QTEEC.cpp:230 TEEC_QTEE_RegisterSharedMemory] qsmem buffer allocated @ 0x74d2564000 76 bytes, registered buffer @ 0x722147a510
12-13 16:33:07.774  2774  6472 D GPQTEEC : [QTEEC.cpp:444 __ConvertTempMemToRegisteredMem] Temp op buffer set @ 0x722147a510
12-13 16:33:07.774  2774  6472 D GPQTEEC : [QTEEC.cpp:1182 TEEC_QTEE_InvokeCommand] Operation is not NULL
12-13 16:33:07.774  2774  6472 D GPQTEEC : [QTEEC.cpp:47 dumpHex] param[] (16 bytes @ 0x0x722147a44c)
12-13 16:33:07.774  2774  6472 D GPQTEEC : [QTEEC.cpp:54 dumpHex] 04 00 00 00 09 00 00 00 00 00 00 00 00 00 00 00 
12-13 16:33:07.774  2774  6472 D GPQTEEC : [QTEEC.cpp:47 dumpHex] param[] (16 bytes @ 0x0x722147a45c)
12-13 16:33:07.774  2774  6472 D GPQTEEC : [QTEEC.cpp:54 dumpHex] 00 00 00 00 00 00 00 00 00 00 00 00 00 00 00 00 
12-13 16:33:07.774  2774  6472 D GPQTEEC : [QTEEC.cpp:47 dumpHex] param[] (16 bytes @ 0x0x722147a46c)
12-13 16:33:07.774  2774  6472 D GPQTEEC : [QTEEC.cpp:54 dumpHex] 00 00 00 00 00 00 00 00 00 00 00 00 00 00 00 00 
12-13 16:33:07.774  2774  6472 D GPQTEEC : [QTEEC.cpp:514 __convertParamsIn] param[3] size=76, offset=0
12-13 16:33:07.774  2774  6472 D GPQTEEC : [QTEEC.cpp:524 __convertParamsIn] Real backed buffer (76 bytes)
12-13 16:33:07.774  2774  6472 D GPQTEEC : [QTEEC.cpp:529 __convertParamsIn] Copy into qsmem->ashmem_buffer @ 0x74d2564000 (76 bytes)
12-13 16:33:07.774  2774  6472 D GPQTEEC : [QTEEC.cpp:47 dumpHex] param[] (16 bytes @ 0x0x722147a47c)
12-13 16:33:07.774  2774  6472 D GPQTEEC : [QTEEC.cpp:54 dumpHex] FF FF FF FF 00 00 00 00 4C 00 00 00 00 00 00 00 
12-13 16:33:07.774  2774  6472 D GPQTEEC : [QTEEC.cpp:1193 TEEC_QTEE_InvokeCommand] operation->paramTypes = 0x0000F003, req->param_types = 0x00007003
12-13 16:33:07.774  1250  1250 I DMABUFHEAPS: Using DMA-BUF heap named: qcom,qseecom-ta
12-13 16:33:07.774  1250  1250 D vendor.qti.hardware.qteeconnector@1.0-gp: prepareMemoryObjs param[3].memref.size=76, .memref.offset=0, memSize=76
12-13 16:33:07.788  2152 29800 I sensors-hal: handle_sns_std_sensor_event:150, ambient_light_event: ts=2202248146987985, lux = 149, raw_adc=314, raw_2=262
12-13 16:33:07.800  2286  2426 I Scheduler: idleTimerCallback timer change to TimerState: Expired
12-13 16:33:07.800  2286  2426 I Scheduler: idleTimerCallback call boostTimerCallback Expired
12-13 16:33:07.800  2286  2426 I Scheduler: boostTimerCallback timer change to TimerState: Expiring
12-13 16:33:07.810  1250  2601 E SmcInvoke_MinkDescriptor: mem obj with id :19 not found in list
12-13 16:33:07.810  2774  6472 D GPQTEEC : [QTEEC.cpp:592 __convertParamsOut] paramTypes[0]=3
12-13 16:33:07.810  2774  6472 D GPQTEEC : [QTEEC.cpp:594 __convertParamsOut] Type is output
12-13 16:33:07.810  2774  6472 D GPQTEEC : [QTEEC.cpp:592 __convertParamsOut] paramTypes[1]=0
12-13 16:33:07.810  2774  6472 D GPQTEEC : [QTEEC.cpp:592 __convertParamsOut] paramTypes[2]=0
12-13 16:33:07.810  2774  6472 D GPQTEEC : [QTEEC.cpp:592 __convertParamsOut] paramTypes[3]=f
12-13 16:33:07.810  2774  6472 D GPQTEEC : [QTEEC.cpp:594 __convertParamsOut] Type is output
12-13 16:33:07.810  2774  6472 D GPQTEEC : [QTEEC.cpp:605 __convertParamsOut] SizeIn/SizeOut = 76/76
12-13 16:33:07.810  2774  6472 D GPQTEEC : [QTEEC.cpp:621 __convertParamsOut] Copy back from qsmem->ion_sbuf @ 0x74d2564000 (76 bytes)
12-13 16:33:07.810  2774  6472 D GPQTEEC : [QTEEC.cpp:470 __RevertRegisteredMemToTempMem] Saved op buffer @ 0x722147a510, Temp op @ 0x722147a510
12-13 16:33:07.810  2774  6472 D GPQTEEC : [QTEEC.cpp:382 TEEC_QTEE_ReleaseSharedMemory] Releasing qsmem buffer @ 0x74d2564000
12-13 16:33:07.810  2774  6472 D GPQTEEC : [QTEEC.cpp:131 __SharedMem_Free] munmap(0x74d2564000, 76)
12-13 16:33:07.810  2774  6472 D GPQTEEC : [QTEEC.cpp:479 __RevertRegisteredMemToTempMem] Returned op->params[i].tmpref.size 76
12-13 16:33:07.810  2774  6472 D GPQTEEC : [QTEEC.cpp:481 __RevertRegisteredMemToTempMem] Restored op buffer @ 0x722147a510
12-13 16:33:07.810  2774  6472 D GPQTEEC : [QTEEC.cpp:47 dumpHex] Operation OUT (112 bytes @ 0x0x722147a5d0)
12-13 16:33:07.810  2774  6472 D GPQTEEC : [QTEEC.cpp:54 dumpHex] 01 00 00 00 03 70 00 00 00 00 00 00 00 00 00 00 
12-13 16:33:07.810  2774  6472 D GPQTEEC : [QTEEC.cpp:54 dumpHex] 00 00 00 00 00 00 00 00 00 00 00 00 00 00 00 00 
12-13 16:33:07.810  2774  6472 D GPQTEEC : [QTEEC.cpp:54 dumpHex] 00 00 00 00 00 00 00 00 00 00 00 00 00 00 00 00 
12-13 16:33:07.810  2774  6472 D GPQTEEC : [QTEEC.cpp:54 dumpHex] 00 00 00 00 00 00 00 00 00 00 00 00 00 00 00 00 
12-13 16:33:07.810  2774  6472 D GPQTEEC : [QTEEC.cpp:54 dumpHex] 00 00 00 00 00 00 00 00 00 00 00 00 00 00 00 00 
12-13 16:33:07.810  2774  6472 D GPQTEEC : [QTEEC.cpp:54 dumpHex] 10 A5 47 21 72 00 00 00 4C 00 00 00 00 00 00 00 
12-13 16:33:07.810  2774  6472 D GPQTEEC : [QTEEC.cpp:54 dumpHex] 00 00 00 00 00 00 00 00 A0 DD B4 67 73 00 00 B4 
12-13 16:33:07.810  2774  6472 D fpc_tac : HAL Invokecommand = 20 out, result = 0, retry_times = 1
12-13 16:33:07.810  2774  6472 E fpc_fingerprint_hal: save_image dump function is not enable
12-13 16:33:07.810  2774  6472 I fpc_fingerprint_hal: wait_finger_down: operation canceled
12-13 16:33:07.810  2774  6472 I fpc_fingerprint_hal: wait_finger_down, took 36 ms
12-13 16:33:07.810  2774  6472 E fpc_fingerprint_hal: fpc_tac_begin_identify wait_finger_up_common, status=-4
12-13 16:33:07.810  2774  6472 D fpc_tac : HAL Invokecommand = 8
12-13 16:33:07.810  2774  6472 D GPQTEEC : [QTEEC.cpp:47 dumpHex] Operation IN (112 bytes @ 0x0x722147a830)
12-13 16:33:07.810  2774  6472 D GPQTEEC : [QTEEC.cpp:54 dumpHex] 01 00 00 00 03 70 00 00 00 00 00 00 09 00 00 00 
12-13 16:33:07.810  2774  6472 D GPQTEEC : [QTEEC.cpp:54 dumpHex] 00 00 00 00 00 00 00 00 00 00 00 00 00 00 00 00 
12-13 16:33:07.810  2774  6472 D GPQTEEC : [QTEEC.cpp:54 dumpHex] 00 00 00 00 00 00 00 00 00 00 00 00 00 00 00 00 
12-13 16:33:07.810  2774  6472 D GPQTEEC : [QTEEC.cpp:54 dumpHex] 00 00 00 00 00 00 00 00 00 00 00 00 00 00 00 00 
12-13 16:33:07.810  2774  6472 D GPQTEEC : [QTEEC.cpp:54 dumpHex] 00 00 00 00 00 00 00 00 00 00 00 00 00 00 00 00 
12-13 16:33:07.810  2774  6472 D GPQTEEC : [QTEEC.cpp:54 dumpHex] 70 A7 47 21 72 00 00 00 4C 00 00 00 00 00 00 00 
12-13 16:33:07.810  2774  6472 D GPQTEEC : [QTEEC.cpp:54 dumpHex] 00 00 00 00 00 00 00 00 00 00 00 00 00 00 00 00 
12-13 16:33:07.810  2774  6472 D GPQTEEC : [QTEEC.cpp:425 __ConvertTempMemToRegisteredMem] Saved op tmpref.buffer = 0x722147a770, Op memref.parent->buffer = 0x722147a770 (76 bytes)
12-13 16:33:07.810  2774  6472 D GPQTEEC : [QTEEC.cpp:111 __SharedMem_Alloc] mmap(0x74d2564000, 76)
12-13 16:33:07.810  2774  6472 D GPQTEEC : [QTEEC.cpp:230 TEEC_QTEE_RegisterSharedMemory] qsmem buffer allocated @ 0x74d2564000 76 bytes, registered buffer @ 0x722147a770
12-13 16:33:07.810  2774  6472 D GPQTEEC : [QTEEC.cpp:444 __ConvertTempMemToRegisteredMem] Temp op buffer set @ 0x722147a770
12-13 16:33:07.810  2774  6472 D GPQTEEC : [QTEEC.cpp:1182 TEEC_QTEE_InvokeCommand] Operation is not NULL
12-13 16:33:07.810  2774  6472 D GPQTEEC : [QTEEC.cpp:47 dumpHex] param[] (16 bytes @ 0x0x722147a6ac)
12-13 16:33:07.810  2774  6472 D GPQTEEC : [QTEEC.cpp:54 dumpHex] 00 00 00 00 09 00 00 00 00 00 00 00 00 00 00 00 
12-13 16:33:07.810  2774  6472 D GPQTEEC : [QTEEC.cpp:47 dumpHex] param[] (16 bytes @ 0x0x722147a6bc)
12-13 16:33:07.810  2774  6472 D GPQTEEC : [QTEEC.cpp:54 dumpHex] 00 00 00 00 00 00 00 00 00 00 00 00 00 00 00 00 
12-13 16:33:07.810  2774  6472 D GPQTEEC : [QTEEC.cpp:47 dumpHex] param[] (16 bytes @ 0x0x722147a6cc)
12-13 16:33:07.810  2774  6472 D GPQTEEC : [QTEEC.cpp:54 dumpHex] 00 00 00 00 00 00 00 00 00 00 00 00 00 00 00 00 
12-13 16:33:07.810  2774  6472 D GPQTEEC : [QTEEC.cpp:514 __convertParamsIn] param[3] size=76, offset=0
12-13 16:33:07.810  2774  6472 D GPQTEEC : [QTEEC.cpp:524 __convertParamsIn] Real backed buffer (76 bytes)
12-13 16:33:07.810  2774  6472 D GPQTEEC : [QTEEC.cpp:529 __convertParamsIn] Copy into qsmem->ashmem_buffer @ 0x74d2564000 (76 bytes)
12-13 16:33:07.811  2774  6472 D GPQTEEC : [QTEEC.cpp:47 dumpHex] param[] (16 bytes @ 0x0x722147a6dc)
12-13 16:33:07.811  2774  6472 D GPQTEEC : [QTEEC.cpp:54 dumpHex] FF FF FF FF 00 00 00 00 4C 00 00 00 00 00 00 00 
12-13 16:33:07.811  2774  6472 D GPQTEEC : [QTEEC.cpp:1193 TEEC_QTEE_InvokeCommand] operation->paramTypes = 0x0000F003, req->param_types = 0x00007003
12-13 16:33:07.811  1250  1265 I DMABUFHEAPS: Using DMA-BUF heap named: qcom,qseecom-ta
12-13 16:33:07.814  1250  1265 D vendor.qti.hardware.qteeconnector@1.0-gp: prepareMemoryObjs param[3].memref.size=76, .memref.offset=0, memSize=76
12-13 16:33:07.815  2286  2286 I VariableRefreshRateHandler: calculateSoftwareFreqCurrentSkipCount: rate: 60, boost: 0, reportFps: 60, instantSkipCount: 0, nonboostSkipCount: 0, currentSkipCount: 0
12-13 16:33:07.829  1250  2598 E SmcInvoke_MinkDescriptor: mem obj with id :19 not found in list
12-13 16:33:07.830  2774  6472 D GPQTEEC : [QTEEC.cpp:592 __convertParamsOut] paramTypes[0]=3
12-13 16:33:07.830  2774  6472 D GPQTEEC : [QTEEC.cpp:594 __convertParamsOut] Type is output
12-13 16:33:07.830  2774  6472 D GPQTEEC : [QTEEC.cpp:592 __convertParamsOut] paramTypes[1]=0
12-13 16:33:07.830  2774  6472 D GPQTEEC : [QTEEC.cpp:592 __convertParamsOut] paramTypes[2]=0
12-13 16:33:07.830  2774  6472 D GPQTEEC : [QTEEC.cpp:592 __convertParamsOut] paramTypes[3]=f
12-13 16:33:07.830  2774  6472 D GPQTEEC : [QTEEC.cpp:594 __convertParamsOut] Type is output
12-13 16:33:07.830  2774  6472 D GPQTEEC : [QTEEC.cpp:605 __convertParamsOut] SizeIn/SizeOut = 76/76
12-13 16:33:07.830  2774  6472 D GPQTEEC : [QTEEC.cpp:621 __convertParamsOut] Copy back from qsmem->ion_sbuf @ 0x74d2564000 (76 bytes)
12-13 16:33:07.830  2774  6472 D GPQTEEC : [QTEEC.cpp:470 __RevertRegisteredMemToTempMem] Saved op buffer @ 0x722147a770, Temp op @ 0x722147a770
12-13 16:33:07.830  2774  6472 D GPQTEEC : [QTEEC.cpp:382 TEEC_QTEE_ReleaseSharedMemory] Releasing qsmem buffer @ 0x74d2564000
12-13 16:33:07.830  2774  6472 D GPQTEEC : [QTEEC.cpp:131 __SharedMem_Free] munmap(0x74d2564000, 76)
12-13 16:33:07.830  2774  6472 D GPQTEEC : [QTEEC.cpp:479 __RevertRegisteredMemToTempMem] Returned op->params[i].tmpref.size 76
12-13 16:33:07.830  2774  6472 D GPQTEEC : [QTEEC.cpp:481 __RevertRegisteredMemToTempMem] Restored op buffer @ 0x722147a770
12-13 16:33:07.830  2774  6472 D GPQTEEC : [QTEEC.cpp:47 dumpHex] Operation OUT (112 bytes @ 0x0x722147a830)
12-13 16:33:07.830  2774  6472 D GPQTEEC : [QTEEC.cpp:54 dumpHex] 01 00 00 00 03 70 00 00 00 00 00 00 02 60 FF FF 
12-13 16:33:07.830  2774  6472 D GPQTEEC : [QTEEC.cpp:54 dumpHex] 00 00 00 00 00 00 00 00 00 00 00 00 00 00 00 00 
12-13 16:33:07.830  2774  6472 D GPQTEEC : [QTEEC.cpp:54 dumpHex] 00 00 00 00 00 00 00 00 00 00 00 00 00 00 00 00 
12-13 16:33:07.830  2774  6472 D GPQTEEC : [QTEEC.cpp:54 dumpHex] 00 00 00 00 00 00 00 00 00 00 00 00 00 00 00 00 
12-13 16:33:07.830  2774  6472 D GPQTEEC : [QTEEC.cpp:54 dumpHex] 00 00 00 00 00 00 00 00 00 00 00 00 00 00 00 00 
12-13 16:33:07.830  2774  6472 D GPQTEEC : [QTEEC.cpp:54 dumpHex] 70 A7 47 21 72 00 00 00 4C 00 00 00 00 00 00 00 
12-13 16:33:07.830  2774  6472 D GPQTEEC : [QTEEC.cpp:54 dumpHex] 00 00 00 00 00 00 00 00 A0 DD B4 67 73 00 00 B4 
12-13 16:33:07.830  2774  6472 D fpc_tac : HAL Invokecommand = 8 out, result = 0, retry_times = 1
12-13 16:33:07.830  2774  6472 E fpc_tac : fpc_tac_end_identify fpc_tac_send_cmd failed with ret_val: -40958
12-13 16:33:07.830  2774  6472 E fpc_fingerprint_hal: fp_end_identify failed -4
12-13 16:33:07.830  2774  6472 I fpc_fingerprint_hal: fp_end_identify operation CANCELED
12-13 16:33:07.830  2774  6472 I fpc_fingerprint_hal: do_identify took 1788 ms, total:4177 wait:2389
12-13 16:33:07.830  2774  6472 D fpc_tac : HAL Invokecommand = 65
12-13 16:33:07.830  2774  6472 D GPQTEEC : [QTEEC.cpp:47 dumpHex] Operation IN (112 bytes @ 0x0x722147aa50)
12-13 16:33:07.830  2774  6472 D GPQTEEC : [QTEEC.cpp:54 dumpHex] 01 00 00 00 03 70 00 00 01 00 00 00 09 00 00 00 
12-13 16:33:07.830  2774  6472 D GPQTEEC : [QTEEC.cpp:54 dumpHex] 00 00 00 00 00 00 00 00 00 00 00 00 00 00 00 00 
12-13 16:33:07.830  2774  6472 D GPQTEEC : [QTEEC.cpp:54 dumpHex] 00 00 00 00 00 00 00 00 00 00 00 00 00 00 00 00 
12-13 16:33:07.830  2774  6472 D GPQTEEC : [QTEEC.cpp:54 dumpHex] 00 00 00 00 00 00 00 00 00 00 00 00 00 00 00 00 
12-13 16:33:07.830  2774  6472 D GPQTEEC : [QTEEC.cpp:54 dumpHex] 00 00 00 00 00 00 00 00 00 00 00 00 00 00 00 00 
12-13 16:33:07.830  2774  6472 D GPQTEEC : [QTEEC.cpp:54 dumpHex] 90 A9 47 21 72 00 00 00 4C 00 00 00 00 00 00 00 
12-13 16:33:07.830  2774  6472 D GPQTEEC : [QTEEC.cpp:54 dumpHex] 00 00 00 00 00 00 00 00 00 00 00 00 00 00 00 00 
12-13 16:33:07.830  2774  6472 D GPQTEEC : [QTEEC.cpp:425 __ConvertTempMemToRegisteredMem] Saved op tmpref.buffer = 0x722147a990, Op memref.parent->buffer = 0x722147a990 (76 bytes)
12-13 16:33:07.830  2774  6472 D GPQTEEC : [QTEEC.cpp:111 __SharedMem_Alloc] mmap(0x74d2564000, 76)
12-13 16:33:07.830  2774  6472 D GPQTEEC : [QTEEC.cpp:230 TEEC_QTEE_RegisterSharedMemory] qsmem buffer allocated @ 0x74d2564000 76 bytes, registered buffer @ 0x722147a990
12-13 16:33:07.830  2774  6472 D GPQTEEC : [QTEEC.cpp:444 __ConvertTempMemToRegisteredMem] Temp op buffer set @ 0x722147a990
12-13 16:33:07.830  2774  6472 D GPQTEEC : [QTEEC.cpp:1182 TEEC_QTEE_InvokeCommand] Operation is not NULL
12-13 16:33:07.830  2774  6472 D GPQTEEC : [QTEEC.cpp:47 dumpHex] param[] (16 bytes @ 0x0x722147a8cc)
12-13 16:33:07.830  2774  6472 D GPQTEEC : [QTEEC.cpp:54 dumpHex] 01 00 00 00 09 00 00 00 00 00 00 00 00 00 00 00 
12-13 16:33:07.830  2774  6472 D GPQTEEC : [QTEEC.cpp:47 dumpHex] param[] (16 bytes @ 0x0x722147a8dc)
12-13 16:33:07.830  2774  6472 D GPQTEEC : [QTEEC.cpp:54 dumpHex] 00 00 00 00 00 00 00 00 00 00 00 00 00 00 00 00 
12-13 16:33:07.830  2774  6472 D GPQTEEC : [QTEEC.cpp:47 dumpHex] param[] (16 bytes @ 0x0x722147a8ec)
12-13 16:33:07.830  2774  6472 D GPQTEEC : [QTEEC.cpp:54 dumpHex] 00 00 00 00 00 00 00 00 00 00 00 00 00 00 00 00 
12-13 16:33:07.830  2774  6472 D GPQTEEC : [QTEEC.cpp:514 __convertParamsIn] param[3] size=76, offset=0
12-13 16:33:07.830  2774  6472 D GPQTEEC : [QTEEC.cpp:524 __convertParamsIn] Real backed buffer (76 bytes)
12-13 16:33:07.830  2774  6472 D GPQTEEC : [QTEEC.cpp:529 __convertParamsIn] Copy into qsmem->ashmem_buffer @ 0x74d2564000 (76 bytes)
12-13 16:33:07.830  2774  6472 D GPQTEEC : [QTEEC.cpp:47 dumpHex] param[] (16 bytes @ 0x0x722147a8fc)
12-13 16:33:07.830  2774  6472 D GPQTEEC : [QTEEC.cpp:54 dumpHex] FF FF FF FF 00 00 00 00 4C 00 00 00 00 00 00 00 
12-13 16:33:07.830  2774  6472 D GPQTEEC : [QTEEC.cpp:1193 TEEC_QTEE_InvokeCommand] operation->paramTypes = 0x0000F003, req->param_types = 0x00007003
12-13 16:33:07.830  1250  1250 I DMABUFHEAPS: Using DMA-BUF heap named: qcom,qseecom-ta
12-13 16:33:07.831  1250  1250 D vendor.qti.hardware.qteeconnector@1.0-gp: prepareMemoryObjs param[3].memref.size=76, .memref.offset=0, memSize=76
12-13 16:33:07.835   968   968 D lowmemorykiller: critical pressure event polling check
12-13 16:33:07.836   968   968 D lowmemorykiller: thrashing: 0% thrashing_limit: 60%
12-13 16:33:07.836   968   968 D lowmemorykiller: Not killing for critical pressure event polling check
12-13 16:33:07.854  1250  2601 E SmcInvoke_MinkDescriptor: mem obj with id :19 not found in list
12-13 16:33:07.854  2774  6472 D GPQTEEC : [QTEEC.cpp:592 __convertParamsOut] paramTypes[0]=3
12-13 16:33:07.854  2774  6472 D GPQTEEC : [QTEEC.cpp:594 __convertParamsOut] Type is output
12-13 16:33:07.854  2774  6472 D GPQTEEC : [QTEEC.cpp:592 __convertParamsOut] paramTypes[1]=0
12-13 16:33:07.854  2774  6472 D GPQTEEC : [QTEEC.cpp:592 __convertParamsOut] paramTypes[2]=0
12-13 16:33:07.854  2774  6472 D GPQTEEC : [QTEEC.cpp:592 __convertParamsOut] paramTypes[3]=f
12-13 16:33:07.854  2774  6472 D GPQTEEC : [QTEEC.cpp:594 __convertParamsOut] Type is output
12-13 16:33:07.854  2774  6472 D GPQTEEC : [QTEEC.cpp:605 __convertParamsOut] SizeIn/SizeOut = 76/76
12-13 16:33:07.854  2774  6472 D GPQTEEC : [QTEEC.cpp:621 __convertParamsOut] Copy back from qsmem->ion_sbuf @ 0x74d2564000 (76 bytes)
12-13 16:33:07.854  2774  6472 D GPQTEEC : [QTEEC.cpp:470 __RevertRegisteredMemToTempMem] Saved op buffer @ 0x722147a990, Temp op @ 0x722147a990
12-13 16:33:07.854  2774  6472 D GPQTEEC : [QTEEC.cpp:382 TEEC_QTEE_ReleaseSharedMemory] Releasing qsmem buffer @ 0x74d2564000
12-13 16:33:07.854  2774  6472 D GPQTEEC : [QTEEC.cpp:131 __SharedMem_Free] munmap(0x74d2564000, 76)
12-13 16:33:07.855  2774  6472 D GPQTEEC : [QTEEC.cpp:479 __RevertRegisteredMemToTempMem] Returned op->params[i].tmpref.size 76
12-13 16:33:07.855  2774  6472 D GPQTEEC : [QTEEC.cpp:481 __RevertRegisteredMemToTempMem] Restored op buffer @ 0x722147a990
12-13 16:33:07.855  2774  6472 D GPQTEEC : [QTEEC.cpp:47 dumpHex] Operation OUT (112 bytes @ 0x0x722147aa50)
12-13 16:33:07.855  2774  6472 D GPQTEEC : [QTEEC.cpp:54 dumpHex] 01 00 00 00 03 70 00 00 01 00 00 00 00 00 00 00 
12-13 16:33:07.855  2774  6472 D GPQTEEC : [QTEEC.cpp:54 dumpHex] 00 00 00 00 00 00 00 00 00 00 00 00 00 00 00 00 
12-13 16:33:07.855  2774  6472 D GPQTEEC : [QTEEC.cpp:54 dumpHex] 00 00 00 00 00 00 00 00 00 00 00 00 00 00 00 00 
12-13 16:33:07.855  2774  6472 D GPQTEEC : [QTEEC.cpp:54 dumpHex] 00 00 00 00 00 00 00 00 00 00 00 00 00 00 00 00 
12-13 16:33:07.855  2774  6472 D GPQTEEC : [QTEEC.cpp:54 dumpHex] 00 00 00 00 00 00 00 00 00 00 00 00 00 00 00 00 
12-13 16:33:07.855  2774  6472 D GPQTEEC : [QTEEC.cpp:54 dumpHex] 90 A9 47 21 72 00 00 00 4C 00 00 00 00 00 00 00 
12-13 16:33:07.855  2774  6472 D GPQTEEC : [QTEEC.cpp:54 dumpHex] 00 00 00 00 00 00 00 00 A0 DD B4 67 73 00 00 B4 
12-13 16:33:07.855  2774  6472 D fpc_tac : HAL Invokecommand = 65 out, result = 0, retry_times = 1
12-13 16:33:07.855  2774  6472 D fpc_tac : HAL Invokecommand = 50
12-13 16:33:07.855  2774  6472 D GPQTEEC : [QTEEC.cpp:47 dumpHex] Operation IN (112 bytes @ 0x0x722147aa30)
12-13 16:33:07.855  2774  6472 D GPQTEEC : [QTEEC.cpp:54 dumpHex] 01 00 00 00 03 70 00 00 00 00 00 00 09 00 00 00 
12-13 16:33:07.855  2774  6472 D GPQTEEC : [QTEEC.cpp:54 dumpHex] 00 00 00 00 00 00 00 00 00 00 00 00 00 00 00 00 
12-13 16:33:07.855  2774  6472 D GPQTEEC : [QTEEC.cpp:54 dumpHex] 00 00 00 00 00 00 00 00 00 00 00 00 00 00 00 00 
12-13 16:33:07.855  2774  6472 D GPQTEEC : [QTEEC.cpp:54 dumpHex] 00 00 00 00 00 00 00 00 00 00 00 00 00 00 00 00 
12-13 16:33:07.855  2774  6472 D GPQTEEC : [QTEEC.cpp:54 dumpHex] 00 00 00 00 00 00 00 00 00 00 00 00 00 00 00 00 
12-13 16:33:07.855  2774  6472 D GPQTEEC : [QTEEC.cpp:54 dumpHex] 70 A9 47 21 72 00 00 00 4C 00 00 00 00 00 00 00 
12-13 16:33:07.855  2774  6472 D GPQTEEC : [QTEEC.cpp:54 dumpHex] 00 00 00 00 00 00 00 00 00 00 00 00 00 00 00 00 
12-13 16:33:07.855  2774  6472 D GPQTEEC : [QTEEC.cpp:425 __ConvertTempMemToRegisteredMem] Saved op tmpref.buffer = 0x722147a970, Op memref.parent->buffer = 0x722147a970 (76 bytes)
12-13 16:33:07.855  2774  6472 D GPQTEEC : [QTEEC.cpp:111 __SharedMem_Alloc] mmap(0x74d2564000, 76)
12-13 16:33:07.855  2774  6472 D GPQTEEC : [QTEEC.cpp:230 TEEC_QTEE_RegisterSharedMemory] qsmem buffer allocated @ 0x74d2564000 76 bytes, registered buffer @ 0x722147a970
12-13 16:33:07.855  2774  6472 D GPQTEEC : [QTEEC.cpp:444 __ConvertTempMemToRegisteredMem] Temp op buffer set @ 0x722147a970
12-13 16:33:07.855  2774  6472 D GPQTEEC : [QTEEC.cpp:1182 TEEC_QTEE_InvokeCommand] Operation is not NULL
12-13 16:33:07.855  2774  6472 D GPQTEEC : [QTEEC.cpp:47 dumpHex] param[] (16 bytes @ 0x0x722147a8ac)
12-13 16:33:07.855  2774  6472 D GPQTEEC : [QTEEC.cpp:54 dumpHex] 00 00 00 00 09 00 00 00 00 00 00 00 00 00 00 00 
12-13 16:33:07.855  2774  6472 D GPQTEEC : [QTEEC.cpp:47 dumpHex] param[] (16 bytes @ 0x0x722147a8bc)
12-13 16:33:07.855  2774  6472 D GPQTEEC : [QTEEC.cpp:54 dumpHex] 00 00 00 00 00 00 00 00 00 00 00 00 00 00 00 00 
12-13 16:33:07.855  2774  6472 D GPQTEEC : [QTEEC.cpp:47 dumpHex] param[] (16 bytes @ 0x0x722147a8cc)
12-13 16:33:07.855  2774  6472 D GPQTEEC : [QTEEC.cpp:54 dumpHex] 00 00 00 00 00 00 00 00 00 00 00 00 00 00 00 00 
12-13 16:33:07.855  2774  6472 D GPQTEEC : [QTEEC.cpp:514 __convertParamsIn] param[3] size=76, offset=0
12-13 16:33:07.855  2774  6472 D GPQTEEC : [QTEEC.cpp:524 __convertParamsIn] Real backed buffer (76 bytes)
12-13 16:33:07.855  2774  6472 D GPQTEEC : [QTEEC.cpp:529 __convertParamsIn] Copy into qsmem->ashmem_buffer @ 0x74d2564000 (76 bytes)
12-13 16:33:07.855  2774  6472 D GPQTEEC : [QTEEC.cpp:47 dumpHex] param[] (16 bytes @ 0x0x722147a8dc)
12-13 16:33:07.855  2774  6472 D GPQTEEC : [QTEEC.cpp:54 dumpHex] FF FF FF FF 00 00 00 00 4C 00 00 00 00 00 00 00 
12-13 16:33:07.855  2774  6472 D GPQTEEC : [QTEEC.cpp:1193 TEEC_QTEE_InvokeCommand] operation->paramTypes = 0x0000F003, req->param_types = 0x00007003
12-13 16:33:07.855  1250  1250 I DMABUFHEAPS: Using DMA-BUF heap named: qcom,qseecom-ta
12-13 16:33:07.857  6856  8117 I Nc_NfcDftManager: enter handleNfcParam, id = 39
12-13 16:33:07.857  6856  8117 I Nc_NfcDftManager: statistic event:39
12-13 16:33:07.858  6856  7132 I Nc_NfcDftManager: upload statistic to preference:39
12-13 16:33:07.858  6856  7132 E Nc_NfcDftManager: reportToDftCnt: unknown id:39
12-13 16:33:07.861  1250  1250 D vendor.qti.hardware.qteeconnector@1.0-gp: prepareMemoryObjs param[3].memref.size=76, .memref.offset=0, memSize=76
12-13 16:33:07.874  1250  2598 E SmcInvoke_MinkDescriptor: mem obj with id :19 not found in list
12-13 16:33:07.875  2774  6472 D GPQTEEC : [QTEEC.cpp:592 __convertParamsOut] paramTypes[0]=3
12-13 16:33:07.875  2774  6472 D GPQTEEC : [QTEEC.cpp:594 __convertParamsOut] Type is output
12-13 16:33:07.875  2774  6472 D GPQTEEC : [QTEEC.cpp:592 __convertParamsOut] paramTypes[1]=0
12-13 16:33:07.875  2774  6472 D GPQTEEC : [QTEEC.cpp:592 __convertParamsOut] paramTypes[2]=0
12-13 16:33:07.875  2774  6472 D GPQTEEC : [QTEEC.cpp:592 __convertParamsOut] paramTypes[3]=f
12-13 16:33:07.875  2774  6472 D GPQTEEC : [QTEEC.cpp:594 __convertParamsOut] Type is output
12-13 16:33:07.875  2774  6472 D GPQTEEC : [QTEEC.cpp:605 __convertParamsOut] SizeIn/SizeOut = 76/76
12-13 16:33:07.875  2774  6472 D GPQTEEC : [QTEEC.cpp:621 __convertParamsOut] Copy back from qsmem->ion_sbuf @ 0x74d2564000 (76 bytes)
12-13 16:33:07.875  2774  6472 D GPQTEEC : [QTEEC.cpp:470 __RevertRegisteredMemToTempMem] Saved op buffer @ 0x722147a970, Temp op @ 0x722147a970
12-13 16:33:07.875  2774  6472 D GPQTEEC : [QTEEC.cpp:382 TEEC_QTEE_ReleaseSharedMemory] Releasing qsmem buffer @ 0x74d2564000
12-13 16:33:07.875  2774  6472 D GPQTEEC : [QTEEC.cpp:131 __SharedMem_Free] munmap(0x74d2564000, 76)
12-13 16:33:07.875  2774  6472 D GPQTEEC : [QTEEC.cpp:479 __RevertRegisteredMemToTempMem] Returned op->params[i].tmpref.size 76
12-13 16:33:07.875  2774  6472 D GPQTEEC : [QTEEC.cpp:481 __RevertRegisteredMemToTempMem] Restored op buffer @ 0x722147a970
12-13 16:33:07.875  2774  6472 D GPQTEEC : [QTEEC.cpp:47 dumpHex] Operation OUT (112 bytes @ 0x0x722147aa30)
12-13 16:33:07.875  2774  6472 D GPQTEEC : [QTEEC.cpp:54 dumpHex] 01 00 00 00 03 70 00 00 00 00 00 00 00 00 00 00 
12-13 16:33:07.875  2774  6472 D GPQTEEC : [QTEEC.cpp:54 dumpHex] 00 00 00 00 00 00 00 00 00 00 00 00 00 00 00 00 
12-13 16:33:07.875  2774  6472 D GPQTEEC : [QTEEC.cpp:54 dumpHex] 00 00 00 00 00 00 00 00 00 00 00 00 00 00 00 00 
12-13 16:33:07.875  2774  6472 D GPQTEEC : [QTEEC.cpp:54 dumpHex] 00 00 00 00 00 00 00 00 00 00 00 00 00 00 00 00 
12-13 16:33:07.875  2774  6472 D GPQTEEC : [QTEEC.cpp:54 dumpHex] 00 00 00 00 00 00 00 00 00 00 00 00 00 00 00 00 
12-13 16:33:07.875  2774  6472 D GPQTEEC : [QTEEC.cpp:54 dumpHex] 70 A9 47 21 72 00 00 00 4C 00 00 00 00 00 00 00 
12-13 16:33:07.875  2774  6472 D GPQTEEC : [QTEEC.cpp:54 dumpHex] 00 00 00 00 00 00 00 00 A0 DD B4 67 73 00 00 B4 
12-13 16:33:07.875  2774  6472 D fpc_tac : HAL Invokecommand = 50 out, result = 0, retry_times = 1
12-13 16:33:07.875  2774  6472 D fpc_tac : HAL Invokecommand = 72
12-13 16:33:07.875  2774  6472 D GPQTEEC : [QTEEC.cpp:47 dumpHex] Operation IN (112 bytes @ 0x0x722147aa20)
12-13 16:33:07.875  2774  6472 D GPQTEEC : [QTEEC.cpp:54 dumpHex] 01 00 00 00 73 70 00 00 00 00 00 00 09 00 00 00 
12-13 16:33:07.875  2774  6472 D GPQTEEC : [QTEEC.cpp:54 dumpHex] 00 00 00 00 00 00 00 00 00 00 00 00 00 00 00 00 
12-13 16:33:07.875  2774  6472 D GPQTEEC : [QTEEC.cpp:54 dumpHex] 08 AB 47 21 72 00 00 00 10 00 00 00 00 00 00 00 
12-13 16:33:07.875  2774  6472 D GPQTEEC : [QTEEC.cpp:54 dumpHex] 00 00 00 00 00 00 00 00 00 00 00 00 00 00 00 00 
12-13 16:33:07.875  2774  6472 D GPQTEEC : [QTEEC.cpp:54 dumpHex] 00 00 00 00 00 00 00 00 00 00 00 00 00 00 00 00 
12-13 16:33:07.875  2774  6472 D GPQTEEC : [QTEEC.cpp:54 dumpHex] 60 A9 47 21 72 00 00 00 4C 00 00 00 00 00 00 00 
12-13 16:33:07.875  2774  6472 D GPQTEEC : [QTEEC.cpp:54 dumpHex] 00 00 00 00 00 00 00 00 00 00 00 00 00 00 00 00 
12-13 16:33:07.875  2774  6472 D GPQTEEC : [QTEEC.cpp:425 __ConvertTempMemToRegisteredMem] Saved op tmpref.buffer = 0x722147ab08, Op memref.parent->buffer = 0x722147ab08 (16 bytes)
12-13 16:33:07.875  2774  6472 D GPQTEEC : [QTEEC.cpp:111 __SharedMem_Alloc] mmap(0x74d2564000, 16)
12-13 16:33:07.875  2774  6472 D GPQTEEC : [QTEEC.cpp:230 TEEC_QTEE_RegisterSharedMemory] qsmem buffer allocated @ 0x74d2564000 16 bytes, registered buffer @ 0x722147ab08
12-13 16:33:07.875  2774  6472 D GPQTEEC : [QTEEC.cpp:444 __ConvertTempMemToRegisteredMem] Temp op buffer set @ 0x722147ab08
12-13 16:33:07.875  2774  6472 D GPQTEEC : [QTEEC.cpp:425 __ConvertTempMemToRegisteredMem] Saved op tmpref.buffer = 0x722147a960, Op memref.parent->buffer = 0x722147a960 (76 bytes)
12-13 16:33:07.875  2774  6472 D GPQTEEC : [QTEEC.cpp:111 __SharedMem_Alloc] mmap(0x74d2563000, 76)
12-13 16:33:07.875  2774  6472 D GPQTEEC : [QTEEC.cpp:230 TEEC_QTEE_RegisterSharedMemory] qsmem buffer allocated @ 0x74d2563000 76 bytes, registered buffer @ 0x722147a960
12-13 16:33:07.875  2774  6472 D GPQTEEC : [QTEEC.cpp:444 __ConvertTempMemToRegisteredMem] Temp op buffer set @ 0x722147a960
12-13 16:33:07.875  2774  6472 D GPQTEEC : [QTEEC.cpp:1182 TEEC_QTEE_InvokeCommand] Operation is not NULL
12-13 16:33:07.875  2774  6472 D GPQTEEC : [QTEEC.cpp:47 dumpHex] param[] (16 bytes @ 0x0x722147a89c)
12-13 16:33:07.875  2774  6472 D GPQTEEC : [QTEEC.cpp:54 dumpHex] 00 00 00 00 09 00 00 00 00 00 00 00 00 00 00 00 
12-13 16:33:07.875  2774  6472 D GPQTEEC : [QTEEC.cpp:514 __convertParamsIn] param[1] size=16, offset=0
12-13 16:33:07.875  2774  6472 D GPQTEEC : [QTEEC.cpp:524 __convertParamsIn] Real backed buffer (16 bytes)
12-13 16:33:07.875  2774  6472 D GPQTEEC : [QTEEC.cpp:529 __convertParamsIn] Copy into qsmem->ashmem_buffer @ 0x74d2564000 (16 bytes)
12-13 16:33:07.875  2774  6472 D GPQTEEC : [QTEEC.cpp:47 dumpHex] param[] (16 bytes @ 0x0x722147a8ac)
12-13 16:33:07.875  2774  6472 D GPQTEEC : [QTEEC.cpp:54 dumpHex] FF FF FF FF 00 00 00 00 10 00 00 00 00 00 00 00 
12-13 16:33:07.875  2774  6472 D GPQTEEC : [QTEEC.cpp:47 dumpHex] param[] (16 bytes @ 0x0x722147a8bc)
12-13 16:33:07.875  2774  6472 D GPQTEEC : [QTEEC.cpp:54 dumpHex] 00 00 00 00 00 00 00 00 00 00 00 00 00 00 00 00 
12-13 16:33:07.875  2774  6472 D GPQTEEC : [QTEEC.cpp:514 __convertParamsIn] param[3] size=76, offset=0
12-13 16:33:07.875  2774  6472 D GPQTEEC : [QTEEC.cpp:524 __convertParamsIn] Real backed buffer (76 bytes)
12-13 16:33:07.875  2774  6472 D GPQTEEC : [QTEEC.cpp:529 __convertParamsIn] Copy into qsmem->ashmem_buffer @ 0x74d2563000 (76 bytes)
12-13 16:33:07.875  2774  6472 D GPQTEEC : [QTEEC.cpp:47 dumpHex] param[] (16 bytes @ 0x0x722147a8cc)
12-13 16:33:07.875  2774  6472 D GPQTEEC : [QTEEC.cpp:54 dumpHex] FF FF FF FF 00 00 00 00 4C 00 00 00 00 00 00 00 
12-13 16:33:07.875  2774  6472 D GPQTEEC : [QTEEC.cpp:1193 TEEC_QTEE_InvokeCommand] operation->paramTypes = 0x0000F0F3, req->param_types = 0x00007073
12-13 16:33:07.875  1250  1250 I DMABUFHEAPS: Using DMA-BUF heap named: qcom,qseecom-ta
12-13 16:33:07.876  1250  1250 D vendor.qti.hardware.qteeconnector@1.0-gp: prepareMemoryObjs param[1].memref.size=16, .memref.offset=0, memSize=16
12-13 16:33:07.876  1250  1250 I DMABUFHEAPS: Using DMA-BUF heap named: qcom,qseecom-ta
12-13 16:33:07.876  1250  1250 D vendor.qti.hardware.qteeconnector@1.0-gp: prepareMemoryObjs param[3].memref.size=76, .memref.offset=0, memSize=76
12-13 16:33:07.882  6493  6493 I HWUI    : RenderProxy::trimMemory!
12-13 16:33:07.883  6493  6685 D skia    : purge small: dur=0.1ms, request=285249, total=0, limit=8388608, totalcnt=0, limitcnt=2048, tryfree=285249, tryfreecnt=0, freed=285249, freedcnt=32
12-13 16:33:07.892  1250  2598 E SmcInvoke_MinkDescriptor: mem obj with id :22 not found in list
12-13 16:33:07.892  1250  2598 E SmcInvoke_MinkDescriptor: mem obj with id :24 not found in list
12-13 16:33:07.892  2774  6472 D GPQTEEC : [QTEEC.cpp:592 __convertParamsOut] paramTypes[0]=3
12-13 16:33:07.892  2774  6472 D GPQTEEC : [QTEEC.cpp:594 __convertParamsOut] Type is output
12-13 16:33:07.892  2774  6472 D GPQTEEC : [QTEEC.cpp:592 __convertParamsOut] paramTypes[1]=f
12-13 16:33:07.892  2774  6472 D GPQTEEC : [QTEEC.cpp:594 __convertParamsOut] Type is output
12-13 16:33:07.892  2774  6472 D GPQTEEC : [QTEEC.cpp:605 __convertParamsOut] SizeIn/SizeOut = 16/16
12-13 16:33:07.892  2774  6472 D GPQTEEC : [QTEEC.cpp:621 __convertParamsOut] Copy back from qsmem->ion_sbuf @ 0x74d2564000 (16 bytes)
12-13 16:33:07.892  2774  6472 D GPQTEEC : [QTEEC.cpp:592 __convertParamsOut] paramTypes[2]=0
12-13 16:33:07.892  2774  6472 D GPQTEEC : [QTEEC.cpp:592 __convertParamsOut] paramTypes[3]=f
12-13 16:33:07.892  2774  6472 D GPQTEEC : [QTEEC.cpp:594 __convertParamsOut] Type is output
12-13 16:33:07.892  2774  6472 D GPQTEEC : [QTEEC.cpp:605 __convertParamsOut] SizeIn/SizeOut = 76/76
12-13 16:33:07.892  2774  6472 D GPQTEEC : [QTEEC.cpp:621 __convertParamsOut] Copy back from qsmem->ion_sbuf @ 0x74d2563000 (76 bytes)
12-13 16:33:07.892  2774  6472 D GPQTEEC : [QTEEC.cpp:470 __RevertRegisteredMemToTempMem] Saved op buffer @ 0x722147ab08, Temp op @ 0x722147ab08
12-13 16:33:07.892  2774  6472 D GPQTEEC : [QTEEC.cpp:382 TEEC_QTEE_ReleaseSharedMemory] Releasing qsmem buffer @ 0x74d2564000
12-13 16:33:07.892  2774  6472 D GPQTEEC : [QTEEC.cpp:131 __SharedMem_Free] munmap(0x74d2564000, 16)
12-13 16:33:07.893  2774  6472 D GPQTEEC : [QTEEC.cpp:479 __RevertRegisteredMemToTempMem] Returned op->params[i].tmpref.size 16
12-13 16:33:07.893  2774  6472 D GPQTEEC : [QTEEC.cpp:481 __RevertRegisteredMemToTempMem] Restored op buffer @ 0x722147ab08
12-13 16:33:07.893  2774  6472 D GPQTEEC : [QTEEC.cpp:470 __RevertRegisteredMemToTempMem] Saved op buffer @ 0x722147a960, Temp op @ 0x722147a960
12-13 16:33:07.893  2774  6472 D GPQTEEC : [QTEEC.cpp:382 TEEC_QTEE_ReleaseSharedMemory] Releasing qsmem buffer @ 0x74d2563000
12-13 16:33:07.893  2774  6472 D GPQTEEC : [QTEEC.cpp:131 __SharedMem_Free] munmap(0x74d2563000, 76)
12-13 16:33:07.893  2774  6472 D GPQTEEC : [QTEEC.cpp:479 __RevertRegisteredMemToTempMem] Returned op->params[i].tmpref.size 76
12-13 16:33:07.893  2774  6472 D GPQTEEC : [QTEEC.cpp:481 __RevertRegisteredMemToTempMem] Restored op buffer @ 0x722147a960
12-13 16:33:07.893  2774  6472 D GPQTEEC : [QTEEC.cpp:47 dumpHex] Operation OUT (112 bytes @ 0x0x722147aa20)
12-13 16:33:07.893  2774  6472 D GPQTEEC : [QTEEC.cpp:54 dumpHex] 01 00 00 00 73 70 00 00 00 00 00 00 00 00 00 00 
12-13 16:33:07.893  2774  6472 D GPQTEEC : [QTEEC.cpp:54 dumpHex] 00 00 00 00 00 00 00 00 00 00 00 00 00 00 00 00 
12-13 16:33:07.893  2774  6472 D GPQTEEC : [QTEEC.cpp:54 dumpHex] 08 AB 47 21 72 00 00 00 10 00 00 00 00 00 00 00 
12-13 16:33:07.893  2774  6472 D GPQTEEC : [QTEEC.cpp:54 dumpHex] 00 00 00 00 00 00 00 00 00 00 00 00 00 00 00 00 
12-13 16:33:07.893  2774  6472 D GPQTEEC : [QTEEC.cpp:54 dumpHex] 00 00 00 00 00 00 00 00 00 00 00 00 00 00 00 00 
12-13 16:33:07.893  2774  6472 D GPQTEEC : [QTEEC.cpp:54 dumpHex] 60 A9 47 21 72 00 00 00 4C 00 00 00 00 00 00 00 
12-13 16:33:07.893  2774  6472 D GPQTEEC : [QTEEC.cpp:54 dumpHex] 00 00 00 00 00 00 00 00 A0 DD B4 67 73 00 00 B4 
12-13 16:33:07.893  2774  6472 D fpc_tac : HAL Invokecommand = 72 out, result = 0, retry_times = 1
12-13 16:33:07.893  2774  6472 I fpc_fingerprint_hal: worker idle
12-13 16:33:07.902  2253  2375 E ANDR-PERF-OPTSHANDLER: ANDR-PERF-OPTSHANDLER: modify_sysfsnode() 1164: Perflock resource /sys/devices/system/cpu/bus_dcvs/L3/soc:qcom,memlat:l3:prime/min_freq not supported
12-13 16:33:07.902  2253  2375 E ANDR-PERF-RESOURCEQS: ANDR-PERF-RESOURCEQS: RemoveAndApply() 292: Failed to reset optimization here [13, 22]
12-13 16:33:07.906  6822  7313 I HwPacketFilterBypass: message.what=1
12-13 16:33:07.906  6822  7313 I HwPacketFilterBypass: getNetworkPolicyFlag flagStr null
12-13 16:33:07.906  6822  7313 I HwPacketFilterBypass: kernelAddTrackUid uid:10366 allowed:true
12-13 16:33:07.939   968   968 D lowmemorykiller: critical pressure event polling check
12-13 16:33:07.940   968   968 D lowmemorykiller: thrashing: 0% thrashing_limit: 60%
12-13 16:33:07.940   968   968 D lowmemorykiller: Not killing for critical pressure event polling check
12-13 16:33:07.946  6493  6493 I LivelyCapsuleStatusBH: addDelayed :[]
12-13 16:33:07.954  2152 29800 I sensors-hal: handle_sns_std_sensor_event:150, ambient_light_event: ts=2202248312988975, lux = 158, raw_adc=292, raw_2=262
12-13 16:33:07.971  2510  6347 I FingerprintServiceEx: powerfp mBlackAuthenticateEventResetRunable
12-13 16:33:07.974  6856  8117 I Nc_NfcDftManager: enter handleNfcParam, id = 39
12-13 16:33:07.974  6856  8117 I Nc_NfcDftManager: statistic event:39
12-13 16:33:07.974  6856  7132 I Nc_NfcDftManager: upload statistic to preference:39
12-13 16:33:07.974  6856  7132 E Nc_NfcDftManager: reportToDftCnt: unknown id:39
12-13 16:33:07.981  2510  7024 W JobInfo : Job 'com.whatsapp/.infra.push.RegistrationIntentService#4' has a deadline with no functional constraints. The deadline won't improve job execution latency. Consider removing the deadline.
--------- beginning of system
12-13 16:33:07.981  2510  7024 E ProcessInfoCollector: getProcessInfo: proc should not less than zero.
12-13 16:33:07.982  2510  7024 I PowerManagerService: wakeLock.mDisabled:false, mDeviceIdleMode:false, mProcState:0
12-13 16:33:07.982  2510  7024 I PowerManagerService: need acquire WakeLockSuspendBlocker
12-13 16:33:07.982  2510  7024 I PowerManagerService: Acquiring suspend blocker "PowerManagerService.WakeLocks".
12-13 16:33:07.983  1242 17087 I android.system.suspend-service: incSuspendCounter++ success,name:PowerManagerService.WakeLocks mUseSuspendCounter:1 mSuspendCounter:2: Success
12-13 16:33:07.983  2510  7024 I power   : acquire wakelock: PowerManagerService.WakeLocks
12-13 16:33:07.984  2510  7024 I PowerManagerService: wakeLock.mDisabled:false, mDeviceIdleMode:false, mProcState:0
12-13 16:33:07.984  2510  7024 W ProcBatteryStats: timer is running , not start, name: com.whatsapp, uid: 10301, tag: *job*/com.whatsapp/.infra.push.RegistrationIntentService
12-13 16:33:07.984  2510  7024 E ProcessInfoCollector: getProcessInfo: failed to find this proc: 2510
12-13 16:33:07.987  2510  2784 I WifiEnhanceMonitor: notifyUidStateChanged
12-13 16:33:07.987  2278 14985 D AudioPolicyService: getUidState(10301) cacheIter->second.first, return cacheIter->second.second(10)
12-13 16:33:07.993 20821 20821 W fbservices-stub:InitStatus: Not blocking Service (80809085)
12-13 16:33:07.993 20821 20821 W fbservices-stub:InitStatus: Not blocking Service (80809085)
12-13 16:33:07.994  6777  7481 I AppManager: dependence has been existed:2510 -> 9086
12-13 16:33:08.001  2510  7083 W ProcBatteryStats: timer is not running , not stop, name: com.whatsapp, uid: 10301, tag: *job*/com.whatsapp/.infra.push.RegistrationIntentService
12-13 16:33:08.001  2510  7083 I PowerManagerService: need release WakeLockSuspendBlocker
12-13 16:33:08.001  2510  7083 I PowerManagerService: Releasing suspend blocker "PowerManagerService.WakeLocks".
12-13 16:33:08.001  2510  7083 I power   : release wakelock: PowerManagerService.WakeLocks
12-13 16:33:08.001  1242 17087 I android.system.suspend-service: decSuspendCounter-- success,name:PowerManagerService.WakeLocks mUseSuspendCounter:1 mSuspendCounter:3: Success
12-13 16:33:08.002  2152 22653 I sensors-hal: handle_sns_client_event:442, accel_sample(accelcal_available:0): ts=2202248252784913 ns; value = [-4.487585, 0.916877, 8.801574], status=3
12-13 16:33:08.004  2510  2784 I WifiEnhanceMonitor: notifyUidStateChanged
12-13 16:33:08.004  2278 14985 D AudioPolicyService: getUidState(10301) cacheIter->second.first, return cacheIter->second.second(8)
12-13 16:33:08.010  2510  7093 I ActivityManager: App 10301/com.whatsapp on idle whitelist; not restricted in background
12-13 16:33:08.010  2510  2879 I ActivityManager: App 10301/com.whatsapp on idle whitelist; not restricted in background
12-13 16:33:08.010  2510  7093 I PackageManager: setEnabledSetting pkg:com.facebook.services, className:com.facebook.oxygen.services.fbns.RegisteredMqttSystemBroadcastReceiver, newState:1, flags:1, userId:0, CallingPid:20821, CallingUid:10212
12-13 16:33:08.012  2510  7093 I PowerManagerService: wakeLock.mDisabled:false, mDeviceIdleMode:false, mProcState:10
12-13 16:33:08.012  2510  7093 I PowerManagerService: need acquire WakeLockSuspendBlocker
12-13 16:33:08.012  2510  7093 I PowerManagerService: Acquiring suspend blocker "PowerManagerService.WakeLocks".
12-13 16:33:08.012  1242 17087 I android.system.suspend-service: incSuspendCounter++ success,name:PowerManagerService.WakeLocks mUseSuspendCounter:1 mSuspendCounter:2: Success
12-13 16:33:08.013  2510  7093 I power   : acquire wakelock: PowerManagerService.WakeLocks
12-13 16:33:08.016  2510  7024 I PowerManagerService: need release WakeLockSuspendBlocker
12-13 16:33:08.016  2510  7024 I PowerManagerService: Releasing suspend blocker "PowerManagerService.WakeLocks".
12-13 16:33:08.016  2510  7024 I power   : release wakelock: PowerManagerService.WakeLocks
12-13 16:33:08.016  1242 17087 I android.system.suspend-service: decSuspendCounter-- success,name:PowerManagerService.WakeLocks mUseSuspendCounter:1 mSuspendCounter:3: Success
12-13 16:33:08.029  6856  6889 W .hihonor.hiview: Reducing the number of considered missed Gc histogram windows from 123 to 100
12-13 16:33:08.031  2652  2702 I AwareLog: iawared: SetCancelHighLoadPolicyV2
12-13 16:33:08.042   968   968 D lowmemorykiller: critical pressure event polling check
12-13 16:33:08.043   968   968 D lowmemorykiller: thrashing: 0% thrashing_limit: 60%
12-13 16:33:08.043   968   968 D lowmemorykiller: Not killing for critical pressure event polling check
12-13 16:33:08.080  2510  7024 I AlarmManager: remove alarm reason:0 alarms:[Alarm{85d1be4 type 2 origWhen 2202847993 whenElapsed 2202847993 PendingIntent{68498fa: PendingIntentRecord{86d7eab com.whatsapp broadcastIntent}} com.whatsapp procName com.whatsapp}]
12-13 16:33:08.119  2152 29800 I sensors-hal: handle_sns_std_sensor_event:150, ambient_light_event: ts=2202248478987933, lux = 139, raw_adc=236, raw_2=262
12-13 16:33:08.121  2253  2375 E ANDR-PERF-UTIL: ANDR-PERF-UTIL: change_node_val() 319: Failed to update node /sys/class/kgsl/kgsl-3d0/touch_wake with value 1
12-13 16:33:08.121  2253  2375 E ANDR-PERF-RESOURCEQS: ANDR-PERF-RESOURCEQS: AddAndApply() 167: Failed to apply optimization [10, 13]
12-13 16:33:08.145   968   968 D lowmemorykiller: critical pressure event polling check
12-13 16:33:08.145   968   968 D lowmemorykiller: thrashing: 0% thrashing_limit: 60%
12-13 16:33:08.146   968   968 D lowmemorykiller: Not killing for critical pressure event polling check
12-13 16:33:08.148  2253  2375 E ANDR-PERF-UTIL: ANDR-PERF-UTIL: change_node_val() 319: Failed to update node /sys/class/kgsl/kgsl-3d0/touch_wake with value 0
12-13 16:33:08.148  2253  2375 E ANDR-PERF-RESOURCEQS: ANDR-PERF-RESOURCEQS: RemoveAndApply() 292: Failed to reset optimization here [10, 13]
12-13 16:33:08.228  6822  7307 D Booster_TelephonyState: updateLteSignalStrengthFromProp[1], lteRsrp:-94 lteRsrq:-15 lteSinr:3
12-13 16:33:08.243   968   968 D lowmemorykiller: critical pressure event polling check
12-13 16:33:08.244   968   968 D lowmemorykiller: thrashing: 0% thrashing_limit: 60%
12-13 16:33:08.244   968   968 D lowmemorykiller: Not killing for critical pressure event polling check
12-13 16:33:08.286  2152 29800 I sensors-hal: handle_sns_std_sensor_event:150, ambient_light_event: ts=2202248644985642, lux = 76, raw_adc=130, raw_2=262
12-13 16:33:08.288  2253  2375 E ANDR-PERF-UTIL: ANDR-PERF-UTIL: change_node_val() 319: Failed to update node /sys/class/kgsl/kgsl-3d0/touch_wake with value 1
12-13 16:33:08.288  2253  2375 E ANDR-PERF-RESOURCEQS: ANDR-PERF-RESOURCEQS: AddAndApply() 167: Failed to apply optimization [10, 13]
12-13 16:33:08.315  2253  2375 E ANDR-PERF-UTIL: ANDR-PERF-UTIL: change_node_val() 319: Failed to update node /sys/class/kgsl/kgsl-3d0/touch_wake with value 0
12-13 16:33:08.315  2253  2375 E ANDR-PERF-RESOURCEQS: ANDR-PERF-RESOURCEQS: RemoveAndApply() 292: Failed to reset optimization here [10, 13]
12-13 16:33:08.325  2510  6210 I WifiNetworkStatsMonitor: total/4358/3901,com.whatsapp/3443/2467,com.tencent.mm/555/1074,unknown:0/0/360,android.uid.system:1000/360/0,com.autocountsoft.payroll/0/0,unknown:-5/0/0,com.hihonor.mediamaterial/0/0,authenticator.two.factor.authentication.otp/0/0,com.hihonor.android.launcher/0/0,com.openai.chatgpt/0/0
12-13 16:33:08.325  2510  6210 D WifiEnhanceHomeFenceMonitor: registerHomeAwarenessFence, register back home fence.
12-13 16:33:08.325  2510  6210 I WifiEnhanceHomeFenceMonitor: processBackHomeFence, add back home fence , id : WifiEnhanceHomeFenceMonitor_backHomeFence
12-13 16:33:08.325  2510  6210 D WifiEnhanceHomeFenceMonitor: registerHomeAwarenessFence, register leave home fence.
12-13 16:33:08.325  2510  6210 I WifiEnhanceHomeFenceMonitor: processLeaveHomeFence, add leave home fence , id : WifiEnhanceHomeFenceMonitor_leaveHomeFence
12-13 16:33:08.325  2510  8336 I AwarenessClient: wait result,type=register_fence_by_listener,rId=bbbe7bd0-5e18-47b9-9109-386bbb86f0d6,key=WifiEnhanceHomeFenceMonitor_backHomeFence,isNeedCache=true,sysApp=true
12-13 16:33:08.326 23707  2954 I AWARENESS_E_D_P: regByListener rId=bbbe7bd0-5e18-47b9-9109-386bbb86f0d6,key=WifiEnhanceHomeFenceMonitor_backHomeFence
12-13 16:33:08.326 23707 23896 I AWARENESS_MFenceFF: c:LocationFence
12-13 16:33:08.326 23707 23896 I AWARENESS_MFenceFF: not support fence, LocationFence
12-13 16:33:08.326 23707 23896 E AWARENESS_ManagedFenceList: createFence fail, AwarenessFence{key='WifiEnhanceHomeFenceMonitor_backHomeFence', type='LocationFence}
12-13 16:33:08.326  2510  8336 I AwarenessClient: wait result,type=register_fence_by_listener,rId=913c06f5-bad0-4de1-8837-476774a047af,key=WifiEnhanceHomeFenceMonitor_leaveHomeFence,isNeedCache=true,sysApp=true
12-13 16:33:08.327 23707  2954 I AWARENESS_E_D_P: regByListener rId=913c06f5-bad0-4de1-8837-476774a047af,key=WifiEnhanceHomeFenceMonitor_leaveHomeFence
12-13 16:33:08.327 23707 23910 I AWARENESS_MFenceFF: c:LocationFence
12-13 16:33:08.327  2510  8336 I WifiEnhanceHomeFenceMonitor: mHomeFenceConnectListener, on result, key = WifiEnhanceHomeFenceMonitor_backHomeFence , code = 0
12-13 16:33:08.327 23707 23910 I AWARENESS_MFenceFF: not support fence, LocationFence
12-13 16:33:08.327  2510  8336 I AwarenessClient: handle wait rm for WifiEnhanceHomeFenceMonitor_backHomeFence
12-13 16:33:08.327 23707 23910 E AWARENESS_ManagedFenceList: createFence fail, AwarenessFence{key='WifiEnhanceHomeFenceMonitor_leaveHomeFence', type='LocationFence}
12-13 16:33:08.327  2510  8336 I AwarenessClient: dispatch no cached for WifiEnhanceHomeFenceMonitor_backHomeFence
12-13 16:33:08.327 23707 23896 I AWARENESS_D_P_InquiryProviderCallExecMethod: invoke begin, calling pkg name: com.hihonor.awareness
12-13 16:33:08.327 23707 23896 W AWARENESS_D_P_DataQueryComponentContainer: null supplier for: queryCityCode
12-13 16:33:08.327 23707 23896 I AWARENESS_D_P_InquiryProviderCallExecMethod: invoke duration is 0
12-13 16:33:08.327 23707 23896 W Intelli_Analytics_DpIQCacheHelper: inquiry value is null or invalid, refuse update cache
12-13 16:33:08.328  2510  8336 I WifiEnhanceHomeFenceMonitor: mHomeFenceConnectListener, on result, key = WifiEnhanceHomeFenceMonitor_leaveHomeFence , code = 0
12-13 16:33:08.328  2510  8336 I AwarenessClient: handle wait rm for WifiEnhanceHomeFenceMonitor_leaveHomeFence
12-13 16:33:08.328  2510  8336 I AwarenessClient: dispatch no cached for WifiEnhanceHomeFenceMonitor_leaveHomeFence
12-13 16:33:08.328 23707 23910 I AWARENESS_D_P_InquiryProviderCallExecMethod: invoke begin, calling pkg name: com.hihonor.awareness
12-13 16:33:08.328 23707 23910 W AWARENESS_D_P_DataQueryComponentContainer: null supplier for: queryCityCode
12-13 16:33:08.328 23707 23910 I AWARENESS_D_P_InquiryProviderCallExecMethod: invoke duration is 0
12-13 16:33:08.328 23707 23910 W Intelli_Analytics_DpIQCacheHelper: inquiry value is null or invalid, refuse update cache
12-13 16:33:08.343   968   968 D lowmemorykiller: critical pressure event polling check
12-13 16:33:08.344   968   968 D lowmemorykiller: thrashing: 0% thrashing_limit: 60%
12-13 16:33:08.344   968   968 D lowmemorykiller: Not killing for critical pressure event polling check
12-13 16:33:08.354  2143  4070 W ServiceManagerCppClient: Waited one second for vendor.qti.qhcp.IQHDC/default (is service started? Number of threads started in the threadpool: 3. Are binder threads started and available?)
12-13 16:33:08.357   983 29956 W libc    : Unable to set property "ctl.interface_start" to "aidl/vendor.qti.qhcp.IQHDC/default": PROP_ERROR_HANDLE_CONTROL_MESSAGE (0x20)
12-13 16:33:08.403 23707 23928 I AWARENESS_TM: began the time check task
12-13 16:33:08.444   968   968 D lowmemorykiller: critical pressure event polling check
12-13 16:33:08.445   968   968 D lowmemorykiller: thrashing: 0% thrashing_limit: 60%
12-13 16:33:08.445   968   968 D lowmemorykiller: Not killing for critical pressure event polling check
