12-13 16:36:52.011  2187  4934 I ssc_motion: EventCb: msgId=1024
12-13 16:36:52.012  2187  4934 I ssc_motion: HandleMotionEvent: motion=7, motionValue[0]=50, motionCntValue[0]=0, motionValue[1]=-1, dataTimestamp=2202472370617058, currentTimeMillis=2202472372
12-13 16:36:52.012  2187  4934 I ssc_motion: MotionDfxSupport: motion_dfx type_7 acc_x = -48, acc_y = 473, acc_z = 867
12-13 16:36:52.012  2187  4924 I ssc_motion: MotionEventsPoll: end eventLen=2, motion=7, motionValue[1]=-1
12-13 16:36:52.013  2187  4924 I motion_service_aidl_v1: readMotionEvent read data: (7, 2)
12-13 16:36:52.013  2187  4934 I ssc_motion: HandleOritationFusion: oritation fusion data: -1, OpenFusionOritation:0, isOpenSwingSwitch:0
12-13 16:36:52.013  2187  4924 I motion_service_aidl_v1: ActMotionCb enter
12-13 16:36:52.013  2187  4924 I motion_service_aidl_v1: ActMotionCb motionClientVector.size = 0
12-13 16:36:52.013  2187  2324 I motion_service_aidl_v1: pollMotionResult nums of remain events is 1
12-13 16:36:52.013  2187  2324 I motion_service_aidl_v1: pollMotionResult report data: result: 2, motion: 7, length: 2
12-13 16:36:52.014  2510  4927 I system_server: HWExtMotionService valueSize:2 
12-13 16:36:52.014  2510  4927 D system_server: HWExtDeviceService getActiveConnections 
12-13 16:36:52.014  2510  4927 I system_server: HWExtDeviceService connSize:1 
12-13 16:36:52.015  2510  4927 D system_server: ALOGD: HWExtDeviceManager::notifyDeviceData  type: 700 
12-13 16:36:52.015  2510  4927 D system_server: HWExtDeviceManager::notifyDeviceData handleEvent uniqueId : 70001
12-13 16:36:52.015  2510  2784 I HWExtDeviceManager: trigger onDeviceDataChanged : mListener : com.android.server.policy.HWExtMotionRotationProcessorEx$1@72e1b35,type : 700
12-13 16:36:52.015  2187  2324 I motion_service_aidl_v1: pollMotionResult
12-13 16:36:52.015  2510  2784 I HWEMRP  : onDeviceDataChanged proposedRotation:-1
12-13 16:36:52.015  2510  2784 I HWEMRP  : onDeviceDataChanged oldProposedRotation:0
12-13 16:36:52.016  2253  2375 E ANDR-PERF-UTIL: ANDR-PERF-UTIL: change_node_val() 319: Failed to update node /sys/class/kgsl/kgsl-3d0/touch_wake with value 1
12-13 16:36:52.016  2253  2375 E ANDR-PERF-RESOURCEQS: ANDR-PERF-RESOURCEQS: AddAndApply() 167: Failed to apply optimization [10, 13]
12-13 16:36:52.042  2143  4070 W ServiceManagerCppClient: Waited one second for vendor.qti.qhcp.IQHDC/default (is service started? Number of threads started in the threadpool: 3. Are binder threads started and available?)
12-13 16:36:52.043  2253  2375 E ANDR-PERF-UTIL: ANDR-PERF-UTIL: change_node_val() 319: Failed to update node /sys/class/kgsl/kgsl-3d0/touch_wake with value 0
12-13 16:36:52.043  2253  2375 E ANDR-PERF-RESOURCEQS: ANDR-PERF-RESOURCEQS: RemoveAndApply() 292: Failed to reset optimization here [10, 13]
12-13 16:36:52.046   983 31335 W libc    : Unable to set property "ctl.interface_start" to "aidl/vendor.qti.qhcp.IQHDC/default": PROP_ERROR_HANDLE_CONTROL_MESSAGE (0x20)
12-13 16:36:52.074  2187  4934 I ssc_motion: EventCb: msgId=1024
12-13 16:36:52.074  2187  4934 I ssc_motion: HandleMotionEvent: motion=7, motionValue[0]=51, motionCntValue[0]=0, motionValue[1]=0, dataTimestamp=2202472433007943, currentTimeMillis=2202472434
12-13 16:36:52.074  2187  4934 I ssc_motion: MotionDfxSupport: motion_dfx type_7 acc_x = -147, acc_y = 565, acc_z = 812
12-13 16:36:52.075  2187  4924 I ssc_motion: MotionEventsPoll: end eventLen=2, motion=7, motionValue[1]=0
12-13 16:36:52.075  2187  4934 I ssc_motion: HandleOritationFusion: oritation fusion data: 0, OpenFusionOritation:0, isOpenSwingSwitch:0
12-13 16:36:52.075  2187  4924 I motion_service_aidl_v1: readMotionEvent read data: (7, 2)
12-13 16:36:52.075  2187  4924 I motion_service_aidl_v1: ActMotionCb enter
12-13 16:36:52.075  2187  4924 I motion_service_aidl_v1: ActMotionCb motionClientVector.size = 0
12-13 16:36:52.075  2187  2324 I motion_service_aidl_v1: pollMotionResult nums of remain events is 1
12-13 16:36:52.075  2187  2324 I motion_service_aidl_v1: pollMotionResult report data: result: 2, motion: 7, length: 2
12-13 16:36:52.076  2510  4927 I system_server: HWExtMotionService valueSize:2 
12-13 16:36:52.076  2510  4927 D system_server: HWExtDeviceService getActiveConnections 
12-13 16:36:52.076  2510  4927 I system_server: HWExtDeviceService connSize:1 
12-13 16:36:52.076  2510  4927 D system_server: ALOGD: HWExtDeviceManager::notifyDeviceData  type: 700 
12-13 16:36:52.076  2510  4927 D system_server: HWExtDeviceManager::notifyDeviceData handleEvent uniqueId : 70001
12-13 16:36:52.077  2510  2784 I HWExtDeviceManager: trigger onDeviceDataChanged : mListener : com.android.server.policy.HWExtMotionRotationProcessorEx$1@72e1b35,type : 700
12-13 16:36:52.077  2510  2784 I HWEMRP  : onDeviceDataChanged proposedRotation:0
12-13 16:36:52.077  2510  2784 I HWEMRP  : onDeviceDataChanged oldProposedRotation:-1
12-13 16:36:52.077  2510  2784 I HWEMRP  : notifyProposedRotation: 0
12-13 16:36:52.077  2187  2324 I motion_service_aidl_v1: pollMotionResult
12-13 16:36:52.092  2286  2424 I Scheduler: touchTimerCallback timer change to TimerState: Expired
12-13 16:36:52.096  2286  2426 I Scheduler: idleTimerCallback timer change to TimerState: Expired
12-13 16:36:52.096  2286  2426 I Scheduler: idleTimerCallback call boostTimerCallback Expired
12-13 16:36:52.096  2286  2426 I Scheduler: boostTimerCallback timer change to TimerState: Expiring
12-13 16:36:52.102  2286  2286 I VariableRefreshRateHandler: calculateSoftwareFreqCurrentSkipCount: rate: 60, boost: 0, reportFps: 60, instantSkipCount: 0, nonboostSkipCount: 0, currentSkipCount: 0
12-13 16:36:52.109  2510  4976 I osfingersense: osf: epoll_wait tp event in
12-13 16:36:52.109  2359  2359 I aptouch_daemon: print_log, touch:1, TGA_DAE_DOWN:1 (+0)
12-13 16:36:52.109  2510  4961 D fingersense_manager: Calling fingersense_classify_touch()
12-13 16:36:52.109  2510  4961 I osfingersense: fingersense_classify_touch: entrance, v5.0.0
12-13 16:36:52.109  9043  9043 I wpa_supplicant: nl80211: vendor command vendor_id=4980, subcmd=13
12-13 16:36:52.111  2510  4961 I osfingersense: ReadCapData Normal
12-13 16:36:52.111  2510  4961 I osfingersense: RawTouch: 0, 5350.0, 4316.0, 147.0, 126.0, 815.0, -48.0, 0.0, 126.0, 0
12-13 16:36:52.111  2510  4961 I osfingersense: Cap pack start 22 46 152 198 119 49 28 65 143 360 432 234 100 37 110 468 1983 2176 923 235 124 157 815 2797 3090 1881 409 158 79 319 1620 2698 1733 418 181 24 98 317 601 450 190 78 24 68 146 232 179 95 76 Cap pack end
12-13 16:36:52.111  2510  4961 I osfingersense: fingersense_classify_touch: Pre check for decision
12-13 16:36:52.111  2510  4961 I osfingersense: fingersense_classify_touch: inference = 0
12-13 16:36:52.111  2510  4961 D fingersense_manager: fingersense_classify_touch() finished
12-13 16:36:52.112  2510  4961 I HwFingersSnapshooter: handleMotionEvent first finger(0) touch down at (535.0,431.5996,0.0 , 0.0 , 0.0)
12-13 16:36:52.112  2620  3473 I AGPService: TOUCH RefreshRateActionHandle 1
12-13 16:36:52.112  2710  2710 I cnss-daemon: nl80211 response handler invoked
12-13 16:36:52.112  2710  2710 I cnss-daemon: nl80211_response_handler: cmd 103, vendorID 4980, subcmd 13  received
12-13 16:36:52.112  8927  8995 I WifiHAL : event received NL80211_CMD_VENDOR, vendor_id = 0x1374, subcmd = 0xd
12-13 16:36:52.112  2510  4959 I InputDispatcher: notifyBoostRefreshRate status: 0
12-13 16:36:52.113  2510  4959 I InputDispatcher: publishMotion chanel = 8e5c621 com.resultmarketing.whatscard/com.resultmarketing.whatscard.MainActivity (server)  MotionEntry = MotionEvent
12-13 16:36:52.113  2286  2300 I SurfaceFlingerEx: notifyVrrBoost VRR 1 --- 0
12-13 16:36:52.113  2286  2300 I Scheduler: onVRRBoostEvent type: TOUCH status: ENTER
12-13 16:36:52.113  2286  2300 I Scheduler: boostTimerCallback timer change to TimerState: Reset
12-13 16:36:52.113  2286  2426 I Scheduler: idleTimerCallback timer change to TimerState: Reset
12-13 16:36:52.113 16371 16371 I HiTouch_PressGestureDetector: checkDoublePointerLimit: false
12-13 16:36:52.116  2286  2424 I Scheduler: touchTimerCallback timer change to TimerState: Reset
12-13 16:36:52.116  2510  2784 D HnGestureActionListener: not fingersense event
12-13 16:36:52.118  6777  7481 I PG_ash  : onInputHookEvent
12-13 16:36:52.118  6777  7976 D BoostCtrlManager: prop off
12-13 16:36:52.118  2286  2286 I VariableRefreshRateHandler: calculateSoftwareFreqCurrentSkipCount: rate: 60, boost: 1, reportFps: 60, instantSkipCount: 0, nonboostSkipCount: 0, currentSkipCount: 0
12-13 16:36:52.119  6493  6493 I AppOpsControllerImpl: onActiveChanged(42,10045,com.google.android.gms,false,-1,0)
12-13 16:36:52.119  6493  6493 D AppOpsControllerImpl: onOpActiveChanged: activeChanged = true,alsoNoted = false
12-13 16:36:52.119  6493  6493 D AppOpsControllerImpl: notifySuscribers: code = 42,uid = 10045,packageName = com.google.android.gms,active = false
12-13 16:36:52.119  2510  4976 I osfingersense: request acc delay: 10
12-13 16:36:52.120  2152  3449 I sensors-hal: input_event_handler:429, input event type = 4
12-13 16:36:52.120  2152  3449 I sensors-hal: input_event_handler:431, type=4 4 1000
12-13 16:36:52.120  2152  3449 I sensors-hal: input_event_handler:436, Fs_data req data flag
12-13 16:36:52.120  2152  3449 I sensors-hal: input_event_handler:429, input event type = 0
12-13 16:36:52.120  6493  6711 D AppOpsControllerImpl: notifySuscribersWorker code:42, packageName:com.google.android.gms, isUserVisible:true
12-13 16:36:52.120  2152  3450 I sensors-hal: data_thread_func:295, Sending request to get fs_data
12-13 16:36:52.121  2152  3450 I sensors-hal: send_finger_enable_req:163, send_finger_enable_req: start, req flag = 1000
12-13 16:36:52.122  9043  9043 I wpa_supplicant: nl80211: Ignore unsupported QCA vendor event 13
12-13 16:36:52.124  2152  3433 E sensors-hal: fs_conn_enevt_cb:399, fs_conn_enevt_cb: start
12-13 16:36:52.124  2152  3433 E sensors-hal: handle_finger_event:374, handle_finger_event: recv data = 1005.000000, dataSize = 128
12-13 16:36:52.125  2152  3433 I sensors-hal: handle_finger_event:393, handle_finger_event finger data = 4020,4112,4232,4340,4424,4480,4516,4528,4508,4468,4424,4360,4272,4196,4148,4092,4020,3972,3904,3840,3832,3812,3768,3752,3748,3740,3736,3712,3708,3716,3704,3704,3664,3616,3608,3600,3584,3540,3476,3448,3412,3356,3384,3448,3452,3400,3316,3264,3244,3192,3152,3140,3160,3168,3140,3104,3060,3040,3044,3040,3032,3036,3036,3028,3036,3064,3088,3124,3140,3108,3100,3120,3144,3176,3188,3180,3192,3200,3192,3200,3200,3196,3240,3240,3216,3232,3244,3256,3256,3260,3276,3272,3256,3248,3252,3232,3192,3204,3212,3176,3148,3164,3168,3128,3100,3100,3076,3040,3000,2960,2932,2884,2856,2852,2824,2760,2560,2168,1640,1048,524,280,400,816,1408,2016,2572,3016,
12-13 16:36:52.125  2152  3450 I sensors-hal: wait_for_finger_data_ready:255, wait_for_finger_data_ready:pthread_cond_timedwait is break.
12-13 16:36:52.125  2152  3450 I sensors-hal: data_thread_func:321, Sent data to fs module
12-13 16:36:52.126  2510  4976 I osfingersense: Acc read ok
12-13 16:36:52.143  6493  6493 I HnWifiViewBinder: wifiInOutState:3
12-13 16:36:52.147  2253  2375 E ANDR-PERF-UTIL: ANDR-PERF-UTIL: change_node_val() 319: Failed to update node /sys/class/kgsl/kgsl-3d0/touch_wake with value 1
12-13 16:36:52.147  2253  2375 E ANDR-PERF-RESOURCEQS: ANDR-PERF-RESOURCEQS: AddAndApply() 167: Failed to apply optimization [10, 13]
12-13 16:36:52.148  6493  6493 I HnWifiViewBinder: wifiInOutState:3
12-13 16:36:52.157  2359  2359 I aptouch_daemon: TagFingerClickMove, TAG_DAE_FINGER_CLICK (1,40,535,431)
12-13 16:36:52.157  2359  2359 I aptouch_daemon: TagFingerClickMove, TAG_DAE_MAX_TRANS_TIME (8)
12-13 16:36:52.157  2359  2359 I aptouch_daemon: TagOutputDropFrame, TAG_DAE_DROP_FRAME (0)
12-13 16:36:52.157  2359  2359 I aptouch_daemon: print_log, touch:0, TGA_DAE_UP:0 
12-13 16:36:52.157  2620  3473 I AGPService: TOUCH RefreshRateActionHandle 0
12-13 16:36:52.157  2510  4961 I HwFingersSnapshooter: handleMotionEvent last finger(0) up.
12-13 16:36:52.157  2510  4961 I HwFingersSnapshooter[GestureCollectionMotion]: reset mIsCollectionFinished:true, mIsMoreCollectionsFinished:true, isNeedUpdate:false, mCollectionService:null, mMoreCollectionsService:null
12-13 16:36:52.158  2510  4959 I InputDispatcher: publishMotion chanel = 8e5c621 com.resultmarketing.whatscard/com.resultmarketing.whatscard.MainActivity (server)  MotionEntry = MotionEvent
12-13 16:36:52.160  2652  2702 I AwareLog: IsSplashThread threadName[6669][ll.splashscreen]
12-13 16:36:52.160  2652  2702 I AwareLog: SetThreadToVipGroup:: iawared vipgroup set pid[6669] Success!
12-13 16:36:52.161  2652  2702 I AwareLog: IsSplashThread threadName[6670][ll.splashworker]
12-13 16:36:52.161  2652  2702 I AwareLog: SetThreadToVipGroup:: iawared vipgroup set pid[6670] Success!
12-13 16:36:52.162  2652  2702 I AwareLog: IsSplashThread threadName[6605][wmshell.main]
12-13 16:36:52.162  2652  2702 I AwareLog: SetThreadToVipGroup:: iawared vipgroup set pid[6605] Success!
12-13 16:36:52.163  6777  7976 D BoostCtrlManager: prop off
12-13 16:36:52.174  2253  2375 E ANDR-PERF-UTIL: ANDR-PERF-UTIL: change_node_val() 319: Failed to update node /sys/class/kgsl/kgsl-3d0/touch_wake with value 0
12-13 16:36:52.174  2253  2375 E ANDR-PERF-RESOURCEQS: ANDR-PERF-RESOURCEQS: RemoveAndApply() 292: Failed to reset optimization here [10, 13]
12-13 16:36:52.177  2152 30998 I sensors-hal: handle_sns_std_sensor_event:150, ambient_light_event: ts=2202472535462269, lux = 81, raw_adc=387, raw_2=262
12-13 16:36:52.213  2510  2795 W Watchdog: waitState=[0] waitedHalf=[false]
12-13 16:36:52.213  2510  2795 W Watchdog: watchdogKick kickCounter=[150]
12-13 16:36:52.213  2510  2795 I AES     : hangdetect userpet kick to kernel
12-13 16:36:52.214  2510  2782 I InputReader: monitor lock
12-13 16:36:52.214  2510  2782 I EventHub: wake() called
12-13 16:36:52.214  2510  2782 I EventHub: monitor lock
12-13 16:36:52.316  2286  2424 I Scheduler: touchTimerCallback timer change to TimerState: Expired
12-13 16:36:52.343  2152 30998 I sensors-hal: handle_sns_std_sensor_event:150, ambient_light_event: ts=2202472701456279, lux = 84, raw_adc=394, raw_2=262
12-13 16:36:52.404  2253  2377 W ServiceManagerCppClient: Waited one second for vendor.qti.qhcp.IQHDC/default (is service started? Number of threads started in the threadpool: 2. Are binder threads started and available?)
12-13 16:36:52.412   983 31363 W libc    : Unable to set property "ctl.interface_start" to "aidl/vendor.qti.qhcp.IQHDC/default": PROP_ERROR_HANDLE_CONTROL_MESSAGE (0x20)
12-13 16:36:52.429  2187  4934 I ssc_motion: EventCb: msgId=1024
12-13 16:36:52.430  2187  4934 I ssc_motion: HandleMotionEvent: motion=7, motionValue[0]=52, motionCntValue[0]=0, motionValue[1]=-1, dataTimestamp=2202472789098203, currentTimeMillis=2202472790
12-13 16:36:52.430  2187  4934 I ssc_motion: MotionDfxSupport: motion_dfx type_7 acc_x = 123, acc_y = 395, acc_z = 903
12-13 16:36:52.431  2187  4924 I ssc_motion: MotionEventsPoll: end eventLen=2, motion=7, motionValue[1]=-1
12-13 16:36:52.431  2187  4924 I motion_service_aidl_v1: readMotionEvent read data: (7, 2)
12-13 16:36:52.431  2187  4934 I ssc_motion: HandleOritationFusion: oritation fusion data: -1, OpenFusionOritation:0, isOpenSwingSwitch:0
12-13 16:36:52.432  2187  4924 I motion_service_aidl_v1: ActMotionCb enter
12-13 16:36:52.432  2187  2324 I motion_service_aidl_v1: pollMotionResult nums of remain events is 1
12-13 16:36:52.432  2187  2324 I motion_service_aidl_v1: pollMotionResult report data: result: 2, motion: 7, length: 2
12-13 16:36:52.433  2510  4927 I system_server: HWExtMotionService valueSize:2 
12-13 16:36:52.433  2510  4927 D system_server: HWExtDeviceService getActiveConnections 
12-13 16:36:52.433  2510  4927 I system_server: HWExtDeviceService connSize:1 
12-13 16:36:52.433  2510  4927 D system_server: ALOGD: HWExtDeviceManager::notifyDeviceData  type: 700 
12-13 16:36:52.433  2510  4927 D system_server: HWExtDeviceManager::notifyDeviceData handleEvent uniqueId : 70001
12-13 16:36:52.434  2510  2784 I HWExtDeviceManager: trigger onDeviceDataChanged : mListener : com.android.server.policy.HWExtMotionRotationProcessorEx$1@72e1b35,type : 700
12-13 16:36:52.434  2510  2784 I HWEMRP  : onDeviceDataChanged proposedRotation:-1
12-13 16:36:52.434  2510  2784 I HWEMRP  : onDeviceDataChanged oldProposedRotation:0
12-13 16:36:52.434  2187  2323 I motion_service_aidl_v1: pollMotionResult
12-13 16:36:52.435  2187  4924 I motion_service_aidl_v1: ActMotionCb motionClientVector.size = 0
12-13 16:36:52.509  2152 30998 I sensors-hal: handle_sns_std_sensor_event:150, ambient_light_event: ts=2202472867449456, lux = 90, raw_adc=390, raw_2=262
12-13 16:36:52.537  2246  4974 E libnav  : CablComputeBacklightLevel(): UpdateType = DifferentSceneUpdate
12-13 16:36:52.565 24711 24741 E bms_file: file /sys/class/hw_power/charger/direct_charger/direct_charge_succ is invalid
12-13 16:36:52.566 24711 24741 E bms_file: file /sys/class/hw_power/charger/direct_charger_hsc/direct_charge_succ is invalid
12-13 16:36:52.568 24711 24741 E bms_file: file /sys/class/hw_power/charger/direct_charger/direct_charge_succ is invalid
12-13 16:36:52.569 24711 24741 E bms_file: file /sys/class/hw_power/charger/direct_charger_hsc/direct_charge_succ is invalid
12-13 16:36:52.570 24711 24741 E bms_file: file sys/class/hw_power/adsp_dts is invalid
12-13 16:36:52.571 24711 24741 E bms_file: file /sys/class/backlight/panel1-backlight/brightness is invalid
12-13 16:36:52.574 24711 24741 E bms_file: file /sys/class/hw_power/charger/direct_charger/direct_charge_succ is invalid
12-13 16:36:52.574 24711 24741 E bms_file: file /sys/class/hw_power/charger/direct_charger_hsc/direct_charge_succ is invalid
12-13 16:36:52.576 24711 24741 E bms_file: file /sys/class/hw_power/charger/direct_charger/direct_charge_succ is invalid
12-13 16:36:52.577 24711 24741 E bms_file: file /sys/class/hw_power/charger/direct_charger_hsc/direct_charge_succ is invalid
12-13 16:36:52.578 24711 24741 E bms_file: file /sys/class/hw_power/charger/direct_charger/direct_charge_succ is invalid
12-13 16:36:52.579 24711 24741 E bms_file: file /sys/class/hw_power/charger/direct_charger_hsc/direct_charge_succ is invalid
12-13 16:36:52.579 24711 24741 E bms_file: file /sys/class/hw_power/charger/charge_data/iin_thermal is invalid
12-13 16:36:52.579 24711 24741 I bms_behavior: monitor interval count 115
12-13 16:36:52.654  2286  2426 I Scheduler: idleTimerCallback timer change to TimerState: Expired
12-13 16:36:52.654  2286  2426 I Scheduler: idleTimerCallback call boostTimerCallback Expired
12-13 16:36:52.654  2286  2426 I Scheduler: boostTimerCallback timer change to TimerState: Expiring
12-13 16:36:52.670  2286  2286 I VariableRefreshRateHandler: calculateSoftwareFreqCurrentSkipCount: rate: 60, boost: 0, reportFps: 60, instantSkipCount: 0, nonboostSkipCount: 0, currentSkipCount: 0
12-13 16:36:52.675  2152 30998 I sensors-hal: handle_sns_std_sensor_event:150, ambient_light_event: ts=2202473033461487, lux = 85, raw_adc=394, raw_2=262
12-13 16:36:52.678  2510  4976 I osfingersense: osf: epoll_wait tp event in
12-13 16:36:52.678  2359  2359 I aptouch_daemon: print_log, touch:1, TGA_DAE_DOWN:1 (+0)
12-13 16:36:52.679  2510  4961 D fingersense_manager: Calling fingersense_classify_touch()
12-13 16:36:52.679  2510  4961 I osfingersense: fingersense_classify_touch: entrance, v5.0.0
12-13 16:36:52.679  2510  4961 I osfingersense: ReadCapData Normal
12-13 16:36:52.680  2510  4961 I osfingersense: RawTouch: 0, 5386.0, 11086.0, 157.0, 115.0, 733.0, -75.0, 0.0, 115.0, 0
12-13 16:36:52.680  2510  4961 I osfingersense: Cap pack start 17 57 134 142 102 48 21 50 246 720 783 372 198 80 105 809 2574 2690 1480 437 168 114 579 2340 2860 2526 844 244 47 132 404 825 783 342 141 -1 14 80 117 131 115 96 0 40 39 53 38 61 29 Cap pack end
12-13 16:36:52.680  2510  4961 I osfingersense: fingersense_classify_touch: touch_pressure: 733.0, th: 500.0
12-13 16:36:52.680  2510  4961 E osfingersense: fingersense_classify_touch: B--P
12-13 16:36:52.680  2510  4961 I osfingersense: fingersense_classify_touch: inference = 0
12-13 16:36:52.680  2510  4961 D fingersense_manager: fingersense_classify_touch() finished
12-13 16:36:52.680  2620  3473 I AGPService: TOUCH RefreshRateActionHandle 1
12-13 16:36:52.680  2510  4961 I HwFingersSnapshooter: handleMotionEvent first finger(0) touch down at (538.5996,1108.5996,0.0 , 0.0 , 0.0)
12-13 16:36:52.681  2510  4959 I InputDispatcher: notifyBoostRefreshRate status: 0
12-13 16:36:52.681  2286  6283 I SurfaceFlingerEx: notifyVrrBoost VRR 1 --- 0
12-13 16:36:52.681  2286  6283 I Scheduler: onVRRBoostEvent type: TOUCH status: ENTER
12-13 16:36:52.681  2286  6283 I Scheduler: boostTimerCallback timer change to TimerState: Reset
12-13 16:36:52.682  2510  4959 I InputDispatcher: publishMotion chanel = 8e5c621 com.resultmarketing.whatscard/com.resultmarketing.whatscard.MainActivity (server)  MotionEntry = MotionEvent
12-13 16:36:52.682  2286  2426 I Scheduler: idleTimerCallback timer change to TimerState: Reset
12-13 16:36:52.683 16371 16371 I HiTouch_PressGestureDetector: checkDoublePointerLimit: false
12-13 16:36:52.684  2510  2784 D HnGestureActionListener: not fingersense event
12-13 16:36:52.684  2286  2424 I Scheduler: touchTimerCallback timer change to TimerState: Reset
12-13 16:36:52.685  6777  7481 I PG_ash  : onInputHookEvent
12-13 16:36:52.685  6777  7976 D BoostCtrlManager: prop off
12-13 16:36:52.686  2286  2286 I VariableRefreshRateHandler: calculateSoftwareFreqCurrentSkipCount: rate: 60, boost: 1, reportFps: 60, instantSkipCount: 0, nonboostSkipCount: 0, currentSkipCount: 0
12-13 16:36:52.688  2510  4976 I osfingersense: request acc delay: 10
12-13 16:36:52.688  2152  3449 I sensors-hal: input_event_handler:429, input event type = 4
12-13 16:36:52.689  2152  3449 I sensors-hal: input_event_handler:431, type=4 4 1000
12-13 16:36:52.689  2152  3449 I sensors-hal: input_event_handler:436, Fs_data req data flag
12-13 16:36:52.689  2152  3450 I sensors-hal: data_thread_func:295, Sending request to get fs_data
12-13 16:36:52.689  2152  3449 I sensors-hal: input_event_handler:429, input event type = 0
12-13 16:36:52.689  2152  3450 I sensors-hal: send_finger_enable_req:163, send_finger_enable_req: start, req flag = 1000
12-13 16:36:52.691  2152  3433 E sensors-hal: fs_conn_enevt_cb:399, fs_conn_enevt_cb: start
12-13 16:36:52.691  2152  3433 E sensors-hal: handle_finger_event:374, handle_finger_event: recv data = 1007.000000, dataSize = 128
12-13 16:36:52.691  2152  3433 I sensors-hal: handle_finger_event:393, handle_finger_event finger data = 4028,4040,4000,3972,3980,3964,3944,3928,3908,3904,3892,3876,3880,3848,3796,3768,3736,3692,3664,3616,3552,3548,3548,3492,3428,3384,3336,3284,3224,3168,3116,3060,3020,3000,2980,2952,2932,2940,2968,2968,2960,2956,2980,3036,3068,3080,3084,3096,3124,3176,3228,3236,3236,3264,3264,3264,3296,3296,3292,3296,3296,3320,3360,3380,3364,3368,3404,3416,3444,3480,3480,3496,3524,3544,3548,3548,3572,3608,3628,3620,3616,3636,3640,3644,3676,3668,3660,3668,3652,3632,3620,3600,3564,3500,3424,3372,3348,3328,3312,3284,3248,3216,3172,3156,3144,3100,3056,3020,2984,2960,2888,2784,2676,2596,2568,2604,2700,2784,2832,2876,2912,2940,2984,2992,2972,2968,3000,3036,
12-13 16:36:52.692  2152  3450 I sensors-hal: wait_for_finger_data_ready:255, wait_for_finger_data_ready:pthread_cond_timedwait is break.
12-13 16:36:52.692  2152  3450 I sensors-hal: data_thread_func:321, Sent data to fs module
12-13 16:36:52.692  2510  4976 I osfingersense: Acc read ok
12-13 16:36:52.695  2253  2375 E ANDR-PERF-UTIL: ANDR-PERF-UTIL: change_node_val() 319: Failed to update node /sys/class/kgsl/kgsl-3d0/touch_wake with value 1
12-13 16:36:52.695  2253  2375 E ANDR-PERF-RESOURCEQS: ANDR-PERF-RESOURCEQS: AddAndApply() 167: Failed to apply optimization [10, 13]
12-13 16:36:52.711  2652  2702 I AwareLog: IsSplashThread threadName[6669][ll.splashscreen]
12-13 16:36:52.712  2652  2702 I AwareLog: SetThreadToVipGroup:: iawared vipgroup set pid[6669] Success!
12-13 16:36:52.712  2652  2702 I AwareLog: IsSplashThread threadName[6670][ll.splashworker]
12-13 16:36:52.713  2253  2375 E ANDR-PERF-OPTSHANDLER: ANDR-PERF-OPTSHANDLER: modify_sysfsnode() 1164: Perflock resource /sys/devices/system/cpu/bus_dcvs/L3/soc:qcom,memlat:l3:prime/min_freq not supported
12-13 16:36:52.713  2253  2375 E ANDR-PERF-RESOURCEQS: ANDR-PERF-RESOURCEQS: AddAndApply() 167: Failed to apply optimization [13, 22]
12-13 16:36:52.713  2652  2702 I AwareLog: SetThreadToVipGroup:: iawared vipgroup set pid[6670] Success!
12-13 16:36:52.713  2652  2702 I AwareLog: IsSplashThread threadName[6605][wmshell.main]
12-13 16:36:52.713  2652  2702 I AwareLog: SetThreadToVipGroup:: iawared vipgroup set pid[6605] Success!
12-13 16:36:52.721  2253  2375 E ANDR-PERF-UTIL: ANDR-PERF-UTIL: change_node_val() 319: Failed to update node /sys/class/kgsl/kgsl-3d0/touch_wake with value 0
12-13 16:36:52.721  2253  2375 E ANDR-PERF-RESOURCEQS: ANDR-PERF-RESOURCEQS: RemoveAndApply() 292: Failed to reset optimization here [10, 13]
12-13 16:36:52.723 16371 16371 W HiTouch_PressGestureDetector: [HiTouch Stop]checkDoublePointerMove
12-13 16:36:52.744  2253  2375 E ANDR-PERF-UTIL: ANDR-PERF-UTIL: change_node_val() 319: Failed to update node /sys/class/kgsl/kgsl-3d0/touch_wake with value 1
12-13 16:36:52.744  2253  2375 E ANDR-PERF-RESOURCEQS: ANDR-PERF-RESOURCEQS: AddAndApply() 167: Failed to apply optimization [10, 13]
12-13 16:36:52.771  2253  2375 E ANDR-PERF-UTIL: ANDR-PERF-UTIL: change_node_val() 319: Failed to update node /sys/class/kgsl/kgsl-3d0/touch_wake with value 0
12-13 16:36:52.771  2253  2375 E ANDR-PERF-RESOURCEQS: ANDR-PERF-RESOURCEQS: RemoveAndApply() 292: Failed to reset optimization here [10, 13]
12-13 16:36:52.816  2187  4934 I ssc_motion: EventCb: msgId=1024
12-13 16:36:52.816  2187  4934 I ssc_motion: HandleMotionEvent: motion=7, motionValue[0]=53, motionCntValue[0]=0, motionValue[1]=0, dataTimestamp=2202473176544349, currentTimeMillis=2202473177
12-13 16:36:52.816  2187  4934 I ssc_motion: MotionDfxSupport: motion_dfx type_7 acc_x = -101, acc_y = 501, acc_z = 890
12-13 16:36:52.816  2187  4924 I ssc_motion: MotionEventsPoll: end eventLen=2, motion=7, motionValue[1]=0
12-13 16:36:52.817  2187  4934 I ssc_motion: HandleOritationFusion: oritation fusion data: 0, OpenFusionOritation:0, isOpenSwingSwitch:0
12-13 16:36:52.817  2187  4924 I motion_service_aidl_v1: readMotionEvent read data: (7, 2)
12-13 16:36:52.817  2187  4924 I motion_service_aidl_v1: ActMotionCb enter
12-13 16:36:52.817  2187  2323 I motion_service_aidl_v1: pollMotionResult nums of remain events is 1
12-13 16:36:52.817  2187  2323 I motion_service_aidl_v1: pollMotionResult report data: result: 2, motion: 7, length: 2
12-13 16:36:52.817  2187  4924 I motion_service_aidl_v1: ActMotionCb motionClientVector.size = 0
12-13 16:36:52.817  2510  4927 I system_server: HWExtMotionService valueSize:2 
12-13 16:36:52.817  2510  4927 D system_server: HWExtDeviceService getActiveConnections 
12-13 16:36:52.817  2510  4927 I system_server: HWExtDeviceService connSize:1 
12-13 16:36:52.817  2510  4927 D system_server: ALOGD: HWExtDeviceManager::notifyDeviceData  type: 700 
12-13 16:36:52.818  2510  4927 D system_server: HWExtDeviceManager::notifyDeviceData handleEvent uniqueId : 70001
12-13 16:36:52.818  2510  2784 I HWExtDeviceManager: trigger onDeviceDataChanged : mListener : com.android.server.policy.HWExtMotionRotationProcessorEx$1@72e1b35,type : 700
12-13 16:36:52.818  2187  2323 I motion_service_aidl_v1: pollMotionResult
12-13 16:36:52.818  2510  2784 I HWEMRP  : onDeviceDataChanged proposedRotation:0
12-13 16:36:52.818  2510  2784 I HWEMRP  : onDeviceDataChanged oldProposedRotation:-1
12-13 16:36:52.818  2510  2784 I HWEMRP  : notifyProposedRotation: 0
12-13 16:36:52.926  2359  2359 I aptouch_daemon: TagFingerClickMove, TAG_DAE_FINGER_MOVE (1,240,538,1108,592,762,53,-346)
12-13 16:36:52.926  2359  2359 I aptouch_daemon: TagFingerClickMove, TAG_DAE_MAX_TRANS_TIME (9)
12-13 16:36:52.926  2359  2359 I aptouch_daemon: TagOutputDropFrame, TAG_DAE_DROP_FRAME (0)
12-13 16:36:52.926  2359  2359 I aptouch_daemon: print_log, touch:0, TGA_DAE_UP:0 
12-13 16:36:52.927  2620  3473 I AGPService: TOUCH RefreshRateActionHandle 0
12-13 16:36:52.927  2510  4961 I HwFingersSnapshooter: handleMotionEvent last finger(0) up.
12-13 16:36:52.927  2510  4961 I HwFingersSnapshooter[GestureCollectionMotion]: reset mIsCollectionFinished:true, mIsMoreCollectionsFinished:true, isNeedUpdate:false, mCollectionService:null, mMoreCollectionsService:null
12-13 16:36:52.927  2510  4959 I InputDispatcher: publishMotion chanel = 8e5c621 com.resultmarketing.whatscard/com.resultmarketing.whatscard.MainActivity (server)  MotionEntry = MotionEvent
12-13 16:36:52.928  2510  2784 I Android : fling speed velocityY: 136
12-13 16:36:52.930  2652  2702 I AwareLog: IsSplashThread threadName[6669][ll.splashscreen]
12-13 16:36:52.931  6777  7976 D BoostCtrlManager: prop off
12-13 16:36:52.931  2652  2702 I AwareLog: SetThreadToVipGroup:: iawared vipgroup set pid[6669] Success!
12-13 16:36:52.931  2652  2702 I AwareLog: IsSplashThread threadName[6670][ll.splashworker]
12-13 16:36:52.932  2652  2702 I AwareLog: SetThreadToVipGroup:: iawared vipgroup set pid[6670] Success!
12-13 16:36:52.932  2652  2702 I AwareLog: IsSplashThread threadName[6605][wmshell.main]
12-13 16:36:52.932  2652  2702 I AwareLog: SetThreadToVipGroup:: iawared vipgroup set pid[6605] Success!
12-13 16:36:52.932  2652  2702 I AwareLog: IsSplashThread threadName[6669][ll.splashscreen]
12-13 16:36:52.933  2652  2702 I AwareLog: SetThreadToVipGroup:: iawared vipgroup set pid[6669] Success!
12-13 16:36:52.933  2652  2702 I AwareLog: IsSplashThread threadName[6670][ll.splashworker]
12-13 16:36:52.933  2652  2702 I AwareLog: SetThreadToVipGroup:: iawared vipgroup set pid[6670] Success!
12-13 16:36:52.933  2652  2702 I AwareLog: IsSplashThread threadName[6605][wmshell.main]
12-13 16:36:52.933  2652  2702 I AwareLog: SetThreadToVipGroup:: iawared vipgroup set pid[6605] Success!
12-13 16:36:52.954  6822  7307 D Booster_TelephonyState: updateLteSignalStrengthFromProp[1], lteRsrp:-95 lteRsrq:-15 lteSinr:2
12-13 16:36:53.006  2152 30998 I sensors-hal: handle_sns_std_sensor_event:150, ambient_light_event: ts=2202473365451383, lux = 95, raw_adc=391, raw_2=262
12-13 16:36:53.007  2253  2375 E ANDR-PERF-OPTSHANDLER: ANDR-PERF-OPTSHANDLER: modify_sysfsnode() 1164: Perflock resource /sys/devices/system/cpu/bus_dcvs/L3/soc:qcom,memlat:l3:prime/min_freq not supported
12-13 16:36:53.007  2253  2375 E ANDR-PERF-RESOURCEQS: ANDR-PERF-RESOURCEQS: RemoveAndApply() 292: Failed to reset optimization here [13, 22]
12-13 16:36:53.026  2187  4934 I ssc_motion: EventCb: msgId=1024
12-13 16:36:53.026  2187  4934 I ssc_motion: HandleMotionEvent: motion=7, motionValue[0]=54, motionCntValue[0]=0, motionValue[1]=-1, dataTimestamp=2202473385915339, currentTimeMillis=2202473387
12-13 16:36:53.026  2187  4934 I ssc_motion: MotionDfxSupport: motion_dfx type_7 acc_x = 82, acc_y = 404, acc_z = 835
12-13 16:36:53.027  2187  4924 I ssc_motion: MotionEventsPoll: end eventLen=2, motion=7, motionValue[1]=-1
12-13 16:36:53.027  2187  4934 I ssc_motion: HandleOritationFusion: oritation fusion data: -1, OpenFusionOritation:0, isOpenSwingSwitch:0
12-13 16:36:53.027  2187  4924 I motion_service_aidl_v1: readMotionEvent read data: (7, 2)
12-13 16:36:53.027  2187  4924 I motion_service_aidl_v1: ActMotionCb enter
12-13 16:36:53.027  2187  2323 I motion_service_aidl_v1: pollMotionResult nums of remain events is 1
12-13 16:36:53.027  2187  2323 I motion_service_aidl_v1: pollMotionResult report data: result: 2, motion: 7, length: 2
12-13 16:36:53.028  2187  4924 I motion_service_aidl_v1: ActMotionCb motionClientVector.size = 0
12-13 16:36:53.028  2510  4927 I system_server: HWExtMotionService valueSize:2 
12-13 16:36:53.028  2510  4927 D system_server: HWExtDeviceService getActiveConnections 
12-13 16:36:53.028  2510  4927 I system_server: HWExtDeviceService connSize:1 
12-13 16:36:53.028  2510  4927 D system_server: ALOGD: HWExtDeviceManager::notifyDeviceData  type: 700 
12-13 16:36:53.028  2510  4927 D system_server: HWExtDeviceManager::notifyDeviceData handleEvent uniqueId : 70001
12-13 16:36:53.029  2510  2784 I HWExtDeviceManager: trigger onDeviceDataChanged : mListener : com.android.server.policy.HWExtMotionRotationProcessorEx$1@72e1b35,type : 700
12-13 16:36:53.029  2510  2784 I HWEMRP  : onDeviceDataChanged proposedRotation:-1
12-13 16:36:53.029  2510  2784 I HWEMRP  : onDeviceDataChanged oldProposedRotation:0
12-13 16:36:53.029  2187  2323 I motion_service_aidl_v1: pollMotionResult
12-13 16:36:53.044  2143  4070 W ServiceManagerCppClient: Waited one second for vendor.qti.qhcp.IQHDC/default (is service started? Number of threads started in the threadpool: 3. Are binder threads started and available?)
12-13 16:36:53.047   983 31386 W libc    : Unable to set property "ctl.interface_start" to "aidl/vendor.qti.qhcp.IQHDC/default": PROP_ERROR_HANDLE_CONTROL_MESSAGE (0x20)
12-13 16:36:53.073  2510  2793 I AppEyeFwkBlock: do monitor
12-13 16:36:53.088  2187  4934 I ssc_motion: EventCb: msgId=1024
12-13 16:36:53.089  2187  4934 I ssc_motion: HandleMotionEvent: motion=7, motionValue[0]=55, motionCntValue[0]=0, motionValue[1]=0, dataTimestamp=2202473448580703, currentTimeMillis=2202473449
12-13 16:36:53.089  2187  4934 I ssc_motion: MotionDfxSupport: motion_dfx type_7 acc_x = -23, acc_y = 484, acc_z = 796
12-13 16:36:53.089  2187  4924 I ssc_motion: MotionEventsPoll: end eventLen=2, motion=7, motionValue[1]=0
12-13 16:36:53.089  2187  4924 I motion_service_aidl_v1: readMotionEvent read data: (7, 2)
12-13 16:36:53.089  2187  4934 I ssc_motion: HandleOritationFusion: oritation fusion data: 0, OpenFusionOritation:0, isOpenSwingSwitch:0
12-13 16:36:53.089  2187  4924 I motion_service_aidl_v1: ActMotionCb enter
12-13 16:36:53.089  2187  2323 I motion_service_aidl_v1: pollMotionResult nums of remain events is 1
12-13 16:36:53.089  2187  2323 I motion_service_aidl_v1: pollMotionResult report data: result: 2, motion: 7, length: 2
12-13 16:36:53.089  2187  4924 I motion_service_aidl_v1: ActMotionCb motionClientVector.size = 0
12-13 16:36:53.090  2510  4927 I system_server: HWExtMotionService valueSize:2 
12-13 16:36:53.090  2510  4927 D system_server: HWExtDeviceService getActiveConnections 
12-13 16:36:53.090  2510  4927 I system_server: HWExtDeviceService connSize:1 
12-13 16:36:53.090  2510  4927 D system_server: ALOGD: HWExtDeviceManager::notifyDeviceData  type: 700 
12-13 16:36:53.090  2510  4927 D system_server: HWExtDeviceManager::notifyDeviceData handleEvent uniqueId : 70001
12-13 16:36:53.091  2187  2323 I motion_service_aidl_v1: pollMotionResult
12-13 16:36:53.091  2510  2784 I HWExtDeviceManager: trigger onDeviceDataChanged : mListener : com.android.server.policy.HWExtMotionRotationProcessorEx$1@72e1b35,type : 700
12-13 16:36:53.092  2510  2784 I HWEMRP  : onDeviceDataChanged proposedRotation:0
12-13 16:36:53.092  2510  2784 I HWEMRP  : onDeviceDataChanged oldProposedRotation:-1
12-13 16:36:53.092  2510  2784 I HWEMRP  : notifyProposedRotation: 0
12-13 16:36:53.096  2286  2424 I Scheduler: touchTimerCallback timer change to TimerState: Expired
12-13 16:36:53.116  2286  2426 I Scheduler: idleTimerCallback timer change to TimerState: Expired
12-13 16:36:53.116  2286  2426 I Scheduler: idleTimerCallback call boostTimerCallback Expired
12-13 16:36:53.116  2286  2426 I Scheduler: boostTimerCallback timer change to TimerState: Expiring
12-13 16:36:53.121  2286  2286 I VariableRefreshRateHandler: calculateSoftwareFreqCurrentSkipCount: rate: 60, boost: 0, reportFps: 60, instantSkipCount: 0, nonboostSkipCount: 0, currentSkipCount: 0
12-13 16:36:53.152  2187  4934 I ssc_motion: EventCb: msgId=1024
12-13 16:36:53.152  2187  4934 I ssc_motion: HandleMotionEvent: motion=7, motionValue[0]=56, motionCntValue[0]=0, motionValue[1]=-1, dataTimestamp=2202473511070078, currentTimeMillis=2202473513
12-13 16:36:53.153  2187  4934 I ssc_motion: MotionDfxSupport: motion_dfx type_7 acc_x = 98, acc_y = 427, acc_z = 830
12-13 16:36:53.153  2187  4924 I ssc_motion: MotionEventsPoll: end eventLen=2, motion=7, motionValue[1]=-1
12-13 16:36:53.154  2187  4924 I motion_service_aidl_v1: readMotionEvent read data: (7, 2)
12-13 16:36:53.154  2187  4924 I motion_service_aidl_v1: ActMotionCb enter
12-13 16:36:53.154  2187  2323 I motion_service_aidl_v1: pollMotionResult nums of remain events is 1
12-13 16:36:53.155  2187  2323 I motion_service_aidl_v1: pollMotionResult report data: result: 2, motion: 7, length: 2
12-13 16:36:53.155  2187  4934 I ssc_motion: HandleOritationFusion: oritation fusion data: -1, OpenFusionOritation:0, isOpenSwingSwitch:0
12-13 16:36:53.156  2187  4924 I motion_service_aidl_v1: ActMotionCb motionClientVector.size = 0
12-13 16:36:53.156  2510  4927 I system_server: HWExtMotionService valueSize:2 
12-13 16:36:53.156  2510  4927 D system_server: HWExtDeviceService getActiveConnections 
12-13 16:36:53.156  2510  4927 I system_server: HWExtDeviceService connSize:1 
12-13 16:36:53.156  2510  4927 D system_server: ALOGD: HWExtDeviceManager::notifyDeviceData  type: 700 
12-13 16:36:53.156  2510  4927 D system_server: HWExtDeviceManager::notifyDeviceData handleEvent uniqueId : 70001
12-13 16:36:53.159  2510  2784 I HWExtDeviceManager: trigger onDeviceDataChanged : mListener : com.android.server.policy.HWExtMotionRotationProcessorEx$1@72e1b35,type : 700
12-13 16:36:53.159  2510  2784 I HWEMRP  : onDeviceDataChanged proposedRotation:-1
12-13 16:36:53.159  2510  2784 I HWEMRP  : onDeviceDataChanged oldProposedRotation:0
12-13 16:36:53.159  2187  2323 I motion_service_aidl_v1: pollMotionResult
12-13 16:36:53.173  2152 30998 I sensors-hal: handle_sns_std_sensor_event:150, ambient_light_event: ts=2202473531462373, lux = 93, raw_adc=407, raw_2=262
12-13 16:36:53.179  2359  2359 I aptouch_daemon: print_log, touch:1, TGA_DAE_DOWN:1 (+0)
12-13 16:36:53.180  2510  4961 D fingersense_manager: Calling fingersense_classify_touch()
12-13 16:36:53.180  2510  4976 I osfingersense: osf: epoll_wait tp event in
12-13 16:36:53.180  2510  4961 I osfingersense: fingersense_classify_touch: entrance, v5.0.0
12-13 16:36:53.180  2510  4961 I osfingersense: ReadCapData Normal
12-13 16:36:53.181  2510  4961 I osfingersense: RawTouch: 0, 5014.0, 12560.0, 147.0, 105.0, 543.0, -80.0, 0.0, 105.0, 0
12-13 16:36:53.181  2510  4961 I osfingersense: Cap pack start 11 35 88 124 96 24 6 48 141 423 545 276 153 53 118 494 1912 2396 1498 445 205 71 311 1608 2455 1894 554 187 -8 50 181 380 350 198 112 0 17 36 85 75 41 41 -20 -4 26 44 34 5 23 Cap pack end
12-13 16:36:53.181  2510  4961 I osfingersense: fingersense_classify_touch: touch_pressure: 543.0, th: 500.0
12-13 16:36:53.181  2510  4961 E osfingersense: fingersense_classify_touch: B--P
12-13 16:36:53.181  2510  4961 I osfingersense: fingersense_classify_touch: inference = 0
12-13 16:36:53.181  2510  4961 D fingersense_manager: fingersense_classify_touch() finished
12-13 16:36:53.181  2620  3473 I AGPService: TOUCH RefreshRateActionHandle 1
12-13 16:36:53.182  2510  4961 I HwFingersSnapshooter: handleMotionEvent first finger(0) touch down at (501.4004,1256.0,0.0 , 0.0 , 0.0)
12-13 16:36:53.182  2510  4959 I InputDispatcher: notifyBoostRefreshRate status: 0
12-13 16:36:53.183  2286  6283 I SurfaceFlingerEx: notifyVrrBoost VRR 1 --- 0
12-13 16:36:53.183  2510  4959 I InputDispatcher: publishMotion chanel = 8e5c621 com.resultmarketing.whatscard/com.resultmarketing.whatscard.MainActivity (server)  MotionEntry = MotionEvent
12-13 16:36:53.183  2286  6283 I Scheduler: onVRRBoostEvent type: TOUCH status: ENTER
12-13 16:36:53.183  2286  6283 I Scheduler: boostTimerCallback timer change to TimerState: Reset
12-13 16:36:53.184  2286  2426 I Scheduler: idleTimerCallback timer change to TimerState: Reset
12-13 16:36:53.184 16371 16371 I HiTouch_PressGestureDetector: checkDoublePointerLimit: false
12-13 16:36:53.184  2286  2424 I Scheduler: touchTimerCallback timer change to TimerState: Reset
12-13 16:36:53.186  2510  2784 D HnGestureActionListener: not fingersense event
12-13 16:36:53.188  2286  2286 I VariableRefreshRateHandler: calculateSoftwareFreqCurrentSkipCount: rate: 60, boost: 1, reportFps: 60, instantSkipCount: 0, nonboostSkipCount: 0, currentSkipCount: 0
12-13 16:36:53.187  6777  7976 D BoostCtrlManager: prop off
12-13 16:36:53.188  6777  7481 I PG_ash  : onInputHookEvent
12-13 16:36:53.190  2510  4976 I osfingersense: request acc delay: 10
12-13 16:36:53.190  2152  3449 I sensors-hal: input_event_handler:429, input event type = 4
12-13 16:36:53.191  2152  3449 I sensors-hal: input_event_handler:431, type=4 4 1000
12-13 16:36:53.191  2152  3449 I sensors-hal: input_event_handler:436, Fs_data req data flag
12-13 16:36:53.191  2152  3449 I sensors-hal: input_event_handler:429, input event type = 0
12-13 16:36:53.191  2152  3450 I sensors-hal: data_thread_func:295, Sending request to get fs_data
12-13 16:36:53.192  2152  3450 I sensors-hal: send_finger_enable_req:163, send_finger_enable_req: start, req flag = 1000
12-13 16:36:53.193  2152  3433 E sensors-hal: fs_conn_enevt_cb:399, fs_conn_enevt_cb: start
12-13 16:36:53.194  2152  3433 E sensors-hal: handle_finger_event:374, handle_finger_event: recv data = 803.000000, dataSize = 128
12-13 16:36:53.194  2152  3433 I sensors-hal: handle_finger_event:393, handle_finger_event finger data = 3212,3240,3240,3228,3244,3240,3200,3176,3196,3220,3212,3208,3188,3184,3196,3184,3164,3156,3132,3108,3052,3004,3004,2992,2980,2992,2984,2984,3020,3056,3076,3084,3104,3120,3140,3180,3204,3188,3180,3172,3200,3236,3252,3276,3308,3308,3296,3308,3324,3336,3352,3380,3420,3432,3444,3476,3472,3488,3520,3504,3492,3528,3556,3544,3520,3524,3520,3512,3548,3560,3520,3500,3508,3504,3504,3504,3496,3464,3444,3428,3412,3412,3384,3364,3344,3308,3292,3280,3268,3236,3188,3184,3180,3152,3136,3124,3116,3128,3116,3088,3060,3036,3036,3044,3036,3020,3012,3020,3024,3004,3012,3028,3016,3032,3080,3100,3112,3168,3200,3216,3272,3320,3360,3400,3420,3424,3488,3564,
12-13 16:36:53.194  2152  3450 I sensors-hal: wait_for_finger_data_ready:255, wait_for_finger_data_ready:pthread_cond_timedwait is break.
12-13 16:36:53.195  2152  3450 I sensors-hal: data_thread_func:321, Sent data to fs module
12-13 16:36:53.195  2510  4976 I osfingersense: Acc read ok
12-13 16:36:53.215  2253  2375 E ANDR-PERF-UTIL: ANDR-PERF-UTIL: change_node_val() 319: Failed to update node /sys/class/kgsl/kgsl-3d0/touch_wake with value 1
12-13 16:36:53.215  2253  2375 E ANDR-PERF-RESOURCEQS: ANDR-PERF-RESOURCEQS: AddAndApply() 167: Failed to apply optimization [10, 13]
12-13 16:36:53.235  2187  4934 I ssc_motion: EventCb: msgId=1024
12-13 16:36:53.235  2187  4934 I ssc_motion: HandleMotionEvent: motion=7, motionValue[0]=57, motionCntValue[0]=0, motionValue[1]=0, dataTimestamp=2202473595350703, currentTimeMillis=2202473596
12-13 16:36:53.235  2187  4934 I ssc_motion: MotionDfxSupport: motion_dfx type_7 acc_x = -28, acc_y = 480, acc_z = 778
12-13 16:36:53.235  2187  4924 I ssc_motion: MotionEventsPoll: end eventLen=2, motion=7, motionValue[1]=0
12-13 16:36:53.236  2187  4934 I ssc_motion: HandleOritationFusion: oritation fusion data: 0, OpenFusionOritation:0, isOpenSwingSwitch:0
12-13 16:36:53.236  2187  4924 I motion_service_aidl_v1: readMotionEvent read data: (7, 2)
12-13 16:36:53.236  2187  4924 I motion_service_aidl_v1: ActMotionCb enter
12-13 16:36:53.236  2187  2323 I motion_service_aidl_v1: pollMotionResult nums of remain events is 1
12-13 16:36:53.236  2187  2323 I motion_service_aidl_v1: pollMotionResult report data: result: 2, motion: 7, length: 2
12-13 16:36:53.236  2187  4924 I motion_service_aidl_v1: ActMotionCb motionClientVector.size = 0
12-13 16:36:53.236  2510  4927 I system_server: HWExtMotionService valueSize:2 
12-13 16:36:53.236  2510  4927 D system_server: HWExtDeviceService getActiveConnections 
12-13 16:36:53.236  2510  4927 I system_server: HWExtDeviceService connSize:1 
12-13 16:36:53.236  2510  4927 D system_server: ALOGD: HWExtDeviceManager::notifyDeviceData  type: 700 
12-13 16:36:53.236  2510  4927 D system_server: HWExtDeviceManager::notifyDeviceData handleEvent uniqueId : 70001
12-13 16:36:53.237  2510  2784 I HWExtDeviceManager: trigger onDeviceDataChanged : mListener : com.android.server.policy.HWExtMotionRotationProcessorEx$1@72e1b35,type : 700
12-13 16:36:53.237  2187  2323 I motion_service_aidl_v1: pollMotionResult
12-13 16:36:53.237  2510  2784 I HWEMRP  : onDeviceDataChanged proposedRotation:0
12-13 16:36:53.237  2510  2784 I HWEMRP  : onDeviceDataChanged oldProposedRotation:-1
12-13 16:36:53.237  2510  2784 I HWEMRP  : notifyProposedRotation: 0
12-13 16:36:53.242  2253  2375 E ANDR-PERF-UTIL: ANDR-PERF-UTIL: change_node_val() 319: Failed to update node /sys/class/kgsl/kgsl-3d0/touch_wake with value 0
12-13 16:36:53.242  2253  2375 E ANDR-PERF-RESOURCEQS: ANDR-PERF-RESOURCEQS: RemoveAndApply() 292: Failed to reset optimization here [10, 13]
12-13 16:36:53.243  2359  2359 I aptouch_daemon: TagFingerClickMove, TAG_DAE_FINGER_CLICK (1,56,501,1256)
12-13 16:36:53.243  2359  2359 I aptouch_daemon: TagFingerClickMove, TAG_DAE_MAX_TRANS_TIME (8)
12-13 16:36:53.243  2359  2359 I aptouch_daemon: TagOutputDropFrame, TAG_DAE_DROP_FRAME (0)
12-13 16:36:53.243  2359  2359 I aptouch_daemon: print_log, touch:0, TGA_DAE_UP:0 
12-13 16:36:53.243  2620  3473 I AGPService: TOUCH RefreshRateActionHandle 0
12-13 16:36:53.244  2510  4961 I HwFingersSnapshooter: handleMotionEvent last finger(0) up.
12-13 16:36:53.244  2510  4961 I HwFingersSnapshooter[GestureCollectionMotion]: reset mIsCollectionFinished:true, mIsMoreCollectionsFinished:true, isNeedUpdate:false, mCollectionService:null, mMoreCollectionsService:null
12-13 16:36:53.244  2510  4959 I InputDispatcher: publishMotion chanel = 8e5c621 com.resultmarketing.whatscard/com.resultmarketing.whatscard.MainActivity (server)  MotionEntry = MotionEvent
12-13 16:36:53.248  2652  2702 I AwareLog: IsSplashThread threadName[6669][ll.splashscreen]
12-13 16:36:53.248  2652  2702 I AwareLog: SetThreadToVipGroup:: iawared vipgroup set pid[6669] Success!
12-13 16:36:53.248  2510  6210 I WifiEnhanceMonitor: getPrimaryWifiInfo: primaryWifiInfo from WifiManager
12-13 16:36:53.248  6777  7976 D BoostCtrlManager: prop off
12-13 16:36:53.249  2652  2702 I AwareLog: IsSplashThread threadName[6670][ll.splashworker]
12-13 16:36:53.249  2652  2702 I AwareLog: SetThreadToVipGroup:: iawared vipgroup set pid[6670] Success!
12-13 16:36:53.249  2652  2702 I AwareLog: IsSplashThread threadName[6605][wmshell.main]
12-13 16:36:53.249  2652  2702 I AwareLog: SetThreadToVipGroup:: iawared vipgroup set pid[6605] Success!
12-13 16:36:53.260 16371 23621 I ReactNativeJS: '[PaywallScreen]  Initiating purchase:', 'yearly'
12-13 16:36:53.261 16371 23621 I ReactNativeJS: '[useSubscription]  Starting purchase:', 'yearly'
12-13 16:36:53.261 16371 23621 I ReactNativeJS: '[IAP Service]  Purchasing subscription:', 'yearly'
12-13 16:36:53.261 16371 23621 W ReactNativeJS: [IAP Service]  Product not in fetched list, using config fallback
12-13 16:36:53.261 16371 23621 I ReactNativeJS: [IAP Config]  Using REAL ANDROID product IDs
12-13 16:36:53.261 16371 23621 I ReactNativeJS: '[IAP Service]  Purchasing product ID:', 'yearly_premium_subscription'
12-13 16:36:53.261 16371 23621 I ReactNativeJS: '[IAP Service]  Platform:', 'android'
12-13 16:36:53.261 16371 23610 D RnIap   : fetchProducts payload: {"skus":["yearly_premium_subscription"],"type":"inapp"}
12-13 16:36:53.262 16371 23610 D RnIap   : initConnection payload: null
12-13 16:36:53.262 16371 23610 D RnIap   : initConnection result: true
12-13 16:36:53.262 16371 23610 D RnIap   : fetchProducts.native payload: {"skus":["yearly_premium_subscription"],"type":"in-app"}
12-13 16:36:53.275 16371 23610 D RnIap   : fetchProducts.native result: []
12-13 16:36:53.275 16371 23610 D RnIap   : fetchProducts result: []
12-13 16:36:53.283 16371 23621 I ReactNativeJS: [IAP Service]  Android: Calling requestPurchase...
12-13 16:36:53.283 16371 23621 W ReactNativeJS: [IAP Service]  No offer token found, attempting purchase without it
12-13 16:36:53.283 16371 23621 E ReactNativeJS: '[RN-IAP]', 'Failed to request purchase:', [Error: Missing purchase request configuration]
12-13 16:36:53.285 16371 23621 E ReactNativeJS: '[IAP Service]  Purchase error:', { [[react-native-iap]: PurchaseError: Missing purchase request configuration]
12-13 16:36:53.285 16371 23621 E ReactNativeJS:   name: '[react-native-iap]: PurchaseError',
12-13 16:36:53.285 16371 23621 E ReactNativeJS:   responseCode: undefined,
12-13 16:36:53.285 16371 23621 E ReactNativeJS:   debugMessage: undefined,
12-13 16:36:53.285 16371 23621 E ReactNativeJS:   code: 'unknown',
12-13 16:36:53.285 16371 23621 E ReactNativeJS:   productId: undefined,
12-13 16:36:53.285 16371 23621 E ReactNativeJS:   platform: undefined }
12-13 16:36:53.285 16371 23621 I ReactNativeJS: '[useSubscription]  Purchase failed:', 'Missing purchase request configuration'
12-13 16:36:53.285 16371 23622 E unknown:ReactNative: console.error: [RN-IAP] Failed to request purchase: Error: Missing purchase request configuration, js engine: hermes, stack:
12-13 16:36:53.285 16371 23622 E unknown:ReactNative: _construct@1:93452
12-13 16:36:53.285 16371 23622 E unknown:ReactNative: Wrapper@1:93106
12-13 16:36:53.285 16371 23622 E unknown:ReactNative: _callSuper@1:110274
12-13 16:36:53.285 16371 23622 E unknown:ReactNative: SyntheticError@1:111930
12-13 16:36:53.285 16371 23622 E unknown:ReactNative: reactConsoleErrorHandler@1:111541
12-13 16:36:53.285 16371 23622 E unknown:ReactNative: error@1:1583255
12-13 16:36:53.285 16371 23622 E unknown:ReactNative: ?anon_0_@1:1568438
12-13 16:36:53.285 16371 23622 E unknown:ReactNative: asyncGeneratorStep@1:641106
