12-13 16:33:12.540 17942 18033 I gatt-ScanHelper: onScanParamSetupCompleted() - scannerId=4, status=0, pkgName=com.google.uid.shared:10045
12-13 16:33:12.540 17942 18017 I bluetooth: register_client: Client registered
12-13 16:33:12.576   968   968 D lowmemorykiller: critical pressure event polling check
12-13 16:33:12.577   968   968 D lowmemorykiller: Not killing for critical pressure event polling check
12-13 16:33:12.601  2152 29800 I sensors-hal: handle_sns_std_sensor_event:150, ambient_light_event: ts=2202252960987673, lux = 131, raw_adc=217, raw_2=262
12-13 16:33:12.609  2141 18025 I vendor.qti.bluetooth@1.0-ibs_handler: ProcessIbsCmd: Received IBS_SLEEP_IND: 0xFE
12-13 16:33:12.720  2253  2377 W ServiceManagerCppClient: Waited one second for vendor.qti.qhcp.IQHDC/default (is service started? Number of threads started in the threadpool: 2. Are binder threads started and available?)
12-13 16:33:12.722   983 29977 W libc    : Unable to set property "ctl.interface_start" to "aidl/vendor.qti.qhcp.IQHDC/default": PROP_ERROR_HANDLE_CONTROL_MESSAGE (0x20)
12-13 16:33:12.768  2152 29800 I sensors-hal: handle_sns_std_sensor_event:150, ambient_light_event: ts=2202253126986527, lux = 127, raw_adc=210, raw_2=262
12-13 16:33:12.934  2152 29800 I sensors-hal: handle_sns_std_sensor_event:150, ambient_light_event: ts=2202253292988975, lux = 135, raw_adc=221, raw_2=262
12-13 16:33:13.100  2152 29800 I sensors-hal: handle_sns_std_sensor_event:150, ambient_light_event: ts=2202253458987413, lux = 129, raw_adc=214, raw_2=262
12-13 16:33:13.267  2152 29800 I sensors-hal: handle_sns_std_sensor_event:150, ambient_light_event: ts=2202253624989079, lux = 129, raw_adc=212, raw_2=262
12-13 16:33:13.363  2143  4070 W ServiceManagerCppClient: Waited one second for vendor.qti.qhcp.IQHDC/default (is service started? Number of threads started in the threadpool: 3. Are binder threads started and available?)
12-13 16:33:13.369   983 29978 W libc    : Unable to set property "ctl.interface_start" to "aidl/vendor.qti.qhcp.IQHDC/default": PROP_ERROR_HANDLE_CONTROL_MESSAGE (0x20)
12-13 16:33:13.433  2152 29800 I sensors-hal: handle_sns_std_sensor_event:150, ambient_light_event: ts=2202253790994183, lux = 135, raw_adc=220, raw_2=262
12-13 16:33:13.451   968   968 D lowmemorykiller: critical pressure event triggered
12-13 16:33:13.452   968   968 D lowmemorykiller: thrashing: 0% thrashing_limit: 60%
12-13 16:33:13.452   968   968 D lowmemorykiller: Not killing for critical pressure event trigger
12-13 16:33:13.499   968   968 D lowmemorykiller: critical pressure event polling check
12-13 16:33:13.500   968   968 D lowmemorykiller: thrashing: 0% thrashing_limit: 60%
12-13 16:33:13.500   968   968 D lowmemorykiller: Not killing for critical pressure event polling check
12-13 16:33:13.518  2510  6210 I WifiEnhanceMonitor: getPrimaryWifiInfo: primaryWifiInfo from WifiManager
12-13 16:33:13.535  9043  9043 I wpa_supplicant: nl80211: vendor command vendor_id=4980, subcmd=13
12-13 16:33:13.536  2710  2710 I cnss-daemon: nl80211 response handler invoked
12-13 16:33:13.536  2710  2710 I cnss-daemon: nl80211_response_handler: cmd 103, vendorID 4980, subcmd 13  received
12-13 16:33:13.536  8927  8995 I WifiHAL : event received NL80211_CMD_VENDOR, vendor_id = 0x1374, subcmd = 0xd
12-13 16:33:13.537  9043  9043 I wpa_supplicant: nl80211: Ignore unsupported QCA vendor event 13
12-13 16:33:13.569  2141 18029 I vendor.qti.bluetooth@1.0-ibs_handler: DeviceSleep: TX Awake, Sending SLEEP_IND
12-13 16:33:13.569  2141 18029 D vendor.qti.bluetooth@1.0-ibs_handler: SerialClockVote: vote for UART CLK OFF
12-13 16:33:13.598  2152 29800 I sensors-hal: handle_sns_std_sensor_event:150, ambient_light_event: ts=2202253956987152, lux = 124, raw_adc=208, raw_2=262
12-13 16:33:13.600   968   968 D lowmemorykiller: critical pressure event polling check
12-13 16:33:13.601   968   968 D lowmemorykiller: Not killing for critical pressure event polling check
12-13 16:33:13.699   968   968 D lowmemorykiller: critical pressure event polling check
12-13 16:33:13.700   968   968 D lowmemorykiller: thrashing: 0% thrashing_limit: 60%
12-13 16:33:13.701   968   968 D lowmemorykiller: Not killing for critical pressure event polling check
12-13 16:33:13.719  2141 18020 D vendor.qti.bluetooth@1.0-wake_lock: Release wakelock is released 
12-13 16:33:13.721  2253  2377 W ServiceManagerCppClient: Waited one second for vendor.qti.qhcp.IQHDC/default (is service started? Number of threads started in the threadpool: 2. Are binder threads started and available?)
12-13 16:33:13.724   983 29982 W libc    : Unable to set property "ctl.interface_start" to "aidl/vendor.qti.qhcp.IQHDC/default": PROP_ERROR_HANDLE_CONTROL_MESSAGE (0x20)
12-13 16:33:13.799   968   968 D lowmemorykiller: critical pressure event polling check
12-13 16:33:13.800   968   968 D lowmemorykiller: thrashing: 0% thrashing_limit: 60%
12-13 16:33:13.800   968   968 D lowmemorykiller: Not killing for critical pressure event polling check
12-13 16:33:13.900   968   968 D lowmemorykiller: critical pressure event polling check
12-13 16:33:13.901   968   968 D lowmemorykiller: thrashing: 0% thrashing_limit: 60%
12-13 16:33:13.902   968   968 D lowmemorykiller: Not killing for critical pressure event polling check
12-13 16:33:13.930  2152 29800 I sensors-hal: handle_sns_std_sensor_event:150, ambient_light_event: ts=2202254288989235, lux = 128, raw_adc=212, raw_2=262
12-13 16:33:14.002   968   968 D lowmemorykiller: critical pressure event polling check
12-13 16:33:14.003   968   968 D lowmemorykiller: thrashing: 0% thrashing_limit: 60%
12-13 16:33:14.004   968   968 D lowmemorykiller: Not killing for critical pressure event polling check
12-13 16:33:14.009  2152 22653 I sensors-hal: handle_sns_client_event:442, accel_sample(accelcal_available:0): ts=2202254254345173 ns; value = [0.235864, 0.211834, 9.571302], status=3
12-13 16:33:14.096  2152 29800 I sensors-hal: handle_sns_std_sensor_event:150, ambient_light_event: ts=2202254454987152, lux = 131, raw_adc=219, raw_2=262
12-13 16:33:14.105   968   968 D lowmemorykiller: critical pressure event polling check
12-13 16:33:14.105   968   968 D lowmemorykiller: thrashing: 0% thrashing_limit: 60%
12-13 16:33:14.105   968   968 D lowmemorykiller: Not killing for critical pressure event polling check
12-13 16:33:14.203   968   968 D lowmemorykiller: critical pressure event polling check
12-13 16:33:14.204   968   968 D lowmemorykiller: thrashing: 0% thrashing_limit: 60%
12-13 16:33:14.204   968   968 D lowmemorykiller: Not killing for critical pressure event polling check
12-13 16:33:14.234  6822  7307 D Booster_TelephonyState: updateLteSignalStrengthFromProp[1], lteRsrp:-94 lteRsrq:-15 lteSinr:3
12-13 16:33:14.262  2152 29800 I sensors-hal: handle_sns_std_sensor_event:150, ambient_light_event: ts=2202254620986006, lux = 126, raw_adc=210, raw_2=262
12-13 16:33:14.304   968   968 D lowmemorykiller: critical pressure event polling check
12-13 16:33:14.305   968   968 D lowmemorykiller: thrashing: 0% thrashing_limit: 60%
12-13 16:33:14.305   968   968 D lowmemorykiller: Not killing for critical pressure event polling check
12-13 16:33:14.367  2143  4070 W ServiceManagerCppClient: Waited one second for vendor.qti.qhcp.IQHDC/default (is service started? Number of threads started in the threadpool: 3. Are binder threads started and available?)
12-13 16:33:14.370   983 29983 W libc    : Unable to set property "ctl.interface_start" to "aidl/vendor.qti.qhcp.IQHDC/default": PROP_ERROR_HANDLE_CONTROL_MESSAGE (0x20)
12-13 16:33:14.403   968   968 D lowmemorykiller: critical pressure event polling check
12-13 16:33:14.404   968   968 D lowmemorykiller: thrashing: 0% thrashing_limit: 60%
12-13 16:33:14.404   968   968 D lowmemorykiller: Not killing for critical pressure event polling check
12-13 16:33:14.429  2152 29800 I sensors-hal: handle_sns_std_sensor_event:150, ambient_light_event: ts=2202254786989235, lux = 129, raw_adc=214, raw_2=262
12-13 16:33:14.495   968   968 D lowmemorykiller: critical pressure event triggered
12-13 16:33:14.495   968   968 D lowmemorykiller: thrashing: 0% thrashing_limit: 60%
12-13 16:33:14.496   968   968 D lowmemorykiller: Not killing for critical pressure event trigger
12-13 16:33:14.509  2510  4682 I HwBatteryService: power_ui state= 1 mQuickChargeStatus=1
12-13 16:33:14.510  2510  4682 I HwBatteryService: handleWirelessTxStatus
12-13 16:33:14.510  2510  4682 I HwBatteryService: switch not open, return, mWirelessTxFlag : 0
12-13 16:33:14.510  2510  4682 W HwBatteryService: need return. Invalid value: -1
12-13 16:33:14.510  2510  4682 D HwBatteryService: setHwChargeTimeRemaining, time = -1 String time: -1
12-13 16:33:14.514  2510  7084 I BatteryService: Processing new values: info={chargerAcOnline=false,chargerUsbOnline=true,chargerWirelessOnline=false,maxChargingCurrent=500000,maxChargingVoltage=5000000,batteryStatus=2=CHARGING,batteryHealth=2=GOOD,batteryPresent=true,batteryLevel=59,batteryVoltage=4010,batteryTemperature=341,batteryFullCharge=6590000,batteryChargeCounter=3500000,batteryTechnology=Unknown,batteryCapacityLevel=3=NORMAL,chargerDockOnline=false}, mBatteryLevelCritical=false, mPlugType=2, mLastPlugType=2
12-13 16:33:14.514  2510  7084 I BatteryService: check conditions changed
12-13 16:33:14.515  2510  7084 I BatteryService: Processing new values: info={chargerAcOnline=false,chargerUsbOnline=true,chargerWirelessOnline=false,maxChargingCurrent=500000,maxChargingVoltage=5000000,batteryStatus=2=CHARGING,batteryHealth=2=GOOD,batteryPresent=true,batteryLevel=59,batteryVoltage=4010,batteryTemperature=341,batteryFullCharge=6590000,batteryChargeCounter=3500000,batteryTechnology=Unknown,batteryCapacityLevel=3=NORMAL,chargerDockOnline=false}, mBatteryLevelCritical=false, mPlugType=2, mLastPlugType=2
12-13 16:33:14.516  2510  7084 I BatteryService: check conditions changed
12-13 16:33:14.517  2510  7024 I AlarmManager: remove alarm reason:1 alarms:[Alarm{1a36f37 type 3 origWhen 317562247799 whenElapsed 317562247799 PendingIntent{3f7e8db: PendingIntentRecord{de30f78 com.google.android.gms/com.google.android.gms.container startService}} com.google.android.gms procName com.google.android.gms.persistent}]
12-13 16:33:14.539  2510  7024 I AlarmManager: remove alarm reason:1 alarms:[Alarm{a034ca4 type 3 origWhen 317562247813 whenElapsed 317562247813 PendingIntent{4745590: PendingIntentRecord{4fa7e89 com.google.android.gms/com.google.android.gms.container startService}} com.google.android.gms procName com.google.android.gms}]
12-13 16:33:14.546  2510  6210 E HwQoEJNI: sendQoeCmd. open monitor_fd error
12-13 16:33:14.546  2510  6210 E TcpInfoMonitor: error, current tcpInfo result is null!
12-13 16:33:14.594  2152 29800 I sensors-hal: handle_sns_std_sensor_event:150, ambient_light_event: ts=2202254952990277, lux = 131, raw_adc=219, raw_2=262
12-13 16:33:14.595   968   968 D lowmemorykiller: critical pressure event polling check
12-13 16:33:14.596   968   968 D lowmemorykiller: thrashing: 0% thrashing_limit: 60%
12-13 16:33:14.596   968   968 D lowmemorykiller: Not killing for critical pressure event polling check
12-13 16:33:14.696   968   968 D lowmemorykiller: critical pressure event polling check
12-13 16:33:14.697   968   968 D lowmemorykiller: Not killing for critical pressure event polling check
12-13 16:33:14.723  2253  2377 W ServiceManagerCppClient: Waited one second for vendor.qti.qhcp.IQHDC/default (is service started? Number of threads started in the threadpool: 2. Are binder threads started and available?)
12-13 16:33:14.727   983 29984 W libc    : Unable to set property "ctl.interface_start" to "aidl/vendor.qti.qhcp.IQHDC/default": PROP_ERROR_HANDLE_CONTROL_MESSAGE (0x20)
12-13 16:33:14.760  2152 29800 I sensors-hal: handle_sns_std_sensor_event:150, ambient_light_event: ts=2202255118994444, lux = 128, raw_adc=211, raw_2=262
12-13 16:33:14.795   968   968 D lowmemorykiller: critical pressure event polling check
12-13 16:33:14.796   968   968 D lowmemorykiller: thrashing: 0% thrashing_limit: 60%
12-13 16:33:14.796   968   968 D lowmemorykiller: Not killing for critical pressure event polling check
12-13 16:33:14.848  2510  7024 I BatteryService: Processing new values: info={chargerAcOnline=false,chargerUsbOnline=true,chargerWirelessOnline=false,maxChargingCurrent=500000,maxChargingVoltage=5000000,batteryStatus=2=CHARGING,batteryHealth=2=GOOD,batteryPresent=true,batteryLevel=59,batteryVoltage=4011,batteryTemperature=341,batteryFullCharge=6590000,batteryChargeCounter=3500000,batteryTechnology=Unknown,batteryCapacityLevel=3=NORMAL,chargerDockOnline=false}, mBatteryLevelCritical=false, mPlugType=2, mLastPlugType=2
12-13 16:33:14.849  2510  7024 I BatteryService: check conditions changed
12-13 16:33:14.850  2510  7024 I BatteryService: Processing new values: info={chargerAcOnline=false,chargerUsbOnline=true,chargerWirelessOnline=false,maxChargingCurrent=500000,maxChargingVoltage=5000000,batteryStatus=2=CHARGING,batteryHealth=2=GOOD,batteryPresent=true,batteryLevel=59,batteryVoltage=4011,batteryTemperature=341,batteryFullCharge=6590000,batteryChargeCounter=3500000,batteryTechnology=Unknown,batteryCapacityLevel=3=NORMAL,chargerDockOnline=false}, mBatteryLevelCritical=false, mPlugType=2, mLastPlugType=2
12-13 16:33:14.850  2510  7024 I BatteryService: check conditions changed
12-13 16:33:14.899   968   968 D lowmemorykiller: critical pressure event polling check
12-13 16:33:14.899   968   968 D lowmemorykiller: thrashing: 0% thrashing_limit: 60%
12-13 16:33:14.900   968   968 D lowmemorykiller: Not killing for critical pressure event polling check
12-13 16:33:14.926  2152 29800 I sensors-hal: handle_sns_std_sensor_event:150, ambient_light_event: ts=2202255284990277, lux = 130, raw_adc=215, raw_2=262
12-13 16:33:14.927  2510  6210 E HwQoEJNI: sendQoeCmd. open monitor_fd error
12-13 16:33:15.000   968   968 D lowmemorykiller: critical pressure event polling check
12-13 16:33:15.001   968   968 D lowmemorykiller: thrashing: 0% thrashing_limit: 60%
12-13 16:33:15.001   968   968 D lowmemorykiller: Not killing for critical pressure event polling check
12-13 16:33:15.088  6963 24758 I HSC_SEC_AI_PLUGIN_FreeVirusUtils: isChargingBattery status2
12-13 16:33:15.090  6963 24758 I HSC_SEC_AI_PLUGIN_FreeTimeScanUtils: free time scan event report: {"WIFI_CONNECTED_STATUS":"1","SCREEN_STATUS":"0","TEMPERATURE_STATUS":"0","START_TIME":"1765614435082","LASTING_TIME":"6"}
12-13 16:33:15.092  2152 29800 I sensors-hal: handle_sns_std_sensor_event:150, ambient_light_event: ts=2202255450988715, lux = 130, raw_adc=214, raw_2=262
12-13 16:33:15.099   968   968 D lowmemorykiller: critical pressure event polling check
12-13 16:33:15.100   968   968 D lowmemorykiller: thrashing: 0% thrashing_limit: 60%
12-13 16:33:15.100   968   968 D lowmemorykiller: Not killing for critical pressure event polling check
12-13 16:33:15.144  2510  7084 I AlarmManager: remove alarm reason:1 alarms:[Alarm{f99ca0d type 2 origWhen 2202848439 whenElapsed 2202848439 PendingIntent{191f377: PendingIntentRecord{86d7eab com.whatsapp broadcastIntent}} com.whatsapp procName com.whatsapp}]
12-13 16:33:15.199   968   968 D lowmemorykiller: critical pressure event polling check
12-13 16:33:15.200   968   968 D lowmemorykiller: thrashing: 0% thrashing_limit: 60%
12-13 16:33:15.200   968   968 D lowmemorykiller: Not killing for critical pressure event polling check
12-13 16:33:15.258  2152 29800 I sensors-hal: handle_sns_std_sensor_event:150, ambient_light_event: ts=2202255616985798, lux = 129, raw_adc=214, raw_2=262
12-13 16:33:15.300   968   968 D lowmemorykiller: critical pressure event polling check
12-13 16:33:15.301   968   968 D lowmemorykiller: thrashing: 0% thrashing_limit: 60%
12-13 16:33:15.301   968   968 D lowmemorykiller: Not killing for critical pressure event polling check
12-13 16:33:15.368  2143  4070 W ServiceManagerCppClient: Waited one second for vendor.qti.qhcp.IQHDC/default (is service started? Number of threads started in the threadpool: 3. Are binder threads started and available?)
12-13 16:33:15.371   983 29989 W libc    : Unable to set property "ctl.interface_start" to "aidl/vendor.qti.qhcp.IQHDC/default": PROP_ERROR_HANDLE_CONTROL_MESSAGE (0x20)
12-13 16:33:15.399   968   968 D lowmemorykiller: critical pressure event polling check
12-13 16:33:15.400   968   968 D lowmemorykiller: thrashing: 0% thrashing_limit: 60%
12-13 16:33:15.400   968   968 D lowmemorykiller: Not killing for critical pressure event polling check
12-13 16:33:15.499   968   968 D lowmemorykiller: critical pressure event polling check
12-13 16:33:15.500   968   968 D lowmemorykiller: thrashing: 0% thrashing_limit: 60%
12-13 16:33:15.500   968   968 D lowmemorykiller: Not killing for critical pressure event polling check
12-13 16:33:15.539  9043  9043 I wpa_supplicant: nl80211: vendor command vendor_id=4980, subcmd=13
12-13 16:33:15.550  8927  8995 I WifiHAL : event received NL80211_CMD_VENDOR, vendor_id = 0x1374, subcmd = 0xd
12-13 16:33:15.550  2710  2710 I cnss-daemon: nl80211 response handler invoked
12-13 16:33:15.550  2710  2710 I cnss-daemon: nl80211_response_handler: cmd 103, vendorID 4980, subcmd 13  received
12-13 16:33:15.551  9043  9043 I wpa_supplicant: nl80211: Ignore unsupported QCA vendor event 13
12-13 16:33:15.558  9086 14492 W msys    : W[I wam]_WAMTransportPrivateLogUploadMessageWithDefaultLevel(52)=>privatestats/wameta/transport/connection_unavailable - stopping timer
12-13 16:33:15.561  2510  7084 I AlarmManager: remove alarm reason:1 alarms:[Alarm{3192dc2 type 3 origWhen 2202262997 whenElapsed 2202262997 PendingIntent{6793908: PendingIntentRecord{52de8a1 com.whatsapp broadcastIntent}} com.whatsapp procName com.whatsapp}]
12-13 16:33:15.565  2510  2784 I WifiEnhanceMonitor: notifyUidStateChanged
12-13 16:33:15.566  2278 14985 D AudioPolicyService: getUidState(10301) cacheIter->second.first, return cacheIter->second.second(10)
12-13 16:33:15.592  2152 29800 I sensors-hal: handle_sns_std_sensor_event:150, ambient_light_event: ts=2202255948988975, lux = 130, raw_adc=217, raw_2=262
12-13 16:33:15.679  2634  2634 E Thermal-daemon:hn_thermal: [ap] tempNew :36  tempOld :35
12-13 16:33:15.724  2253  2377 W ServiceManagerCppClient: Waited one second for vendor.qti.qhcp.IQHDC/default (is service started? Number of threads started in the threadpool: 2. Are binder threads started and available?)
12-13 16:33:15.727   983 29990 W libc    : Unable to set property "ctl.interface_start" to "aidl/vendor.qti.qhcp.IQHDC/default": PROP_ERROR_HANDLE_CONTROL_MESSAGE (0x20)
12-13 16:33:15.759  2152 29800 I sensors-hal: handle_sns_std_sensor_event:150, ambient_light_event: ts=2202256114988715, lux = 135, raw_adc=221, raw_2=262
12-13 16:33:15.927  2152 29800 I sensors-hal: handle_sns_std_sensor_event:150, ambient_light_event: ts=2202256280987413, lux = 127, raw_adc=213, raw_2=262
12-13 16:33:15.995 18358 18367 I tencent.mm:push: Background young concurrent mark compact GC freed 7639KB AllocSpace bytes, 4(80KB) LOS objects, 49% free, 7164KB/13MB, paused 1.270ms,5.247ms total 81.780ms
12-13 16:33:16.088  2152 29800 I sensors-hal: handle_sns_std_sensor_event:150, ambient_light_event: ts=2202256446986631, lux = 131, raw_adc=217, raw_2=262
