12-13 16:37:18.159  1242  7108 I android.system.suspend-service: decSuspendCounter-- success,name:PowerManagerService.WakeLocks mUseSuspendCounter:1 mSuspendCounter:3: Success
12-13 16:37:18.165  2286  2286 I HwcComposer: AidlComposer set brightness to 0.181197, set brightnessNits to -1.000000
12-13 16:37:18.169  2510  6385 I DisplayManagerService: state: 2, currentState: 2
12-13 16:37:18.170  2286  2403 I SurfaceFlinger: AIDL set brightness to DisplayBrightness{sdrWhitePoint: 0.180464, sdrWhitePointNits: -1.000000, displayBrightness: 0.180464, displayBrightnessNits: -1.000000, localBrightness: 0.192166, localBrightnessNits: -1.000000} from pid = 2510
12-13 16:37:18.170  2286  2286 D SurfaceFlinger: Before Extend DC Nits is -1.000000, Brightness is 0.180464
12-13 16:37:18.170  2286  2286 D SurfaceFlinger: After Extend DC Nits is -1.000000, Brightness is 0.180464
12-13 16:37:18.171  2510  6385 I DisplayDeviceConfig: hasSdrToHdrRatioSpline = false
12-13 16:37:18.172  9043  9043 I wpa_supplicant: nl80211: vendor command vendor_id=4980, subcmd=13
12-13 16:37:18.176  2710  2710 I cnss-daemon: nl80211 response handler invoked
12-13 16:37:18.177  8927  8995 I WifiHAL : event received NL80211_CMD_VENDOR, vendor_id = 0x1374, subcmd = 0xd
12-13 16:37:18.177  2710  2710 I cnss-daemon: nl80211_response_handler: cmd 103, vendorID 4980, subcmd 13  received
12-13 16:37:18.177  9043  9043 I wpa_supplicant: nl80211: Ignore unsupported QCA vendor event 13
12-13 16:37:18.181  2286  2286 I HwcComposer: AidlComposer set brightness to 0.180464, set brightnessNits to -1.000000
12-13 16:37:18.185  2510  6385 I DisplayManagerService: state: 2, currentState: 2
12-13 16:37:18.186  2286  2298 I SurfaceFlinger: AIDL set brightness to DisplayBrightness{sdrWhitePoint: 0.179487, sdrWhitePointNits: -1.000000, displayBrightness: 0.179487, displayBrightnessNits: -1.000000, localBrightness: 0.191261, localBrightnessNits: -1.000000} from pid = 2510
12-13 16:37:18.186  2286  2286 D SurfaceFlinger: Before Extend DC Nits is -1.000000, Brightness is 0.179487
12-13 16:37:18.186  2286  2286 D SurfaceFlinger: After Extend DC Nits is -1.000000, Brightness is 0.179487
12-13 16:37:18.186  2510  6385 I DisplayDeviceConfig: hasSdrToHdrRatioSpline = false
12-13 16:37:18.198  2286  2286 I HwcComposer: AidlComposer set brightness to 0.179487, set brightnessNits to -1.000000
12-13 16:37:18.201  2510  6385 I DisplayManagerService: state: 2, currentState: 2
12-13 16:37:18.202  2286  2403 I SurfaceFlinger: AIDL set brightness to DisplayBrightness{sdrWhitePoint: 0.178510, sdrWhitePointNits: -1.000000, displayBrightness: 0.178510, displayBrightnessNits: -1.000000, localBrightness: 0.190355, localBrightnessNits: -1.000000} from pid = 2510
12-13 16:37:18.202  2286  2286 D SurfaceFlinger: Before Extend DC Nits is -1.000000, Brightness is 0.178510
12-13 16:37:18.202  2286  2286 D SurfaceFlinger: After Extend DC Nits is -1.000000, Brightness is 0.178510
12-13 16:37:18.202  2510  6385 I DisplayDeviceConfig: hasSdrToHdrRatioSpline = false
12-13 16:37:18.215  2286  2286 I HwcComposer: AidlComposer set brightness to 0.178510, set brightnessNits to -1.000000
12-13 16:37:18.218  2510  6385 I DisplayManagerService: state: 2, currentState: 2
12-13 16:37:18.220  2286  2403 I SurfaceFlinger: AIDL set brightness to DisplayBrightness{sdrWhitePoint: 0.177534, sdrWhitePointNits: -1.000000, displayBrightness: 0.177534, displayBrightnessNits: -1.000000, localBrightness: 0.189450, localBrightnessNits: -1.000000} from pid = 2510
12-13 16:37:18.220  2286  2286 D SurfaceFlinger: Before Extend DC Nits is -1.000000, Brightness is 0.177534
12-13 16:37:18.220  2286  2286 D SurfaceFlinger: After Extend DC Nits is -1.000000, Brightness is 0.177534
12-13 16:37:18.220  2510  6385 I DisplayDeviceConfig: hasSdrToHdrRatioSpline = false
12-13 16:37:18.232  2286  2286 I HwcComposer: AidlComposer set brightness to 0.177534, set brightnessNits to -1.000000
12-13 16:37:18.235  2510  6385 I DisplayManagerService: state: 2, currentState: 2
12-13 16:37:18.236  2286  2403 I SurfaceFlinger: AIDL set brightness to DisplayBrightness{sdrWhitePoint: 0.176557, sdrWhitePointNits: -1.000000, displayBrightness: 0.176557, displayBrightnessNits: -1.000000, localBrightness: 0.188544, localBrightnessNits: -1.000000} from pid = 2510
12-13 16:37:18.237  2286  2286 D SurfaceFlinger: Before Extend DC Nits is -1.000000, Brightness is 0.176557
12-13 16:37:18.237  2286  2286 D SurfaceFlinger: After Extend DC Nits is -1.000000, Brightness is 0.176557
12-13 16:37:18.237  2510  6385 I DisplayDeviceConfig: hasSdrToHdrRatioSpline = false
12-13 16:37:18.238  2152 30998 I sensors-hal: handle_sns_std_sensor_event:150, ambient_light_event: ts=2202498597450342, lux = 136, raw_adc=228, raw_2=262
12-13 16:37:18.248  2286  2286 I HwcComposer: AidlComposer set brightness to 0.176557, set brightnessNits to -1.000000
12-13 16:37:18.253  2510  6385 I DisplayManagerService: state: 2, currentState: 2
12-13 16:37:18.254  2286  6283 I SurfaceFlinger: AIDL set brightness to DisplayBrightness{sdrWhitePoint: 0.175580, sdrWhitePointNits: -1.000000, displayBrightness: 0.175580, displayBrightnessNits: -1.000000, localBrightness: 0.187639, localBrightnessNits: -1.000000} from pid = 2510
12-13 16:37:18.254  2286  2286 D SurfaceFlinger: Before Extend DC Nits is -1.000000, Brightness is 0.175580
12-13 16:37:18.254  2286  2286 D SurfaceFlinger: After Extend DC Nits is -1.000000, Brightness is 0.175580
12-13 16:37:18.255  2510  6385 I DisplayDeviceConfig: hasSdrToHdrRatioSpline = false
12-13 16:37:18.265  2286  2286 I HwcComposer: AidlComposer set brightness to 0.175580, set brightnessNits to -1.000000
12-13 16:37:18.273  2510  6385 I DisplayManagerService: state: 2, currentState: 2
12-13 16:37:18.275  2286  2403 I SurfaceFlinger: AIDL set brightness to DisplayBrightness{sdrWhitePoint: 0.174847, sdrWhitePointNits: -1.000000, displayBrightness: 0.174847, displayBrightnessNits: -1.000000, localBrightness: 0.186733, localBrightnessNits: -1.000000} from pid = 2510
12-13 16:37:18.276  2286  2286 D SurfaceFlinger: Before Extend DC Nits is -1.000000, Brightness is 0.174847
12-13 16:37:18.276  2286  2286 D SurfaceFlinger: After Extend DC Nits is -1.000000, Brightness is 0.174847
12-13 16:37:18.276  2510  6385 I DisplayDeviceConfig: hasSdrToHdrRatioSpline = false
12-13 16:37:18.282  2286  2286 I HwcComposer: AidlComposer set brightness to 0.174847, set brightnessNits to -1.000000
12-13 16:37:18.288  2510  6385 I DisplayManagerService: state: 2, currentState: 2
12-13 16:37:18.289  2286  6283 I SurfaceFlinger: AIDL set brightness to DisplayBrightness{sdrWhitePoint: 0.173871, sdrWhitePointNits: -1.000000, displayBrightness: 0.173871, displayBrightnessNits: -1.000000, localBrightness: 0.185827, localBrightnessNits: -1.000000} from pid = 2510
12-13 16:37:18.290  2286  2286 D SurfaceFlinger: Before Extend DC Nits is -1.000000, Brightness is 0.173871
12-13 16:37:18.290  2286  2286 D SurfaceFlinger: After Extend DC Nits is -1.000000, Brightness is 0.173871
12-13 16:37:18.291  2510  6385 I DisplayDeviceConfig: hasSdrToHdrRatioSpline = false
12-13 16:37:18.299  2286  2286 I HwcComposer: AidlComposer set brightness to 0.173871, set brightnessNits to -1.000000
12-13 16:37:18.304  2510  6385 I DisplayManagerService: state: 2, currentState: 2
12-13 16:37:18.306  2286  2403 I SurfaceFlinger: AIDL set brightness to DisplayBrightness{sdrWhitePoint: 0.172894, sdrWhitePointNits: -1.000000, displayBrightness: 0.172894, displayBrightnessNits: -1.000000, localBrightness: 0.184922, localBrightnessNits: -1.000000} from pid = 2510
12-13 16:37:18.307  2286  2286 D SurfaceFlinger: Before Extend DC Nits is -1.000000, Brightness is 0.172894
12-13 16:37:18.307  2286  2286 D SurfaceFlinger: After Extend DC Nits is -1.000000, Brightness is 0.172894
12-13 16:37:18.308  2510  6385 I DisplayDeviceConfig: hasSdrToHdrRatioSpline = false
12-13 16:37:18.316  2286  2286 I HwcComposer: AidlComposer set brightness to 0.172894, set brightnessNits to -1.000000
12-13 16:37:18.322  2510  6385 I DisplayManagerService: state: 2, currentState: 2
12-13 16:37:18.324  2286  6283 I SurfaceFlinger: AIDL set brightness to DisplayBrightness{sdrWhitePoint: 0.171917, sdrWhitePointNits: -1.000000, displayBrightness: 0.171917, displayBrightnessNits: -1.000000, localBrightness: 0.184016, localBrightnessNits: -1.000000} from pid = 2510
12-13 16:37:18.324  2286  2286 D SurfaceFlinger: Before Extend DC Nits is -1.000000, Brightness is 0.171917
12-13 16:37:18.325  2286  2286 D SurfaceFlinger: After Extend DC Nits is -1.000000, Brightness is 0.171917
12-13 16:37:18.326  2510  6385 I DisplayDeviceConfig: hasSdrToHdrRatioSpline = false
12-13 16:37:18.332  2286  2286 I HwcComposer: AidlComposer set brightness to 0.171917, set brightnessNits to -1.000000
12-13 16:37:18.337  2510  6385 I DisplayManagerService: state: 2, currentState: 2
12-13 16:37:18.338  2286  2298 I SurfaceFlinger: AIDL set brightness to DisplayBrightness{sdrWhitePoint: 0.171184, sdrWhitePointNits: -1.000000, displayBrightness: 0.171184, displayBrightnessNits: -1.000000, localBrightness: 0.183111, localBrightnessNits: -1.000000} from pid = 2510
12-13 16:37:18.339  2286  2286 D SurfaceFlinger: Before Extend DC Nits is -1.000000, Brightness is 0.171184
12-13 16:37:18.339  2286  2286 D SurfaceFlinger: After Extend DC Nits is -1.000000, Brightness is 0.171184
12-13 16:37:18.340  2510  6385 I DisplayDeviceConfig: hasSdrToHdrRatioSpline = false
12-13 16:37:18.349  2286  2286 I HwcComposer: AidlComposer set brightness to 0.171184, set brightnessNits to -1.000000
12-13 16:37:18.357  2510  6385 I DisplayManagerService: state: 2, currentState: 2
12-13 16:37:18.358  2286  2298 I SurfaceFlinger: AIDL set brightness to DisplayBrightness{sdrWhitePoint: 0.170208, sdrWhitePointNits: -1.000000, displayBrightness: 0.170208, displayBrightnessNits: -1.000000, localBrightness: 0.182205, localBrightnessNits: -1.000000} from pid = 2510
12-13 16:37:18.359  2286  2286 D SurfaceFlinger: Before Extend DC Nits is -1.000000, Brightness is 0.170208
12-13 16:37:18.359  2286  2286 D SurfaceFlinger: After Extend DC Nits is -1.000000, Brightness is 0.170208
12-13 16:37:18.360  2510  6385 I DisplayDeviceConfig: hasSdrToHdrRatioSpline = false
12-13 16:37:18.366  2286  2286 I HwcComposer: AidlComposer set brightness to 0.170208, set brightnessNits to -1.000000
12-13 16:37:18.372  2510  6385 I DisplayManagerService: state: 2, currentState: 2
12-13 16:37:18.374  2286  6283 I SurfaceFlinger: AIDL set brightness to DisplayBrightness{sdrWhitePoint: 0.169231, sdrWhitePointNits: -1.000000, displayBrightness: 0.169231, displayBrightnessNits: -1.000000, localBrightness: 0.181300, localBrightnessNits: -1.000000} from pid = 2510
12-13 16:37:18.374  2286  2286 D SurfaceFlinger: Before Extend DC Nits is -1.000000, Brightness is 0.169231
12-13 16:37:18.374  2286  2286 D SurfaceFlinger: After Extend DC Nits is -1.000000, Brightness is 0.169231
12-13 16:37:18.375  2510  6385 I DisplayDeviceConfig: hasSdrToHdrRatioSpline = false
12-13 16:37:18.382  2286  2286 I HwcComposer: AidlComposer set brightness to 0.169231, set brightnessNits to -1.000000
12-13 16:37:18.387  2510  6385 I DisplayManagerService: state: 2, currentState: 2
12-13 16:37:18.389  2286  6283 I SurfaceFlinger: AIDL set brightness to DisplayBrightness{sdrWhitePoint: 0.168498, sdrWhitePointNits: -1.000000, displayBrightness: 0.168498, displayBrightnessNits: -1.000000, localBrightness: 0.180394, localBrightnessNits: -1.000000} from pid = 2510
12-13 16:37:18.389  2286  2286 D SurfaceFlinger: Before Extend DC Nits is -1.000000, Brightness is 0.168498
12-13 16:37:18.389  2286  2286 D SurfaceFlinger: After Extend DC Nits is -1.000000, Brightness is 0.168498
12-13 16:37:18.390  2510  6385 I DisplayDeviceConfig: hasSdrToHdrRatioSpline = false
12-13 16:37:18.399  2286  2286 I HwcComposer: AidlComposer set brightness to 0.168498, set brightnessNits to -1.000000
12-13 16:37:18.405  2510  6385 I DisplayManagerService: state: 2, currentState: 2
12-13 16:37:18.406  2152 30998 I sensors-hal: handle_sns_std_sensor_event:150, ambient_light_event: ts=2202498763454456, lux = 137, raw_adc=231, raw_2=262
12-13 16:37:18.406  2286  6283 I SurfaceFlinger: AIDL set brightness to DisplayBrightness{sdrWhitePoint: 0.167521, sdrWhitePointNits: -1.000000, displayBrightness: 0.167521, displayBrightnessNits: -1.000000, localBrightness: 0.179489, localBrightnessNits: -1.000000} from pid = 2510
12-13 16:37:18.407  2286  2286 D SurfaceFlinger: Before Extend DC Nits is -1.000000, Brightness is 0.167521
12-13 16:37:18.407  2286  2286 D SurfaceFlinger: After Extend DC Nits is -1.000000, Brightness is 0.167521
12-13 16:37:18.408  2510  6385 I DisplayDeviceConfig: hasSdrToHdrRatioSpline = false
12-13 16:37:18.416  2286  2286 I HwcComposer: AidlComposer set brightness to 0.167521, set brightnessNits to -1.000000
12-13 16:37:18.420  2510  6385 I DisplayManagerService: state: 2, currentState: 2
12-13 16:37:18.422  2286  6283 I SurfaceFlinger: AIDL set brightness to DisplayBrightness{sdrWhitePoint: 0.166545, sdrWhitePointNits: -1.000000, displayBrightness: 0.166545, displayBrightnessNits: -1.000000, localBrightness: 0.178583, localBrightnessNits: -1.000000} from pid = 2510
12-13 16:37:18.422  2286  2286 D SurfaceFlinger: Before Extend DC Nits is -1.000000, Brightness is 0.166545
12-13 16:37:18.422  2286  2286 D SurfaceFlinger: After Extend DC Nits is -1.000000, Brightness is 0.166545
12-13 16:37:18.423  2510  6385 I DisplayDeviceConfig: hasSdrToHdrRatioSpline = false
12-13 16:37:18.433  2286  2286 I HwcComposer: AidlComposer set brightness to 0.166545, set brightnessNits to -1.000000
12-13 16:37:18.440  2510  6385 I DisplayManagerService: state: 2, currentState: 2
12-13 16:37:18.441  2286  6283 I SurfaceFlinger: AIDL set brightness to DisplayBrightness{sdrWhitePoint: 0.165568, sdrWhitePointNits: -1.000000, displayBrightness: 0.165568, displayBrightnessNits: -1.000000, localBrightness: 0.177678, localBrightnessNits: -1.000000} from pid = 2510
12-13 16:37:18.441  2286  2286 D SurfaceFlinger: Before Extend DC Nits is -1.000000, Brightness is 0.165568
12-13 16:37:18.441  2286  2286 D SurfaceFlinger: After Extend DC Nits is -1.000000, Brightness is 0.165568
12-13 16:37:18.442  2510  6385 I DisplayDeviceConfig: hasSdrToHdrRatioSpline = false
12-13 16:37:18.449  2286  2286 I HwcComposer: AidlComposer set brightness to 0.165568, set brightnessNits to -1.000000
12-13 16:37:18.455  2510  6385 I DisplayManagerService: state: 2, currentState: 2
12-13 16:37:18.456  2286  2300 I SurfaceFlinger: AIDL set brightness to DisplayBrightness{sdrWhitePoint: 0.164835, sdrWhitePointNits: -1.000000, displayBrightness: 0.164835, displayBrightnessNits: -1.000000, localBrightness: 0.176772, localBrightnessNits: -1.000000} from pid = 2510
12-13 16:37:18.456  2286  2286 D SurfaceFlinger: Before Extend DC Nits is -1.000000, Brightness is 0.164835
12-13 16:37:18.457  2286  2286 D SurfaceFlinger: After Extend DC Nits is -1.000000, Brightness is 0.164835
12-13 16:37:18.457  2510  6385 I DisplayDeviceConfig: hasSdrToHdrRatioSpline = false
12-13 16:37:18.466  2286  2286 I HwcComposer: AidlComposer set brightness to 0.164835, set brightnessNits to -1.000000
12-13 16:37:18.472  2510  6385 I DisplayManagerService: state: 2, currentState: 2
12-13 16:37:18.473  2286  2300 I SurfaceFlinger: AIDL set brightness to DisplayBrightness{sdrWhitePoint: 0.163858, sdrWhitePointNits: -1.000000, displayBrightness: 0.163858, displayBrightnessNits: -1.000000, localBrightness: 0.175867, localBrightnessNits: -1.000000} from pid = 2510
12-13 16:37:18.473  2286  2286 D SurfaceFlinger: Before Extend DC Nits is -1.000000, Brightness is 0.163858
12-13 16:37:18.473  2286  2286 D SurfaceFlinger: After Extend DC Nits is -1.000000, Brightness is 0.163858
12-13 16:37:18.474  2510  6385 I DisplayDeviceConfig: hasSdrToHdrRatioSpline = false
12-13 16:37:18.482  2286  2286 I HwcComposer: AidlComposer set brightness to 0.163858, set brightnessNits to -1.000000
12-13 16:37:18.489  2510  6385 I DisplayManagerService: state: 2, currentState: 2
12-13 16:37:18.490  2286  6283 I SurfaceFlinger: AIDL set brightness to DisplayBrightness{sdrWhitePoint: 0.162882, sdrWhitePointNits: -1.000000, displayBrightness: 0.162882, displayBrightnessNits: -1.000000, localBrightness: 0.174961, localBrightnessNits: -1.000000} from pid = 2510
12-13 16:37:18.490  2286  2286 D SurfaceFlinger: Before Extend DC Nits is -1.000000, Brightness is 0.162882
12-13 16:37:18.490  2286  2286 D SurfaceFlinger: After Extend DC Nits is -1.000000, Brightness is 0.162882
12-13 16:37:18.491  2510  6385 I DisplayDeviceConfig: hasSdrToHdrRatioSpline = false
12-13 16:37:18.499  2286  2286 I HwcComposer: AidlComposer set brightness to 0.162882, set brightnessNits to -1.000000
12-13 16:37:18.505  2510  6385 I DisplayManagerService: state: 2, currentState: 2
12-13 16:37:18.506  2253  2377 W ServiceManagerCppClient: Waited one second for vendor.qti.qhcp.IQHDC/default (is service started? Number of threads started in the threadpool: 2. Are binder threads started and available?)
12-13 16:37:18.507  2286  6283 I SurfaceFlinger: AIDL set brightness to DisplayBrightness{sdrWhitePoint: 0.161905, sdrWhitePointNits: -1.000000, displayBrightness: 0.161905, displayBrightnessNits: -1.000000, localBrightness: 0.174056, localBrightnessNits: -1.000000} from pid = 2510
12-13 16:37:18.507  2286  2286 D SurfaceFlinger: Before Extend DC Nits is -1.000000, Brightness is 0.161905
12-13 16:37:18.507  2286  2286 D SurfaceFlinger: After Extend DC Nits is -1.000000, Brightness is 0.161905
12-13 16:37:18.508  2510  6385 I DisplayDeviceConfig: hasSdrToHdrRatioSpline = false
12-13 16:37:18.511   983 31703 W libc    : Unable to set property "ctl.interface_start" to "aidl/vendor.qti.qhcp.IQHDC/default": PROP_ERROR_HANDLE_CONTROL_MESSAGE (0x20)
12-13 16:37:18.516  2286  2286 I HwcComposer: AidlComposer set brightness to 0.161905, set brightnessNits to -1.000000
12-13 16:37:18.523  2510  6385 I DisplayManagerService: state: 2, currentState: 2
12-13 16:37:18.524  2286  6283 I SurfaceFlinger: AIDL set brightness to DisplayBrightness{sdrWhitePoint: 0.161172, sdrWhitePointNits: -1.000000, displayBrightness: 0.161172, displayBrightnessNits: -1.000000, localBrightness: 0.173150, localBrightnessNits: -1.000000} from pid = 2510
12-13 16:37:18.525  2286  2286 D SurfaceFlinger: Before Extend DC Nits is -1.000000, Brightness is 0.161172
12-13 16:37:18.525  2286  2286 D SurfaceFlinger: After Extend DC Nits is -1.000000, Brightness is 0.161172
12-13 16:37:18.526  2510  6385 I DisplayDeviceConfig: hasSdrToHdrRatioSpline = false
12-13 16:37:18.533  2286  2286 I HwcComposer: AidlComposer set brightness to 0.161172, set brightnessNits to -1.000000
12-13 16:37:18.538  2510  6385 I DisplayManagerService: state: 2, currentState: 2
12-13 16:37:18.539  2286  2300 I SurfaceFlinger: AIDL set brightness to DisplayBrightness{sdrWhitePoint: 0.159951, sdrWhitePointNits: -1.000000, displayBrightness: 0.159951, displayBrightnessNits: -1.000000, localBrightness: 0.172245, localBrightnessNits: -1.000000} from pid = 2510
12-13 16:37:18.540  2286  2286 D SurfaceFlinger: Before Extend DC Nits is -1.000000, Brightness is 0.159951
12-13 16:37:18.540  2286  2286 D SurfaceFlinger: After Extend DC Nits is -1.000000, Brightness is 0.159951
12-13 16:37:18.540  2510  6385 I DisplayDeviceConfig: hasSdrToHdrRatioSpline = false
12-13 16:37:18.549  2286  2286 I HwcComposer: AidlComposer set brightness to 0.159951, set brightnessNits to -1.000000
12-13 16:37:18.555  2510  6385 I DisplayManagerService: state: 2, currentState: 2
12-13 16:37:18.558  2286  6283 I SurfaceFlinger: AIDL set brightness to DisplayBrightness{sdrWhitePoint: 0.159219, sdrWhitePointNits: -1.000000, displayBrightness: 0.159219, displayBrightnessNits: -1.000000, localBrightness: 0.171339, localBrightnessNits: -1.000000} from pid = 2510
12-13 16:37:18.558  2286  2286 D SurfaceFlinger: Before Extend DC Nits is -1.000000, Brightness is 0.159219
12-13 16:37:18.559  2286  2286 D SurfaceFlinger: After Extend DC Nits is -1.000000, Brightness is 0.159219
12-13 16:37:18.559  2510  6385 I DisplayDeviceConfig: hasSdrToHdrRatioSpline = false
12-13 16:37:18.566  2286  2286 I HwcComposer: AidlComposer set brightness to 0.159219, set brightnessNits to -1.000000
12-13 16:37:18.572  2510  6385 I DisplayManagerService: state: 2, currentState: 2
12-13 16:37:18.572  2152 30998 I sensors-hal: handle_sns_std_sensor_event:150, ambient_light_event: ts=2202498929451748, lux = 134, raw_adc=221, raw_2=262
12-13 16:37:18.573  2286  2300 I SurfaceFlinger: AIDL set brightness to DisplayBrightness{sdrWhitePoint: 0.158242, sdrWhitePointNits: -1.000000, displayBrightness: 0.158242, displayBrightnessNits: -1.000000, localBrightness: 0.170434, localBrightnessNits: -1.000000} from pid = 2510
12-13 16:37:18.574  2286  2286 D SurfaceFlinger: Before Extend DC Nits is -1.000000, Brightness is 0.158242
12-13 16:37:18.574  2286  2286 D SurfaceFlinger: After Extend DC Nits is -1.000000, Brightness is 0.158242
12-13 16:37:18.576  2510  6385 I DisplayDeviceConfig: hasSdrToHdrRatioSpline = false
12-13 16:37:18.583  2286  2286 I HwcComposer: AidlComposer set brightness to 0.158242, set brightnessNits to -1.000000
12-13 16:37:18.588  2510  6385 I DisplayManagerService: state: 2, currentState: 2
12-13 16:37:18.589  2286  6283 I SurfaceFlinger: AIDL set brightness to DisplayBrightness{sdrWhitePoint: 0.157265, sdrWhitePointNits: -1.000000, displayBrightness: 0.157265, displayBrightnessNits: -1.000000, localBrightness: 0.169528, localBrightnessNits: -1.000000} from pid = 2510
12-13 16:37:18.590  2286  2286 D SurfaceFlinger: Before Extend DC Nits is -1.000000, Brightness is 0.157265
12-13 16:37:18.590  2286  2286 D SurfaceFlinger: After Extend DC Nits is -1.000000, Brightness is 0.157265
12-13 16:37:18.591  2510  6385 I DisplayDeviceConfig: hasSdrToHdrRatioSpline = false
12-13 16:37:18.599  2286  2286 I HwcComposer: AidlComposer set brightness to 0.157265, set brightnessNits to -1.000000
12-13 16:37:18.605  2510  6385 I DisplayManagerService: state: 2, currentState: 2
12-13 16:37:18.607  2286  2298 I SurfaceFlinger: AIDL set brightness to DisplayBrightness{sdrWhitePoint: 0.156532, sdrWhitePointNits: -1.000000, displayBrightness: 0.156532, displayBrightnessNits: -1.000000, localBrightness: 0.168623, localBrightnessNits: -1.000000} from pid = 2510
12-13 16:37:18.607  2286  2286 D SurfaceFlinger: Before Extend DC Nits is -1.000000, Brightness is 0.156532
12-13 16:37:18.607  2286  2286 D SurfaceFlinger: After Extend DC Nits is -1.000000, Brightness is 0.156532
12-13 16:37:18.608  2510  6385 I DisplayDeviceConfig: hasSdrToHdrRatioSpline = false
12-13 16:37:18.617  2286  2286 I HwcComposer: AidlComposer set brightness to 0.156532, set brightnessNits to -1.000000
12-13 16:37:18.622  2510  6385 I DisplayManagerService: state: 2, currentState: 2
12-13 16:37:18.624  2286  2298 I SurfaceFlinger: AIDL set brightness to DisplayBrightness{sdrWhitePoint: 0.155556, sdrWhitePointNits: -1.000000, displayBrightness: 0.155556, displayBrightnessNits: -1.000000, localBrightness: 0.167717, localBrightnessNits: -1.000000} from pid = 2510
12-13 16:37:18.624  2286  2286 D SurfaceFlinger: Before Extend DC Nits is -1.000000, Brightness is 0.155556
12-13 16:37:18.624  2286  2286 D SurfaceFlinger: After Extend DC Nits is -1.000000, Brightness is 0.155556
12-13 16:37:18.625  2510  6385 I DisplayDeviceConfig: hasSdrToHdrRatioSpline = false
12-13 16:37:18.633  2286  2286 I HwcComposer: AidlComposer set brightness to 0.155556, set brightnessNits to -1.000000
12-13 16:37:18.639  2510  6385 I DisplayManagerService: state: 2, currentState: 2
12-13 16:37:18.640  2286  2298 I SurfaceFlinger: AIDL set brightness to DisplayBrightness{sdrWhitePoint: 0.154579, sdrWhitePointNits: -1.000000, displayBrightness: 0.154579, displayBrightnessNits: -1.000000, localBrightness: 0.166812, localBrightnessNits: -1.000000} from pid = 2510
12-13 16:37:18.640  2286  2286 D SurfaceFlinger: Before Extend DC Nits is -1.000000, Brightness is 0.154579
12-13 16:37:18.640  2286  2286 D SurfaceFlinger: After Extend DC Nits is -1.000000, Brightness is 0.154579
12-13 16:37:18.641  2510  6385 I DisplayDeviceConfig: hasSdrToHdrRatioSpline = false
12-13 16:37:18.649  2286  2286 I HwcComposer: AidlComposer set brightness to 0.154579, set brightnessNits to -1.000000
12-13 16:37:18.655  2510  6385 I DisplayManagerService: state: 2, currentState: 2
12-13 16:37:18.656  2286  2298 I SurfaceFlinger: AIDL set brightness to DisplayBrightness{sdrWhitePoint: 0.153602, sdrWhitePointNits: -1.000000, displayBrightness: 0.153602, displayBrightnessNits: -1.000000, localBrightness: 0.165906, localBrightnessNits: -1.000000} from pid = 2510
12-13 16:37:18.656  2286  2286 D SurfaceFlinger: Before Extend DC Nits is -1.000000, Brightness is 0.153602
12-13 16:37:18.657  2286  2286 D SurfaceFlinger: After Extend DC Nits is -1.000000, Brightness is 0.153602
12-13 16:37:18.657  2510  6385 I DisplayDeviceConfig: hasSdrToHdrRatioSpline = false
12-13 16:37:18.666  2286  2286 I HwcComposer: AidlComposer set brightness to 0.153602, set brightnessNits to -1.000000
12-13 16:37:18.673  2510  6385 I DisplayManagerService: state: 2, currentState: 2
12-13 16:37:18.674  2286  6283 I SurfaceFlinger: AIDL set brightness to DisplayBrightness{sdrWhitePoint: 0.152869, sdrWhitePointNits: -1.000000, displayBrightness: 0.152869, displayBrightnessNits: -1.000000, localBrightness: 0.165001, localBrightnessNits: -1.000000} from pid = 2510
12-13 16:37:18.674  2286  2286 D SurfaceFlinger: Before Extend DC Nits is -1.000000, Brightness is 0.152869
12-13 16:37:18.674  2286  2286 D SurfaceFlinger: After Extend DC Nits is -1.000000, Brightness is 0.152869
12-13 16:37:18.675  2510  6385 I DisplayDeviceConfig: hasSdrToHdrRatioSpline = false
12-13 16:37:18.684  2286  2286 I HwcComposer: AidlComposer set brightness to 0.152869, set brightnessNits to -1.000000
12-13 16:37:18.690  2510  6385 I DisplayManagerService: state: 2, currentState: 2
12-13 16:37:18.691  2286  6283 I SurfaceFlinger: AIDL set brightness to DisplayBrightness{sdrWhitePoint: 0.151893, sdrWhitePointNits: -1.000000, displayBrightness: 0.151893, displayBrightnessNits: -1.000000, localBrightness: 0.164095, localBrightnessNits: -1.000000} from pid = 2510
12-13 16:37:18.691  2286  2286 D SurfaceFlinger: Before Extend DC Nits is -1.000000, Brightness is 0.151893
12-13 16:37:18.692  2286  2286 D SurfaceFlinger: After Extend DC Nits is -1.000000, Brightness is 0.151893
12-13 16:37:18.693  2510  6385 I DisplayDeviceConfig: hasSdrToHdrRatioSpline = false
12-13 16:37:18.697 26180 31033 I NearbyMediums: No BLE Fast/GATT advertisements found in the latest cycle.
12-13 16:37:18.697 26180 31033 I NearbyMediums: Current Tracked Scanning Clients are : {NearbyConnections.EnvironmentMonitor, NearbySharing}
12-13 16:37:18.700  2286  2286 I HwcComposer: AidlComposer set brightness to 0.151893, set brightnessNits to -1.000000
12-13 16:37:18.705  2510  6385 I DisplayManagerService: state: 2, currentState: 2
12-13 16:37:18.706  2286  2298 I SurfaceFlinger: AIDL set brightness to DisplayBrightness{sdrWhitePoint: 0.150916, sdrWhitePointNits: -1.000000, displayBrightness: 0.150916, displayBrightnessNits: -1.000000, localBrightness: 0.163190, localBrightnessNits: -1.000000} from pid = 2510
12-13 16:37:18.706  2286  2286 D SurfaceFlinger: Before Extend DC Nits is -1.000000, Brightness is 0.150916
12-13 16:37:18.706  2286  2286 D SurfaceFlinger: After Extend DC Nits is -1.000000, Brightness is 0.150916
12-13 16:37:18.707  2510  6385 I DisplayDeviceConfig: hasSdrToHdrRatioSpline = false
12-13 16:37:18.717  2286  2286 I HwcComposer: AidlComposer set brightness to 0.150916, set brightnessNits to -1.000000
12-13 16:37:18.722  2510  6385 I DisplayManagerService: state: 2, currentState: 2
12-13 16:37:18.724  2286  6283 I SurfaceFlinger: AIDL set brightness to DisplayBrightness{sdrWhitePoint: 0.149939, sdrWhitePointNits: -1.000000, displayBrightness: 0.149939, displayBrightnessNits: -1.000000, localBrightness: 0.162284, localBrightnessNits: -1.000000} from pid = 2510
12-13 16:37:18.725  2286  2286 D SurfaceFlinger: Before Extend DC Nits is -1.000000, Brightness is 0.149939
12-13 16:37:18.725  2286  2286 D SurfaceFlinger: After Extend DC Nits is -1.000000, Brightness is 0.149939
12-13 16:37:18.726  2510  6385 I DisplayDeviceConfig: hasSdrToHdrRatioSpline = false
12-13 16:37:18.733  2286  2286 I HwcComposer: AidlComposer set brightness to 0.149939, set brightnessNits to -1.000000
12-13 16:37:18.737  2152 30998 I sensors-hal: handle_sns_std_sensor_event:150, ambient_light_event: ts=2202499095457060, lux = 136, raw_adc=227, raw_2=262
12-13 16:37:18.738  2510  6385 I DisplayManagerService: state: 2, currentState: 2
12-13 16:37:18.741  2286  6283 I SurfaceFlinger: AIDL set brightness to DisplayBrightness{sdrWhitePoint: 0.149206, sdrWhitePointNits: -1.000000, displayBrightness: 0.149206, displayBrightnessNits: -1.000000, localBrightness: 0.161378, localBrightnessNits: -1.000000} from pid = 2510
12-13 16:37:18.741  2286  2286 D SurfaceFlinger: Before Extend DC Nits is -1.000000, Brightness is 0.149206
12-13 16:37:18.741  2286  2286 D SurfaceFlinger: After Extend DC Nits is -1.000000, Brightness is 0.149206
12-13 16:37:18.742  2510  6385 I DisplayDeviceConfig: hasSdrToHdrRatioSpline = false
12-13 16:37:18.750  2286  2286 I HwcComposer: AidlComposer set brightness to 0.149206, set brightnessNits to -1.000000
12-13 16:37:18.754  2510  6385 I DisplayManagerService: state: 2, currentState: 2
12-13 16:37:18.757  2286  6283 I SurfaceFlinger: AIDL set brightness to DisplayBrightness{sdrWhitePoint: 0.148230, sdrWhitePointNits: -1.000000, displayBrightness: 0.148230, displayBrightnessNits: -1.000000, localBrightness: 0.160473, localBrightnessNits: -1.000000} from pid = 2510
12-13 16:37:18.757  2286  2286 D SurfaceFlinger: Before Extend DC Nits is -1.000000, Brightness is 0.148230
12-13 16:37:18.757  2286  2286 D SurfaceFlinger: After Extend DC Nits is -1.000000, Brightness is 0.148230
12-13 16:37:18.758  2510  6385 I DisplayDeviceConfig: hasSdrToHdrRatioSpline = false
12-13 16:37:18.766  2286  2286 I HwcComposer: AidlComposer set brightness to 0.148230, set brightnessNits to -1.000000
12-13 16:37:18.772  2510  6385 I DisplayManagerService: state: 2, currentState: 2
12-13 16:37:18.773  2286  2403 I SurfaceFlinger: AIDL set brightness to DisplayBrightness{sdrWhitePoint: 0.147253, sdrWhitePointNits: -1.000000, displayBrightness: 0.147253, displayBrightnessNits: -1.000000, localBrightness: 0.159567, localBrightnessNits: -1.000000} from pid = 2510
12-13 16:37:18.773  2286  2286 D SurfaceFlinger: Before Extend DC Nits is -1.000000, Brightness is 0.147253
12-13 16:37:18.774  2286  2286 D SurfaceFlinger: After Extend DC Nits is -1.000000, Brightness is 0.147253
12-13 16:37:18.774  2510  6385 I DisplayDeviceConfig: hasSdrToHdrRatioSpline = false
12-13 16:37:18.784  2286  2286 I HwcComposer: AidlComposer set brightness to 0.147253, set brightnessNits to -1.000000
12-13 16:37:18.789  2510  6385 I DisplayManagerService: state: 2, currentState: 2
12-13 16:37:18.790  2286  2403 I SurfaceFlinger: AIDL set brightness to DisplayBrightness{sdrWhitePoint: 0.146276, sdrWhitePointNits: -1.000000, displayBrightness: 0.146276, displayBrightnessNits: -1.000000, localBrightness: 0.158662, localBrightnessNits: -1.000000} from pid = 2510
12-13 16:37:18.791  2286  2286 D SurfaceFlinger: Before Extend DC Nits is -1.000000, Brightness is 0.146276
12-13 16:37:18.791  2286  2286 D SurfaceFlinger: After Extend DC Nits is -1.000000, Brightness is 0.146276
12-13 16:37:18.792  2510  6385 I DisplayDeviceConfig: hasSdrToHdrRatioSpline = false
12-13 16:37:18.800  2286  2286 I HwcComposer: AidlComposer set brightness to 0.146276, set brightnessNits to -1.000000
12-13 16:37:18.804 23258 23258 D UsbSettingsService: handleMessage, msg.what = 4
12-13 16:37:18.805 23258 23258 D UsbSettingsService: receive message to check monkey running.
12-13 16:37:18.806  2510  6385 I DisplayManagerService: state: 2, currentState: 2
12-13 16:37:18.807  2286  2300 I SurfaceFlinger: AIDL set brightness to DisplayBrightness{sdrWhitePoint: 0.145543, sdrWhitePointNits: -1.000000, displayBrightness: 0.145543, displayBrightnessNits: -1.000000, localBrightness: 0.157756, localBrightnessNits: -1.000000} from pid = 2510
12-13 16:37:18.808  2286  2286 D SurfaceFlinger: Before Extend DC Nits is -1.000000, Brightness is 0.145543
12-13 16:37:18.808  2286  2286 D SurfaceFlinger: After Extend DC Nits is -1.000000, Brightness is 0.145543
12-13 16:37:18.808  2510  6385 I DisplayDeviceConfig: hasSdrToHdrRatioSpline = false
12-13 16:37:18.817  2286  2286 I HwcComposer: AidlComposer set brightness to 0.145543, set brightnessNits to -1.000000
12-13 16:37:18.821  2510  6385 I DisplayManagerService: state: 2, currentState: 2
12-13 16:37:18.822  2286  2403 I SurfaceFlinger: AIDL set brightness to DisplayBrightness{sdrWhitePoint: 0.144567, sdrWhitePointNits: -1.000000, displayBrightness: 0.144567, displayBrightnessNits: -1.000000, localBrightness: 0.156851, localBrightnessNits: -1.000000} from pid = 2510
12-13 16:37:18.823  2286  2286 D SurfaceFlinger: Before Extend DC Nits is -1.000000, Brightness is 0.144567
12-13 16:37:18.823  2286  2286 D SurfaceFlinger: After Extend DC Nits is -1.000000, Brightness is 0.144567
12-13 16:37:18.824  2510  6385 I DisplayDeviceConfig: hasSdrToHdrRatioSpline = false
12-13 16:37:18.833  2286  2286 I HwcComposer: AidlComposer set brightness to 0.144567, set brightnessNits to -1.000000
12-13 16:37:18.839  2510  6385 I DisplayManagerService: state: 2, currentState: 2
12-13 16:37:18.841  2286  2403 I SurfaceFlinger: AIDL set brightness to DisplayBrightness{sdrWhitePoint: 0.143590, sdrWhitePointNits: -1.000000, displayBrightness: 0.143590, displayBrightnessNits: -1.000000, localBrightness: 0.155945, localBrightnessNits: -1.000000} from pid = 2510
12-13 16:37:18.841  2286  2286 D SurfaceFlinger: Before Extend DC Nits is -1.000000, Brightness is 0.143590
12-13 16:37:18.841  2286  2286 D SurfaceFlinger: After Extend DC Nits is -1.000000, Brightness is 0.143590
12-13 16:37:18.842  2510  6385 I DisplayDeviceConfig: hasSdrToHdrRatioSpline = false
12-13 16:37:18.850  2286  2286 I HwcComposer: AidlComposer set brightness to 0.143590, set brightnessNits to -1.000000
12-13 16:37:18.855  2510  6385 I DisplayManagerService: state: 2, currentState: 2
12-13 16:37:18.856  2286  6283 I SurfaceFlinger: AIDL set brightness to DisplayBrightness{sdrWhitePoint: 0.142613, sdrWhitePointNits: -1.000000, displayBrightness: 0.142613, displayBrightnessNits: -1.000000, localBrightness: 0.155040, localBrightnessNits: -1.000000} from pid = 2510
12-13 16:37:18.857  2286  2286 D SurfaceFlinger: Before Extend DC Nits is -1.000000, Brightness is 0.142613
12-13 16:37:18.857  2286  2286 D SurfaceFlinger: After Extend DC Nits is -1.000000, Brightness is 0.142613
12-13 16:37:18.858  2510  6385 I DisplayDeviceConfig: hasSdrToHdrRatioSpline = false
12-13 16:37:18.867  2286  2286 I HwcComposer: AidlComposer set brightness to 0.142613, set brightnessNits to -1.000000
12-13 16:37:18.873  2510  6385 I DisplayManagerService: state: 2, currentState: 2
12-13 16:37:18.875  2286  6283 I SurfaceFlinger: AIDL set brightness to DisplayBrightness{sdrWhitePoint: 0.141636, sdrWhitePointNits: -1.000000, displayBrightness: 0.141636, displayBrightnessNits: -1.000000, localBrightness: 0.154134, localBrightnessNits: -1.000000} from pid = 2510
12-13 16:37:18.876  2286  2286 D SurfaceFlinger: Before Extend DC Nits is -1.000000, Brightness is 0.141636
12-13 16:37:18.876  2286  2286 D SurfaceFlinger: After Extend DC Nits is -1.000000, Brightness is 0.141636
12-13 16:37:18.877  2510  6385 I DisplayDeviceConfig: hasSdrToHdrRatioSpline = false
12-13 16:37:18.884  2286  2286 I HwcComposer: AidlComposer set brightness to 0.141636, set brightnessNits to -1.000000
12-13 16:37:18.890  2510  6385 I DisplayManagerService: state: 2, currentState: 2
12-13 16:37:18.891  2286  6283 I SurfaceFlinger: AIDL set brightness to DisplayBrightness{sdrWhitePoint: 0.140904, sdrWhitePointNits: -1.000000, displayBrightness: 0.140904, displayBrightnessNits: -1.000000, localBrightness: 0.153229, localBrightnessNits: -1.000000} from pid = 2510
12-13 16:37:18.892  2286  2286 D SurfaceFlinger: Before Extend DC Nits is -1.000000, Brightness is 0.140904
12-13 16:37:18.892  2286  2286 D SurfaceFlinger: After Extend DC Nits is -1.000000, Brightness is 0.140904
12-13 16:37:18.893  2510  6385 I DisplayDeviceConfig: hasSdrToHdrRatioSpline = false
12-13 16:37:18.900  2286  2286 I HwcComposer: AidlComposer set brightness to 0.140904, set brightnessNits to -1.000000
12-13 16:37:18.905  2152 30998 I sensors-hal: handle_sns_std_sensor_event:150, ambient_light_event: ts=2202499261454196, lux = 137, raw_adc=225, raw_2=262
12-13 16:37:18.906  2510  6385 I DisplayManagerService: state: 2, currentState: 2
12-13 16:37:18.908  2286  2300 I SurfaceFlinger: AIDL set brightness to DisplayBrightness{sdrWhitePoint: 0.139927, sdrWhitePointNits: -1.000000, displayBrightness: 0.139927, displayBrightnessNits: -1.000000, localBrightness: 0.152323, localBrightnessNits: -1.000000} from pid = 2510
12-13 16:37:18.908  2286  2286 D SurfaceFlinger: Before Extend DC Nits is -1.000000, Brightness is 0.139927
12-13 16:37:18.908  2286  2286 D SurfaceFlinger: After Extend DC Nits is -1.000000, Brightness is 0.139927
12-13 16:37:18.909  2510  6385 I DisplayDeviceConfig: hasSdrToHdrRatioSpline = false
12-13 16:37:18.917  2286  2286 I HwcComposer: AidlComposer set brightness to 0.139927, set brightnessNits to -1.000000
12-13 16:37:18.922  2510  6385 I DisplayManagerService: state: 2, currentState: 2
12-13 16:37:18.924  2286  2300 I SurfaceFlinger: AIDL set brightness to DisplayBrightness{sdrWhitePoint: 0.138950, sdrWhitePointNits: -1.000000, displayBrightness: 0.138950, displayBrightnessNits: -1.000000, localBrightness: 0.151418, localBrightnessNits: -1.000000} from pid = 2510
12-13 16:37:18.924  2286  2286 D SurfaceFlinger: Before Extend DC Nits is -1.000000, Brightness is 0.138950
12-13 16:37:18.924  2286  2286 D SurfaceFlinger: After Extend DC Nits is -1.000000, Brightness is 0.138950
12-13 16:37:18.925  2510  6385 I DisplayDeviceConfig: hasSdrToHdrRatioSpline = false
12-13 16:37:18.933  2286  2286 I HwcComposer: AidlComposer set brightness to 0.138950, set brightnessNits to -1.000000
12-13 16:37:18.939  2510  6385 I DisplayManagerService: state: 2, currentState: 2
12-13 16:37:18.940  2286  6283 I SurfaceFlinger: AIDL set brightness to DisplayBrightness{sdrWhitePoint: 0.137973, sdrWhitePointNits: -1.000000, displayBrightness: 0.137973, displayBrightnessNits: -1.000000, localBrightness: 0.150512, localBrightnessNits: -1.000000} from pid = 2510
12-13 16:37:18.940  2286  2286 D SurfaceFlinger: Before Extend DC Nits is -1.000000, Brightness is 0.137973
12-13 16:37:18.941  2286  2286 D SurfaceFlinger: After Extend DC Nits is -1.000000, Brightness is 0.137973
12-13 16:37:18.941  2510  6385 I DisplayDeviceConfig: hasSdrToHdrRatioSpline = false
12-13 16:37:18.950  2286  2286 I HwcComposer: AidlComposer set brightness to 0.137973, set brightnessNits to -1.000000
12-13 16:37:18.954  2510  6385 I DisplayManagerService: state: 2, currentState: 2
12-13 16:37:18.956  2286  2300 I SurfaceFlinger: AIDL set brightness to DisplayBrightness{sdrWhitePoint: 0.137241, sdrWhitePointNits: -1.000000, displayBrightness: 0.137241, displayBrightnessNits: -1.000000, localBrightness: 0.149607, localBrightnessNits: -1.000000} from pid = 2510
12-13 16:37:18.956  2286  2286 D SurfaceFlinger: Before Extend DC Nits is -1.000000, Brightness is 0.137241
12-13 16:37:18.957  2286  2286 D SurfaceFlinger: After Extend DC Nits is -1.000000, Brightness is 0.137241
12-13 16:37:18.957  2510  6385 I DisplayDeviceConfig: hasSdrToHdrRatioSpline = false
12-13 16:37:18.967  2286  2286 I HwcComposer: AidlComposer set brightness to 0.137241, set brightnessNits to -1.000000
12-13 16:37:18.974  2510  6385 I DisplayManagerService: state: 2, currentState: 2
12-13 16:37:18.975  2286  2298 I SurfaceFlinger: AIDL set brightness to DisplayBrightness{sdrWhitePoint: 0.136264, sdrWhitePointNits: -1.000000, displayBrightness: 0.136264, displayBrightnessNits: -1.000000, localBrightness: 0.148701, localBrightnessNits: -1.000000} from pid = 2510
12-13 16:37:18.975  2286  2286 D SurfaceFlinger: Before Extend DC Nits is -1.000000, Brightness is 0.136264
12-13 16:37:18.975  2286  2286 D SurfaceFlinger: After Extend DC Nits is -1.000000, Brightness is 0.136264
12-13 16:37:18.977  2510  6385 I DisplayDeviceConfig: hasSdrToHdrRatioSpline = false
12-13 16:37:18.984  2286  2286 I HwcComposer: AidlComposer set brightness to 0.136264, set brightnessNits to -1.000000
12-13 16:37:18.988  2510  6385 I DisplayManagerService: state: 2, currentState: 2
12-13 16:37:18.990  2286  2300 I SurfaceFlinger: AIDL set brightness to DisplayBrightness{sdrWhitePoint: 0.135287, sdrWhitePointNits: -1.000000, displayBrightness: 0.135287, displayBrightnessNits: -1.000000, localBrightness: 0.147796, localBrightnessNits: -1.000000} from pid = 2510
12-13 16:37:18.990  2286  2286 D SurfaceFlinger: Before Extend DC Nits is -1.000000, Brightness is 0.135287
12-13 16:37:18.990  2286  2286 D SurfaceFlinger: After Extend DC Nits is -1.000000, Brightness is 0.135287
12-13 16:37:18.991  2510  6385 I DisplayDeviceConfig: hasSdrToHdrRatioSpline = false
12-13 16:37:18.995  6822  7307 D Booster_TelephonyState: updateLteSignalStrengthFromProp[1], lteRsrp:-95 lteRsrq:-15 lteSinr:2
12-13 16:37:19.000  2286  2286 I HwcComposer: AidlComposer set brightness to 0.135287, set brightnessNits to -1.000000
12-13 16:37:19.006  2510  6385 I DisplayManagerService: state: 2, currentState: 2
12-13 16:37:19.008  2286  6283 I SurfaceFlinger: AIDL set brightness to DisplayBrightness{sdrWhitePoint: 0.134310, sdrWhitePointNits: -1.000000, displayBrightness: 0.134310, displayBrightnessNits: -1.000000, localBrightness: 0.146890, localBrightnessNits: -1.000000} from pid = 2510
12-13 16:37:19.008  2286  2286 D SurfaceFlinger: Before Extend DC Nits is -1.000000, Brightness is 0.134310
12-13 16:37:19.008  2286  2286 D SurfaceFlinger: After Extend DC Nits is -1.000000, Brightness is 0.134310
12-13 16:37:19.009  2510  6385 I DisplayDeviceConfig: hasSdrToHdrRatioSpline = false
12-13 16:37:19.017  2286  2286 I HwcComposer: AidlComposer set brightness to 0.134310, set brightnessNits to -1.000000
12-13 16:37:19.023  2510  6385 I DisplayManagerService: state: 2, currentState: 2
12-13 16:37:19.024  2510  6210 E HwQoEJNI: sendQoeCmd. open monitor_fd error
12-13 16:37:19.024  2286  6283 I SurfaceFlinger: AIDL set brightness to DisplayBrightness{sdrWhitePoint: 0.133578, sdrWhitePointNits: -1.000000, displayBrightness: 0.133578, displayBrightnessNits: -1.000000, localBrightness: 0.145985, localBrightnessNits: -1.000000} from pid = 2510
12-13 16:37:19.025  2286  2286 D SurfaceFlinger: Before Extend DC Nits is -1.000000, Brightness is 0.133578
12-13 16:37:19.025  2286  2286 D SurfaceFlinger: After Extend DC Nits is -1.000000, Brightness is 0.133578
12-13 16:37:19.026  2510  6385 I DisplayDeviceConfig: hasSdrToHdrRatioSpline = false
12-13 16:37:19.034  2286  2286 I HwcComposer: AidlComposer set brightness to 0.133578, set brightnessNits to -1.000000
12-13 16:37:19.039  2510  6385 I DisplayManagerService: state: 2, currentState: 2
12-13 16:37:19.040  2286  6283 I SurfaceFlinger: AIDL set brightness to DisplayBrightness{sdrWhitePoint: 0.132601, sdrWhitePointNits: -1.000000, displayBrightness: 0.132601, displayBrightnessNits: -1.000000, localBrightness: 0.145079, localBrightnessNits: -1.000000} from pid = 2510
12-13 16:37:19.041  2286  2286 D SurfaceFlinger: Before Extend DC Nits is -1.000000, Brightness is 0.132601
12-13 16:37:19.041  2286  2286 D SurfaceFlinger: After Extend DC Nits is -1.000000, Brightness is 0.132601
12-13 16:37:19.041  2510  6385 I DisplayDeviceConfig: hasSdrToHdrRatioSpline = false
12-13 16:37:19.051  2286  2286 I HwcComposer: AidlComposer set brightness to 0.132601, set brightnessNits to -1.000000
12-13 16:37:19.055  2510  6385 I DisplayManagerService: state: 2, currentState: 2
12-13 16:37:19.056  2286  6283 I SurfaceFlinger: AIDL set brightness to DisplayBrightness{sdrWhitePoint: 0.131624, sdrWhitePointNits: -1.000000, displayBrightness: 0.131624, displayBrightnessNits: -1.000000, localBrightness: 0.144174, localBrightnessNits: -1.000000} from pid = 2510
12-13 16:37:19.057  2286  2286 D SurfaceFlinger: Before Extend DC Nits is -1.000000, Brightness is 0.131624
12-13 16:37:19.057  2286  2286 D SurfaceFlinger: After Extend DC Nits is -1.000000, Brightness is 0.131624
12-13 16:37:19.057  2510  6385 I DisplayDeviceConfig: hasSdrToHdrRatioSpline = false
12-13 16:37:19.067  2286  2286 I HwcComposer: AidlComposer set brightness to 0.131624, set brightnessNits to -1.000000
12-13 16:37:19.070  2152 30998 I sensors-hal: handle_sns_std_sensor_event:150, ambient_light_event: ts=2202499427456279, lux = 136, raw_adc=224, raw_2=262
12-13 16:37:19.074  2510  6385 I DisplayManagerService: state: 2, currentState: 2
12-13 16:37:19.075  2286  2300 I SurfaceFlinger: AIDL set brightness to DisplayBrightness{sdrWhitePoint: 0.130647, sdrWhitePointNits: -1.000000, displayBrightness: 0.130647, displayBrightnessNits: -1.000000, localBrightness: 0.143268, localBrightnessNits: -1.000000} from pid = 2510
12-13 16:37:19.075  2286  2286 D SurfaceFlinger: Before Extend DC Nits is -1.000000, Brightness is 0.130647
12-13 16:37:19.076  2286  2286 D SurfaceFlinger: After Extend DC Nits is -1.000000, Brightness is 0.130647
12-13 16:37:19.076  2510  6385 I DisplayDeviceConfig: hasSdrToHdrRatioSpline = false
12-13 16:37:19.084  2286  2286 I HwcComposer: AidlComposer set brightness to 0.130647, set brightnessNits to -1.000000
12-13 16:37:19.090  2510  6385 I DisplayManagerService: state: 2, currentState: 2
12-13 16:37:19.091  2286  2300 I SurfaceFlinger: AIDL set brightness to DisplayBrightness{sdrWhitePoint: 0.129915, sdrWhitePointNits: -1.000000, displayBrightness: 0.129915, displayBrightnessNits: -1.000000, localBrightness: 0.142363, localBrightnessNits: -1.000000} from pid = 2510
12-13 16:37:19.092  2286  2286 D SurfaceFlinger: Before Extend DC Nits is -1.000000, Brightness is 0.129915
12-13 16:37:19.092  2286  2286 D SurfaceFlinger: After Extend DC Nits is -1.000000, Brightness is 0.129915
12-13 16:37:19.093  2510  6385 I DisplayDeviceConfig: hasSdrToHdrRatioSpline = false
12-13 16:37:19.101  2286  2286 I HwcComposer: AidlComposer set brightness to 0.129915, set brightnessNits to -1.000000
12-13 16:37:19.106  2510  6385 I DisplayManagerService: state: 2, currentState: 2
12-13 16:37:19.107  2286  6283 I SurfaceFlinger: AIDL set brightness to DisplayBrightness{sdrWhitePoint: 0.128938, sdrWhitePointNits: -1.000000, displayBrightness: 0.128938, displayBrightnessNits: -1.000000, localBrightness: 0.141457, localBrightnessNits: -1.000000} from pid = 2510
12-13 16:37:19.108  2286  2286 D SurfaceFlinger: Before Extend DC Nits is -1.000000, Brightness is 0.128938
12-13 16:37:19.108  2286  2286 D SurfaceFlinger: After Extend DC Nits is -1.000000, Brightness is 0.128938
12-13 16:37:19.109  2510  6385 I DisplayDeviceConfig: hasSdrToHdrRatioSpline = false
12-13 16:37:19.117  2286  2286 I HwcComposer: AidlComposer set brightness to 0.128938, set brightnessNits to -1.000000
12-13 16:37:19.122  2143  4070 W ServiceManagerCppClient: Waited one second for vendor.qti.qhcp.IQHDC/default (is service started? Number of threads started in the threadpool: 3. Are binder threads started and available?)
12-13 16:37:19.122  2510  6385 I DisplayManagerService: state: 2, currentState: 2
12-13 16:37:19.123  2286  2300 I SurfaceFlinger: AIDL set brightness to DisplayBrightness{sdrWhitePoint: 0.127961, sdrWhitePointNits: -1.000000, displayBrightness: 0.127961, displayBrightnessNits: -1.000000, localBrightness: 0.140552, localBrightnessNits: -1.000000} from pid = 2510
12-13 16:37:19.124  2286  2286 D SurfaceFlinger: Before Extend DC Nits is -1.000000, Brightness is 0.127961
12-13 16:37:19.124  2286  2286 D SurfaceFlinger: After Extend DC Nits is -1.000000, Brightness is 0.127961
12-13 16:37:19.125  2510  6385 I DisplayDeviceConfig: hasSdrToHdrRatioSpline = false
12-13 16:37:19.128   983 31820 W libc    : Unable to set property "ctl.interface_start" to "aidl/vendor.qti.qhcp.IQHDC/default": PROP_ERROR_HANDLE_CONTROL_MESSAGE (0x20)
12-13 16:37:19.134  2286  2286 I HwcComposer: AidlComposer set brightness to 0.127961, set brightnessNits to -1.000000
12-13 16:37:19.139  2510  6385 I DisplayManagerService: state: 2, currentState: 2
12-13 16:37:19.140  2286  6283 I SurfaceFlinger: AIDL set brightness to DisplayBrightness{sdrWhitePoint: 0.126984, sdrWhitePointNits: -1.000000, displayBrightness: 0.126984, displayBrightnessNits: -1.000000, localBrightness: 0.139646, localBrightnessNits: -1.000000} from pid = 2510
12-13 16:37:19.141  2286  2286 D SurfaceFlinger: Before Extend DC Nits is -1.000000, Brightness is 0.126984
12-13 16:37:19.141  2286  2286 D SurfaceFlinger: After Extend DC Nits is -1.000000, Brightness is 0.126984
12-13 16:37:19.142  2510  6385 I DisplayDeviceConfig: hasSdrToHdrRatioSpline = false
12-13 16:37:19.151  2286  2286 I HwcComposer: AidlComposer set brightness to 0.126984, set brightnessNits to -1.000000
12-13 16:37:19.156  2510  6385 I DisplayManagerService: state: 2, currentState: 2
12-13 16:37:19.158  2286  6283 I SurfaceFlinger: AIDL set brightness to DisplayBrightness{sdrWhitePoint: 0.126007, sdrWhitePointNits: -1.000000, displayBrightness: 0.126007, displayBrightnessNits: -1.000000, localBrightness: 0.138741, localBrightnessNits: -1.000000} from pid = 2510
12-13 16:37:19.159  2286  2286 D SurfaceFlinger: Before Extend DC Nits is -1.000000, Brightness is 0.126007
12-13 16:37:19.159  2286  2286 D SurfaceFlinger: After Extend DC Nits is -1.000000, Brightness is 0.126007
