--------- beginning of main
12-14 08:03:38.847   983 10275 W libc    : Unable to set property "ctl.interface_start" to "aidl/vendor.qti.qhcp.IQHDC/default": PROP_ERROR_HANDLE_CONTROL_MESSAGE (0x20)
12-14 08:03:38.850   983 10276 W libc    : Unable to set property "ctl.interface_start" to "aidl/vendor.qti.qhcp.IQHDC/default": PROP_ERROR_HANDLE_CONTROL_MESSAGE (0x20)
--------- beginning of system
12-14 08:03:39.100  2510  2793 I AppEyeFwkBlock: do monitor
12-14 08:03:39.393  2510  6210 I WifiNetworkStatsMonitor: total/977/901,com.instagram.android/288/288,android.uid.system:1000/504/0,unknown:0/0/432,com.facebook.services/185/181,com.autocountsoft.payroll/0/0,unknown:-5/0/0,com.hihonor.mediamaterial/0/0,authenticator.two.factor.authentication.otp/0/0,com.hihonor.android.launcher/0/0,com.openai.chatgpt/0/0
12-14 08:03:39.394  2510  6210 D WifiEnhanceHomeFenceMonitor: registerHomeAwarenessFence, register back home fence.
12-14 08:03:39.394  2510  6210 I WifiEnhanceHomeFenceMonitor: processBackHomeFence, add back home fence , id : WifiEnhanceHomeFenceMonitor_backHomeFence
12-14 08:03:39.395  2510  6210 D WifiEnhanceHomeFenceMonitor: registerHomeAwarenessFence, register leave home fence.
12-14 08:03:39.395  2510  6210 I WifiEnhanceHomeFenceMonitor: processLeaveHomeFence, add leave home fence , id : WifiEnhanceHomeFenceMonitor_leaveHomeFence
12-14 08:03:39.395  2510  8336 I AwarenessClient: wait result,type=register_fence_by_listener,rId=6ec41bd3-634c-4d01-a1da-4604d671fab9,key=WifiEnhanceHomeFenceMonitor_backHomeFence,isNeedCache=true,sysApp=true
12-14 08:03:39.397 23707 23805 I AWARENESS_E_D_P: regByListener rId=6ec41bd3-634c-4d01-a1da-4604d671fab9,key=WifiEnhanceHomeFenceMonitor_backHomeFence
12-14 08:03:39.397 23707 23925 I AWARENESS_MFenceFF: c:LocationFence
12-14 08:03:39.397 23707 23925 I AWARENESS_MFenceFF: not support fence, LocationFence
12-14 08:03:39.397 23707 23925 E AWARENESS_ManagedFenceList: createFence fail, AwarenessFence{key='WifiEnhanceHomeFenceMonitor_backHomeFence', type='LocationFence}
12-14 08:03:39.398  2510  8336 I AwarenessClient: wait result,type=register_fence_by_listener,rId=c5633312-50d4-4504-aa2b-473abcc8b171,key=WifiEnhanceHomeFenceMonitor_leaveHomeFence,isNeedCache=true,sysApp=true
12-14 08:03:39.398 23707 23805 I AWARENESS_E_D_P: regByListener rId=c5633312-50d4-4504-aa2b-473abcc8b171,key=WifiEnhanceHomeFenceMonitor_leaveHomeFence
12-14 08:03:39.398 23707 23928 I AWARENESS_MFenceFF: c:LocationFence
12-14 08:03:39.399 23707 23928 I AWARENESS_MFenceFF: not support fence, LocationFence
12-14 08:03:39.399 23707 23928 E AWARENESS_ManagedFenceList: createFence fail, AwarenessFence{key='WifiEnhanceHomeFenceMonitor_leaveHomeFence', type='LocationFence}
12-14 08:03:39.399  2510  8336 I WifiEnhanceHomeFenceMonitor: mHomeFenceConnectListener, on result, key = WifiEnhanceHomeFenceMonitor_backHomeFence , code = 0
12-14 08:03:39.399  2510  8336 I AwarenessClient: handle wait rm for WifiEnhanceHomeFenceMonitor_backHomeFence
12-14 08:03:39.399  2510  8336 I AwarenessClient: dispatch no cached for WifiEnhanceHomeFenceMonitor_backHomeFence
12-14 08:03:39.399 23707 23925 I AWARENESS_D_P_InquiryProviderCallExecMethod: invoke begin, calling pkg name: com.hihonor.awareness
12-14 08:03:39.400 23707 23925 W AWARENESS_D_P_DataQueryComponentContainer: null supplier for: queryCityCode
12-14 08:03:39.400  2510  8336 I WifiEnhanceHomeFenceMonitor: mHomeFenceConnectListener, on result, key = WifiEnhanceHomeFenceMonitor_leaveHomeFence , code = 0
12-14 08:03:39.400  2510  8336 I AwarenessClient: handle wait rm for WifiEnhanceHomeFenceMonitor_leaveHomeFence
12-14 08:03:39.400  2510  8336 I AwarenessClient: dispatch no cached for WifiEnhanceHomeFenceMonitor_leaveHomeFence
12-14 08:03:39.400 23707 23925 I AWARENESS_D_P_InquiryProviderCallExecMethod: invoke duration is 0
12-14 08:03:39.400 23707 23925 W Intelli_Analytics_DpIQCacheHelper: inquiry value is null or invalid, refuse update cache
12-14 08:03:39.400 23707 23928 I AWARENESS_D_P_InquiryProviderCallExecMethod: invoke begin, calling pkg name: com.hihonor.awareness
12-14 08:03:39.400 23707 23928 W AWARENESS_D_P_DataQueryComponentContainer: null supplier for: queryCityCode
12-14 08:03:39.400 23707 23928 I AWARENESS_D_P_InquiryProviderCallExecMethod: invoke duration is 0
12-14 08:03:39.400 23707 23928 W Intelli_Analytics_DpIQCacheHelper: inquiry value is null or invalid, refuse update cache
12-14 08:03:39.549  2510  2571 I system_server: Background young concurrent mark compact GC freed 23MB AllocSpace bytes, 32(592KB) LOS objects, 18% free, 102MB/125MB, paused 2.509ms,12.164ms total 157.317ms
12-14 08:03:39.844  2143  4070 W ServiceManagerCppClient: Waited one second for vendor.qti.qhcp.IQHDC/default (is service started? Number of threads started in the threadpool: 3. Are binder threads started and available?)
12-14 08:03:39.847  2253  2377 W ServiceManagerCppClient: Waited one second for vendor.qti.qhcp.IQHDC/default (is service started? Number of threads started in the threadpool: 2. Are binder threads started and available?)
12-14 08:03:39.851   983 10277 W libc    : Unable to set property "ctl.interface_start" to "aidl/vendor.qti.qhcp.IQHDC/default": PROP_ERROR_HANDLE_CONTROL_MESSAGE (0x20)
12-14 08:03:39.853   983 10278 W libc    : Unable to set property "ctl.interface_start" to "aidl/vendor.qti.qhcp.IQHDC/default": PROP_ERROR_HANDLE_CONTROL_MESSAGE (0x20)
12-14 08:03:39.957  9043  9043 I wpa_supplicant: nl80211: vendor command vendor_id=4980, subcmd=13
12-14 08:03:39.963  2710  2710 I cnss-daemon: nl80211 response handler invoked
12-14 08:03:39.963  8927  8995 I WifiHAL : event received NL80211_CMD_VENDOR, vendor_id = 0x1374, subcmd = 0xd
12-14 08:03:39.964  2710  2710 I cnss-daemon: nl80211_response_handler: cmd 103, vendorID 4980, subcmd 13  received
12-14 08:03:39.964  9043  9043 I wpa_supplicant: nl80211: Ignore unsupported QCA vendor event 13
12-14 08:03:40.847  2143  4070 W ServiceManagerCppClient: Waited one second for vendor.qti.qhcp.IQHDC/default (is service started? Number of threads started in the threadpool: 3. Are binder threads started and available?)
12-14 08:03:40.850  2253  2377 W ServiceManagerCppClient: Waited one second for vendor.qti.qhcp.IQHDC/default (is service started? Number of threads started in the threadpool: 2. Are binder threads started and available?)
12-14 08:03:40.853   983 10279 W libc    : Unable to set property "ctl.interface_start" to "aidl/vendor.qti.qhcp.IQHDC/default": PROP_ERROR_HANDLE_CONTROL_MESSAGE (0x20)
12-14 08:03:40.860   983 10280 W libc    : Unable to set property "ctl.interface_start" to "aidl/vendor.qti.qhcp.IQHDC/default": PROP_ERROR_HANDLE_CONTROL_MESSAGE (0x20)
12-14 08:03:40.922  2510  6210 E HwQoEJNI: sendQoeCmd. open monitor_fd error
12-14 08:03:40.922  2510  6210 I HnDualBandManager: handle2gApStrongWifiRssiChange
12-14 08:03:41.850  2143  4070 W ServiceManagerCppClient: Waited one second for vendor.qti.qhcp.IQHDC/default (is service started? Number of threads started in the threadpool: 3. Are binder threads started and available?)
12-14 08:03:41.853  2253  2377 W ServiceManagerCppClient: Waited one second for vendor.qti.qhcp.IQHDC/default (is service started? Number of threads started in the threadpool: 2. Are binder threads started and available?)
12-14 08:03:41.856   983 10281 W libc    : Unable to set property "ctl.interface_start" to "aidl/vendor.qti.qhcp.IQHDC/default": PROP_ERROR_HANDLE_CONTROL_MESSAGE (0x20)
12-14 08:03:41.857   983 10282 W libc    : Unable to set property "ctl.interface_start" to "aidl/vendor.qti.qhcp.IQHDC/default": PROP_ERROR_HANDLE_CONTROL_MESSAGE (0x20)
12-14 08:03:41.962  9043  9043 I wpa_supplicant: nl80211: vendor command vendor_id=4980, subcmd=13
12-14 08:03:41.968  2710  2710 I cnss-daemon: nl80211 response handler invoked
12-14 08:03:41.968  2710  2710 I cnss-daemon: nl80211_response_handler: cmd 103, vendorID 4980, subcmd 13  received
12-14 08:03:41.969  8927  8995 I WifiHAL : event received NL80211_CMD_VENDOR, vendor_id = 0x1374, subcmd = 0xd
12-14 08:03:41.970  9043  9043 I wpa_supplicant: nl80211: Ignore unsupported QCA vendor event 13
12-14 08:03:42.853  2143  4070 W ServiceManagerCppClient: Waited one second for vendor.qti.qhcp.IQHDC/default (is service started? Number of threads started in the threadpool: 3. Are binder threads started and available?)
12-14 08:03:42.856  2253  2377 W ServiceManagerCppClient: Waited one second for vendor.qti.qhcp.IQHDC/default (is service started? Number of threads started in the threadpool: 2. Are binder threads started and available?)
12-14 08:03:42.859   983 10283 W libc    : Unable to set property "ctl.interface_start" to "aidl/vendor.qti.qhcp.IQHDC/default": PROP_ERROR_HANDLE_CONTROL_MESSAGE (0x20)
12-14 08:03:42.861   983 10284 W libc    : Unable to set property "ctl.interface_start" to "aidl/vendor.qti.qhcp.IQHDC/default": PROP_ERROR_HANDLE_CONTROL_MESSAGE (0x20)
12-14 08:03:42.937  2510  4682 I HwBatteryService: power_ui state= 1 mQuickChargeStatus=1
12-14 08:03:42.938  2510  4682 I HwBatteryService: handleWirelessTxStatus
12-14 08:03:42.938  2510  4682 I HwBatteryService: switch not open, return, mWirelessTxFlag : 0
12-14 08:03:42.938  2510  4682 W HwBatteryService: need return. Invalid value: -1
12-14 08:03:42.938  2510  4682 D HwBatteryService: setHwChargeTimeRemaining, time = -1 String time: -1
12-14 08:03:42.946  2510  2579 I BatteryService: Processing new values: info={chargerAcOnline=false,chargerUsbOnline=true,chargerWirelessOnline=false,maxChargingCurrent=500000,maxChargingVoltage=5000000,batteryStatus=5=FULL,batteryHealth=2=GOOD,batteryPresent=true,batteryLevel=100,batteryVoltage=4485,batteryTemperature=253,batteryFullCharge=6588000,batteryChargeCounter=3500000,batteryTechnology=Unknown,batteryCapacityLevel=5=FULL,chargerDockOnline=false}, mBatteryLevelCritical=false, mPlugType=2, mLastPlugType=2
12-14 08:03:42.947  2510  2579 I BatteryService: check conditions changed
12-14 08:03:42.951  2510  2579 I BatteryService: Processing new values: info={chargerAcOnline=false,chargerUsbOnline=true,chargerWirelessOnline=false,maxChargingCurrent=500000,maxChargingVoltage=5000000,batteryStatus=5=FULL,batteryHealth=2=GOOD,batteryPresent=true,batteryLevel=100,batteryVoltage=4485,batteryTemperature=253,batteryFullCharge=6588000,batteryChargeCounter=3500000,batteryTechnology=Unknown,batteryCapacityLevel=5=FULL,chargerDockOnline=false}, mBatteryLevelCritical=false, mPlugType=2, mLastPlugType=2
12-14 08:03:42.952  2510  2579 I BatteryService: check conditions changed
12-14 08:03:43.856  2143  4070 W ServiceManagerCppClient: Waited one second for vendor.qti.qhcp.IQHDC/default (is service started? Number of threads started in the threadpool: 3. Are binder threads started and available?)
12-14 08:03:43.858  2253  2377 W ServiceManagerCppClient: Waited one second for vendor.qti.qhcp.IQHDC/default (is service started? Number of threads started in the threadpool: 2. Are binder threads started and available?)
12-14 08:03:43.861   983 10285 W libc    : Unable to set property "ctl.interface_start" to "aidl/vendor.qti.qhcp.IQHDC/default": PROP_ERROR_HANDLE_CONTROL_MESSAGE (0x20)
12-14 08:03:43.862   983 10286 W libc    : Unable to set property "ctl.interface_start" to "aidl/vendor.qti.qhcp.IQHDC/default": PROP_ERROR_HANDLE_CONTROL_MESSAGE (0x20)
12-14 08:03:43.936  2510  6210 E HwQoEJNI: sendQoeCmd. open monitor_fd error
12-14 08:03:43.936  2510  6210 I HnDualBandManager: handle2gApStrongWifiRssiChange
12-14 08:03:43.969  9043  9043 I wpa_supplicant: nl80211: vendor command vendor_id=4980, subcmd=13
12-14 08:03:43.974  2710  2710 I cnss-daemon: nl80211 response handler invoked
12-14 08:03:43.975  2710  2710 I cnss-daemon: nl80211_response_handler: cmd 103, vendorID 4980, subcmd 13  received
12-14 08:03:43.976  8927  8995 I WifiHAL : event received NL80211_CMD_VENDOR, vendor_id = 0x1374, subcmd = 0xd
12-14 08:03:43.976  9043  9043 I wpa_supplicant: nl80211: Ignore unsupported QCA vendor event 13
12-14 08:03:44.306  2152  5162 I sensors-hal: handle_sns_client_event:442, accel_sample(accelcal_available:0): ts=2258084568324385 ns; value = [-1.573118, 0.070748, 9.481501], status=3
12-14 08:03:44.859  2143  4070 W ServiceManagerCppClient: Waited one second for vendor.qti.qhcp.IQHDC/default (is service started? Number of threads started in the threadpool: 3. Are binder threads started and available?)
12-14 08:03:44.861  2253  2377 W ServiceManagerCppClient: Waited one second for vendor.qti.qhcp.IQHDC/default (is service started? Number of threads started in the threadpool: 2. Are binder threads started and available?)
12-14 08:03:44.865   983 10287 W libc    : Unable to set property "ctl.interface_start" to "aidl/vendor.qti.qhcp.IQHDC/default": PROP_ERROR_HANDLE_CONTROL_MESSAGE (0x20)
12-14 08:03:44.868   983 10289 W libc    : Unable to set property "ctl.interface_start" to "aidl/vendor.qti.qhcp.IQHDC/default": PROP_ERROR_HANDLE_CONTROL_MESSAGE (0x20)
12-14 08:03:45.102  2510  2793 I AppEyeFwkBlock: do monitor
12-14 08:03:45.862  2143  4070 W ServiceManagerCppClient: Waited one second for vendor.qti.qhcp.IQHDC/default (is service started? Number of threads started in the threadpool: 3. Are binder threads started and available?)
12-14 08:03:45.864  2253  2377 W ServiceManagerCppClient: Waited one second for vendor.qti.qhcp.IQHDC/default (is service started? Number of threads started in the threadpool: 2. Are binder threads started and available?)
12-14 08:03:45.873   983 10290 W libc    : Unable to set property "ctl.interface_start" to "aidl/vendor.qti.qhcp.IQHDC/default": PROP_ERROR_HANDLE_CONTROL_MESSAGE (0x20)
12-14 08:03:45.875   983 10291 W libc    : Unable to set property "ctl.interface_start" to "aidl/vendor.qti.qhcp.IQHDC/default": PROP_ERROR_HANDLE_CONTROL_MESSAGE (0x20)
12-14 08:03:45.938  2510  4794 D ActivityManager: freezing 589 com.hihonor.searchservice
12-14 08:03:45.943  2510  4794 D ActivityManager: freezing 774 com.hihonor.systemmanager:security_scan
12-14 08:03:45.946  2510  4794 D ActivityManager: freezing 946 com.hihonor.securitypluginbase:service
12-14 08:03:45.949  2510  4794 D ActivityManager: freezing 697 com.hihonor.systemmanager
12-14 08:03:45.951  2510  4794 D ActivityManager: freezing 489 com.android.keychain
12-14 08:03:45.957  2510  6242 D InetDiagMessage: Destroyed 0 sockets, proto=IPPROTO_TCP, family=AF_INET, states=14
12-14 08:03:45.961  2510  6242 D InetDiagMessage: Destroyed 0 sockets, proto=IPPROTO_TCP, family=AF_INET6, states=14
12-14 08:03:45.962  2510  6242 D InetDiagMessage: Destroyed live tcp sockets for uids={10123} in 8ms
12-14 08:03:45.973  9043  9043 I wpa_supplicant: nl80211: vendor command vendor_id=4980, subcmd=13
12-14 08:03:45.979  2710  2710 I cnss-daemon: nl80211 response handler invoked
12-14 08:03:45.980  8927  8995 I WifiHAL : event received NL80211_CMD_VENDOR, vendor_id = 0x1374, subcmd = 0xd
12-14 08:03:45.980  2710  2710 I cnss-daemon: nl80211_response_handler: cmd 103, vendorID 4980, subcmd 13  received
12-14 08:03:45.983  9043  9043 I wpa_supplicant: nl80211: Ignore unsupported QCA vendor event 13
12-14 08:03:46.310  2510  2784 I WifiEnhanceMonitor: notifyUidStateChanged
12-14 08:03:46.313  2278 17143 D AudioPolicyService: getUidState(10039) !cacheIter->second.first, return PROCESS_STATE_UNKNOWN
12-14 08:03:46.313  2278 17143 D AudioPolicyService: getUidState(10039) !cacheIter->second.first, return PROCESS_STATE_UNKNOWN
12-14 08:03:46.865  2143  4070 W ServiceManagerCppClient: Waited one second for vendor.qti.qhcp.IQHDC/default (is service started? Number of threads started in the threadpool: 3. Are binder threads started and available?)
12-14 08:03:46.867  2253  2377 W ServiceManagerCppClient: Waited one second for vendor.qti.qhcp.IQHDC/default (is service started? Number of threads started in the threadpool: 2. Are binder threads started and available?)
12-14 08:03:46.871   983 10292 W libc    : Unable to set property "ctl.interface_start" to "aidl/vendor.qti.qhcp.IQHDC/default": PROP_ERROR_HANDLE_CONTROL_MESSAGE (0x20)
12-14 08:03:46.873   983 10293 W libc    : Unable to set property "ctl.interface_start" to "aidl/vendor.qti.qhcp.IQHDC/default": PROP_ERROR_HANDLE_CONTROL_MESSAGE (0x20)
12-14 08:03:46.947  2510  6210 E HwQoEJNI: sendQoeCmd. open monitor_fd error
12-14 08:03:46.947  2510  6210 I HnDualBandManager: handle2gApStrongWifiRssiChange
12-14 08:03:47.807  2510  2784 I WifiEnhanceMonitor: notifyUidStateChanged
12-14 08:03:47.809  2278 17143 D AudioPolicyService: getUidState(10159) !cacheIter->second.first, return PROCESS_STATE_UNKNOWN
12-14 08:03:47.809  2278 17143 D AudioPolicyService: getUidState(10159) !cacheIter->second.first, return PROCESS_STATE_UNKNOWN
12-14 08:03:47.853  2510  2784 I WifiEnhanceMonitor: notifyUidStateChanged
12-14 08:03:47.854  2278 17143 D AudioPolicyService: getUidState(10053) !cacheIter->second.first, return PROCESS_STATE_UNKNOWN
12-14 08:03:47.855  2278 17143 D AudioPolicyService: getUidState(10053) !cacheIter->second.first, return PROCESS_STATE_UNKNOWN
12-14 08:03:47.869  2143  4070 W ServiceManagerCppClient: Waited one second for vendor.qti.qhcp.IQHDC/default (is service started? Number of threads started in the threadpool: 3. Are binder threads started and available?)
12-14 08:03:47.870  2253  2377 W ServiceManagerCppClient: Waited one second for vendor.qti.qhcp.IQHDC/default (is service started? Number of threads started in the threadpool: 2. Are binder threads started and available?)
12-14 08:03:47.876   983 10294 W libc    : Unable to set property "ctl.interface_start" to "aidl/vendor.qti.qhcp.IQHDC/default": PROP_ERROR_HANDLE_CONTROL_MESSAGE (0x20)
12-14 08:03:47.876   983 10295 W libc    : Unable to set property "ctl.interface_start" to "aidl/vendor.qti.qhcp.IQHDC/default": PROP_ERROR_HANDLE_CONTROL_MESSAGE (0x20)
12-14 08:03:47.978  9043  9043 I wpa_supplicant: nl80211: vendor command vendor_id=4980, subcmd=13
12-14 08:03:47.983  2710  2710 I cnss-daemon: nl80211 response handler invoked
12-14 08:03:47.983  8927  8995 I WifiHAL : event received NL80211_CMD_VENDOR, vendor_id = 0x1374, subcmd = 0xd
12-14 08:03:47.984  2710  2710 I cnss-daemon: nl80211_response_handler: cmd 103, vendorID 4980, subcmd 13  received
12-14 08:03:47.984  9043  9043 I wpa_supplicant: nl80211: Ignore unsupported QCA vendor event 13
12-14 08:03:48.873  2143  4070 W ServiceManagerCppClient: Waited one second for vendor.qti.qhcp.IQHDC/default (is service started? Number of threads started in the threadpool: 3. Are binder threads started and available?)
12-14 08:03:48.873  2253  2377 W ServiceManagerCppClient: Waited one second for vendor.qti.qhcp.IQHDC/default (is service started? Number of threads started in the threadpool: 2. Are binder threads started and available?)
12-14 08:03:48.880   983 10297 W libc    : Unable to set property "ctl.interface_start" to "aidl/vendor.qti.qhcp.IQHDC/default": PROP_ERROR_HANDLE_CONTROL_MESSAGE (0x20)
12-14 08:03:48.880   983 10299 W libc    : Unable to set property "ctl.interface_start" to "aidl/vendor.qti.qhcp.IQHDC/default": PROP_ERROR_HANDLE_CONTROL_MESSAGE (0x20)
12-14 08:03:49.417  2510  2795 W Watchdog: waitState=[0] waitedHalf=[false]
12-14 08:03:49.417  2510  2795 W Watchdog: watchdogKick kickCounter=[150]
12-14 08:03:49.417  2510  2795 I AES     : hangdetect userpet kick to kernel
12-14 08:03:49.419  2510  2782 I InputReader: monitor lock
12-14 08:03:49.419  2510  2782 I EventHub: wake() called
12-14 08:03:49.419  2510  2782 I EventHub: monitor lock
12-14 08:03:49.449  2510  6210 I WifiNetworkStatsMonitor: total/508/432,android.uid.system:1000/508/0,unknown:0/0/432,com.autocountsoft.payroll/0/0,unknown:-5/0/0,com.hihonor.mediamaterial/0/0,authenticator.two.factor.authentication.otp/0/0,com.hihonor.android.launcher/0/0,com.openai.chatgpt/0/0,com.cimb.cimbocto/0/0,com.klikasia.klik.android/0/0
12-14 08:03:49.449  2510  6210 D WifiEnhanceHomeFenceMonitor: registerHomeAwarenessFence, register back home fence.
12-14 08:03:49.449  2510  6210 I WifiEnhanceHomeFenceMonitor: processBackHomeFence, add back home fence , id : WifiEnhanceHomeFenceMonitor_backHomeFence
12-14 08:03:49.450  2510  6210 D WifiEnhanceHomeFenceMonitor: registerHomeAwarenessFence, register leave home fence.
12-14 08:03:49.450  2510  6210 I WifiEnhanceHomeFenceMonitor: processLeaveHomeFence, add leave home fence , id : WifiEnhanceHomeFenceMonitor_leaveHomeFence
12-14 08:03:49.451  2510  8336 I AwarenessClient: wait result,type=register_fence_by_listener,rId=14a31e05-091d-4d18-b048-eb9a08b825ce,key=WifiEnhanceHomeFenceMonitor_backHomeFence,isNeedCache=true,sysApp=true
12-14 08:03:49.452 23707 23805 I AWARENESS_E_D_P: regByListener rId=14a31e05-091d-4d18-b048-eb9a08b825ce,key=WifiEnhanceHomeFenceMonitor_backHomeFence
12-14 08:03:49.452  2510  8336 I AwarenessClient: wait result,type=register_fence_by_listener,rId=69776cef-924d-460a-9a1d-a67b4a76e0be,key=WifiEnhanceHomeFenceMonitor_leaveHomeFence,isNeedCache=true,sysApp=true
12-14 08:03:49.453 23707 23924 I AWARENESS_MFenceFF: c:LocationFence
12-14 08:03:49.453 23707 23924 I AWARENESS_MFenceFF: not support fence, LocationFence
12-14 08:03:49.453 23707 23924 E AWARENESS_ManagedFenceList: createFence fail, AwarenessFence{key='WifiEnhanceHomeFenceMonitor_backHomeFence', type='LocationFence}
12-14 08:03:49.453 23707 23805 I AWARENESS_E_D_P: regByListener rId=69776cef-924d-460a-9a1d-a67b4a76e0be,key=WifiEnhanceHomeFenceMonitor_leaveHomeFence
12-14 08:03:49.454 23707 24188 I AWARENESS_MFenceFF: c:LocationFence
12-14 08:03:49.454 23707 24188 I AWARENESS_MFenceFF: not support fence, LocationFence
12-14 08:03:49.454 23707 24188 E AWARENESS_ManagedFenceList: createFence fail, AwarenessFence{key='WifiEnhanceHomeFenceMonitor_leaveHomeFence', type='LocationFence}
12-14 08:03:49.454  2510  8336 I WifiEnhanceHomeFenceMonitor: mHomeFenceConnectListener, on result, key = WifiEnhanceHomeFenceMonitor_backHomeFence , code = 0
12-14 08:03:49.454  2510  8336 I AwarenessClient: handle wait rm for WifiEnhanceHomeFenceMonitor_backHomeFence
12-14 08:03:49.454  2510  8336 I AwarenessClient: dispatch no cached for WifiEnhanceHomeFenceMonitor_backHomeFence
12-14 08:03:49.454  2510  8336 I WifiEnhanceHomeFenceMonitor: mHomeFenceConnectListener, on result, key = WifiEnhanceHomeFenceMonitor_leaveHomeFence , code = 0
12-14 08:03:49.454  2510  8336 I AwarenessClient: handle wait rm for WifiEnhanceHomeFenceMonitor_leaveHomeFence
12-14 08:03:49.455  2510  8336 I AwarenessClient: dispatch no cached for WifiEnhanceHomeFenceMonitor_leaveHomeFence
12-14 08:03:49.455 23707 23924 I AWARENESS_D_P_InquiryProviderCallExecMethod: invoke begin, calling pkg name: com.hihonor.awareness
12-14 08:03:49.455 23707 23924 W AWARENESS_D_P_DataQueryComponentContainer: null supplier for: queryCityCode
12-14 08:03:49.455 23707 23924 I AWARENESS_D_P_InquiryProviderCallExecMethod: invoke duration is 0
12-14 08:03:49.455 23707 24188 I AWARENESS_D_P_InquiryProviderCallExecMethod: invoke begin, calling pkg name: com.hihonor.awareness
12-14 08:03:49.455 23707 24188 W AWARENESS_D_P_DataQueryComponentContainer: null supplier for: queryCityCode
12-14 08:03:49.455 23707 24188 I AWARENESS_D_P_InquiryProviderCallExecMethod: invoke duration is 0
12-14 08:03:49.455 23707 24188 W Intelli_Analytics_DpIQCacheHelper: inquiry value is null or invalid, refuse update cache
12-14 08:03:49.456 23707 23924 W Intelli_Analytics_DpIQCacheHelper: inquiry value is null or invalid, refuse update cache
12-14 08:03:49.876  2143  4070 W ServiceManagerCppClient: Waited one second for vendor.qti.qhcp.IQHDC/default (is service started? Number of threads started in the threadpool: 3. Are binder threads started and available?)
12-14 08:03:49.878  2253  2377 W ServiceManagerCppClient: Waited one second for vendor.qti.qhcp.IQHDC/default (is service started? Number of threads started in the threadpool: 2. Are binder threads started and available?)
12-14 08:03:49.882   983 10300 W libc    : Unable to set property "ctl.interface_start" to "aidl/vendor.qti.qhcp.IQHDC/default": PROP_ERROR_HANDLE_CONTROL_MESSAGE (0x20)
12-14 08:03:49.891   983 10301 W libc    : Unable to set property "ctl.interface_start" to "aidl/vendor.qti.qhcp.IQHDC/default": PROP_ERROR_HANDLE_CONTROL_MESSAGE (0x20)
12-14 08:03:49.958  2510  6210 E HwQoEJNI: sendQoeCmd. open monitor_fd error
12-14 08:03:49.959  2510  6210 I HnDualBandManager: handle2gApStrongWifiRssiChange
12-14 08:03:49.982  9043  9043 I wpa_supplicant: nl80211: vendor command vendor_id=4980, subcmd=13
12-14 08:03:49.988  2710  2710 I cnss-daemon: nl80211 response handler invoked
12-14 08:03:49.988  2710  2710 I cnss-daemon: nl80211_response_handler: cmd 103, vendorID 4980, subcmd 13  received
12-14 08:03:49.989  8927  8995 I WifiHAL : event received NL80211_CMD_VENDOR, vendor_id = 0x1374, subcmd = 0xd
12-14 08:03:49.990  9043  9043 I wpa_supplicant: nl80211: Ignore unsupported QCA vendor event 13
12-14 08:03:50.294  2152  5162 I sensors-hal: handle_sns_client_event:442, accel_sample(accelcal_available:0): ts=2258090556690322 ns; value = [-1.552792, 0.069000, 9.475734], status=3
12-14 08:03:50.582  6822  6822 I HwCommBoosterService: AWARE_THREAD is work correctly.
12-14 08:03:50.582  6822  6822 I HwCommBoosterService: NOTIFY_THREAD is work correctly.
12-14 08:03:50.583  6822  6822 I HwCommBoosterService: SERVICE_THREAD is work correctly.
12-14 08:03:50.583  6822  6822 I HwCommBoosterService: DATABASE_THREAD is work correctly.
12-14 08:03:50.583  6822  6822 I HwCommBoosterService: TRANSPORT_LAYER_THREAD_ID is work correctly.
12-14 08:03:50.583  6822  6822 I HwCommBoosterService: PHY_LAYER_THREAD_ID is work correctly.
12-14 08:03:50.583  6822  6822 I HwCommBoosterService: COMM_CLOUD_THREAD is work correctly.
12-14 08:03:50.583  6822  6822 I HwCommHnCollieService: AWARE_THREAD is work correctly.
12-14 08:03:50.583  6822  6822 I HwCommHnCollieService: NOTIFY_THREAD is work correctly.
12-14 08:03:50.583  6822  6822 I HwCommHnCollieService: SERVICE_THREAD is work correctly.
12-14 08:03:50.880  2143  4070 W ServiceManagerCppClient: Waited one second for vendor.qti.qhcp.IQHDC/default (is service started? Number of threads started in the threadpool: 3. Are binder threads started and available?)
12-14 08:03:50.881  2253  2377 W ServiceManagerCppClient: Waited one second for vendor.qti.qhcp.IQHDC/default (is service started? Number of threads started in the threadpool: 2. Are binder threads started and available?)
12-14 08:03:50.887   983 10302 W libc    : Unable to set property "ctl.interface_start" to "aidl/vendor.qti.qhcp.IQHDC/default": PROP_ERROR_HANDLE_CONTROL_MESSAGE (0x20)
12-14 08:03:50.888   983 10303 W libc    : Unable to set property "ctl.interface_start" to "aidl/vendor.qti.qhcp.IQHDC/default": PROP_ERROR_HANDLE_CONTROL_MESSAGE (0x20)
12-14 08:03:51.102  2510  2793 I AppEyeFwkBlock: do monitor
12-14 08:03:51.121  2510  4682 I HwBatteryService: power_ui state= 1 mQuickChargeStatus=1
12-14 08:03:51.121  2510  4682 I HwBatteryService: handleWirelessTxStatus
12-14 08:03:51.121  2510  4682 I HwBatteryService: switch not open, return, mWirelessTxFlag : 0
12-14 08:03:51.121  2510  4682 W HwBatteryService: need return. Invalid value: -1
12-14 08:03:51.121  2510  4682 D HwBatteryService: setHwChargeTimeRemaining, time = -1 String time: -1
12-14 08:03:51.130  2510  2579 I BatteryService: Processing new values: info={chargerAcOnline=false,chargerUsbOnline=true,chargerWirelessOnline=false,maxChargingCurrent=500000,maxChargingVoltage=5000000,batteryStatus=5=FULL,batteryHealth=2=GOOD,batteryPresent=true,batteryLevel=100,batteryVoltage=4485,batteryTemperature=253,batteryFullCharge=6588000,batteryChargeCounter=3500000,batteryTechnology=Unknown,batteryCapacityLevel=5=FULL,chargerDockOnline=false}, mBatteryLevelCritical=false, mPlugType=2, mLastPlugType=2
12-14 08:03:51.131  2510  2579 I BatteryService: check conditions changed
12-14 08:03:51.137  2510  2579 I BatteryService: Processing new values: info={chargerAcOnline=false,chargerUsbOnline=true,chargerWirelessOnline=false,maxChargingCurrent=500000,maxChargingVoltage=5000000,batteryStatus=5=FULL,batteryHealth=2=GOOD,batteryPresent=true,batteryLevel=100,batteryVoltage=4485,batteryTemperature=253,batteryFullCharge=6588000,batteryChargeCounter=3500000,batteryTechnology=Unknown,batteryCapacityLevel=5=FULL,chargerDockOnline=false}, mBatteryLevelCritical=false, mPlugType=2, mLastPlugType=2
12-14 08:03:51.138  2510  2579 I BatteryService: check conditions changed
12-14 08:03:51.885  2143  4070 W ServiceManagerCppClient: Waited one second for vendor.qti.qhcp.IQHDC/default (is service started? Number of threads started in the threadpool: 3. Are binder threads started and available?)
12-14 08:03:51.886  2253  2377 W ServiceManagerCppClient: Waited one second for vendor.qti.qhcp.IQHDC/default (is service started? Number of threads started in the threadpool: 2. Are binder threads started and available?)
12-14 08:03:51.891   983 10306 W libc    : Unable to set property "ctl.interface_start" to "aidl/vendor.qti.qhcp.IQHDC/default": PROP_ERROR_HANDLE_CONTROL_MESSAGE (0x20)
12-14 08:03:51.891   983 10307 W libc    : Unable to set property "ctl.interface_start" to "aidl/vendor.qti.qhcp.IQHDC/default": PROP_ERROR_HANDLE_CONTROL_MESSAGE (0x20)
12-14 08:03:51.937  6777  7976 D SleepClean: run sleepClean start
12-14 08:03:51.987  9043  9043 I wpa_supplicant: nl80211: vendor command vendor_id=4980, subcmd=13
12-14 08:03:51.994  8927  8995 I WifiHAL : event received NL80211_CMD_VENDOR, vendor_id = 0x1374, subcmd = 0xd
12-14 08:03:51.995  9043  9043 I wpa_supplicant: nl80211: Ignore unsupported QCA vendor event 13
12-14 08:03:51.995  2710  2710 I cnss-daemon: nl80211 response handler invoked
12-14 08:03:51.995  2710  2710 I cnss-daemon: nl80211_response_handler: cmd 103, vendorID 4980, subcmd 13  received
12-14 08:03:52.071  2510  2879 W ProcessStats: Tracking association SourceState{501c3ba com.resultmarketing.whatscard/10366 Top #1986597} whose proc state 1 is better than process ProcessState{3b16654 com.android.vending/10154 pkg=com.android.vending} proc state 2 (0 skipped)
12-14 08:03:52.888  2143  4070 W ServiceManagerCppClient: Waited one second for vendor.qti.qhcp.IQHDC/default (is service started? Number of threads started in the threadpool: 3. Are binder threads started and available?)
12-14 08:03:52.889  2253  2377 W ServiceManagerCppClient: Waited one second for vendor.qti.qhcp.IQHDC/default (is service started? Number of threads started in the threadpool: 2. Are binder threads started and available?)
12-14 08:03:52.895   983 10308 W libc    : Unable to set property "ctl.interface_start" to "aidl/vendor.qti.qhcp.IQHDC/default": PROP_ERROR_HANDLE_CONTROL_MESSAGE (0x20)
12-14 08:03:52.895   983 10309 W libc    : Unable to set property "ctl.interface_start" to "aidl/vendor.qti.qhcp.IQHDC/default": PROP_ERROR_HANDLE_CONTROL_MESSAGE (0x20)
12-14 08:03:52.974  2510  6210 E HwQoEJNI: sendQoeCmd. open monitor_fd error
12-14 08:03:52.974  2510  6210 I HnDualBandManager: handle2gApStrongWifiRssiChange
12-14 08:03:53.891  2143  4070 W ServiceManagerCppClient: Waited one second for vendor.qti.qhcp.IQHDC/default (is service started? Number of threads started in the threadpool: 3. Are binder threads started and available?)
12-14 08:03:53.892  2253  2377 W ServiceManagerCppClient: Waited one second for vendor.qti.qhcp.IQHDC/default (is service started? Number of threads started in the threadpool: 2. Are binder threads started and available?)
12-14 08:03:53.898   983 10310 W libc    : Unable to set property "ctl.interface_start" to "aidl/vendor.qti.qhcp.IQHDC/default": PROP_ERROR_HANDLE_CONTROL_MESSAGE (0x20)
12-14 08:03:53.899   983 10311 W libc    : Unable to set property "ctl.interface_start" to "aidl/vendor.qti.qhcp.IQHDC/default": PROP_ERROR_HANDLE_CONTROL_MESSAGE (0x20)
12-14 08:03:53.993  9043  9043 I wpa_supplicant: nl80211: vendor command vendor_id=4980, subcmd=13
12-14 08:03:53.999  8927  8995 I WifiHAL : event received NL80211_CMD_VENDOR, vendor_id = 0x1374, subcmd = 0xd
12-14 08:03:53.999  2710  2710 I cnss-daemon: nl80211 response handler invoked
12-14 08:03:54.000  2710  2710 I cnss-daemon: nl80211_response_handler: cmd 103, vendorID 4980, subcmd 13  received
12-14 08:03:54.001  9043  9043 I wpa_supplicant: nl80211: Ignore unsupported QCA vendor event 13
12-14 08:03:54.261  6777  8093 I .hihonor.iaware: Explicit concurrent mark compact GC freed 4992KB AllocSpace bytes, 9(180KB) LOS objects, 49% free, 7817KB/15MB, paused 465us,4.206ms total 108.412ms
12-14 08:03:54.895  2143  4070 W ServiceManagerCppClient: Waited one second for vendor.qti.qhcp.IQHDC/default (is service started? Number of threads started in the threadpool: 3. Are binder threads started and available?)
12-14 08:03:54.896  2253  2377 W ServiceManagerCppClient: Waited one second for vendor.qti.qhcp.IQHDC/default (is service started? Number of threads started in the threadpool: 2. Are binder threads started and available?)
12-14 08:03:54.912   983 10312 W libc    : Unable to set property "ctl.interface_start" to "aidl/vendor.qti.qhcp.IQHDC/default": PROP_ERROR_HANDLE_CONTROL_MESSAGE (0x20)
12-14 08:03:54.913   983 10313 W libc    : Unable to set property "ctl.interface_start" to "aidl/vendor.qti.qhcp.IQHDC/default": PROP_ERROR_HANDLE_CONTROL_MESSAGE (0x20)
12-14 08:03:55.899  2143  4070 W ServiceManagerCppClient: Waited one second for vendor.qti.qhcp.IQHDC/default (is service started? Number of threads started in the threadpool: 3. Are binder threads started and available?)
12-14 08:03:55.901  2253  2377 W ServiceManagerCppClient: Waited one second for vendor.qti.qhcp.IQHDC/default (is service started? Number of threads started in the threadpool: 2. Are binder threads started and available?)
12-14 08:03:55.906   983 10314 W libc    : Unable to set property "ctl.interface_start" to "aidl/vendor.qti.qhcp.IQHDC/default": PROP_ERROR_HANDLE_CONTROL_MESSAGE (0x20)
12-14 08:03:55.906   983 10315 W libc    : Unable to set property "ctl.interface_start" to "aidl/vendor.qti.qhcp.IQHDC/default": PROP_ERROR_HANDLE_CONTROL_MESSAGE (0x20)
12-14 08:03:55.986  2510  6210 E HwQoEJNI: sendQoeCmd. open monitor_fd error
12-14 08:03:55.987  2510  6210 I HnDualBandManager: handle2gApStrongWifiRssiChange
12-14 08:03:55.997  9043  9043 I wpa_supplicant: nl80211: vendor command vendor_id=4980, subcmd=13
12-14 08:03:56.003  2710  2710 I cnss-daemon: nl80211 response handler invoked
12-14 08:03:56.003  2710  2710 I cnss-daemon: nl80211_response_handler: cmd 103, vendorID 4980, subcmd 13  received
12-14 08:03:56.004  8927  8995 I WifiHAL : event received NL80211_CMD_VENDOR, vendor_id = 0x1374, subcmd = 0xd
12-14 08:03:56.005  9043  9043 I wpa_supplicant: nl80211: Ignore unsupported QCA vendor event 13
12-14 08:03:56.283  2152  5162 I sensors-hal: handle_sns_client_event:442, accel_sample(accelcal_available:0): ts=2258096545466416 ns; value = [-1.539026, 0.060736, 9.467538], status=3
12-14 08:03:56.903  2143  4070 W ServiceManagerCppClient: Waited one second for vendor.qti.qhcp.IQHDC/default (is service started? Number of threads started in the threadpool: 3. Are binder threads started and available?)
12-14 08:03:56.904  2253  2377 W ServiceManagerCppClient: Waited one second for vendor.qti.qhcp.IQHDC/default (is service started? Number of threads started in the threadpool: 2. Are binder threads started and available?)
12-14 08:03:56.909   983 10316 W libc    : Unable to set property "ctl.interface_start" to "aidl/vendor.qti.qhcp.IQHDC/default": PROP_ERROR_HANDLE_CONTROL_MESSAGE (0x20)
12-14 08:03:56.910   983 10317 W libc    : Unable to set property "ctl.interface_start" to "aidl/vendor.qti.qhcp.IQHDC/default": PROP_ERROR_HANDLE_CONTROL_MESSAGE (0x20)
12-14 08:03:57.103  2510  2793 I AppEyeFwkBlock: do monitor
12-14 08:03:57.906  2143  4070 W ServiceManagerCppClient: Waited one second for vendor.qti.qhcp.IQHDC/default (is service started? Number of threads started in the threadpool: 3. Are binder threads started and available?)
12-14 08:03:57.909  2253  2377 W ServiceManagerCppClient: Waited one second for vendor.qti.qhcp.IQHDC/default (is service started? Number of threads started in the threadpool: 2. Are binder threads started and available?)
12-14 08:03:57.912   983 10318 W libc    : Unable to set property "ctl.interface_start" to "aidl/vendor.qti.qhcp.IQHDC/default": PROP_ERROR_HANDLE_CONTROL_MESSAGE (0x20)
12-14 08:03:57.913   983 10319 W libc    : Unable to set property "ctl.interface_start" to "aidl/vendor.qti.qhcp.IQHDC/default": PROP_ERROR_HANDLE_CONTROL_MESSAGE (0x20)
12-14 08:03:58.003  9043  9043 I wpa_supplicant: nl80211: vendor command vendor_id=4980, subcmd=13
12-14 08:03:58.009  8927  8995 I WifiHAL : event received NL80211_CMD_VENDOR, vendor_id = 0x1374, subcmd = 0xd
12-14 08:03:58.010  2710  2710 I cnss-daemon: nl80211 response handler invoked
12-14 08:03:58.010  2710  2710 I cnss-daemon: nl80211_response_handler: cmd 103, vendorID 4980, subcmd 13  received
12-14 08:03:58.012  9043  9043 I wpa_supplicant: nl80211: Ignore unsupported QCA vendor event 13
12-14 08:03:58.909  2143  4070 W ServiceManagerCppClient: Waited one second for vendor.qti.qhcp.IQHDC/default (is service started? Number of threads started in the threadpool: 3. Are binder threads started and available?)
12-14 08:03:58.911  2253  2377 W ServiceManagerCppClient: Waited one second for vendor.qti.qhcp.IQHDC/default (is service started? Number of threads started in the threadpool: 2. Are binder threads started and available?)
12-14 08:03:58.916   983 10320 W libc    : Unable to set property "ctl.interface_start" to "aidl/vendor.qti.qhcp.IQHDC/default": PROP_ERROR_HANDLE_CONTROL_MESSAGE (0x20)
12-14 08:03:58.920   983 10321 W libc    : Unable to set property "ctl.interface_start" to "aidl/vendor.qti.qhcp.IQHDC/default": PROP_ERROR_HANDLE_CONTROL_MESSAGE (0x20)
12-14 08:03:58.998  2510  6210 E HwQoEJNI: sendQoeCmd. open monitor_fd error
12-14 08:03:58.999  2510  6210 I HnDualBandManager: handle2gApStrongWifiRssiChange
12-14 08:03:59.302  2510  4682 I HwBatteryService: power_ui state= 1 mQuickChargeStatus=1
12-14 08:03:59.302  2510  4682 I HwBatteryService: handleWirelessTxStatus
12-14 08:03:59.302  2510  4682 I HwBatteryService: switch not open, return, mWirelessTxFlag : 0
12-14 08:03:59.302  2510  4682 W HwBatteryService: need return. Invalid value: -1
12-14 08:03:59.303  2510  4682 D HwBatteryService: setHwChargeTimeRemaining, time = -1 String time: -1
12-14 08:03:59.311  2510  2579 I BatteryService: Processing new values: info={chargerAcOnline=false,chargerUsbOnline=true,chargerWirelessOnline=false,maxChargingCurrent=500000,maxChargingVoltage=5000000,batteryStatus=5=FULL,batteryHealth=2=GOOD,batteryPresent=true,batteryLevel=100,batteryVoltage=4485,batteryTemperature=253,batteryFullCharge=6588000,batteryChargeCounter=3500000,batteryTechnology=Unknown,batteryCapacityLevel=5=FULL,chargerDockOnline=false}, mBatteryLevelCritical=false, mPlugType=2, mLastPlugType=2
12-14 08:03:59.311  2510  2579 I BatteryService: check conditions changed
12-14 08:03:59.316  2510  2579 I BatteryService: Processing new values: info={chargerAcOnline=false,chargerUsbOnline=true,chargerWirelessOnline=false,maxChargingCurrent=500000,maxChargingVoltage=5000000,batteryStatus=5=FULL,batteryHealth=2=GOOD,batteryPresent=true,batteryLevel=100,batteryVoltage=4485,batteryTemperature=253,batteryFullCharge=6588000,batteryChargeCounter=3500000,batteryTechnology=Unknown,batteryCapacityLevel=5=FULL,chargerDockOnline=false}, mBatteryLevelCritical=false, mPlugType=2, mLastPlugType=2
12-14 08:03:59.317  2510  2579 I BatteryService: check conditions changed
12-14 08:03:59.507  2510  6210 I WifiNetworkStatsMonitor: total/832/946,com.instagram.android/768/768,unknown:0/0/178,android.uid.system:1000/64/0,com.autocountsoft.payroll/0/0,unknown:-5/0/0,com.hihonor.mediamaterial/0/0,authenticator.two.factor.authentication.otp/0/0,com.hihonor.android.launcher/0/0,com.openai.chatgpt/0/0,com.cimb.cimbocto/0/0
12-14 08:03:59.507  2510  6210 D WifiEnhanceHomeFenceMonitor: registerHomeAwarenessFence, register back home fence.
12-14 08:03:59.508  2510  6210 I WifiEnhanceHomeFenceMonitor: processBackHomeFence, add back home fence , id : WifiEnhanceHomeFenceMonitor_backHomeFence
12-14 08:03:59.508  2510  6210 D WifiEnhanceHomeFenceMonitor: registerHomeAwarenessFence, register leave home fence.
12-14 08:03:59.508  2510  8336 I AwarenessClient: wait result,type=register_fence_by_listener,rId=1bee748c-9d6a-4368-9979-f86b5b458598,key=WifiEnhanceHomeFenceMonitor_backHomeFence,isNeedCache=true,sysApp=true
12-14 08:03:59.509  2510  6210 I WifiEnhanceHomeFenceMonitor: processLeaveHomeFence, add leave home fence , id : WifiEnhanceHomeFenceMonitor_leaveHomeFence
12-14 08:03:59.509 23707 23805 I AWARENESS_E_D_P: regByListener rId=1bee748c-9d6a-4368-9979-f86b5b458598,key=WifiEnhanceHomeFenceMonitor_backHomeFence
12-14 08:03:59.510  2510  8336 I AwarenessClient: wait result,type=register_fence_by_listener,rId=1d8463d8-996c-4898-bfaf-3152e4d829fb,key=WifiEnhanceHomeFenceMonitor_leaveHomeFence,isNeedCache=true,sysApp=true
12-14 08:03:59.510 23707 23896 I AWARENESS_MFenceFF: c:LocationFence
12-14 08:03:59.510 23707 23896 I AWARENESS_MFenceFF: not support fence, LocationFence
12-14 08:03:59.510 23707 23896 E AWARENESS_ManagedFenceList: createFence fail, AwarenessFence{key='WifiEnhanceHomeFenceMonitor_backHomeFence', type='LocationFence}
12-14 08:03:59.511 23707 23805 I AWARENESS_E_D_P: regByListener rId=1d8463d8-996c-4898-bfaf-3152e4d829fb,key=WifiEnhanceHomeFenceMonitor_leaveHomeFence
12-14 08:03:59.511 23707 23910 I AWARENESS_MFenceFF: c:LocationFence
12-14 08:03:59.511 23707 23910 I AWARENESS_MFenceFF: not support fence, LocationFence
12-14 08:03:59.511 23707 23910 E AWARENESS_ManagedFenceList: createFence fail, AwarenessFence{key='WifiEnhanceHomeFenceMonitor_leaveHomeFence', type='LocationFence}
12-14 08:03:59.511  2510  8336 I WifiEnhanceHomeFenceMonitor: mHomeFenceConnectListener, on result, key = WifiEnhanceHomeFenceMonitor_backHomeFence , code = 0
12-14 08:03:59.511  2510  8336 I AwarenessClient: handle wait rm for WifiEnhanceHomeFenceMonitor_backHomeFence
12-14 08:03:59.511  2510  8336 I AwarenessClient: dispatch no cached for WifiEnhanceHomeFenceMonitor_backHomeFence
12-14 08:03:59.511  2510  8336 I WifiEnhanceHomeFenceMonitor: mHomeFenceConnectListener, on result, key = WifiEnhanceHomeFenceMonitor_leaveHomeFence , code = 0
12-14 08:03:59.512 23707 23896 I AWARENESS_D_P_InquiryProviderCallExecMethod: invoke begin, calling pkg name: com.hihonor.awareness
12-14 08:03:59.512  2510  8336 I AwarenessClient: handle wait rm for WifiEnhanceHomeFenceMonitor_leaveHomeFence
12-14 08:03:59.512 23707 23896 W AWARENESS_D_P_DataQueryComponentContainer: null supplier for: queryCityCode
12-14 08:03:59.512  2510  8336 I AwarenessClient: dispatch no cached for WifiEnhanceHomeFenceMonitor_leaveHomeFence
12-14 08:03:59.512 23707 23896 I AWARENESS_D_P_InquiryProviderCallExecMethod: invoke duration is 0
12-14 08:03:59.512 23707 23896 W Intelli_Analytics_DpIQCacheHelper: inquiry value is null or invalid, refuse update cache
12-14 08:03:59.512 23707 23910 I AWARENESS_D_P_InquiryProviderCallExecMethod: invoke begin, calling pkg name: com.hihonor.awareness
12-14 08:03:59.512 23707 23910 W AWARENESS_D_P_DataQueryComponentContainer: null supplier for: queryCityCode
12-14 08:03:59.512 23707 23910 I AWARENESS_D_P_InquiryProviderCallExecMethod: invoke duration is 0
12-14 08:03:59.512 23707 23910 W Intelli_Analytics_DpIQCacheHelper: inquiry value is null or invalid, refuse update cache
12-14 08:03:59.641  2510  4823 W AlarmManager: WAKEUP alarm 4b208f1 when: 2258100000 maxWhen: 2258100000 pkg: android proc: system tag: *walarm*:com.android.intent.action.HEARTBEAT_FIXER trigger action: com.android.intent.action.HEARTBEAT_FIXER
12-14 08:03:59.642  2510  4823 I PowerManagerService: wakeLock.mDisabled:false, mDeviceIdleMode:false, mProcState:0
12-14 08:03:59.646  2510  4823 I ActivityManager: sendIntentSender target:PendingIntentRecord{88f9c9e android broadcastIntent}, intent:flg=0x4 hwFlg=0x110
12-14 08:03:59.648  2510  4823 W ActivityManager: Sending non-protected broadcast com.android.intent.action.HEARTBEAT_FIXER from system uid 1000 pkg android
12-14 08:03:59.649  6777  7976 D APwMonitor: alarm start trigger run power monitor.
12-14 08:03:59.650  2510  4823 I ActivityManager: sendIntentSender target:PendingIntentRecord{cd6dc9e com.google.android.gms/com.google.android.gms.scheduler broadcastIntent}, intent:flg=0x4 hwFlg=0x110
12-14 08:03:59.653  6777  7976 D APwMonitor: alarm start trigger run power monitor.
12-14 08:03:59.658  2510  2879 D ActivityManager: sync unfroze 589 com.hihonor.searchservice for 10
12-14 08:03:59.661  2510  2879 D ActivityManager: sync unfroze 774 com.hihonor.systemmanager:security_scan for 10
12-14 08:03:59.663  2510  2879 D ActivityManager: sync unfroze 946 com.hihonor.securitypluginbase:service for 10
12-14 08:03:59.665  2510  2879 D ActivityManager: sync unfroze 697 com.hihonor.systemmanager for 10
12-14 08:03:59.667  2510  2879 D ActivityManager: sync unfroze 489 com.android.keychain for 10
12-14 08:03:59.670  2510  2510 W ContextImpl: Calling a method in the system process without a qualified user: android.app.ContextImpl.sendBroadcast:1380 com.android.server.GcmFixer.HeartbeatReceiver.onReceive:31 android.app.LoadedApk$ReceiverDispatcher$Args$ReceiverRunnable.run:2016 android.os.Handler.handleCallback:997 android.os.Handler.dispatchMessage:111 
12-14 08:03:59.671  2510  4823 I ActivityManager: App 10045/com.google.android.gms on idle whitelist; not restricted in background
12-14 08:03:59.673  2510  2879 I ActivityManager: App 10045/com.google.android.gms on idle whitelist; not restricted in background
12-14 08:03:59.674  2510  4690 I JobScheduler.Time: realNextDelayExpiredElapsedMillis: 2258130002 mNextDelayExpiredElapsedMillis:2258130002
12-14 08:03:59.674  6777  7976 D APwMonitor: alarm start trigger run power monitor.
12-14 08:03:59.676  2510  4690 E ProcessInfoCollector: getProcessInfo: proc should not less than zero.
12-14 08:03:59.679  2510  4690 E ProcessInfoCollector: getProcessInfo: proc should not less than zero.
12-14 08:03:59.679  2510  4690 I JobScheduler: isReadyToBeExecutedLocked, job is prohibit by iaware: JobStatus{bb0d0da androidx.work.systemjobscheduler:u0a293/1083 @androidx.work.systemjobscheduler@com.instagram.barcelona/androidx.work.impl.background.systemjob.SystemJobService u=0 s=10293 TIME=-34s105ms:none NET READY}
12-14 08:03:59.680  2510  4690 E ProcessInfoCollector: getProcessInfo: proc should not less than zero.
12-14 08:03:59.680  2510  2510 W ActivityManager: Sending non-protected broadcast com.google.android.intent.action.GTALK_HEARTBEAT from system 2510:system/1000 pkg android
12-14 08:03:59.681  2510  2510 W ContextImpl: Calling a method in the system process without a qualified user: android.app.ContextImpl.sendBroadcast:1380 com.android.server.GcmFixer.HeartbeatReceiver.onReceive:32 android.app.LoadedApk$ReceiverDispatcher$Args$ReceiverRunnable.run:2016 android.os.Handler.handleCallback:997 android.os.Handler.dispatchMessage:111 
12-14 08:03:59.681  2510  2510 W ActivityManager: Sending non-protected broadcast com.google.android.intent.action.MCS_HEARTBEAT from system 2510:system/1000 pkg android
12-14 08:03:59.682  2510  2510 I HeartbeatReceiver: Sent heartbeat request...
12-14 08:03:59.682  2510  2510 I GcmHeartBeatFixer: scheduleHeartbeatRequest, fromNetworkStateChange: false
12-14 08:03:59.682  2510  2510 I GcmHeartBeatFixer: currentTime: 1765670639682 elapsedTime:2258100043 targetElapsedTime:2258400000 triggerAtMillis:1765670939639 diff:299957
12-14 08:03:59.683  2510  4690 I PowerManagerService: wakeLock.mDisabled:false, mDeviceIdleMode:false, mProcState:0
12-14 08:03:59.683  2510  2510 I GcmHeartBeatFixer: setNextHeartbeatRequest at: 2025-12-14 08:08:59
12-14 08:03:59.685  2510  4690 I PowerManagerService: wakeLock.mDisabled:false, mDeviceIdleMode:false, mProcState:0
12-14 08:03:59.686  2510  4690 W ProcBatteryStats: timer is running , not start, name: com.facebook.appmanager, uid: 10206, tag: *job*/com.facebook.appmanager/com.facebook.analytics2.logger.legacy.uploader.LollipopUploadService
12-14 08:03:59.691  2510  4690 E ProcessInfoCollector: getProcessInfo: failed to find this proc: 2510
12-14 08:03:59.693  2510  4690 V ActivityManager: startProcess: name=com.facebook.appmanager app=null knownToBeDead=true thread=null pid=-1 preloadStatus=-1
12-14 08:03:59.695  2510  4690 V GrammaticalInflectionUtils: AttributionSource: android.content.AttributionSource@63210c2a does not have READ_SYSTEM_GRAMMATICAL_GENDER permission.
12-14 08:03:59.703  2510  4690 I PowerManagerService: wakeLock.mDisabled:false, mDeviceIdleMode:false, mProcState:0
12-14 08:03:59.706  2510  7079 I PowerManagerService: wakeLock.mDisabled:false, mDeviceIdleMode:false, mProcState:5
12-14 08:03:59.711  2510  4690 I PowerManagerService: wakeLock.mDisabled:false, mDeviceIdleMode:false, mProcState:0
12-14 08:03:59.713  2510  4690 W ProcBatteryStats: timer is running , not start, name: com.google.android.as.oss, uid: 10151, tag: *job*/com.google.android.as.oss/com.google.android.gms.learning.internal.training.InAppJobService
12-14 08:03:59.715  2510  7079 I PowerManagerService: wakeLock.mDisabled:false, mDeviceIdleMode:false, mProcState:5
12-14 08:03:59.716  2510  4690 E ProcessInfoCollector: getProcessInfo: failed to find this proc: 2510
12-14 08:03:59.718  2510  4690 V ActivityManager: startProcess: name=com.google.android.as.oss app=null knownToBeDead=true thread=null pid=-1 preloadStatus=-1
12-14 08:03:59.718  2510  2879 I NotificationService: pag com.google.android.as.oss dosen't have notification permission
12-14 08:03:59.719  2510  4690 D CompatChangeReporter: Compat change id reported: 151861875; UID 10151; state: ENABLED
