12-13 23:18:46.560 17670 17675 E bms_file: file sys/class/hw_power/adsp_dts is invalid
12-13 23:18:46.561 17670 17675 E bms_file: file /sys/class/backlight/panel1-backlight/brightness is invalid
12-13 23:18:46.564 17670 17675 E bms_file: file /sys/class/hw_power/charger/direct_charger/direct_charge_succ is invalid
12-13 23:18:46.565 17670 17675 E bms_file: file /sys/class/hw_power/charger/direct_charger_hsc/direct_charge_succ is invalid
12-13 23:18:46.566 17670 17675 E bms_file: file /sys/class/hw_power/charger/direct_charger/direct_charge_succ is invalid
12-13 23:18:46.566 17670 17675 E bms_file: file /sys/class/hw_power/charger/direct_charger_hsc/direct_charge_succ is invalid
12-13 23:18:46.568 17670 17675 E bms_file: file /sys/class/hw_power/charger/direct_charger/direct_charge_succ is invalid
12-13 23:18:46.569 17670 17675 E bms_file: file /sys/class/hw_power/charger/direct_charger_hsc/direct_charge_succ is invalid
12-13 23:18:46.569 17670 17675 E bms_file: file /sys/class/hw_power/charger/charge_data/iin_thermal is invalid
12-13 23:18:46.569 17670 17675 I bms_behavior: monitor interval count 66
12-13 23:18:46.690  2143  4070 W ServiceManagerCppClient: Waited one second for vendor.qti.qhcp.IQHDC/default (is service started? Number of threads started in the threadpool: 3. Are binder threads started and available?)
12-13 23:18:46.691  2253  2377 W ServiceManagerCppClient: Waited one second for vendor.qti.qhcp.IQHDC/default (is service started? Number of threads started in the threadpool: 2. Are binder threads started and available?)
12-13 23:18:46.696   983 22957 W libc    : Unable to set property "ctl.interface_start" to "aidl/vendor.qti.qhcp.IQHDC/default": PROP_ERROR_HANDLE_CONTROL_MESSAGE (0x20)
12-13 23:18:46.696   983 22958 W libc    : Unable to set property "ctl.interface_start" to "aidl/vendor.qti.qhcp.IQHDC/default": PROP_ERROR_HANDLE_CONTROL_MESSAGE (0x20)
12-13 23:18:46.965  2152 14128 I sensors-hal: handle_sns_client_event:442, accel_sample(accelcal_available:0): ts=2226587126255929 ns; value = [0.441970, 0.190857, 9.608898], status=3
12-13 23:18:46.967  6963  7274 I SmartChgBase/Config: strategy configure aging time out
12-13 23:18:47.013  2510  2793 I AppEyeFwkBlock: do monitor
12-13 23:18:47.343  2510  6210 E HwQoEJNI: sendQoeCmd. open monitor_fd error
12-13 23:18:47.343  2510  6210 I HnDualBandManager: handle2gApStrongWifiRssiChange
12-13 23:18:47.510  2510  2784 I WifiEnhanceMonitor: notifyUidStateChanged
12-13 23:18:47.510  2510  2784 I WifiEnhanceMonitor: notifyUidStateChanged
12-13 23:18:47.513  2278 14985 D AudioPolicyService: getUidState(10366) cacheIter->second.first, return cacheIter->second.second(12)
12-13 23:18:47.514  2278 14985 D AudioPolicyService: getUidState(10366) !cacheIter->second.first, return PROCESS_STATE_UNKNOWN
12-13 23:18:47.514  2278 14985 D AudioPolicyService: getUidState(10154) cacheIter->second.first, return cacheIter->second.second(12)
12-13 23:18:47.515  2278 14985 D AudioPolicyService: getUidState(10154) !cacheIter->second.first, return PROCESS_STATE_UNKNOWN
12-13 23:18:47.515  2621  6886 I CameraService: onUidStateChanged: packageName: com.resultmarketing.whatscard, uid: 10366, procState: 12
12-13 23:18:47.546  2152 14128 I sensors-hal: handle_sns_client_event:442, accel_sample(accelcal_available:0): ts=2226587717574835 ns; value = [0.447764, 0.181999, 9.604059], status=3
12-13 23:18:47.557  6822  7313 I SmartDualCardSM: IdleState:got msg.what=EVENT_APP_BACKGROUND_TIMEOUT
12-13 23:18:47.595  2510  2879 W ProcessStats: Tracking association SourceState{1807dde com.resultmarketing.whatscard/10366 Top #1969458} whose proc state 1 is better than process ProcessState{3b16654 com.android.vending/10154 pkg=com.android.vending} proc state 2 (0 skipped)
12-13 23:18:47.693  2143  4070 W ServiceManagerCppClient: Waited one second for vendor.qti.qhcp.IQHDC/default (is service started? Number of threads started in the threadpool: 3. Are binder threads started and available?)
12-13 23:18:47.694  2253  2377 W ServiceManagerCppClient: Waited one second for vendor.qti.qhcp.IQHDC/default (is service started? Number of threads started in the threadpool: 2. Are binder threads started and available?)
12-13 23:18:47.704   983 22959 W libc    : Unable to set property "ctl.interface_start" to "aidl/vendor.qti.qhcp.IQHDC/default": PROP_ERROR_HANDLE_CONTROL_MESSAGE (0x20)
12-13 23:18:47.704   983 22960 W libc    : Unable to set property "ctl.interface_start" to "aidl/vendor.qti.qhcp.IQHDC/default": PROP_ERROR_HANDLE_CONTROL_MESSAGE (0x20)
12-13 23:18:47.927  2510  6210 D ScanSceneMonitor: receive message 3
12-13 23:18:47.927  2510  6210 D ScanSceneMonitor: setupSceneIdByPosition for scene: screen off
12-13 23:18:47.935  6822  7313 I HwPacketFilterBypass: message.what=2
12-13 23:18:47.935  6822  7313 I HwPacketFilterBypass: screen locked
12-13 23:18:47.937  7663  7663 I HnAOD   : CheckOnDisplayService:mCheckAODHandler handleMessage:136
12-13 23:18:47.937  7663  7663 I HnAOD   : CheckOnDisplayService:stopAodService.
12-13 23:18:47.950  7663  7663 I HnAOD   : CheckOnDisplayService:DozeService is running or not screen on
12-13 23:18:47.979  2510  4823 W AlarmManager: WAKEUP alarm 3c6d6e9 when: 2226588338 maxWhen: 2226588338 pkg: com.hihonor.awareness proc: com.hihonor.awareness tag: *walarm*:com.hihonor.awareness.action.alarm.notice trigger action: com.hihonor.awareness.action.alarm.notice
12-13 23:18:47.980  2510  4823 I ActivityManager: sendIntentSender target:PendingIntentRecord{6c954e6 com.hihonor.awareness broadcastIntent}, intent:flg=0x4 hwFlg=0x110
12-13 23:18:47.982  2510  4823 I PowerManagerService: wakeLock.mDisabled:false, mDeviceIdleMode:false, mProcState:0
12-13 23:18:47.987  2510  2879 D ActivityManager: sync unfroze 20647 com.hihonor.awareness:dp.ofdb for 10
12-13 23:18:47.993 23707 23928 W AWARENESS_TM:  received:1765639127978(23:18:47:978)
12-13 23:18:47.993 23707 23928 I AWARENESS_TM: trigger at:1765639127992,firstTime:1765639127978
12-13 23:18:47.997 23707 23928 I AWARENESS_TM: reset 1765639167978(23:19:27:978)
12-13 23:18:48.001 23707 23928 W AWARENESS_TM: ftt:1765639167978,ts:[1765639167978]
12-13 23:18:48.002 23707 23928 W AWARENESS_TM: p to:{1765639127978=[com.hihonor.awareness.server.atomicability.ChargeScreenOffAbility@28e774328e7743]}
12-13 23:18:48.002 23707 23924 I AWARENESS_ChargeLockAbility: data received : 8005
12-13 23:18:48.002 23707 23924 I AWARENESS_ChargeLockAbility: receive time trigger data
12-13 23:18:48.003 23707 23924 I AWARENESS_ChargeLockFence: data received: 1765639127978
12-13 23:18:48.003 23707 23924 I AWARENESS_FenceManager: sendMsg a:BIND,package:brain,fence: MmSubAsm_MmInitTrig_DeviceStatusFence_screen_off_mm_frame_NONE
12-13 23:18:48.003 23707 23910 I AWARENESS_D_P_DataLifeCycleManager: onDataReceive
12-13 23:18:48.004 23707 23910 I AWARENESS_D_P_CategorizedThreadFactory: newThread: new thread, awareness-dataPlatform-194
12-13 23:18:48.004 23707 23858 E AWARENESS_FenceManager: connected: false
12-13 23:18:48.004 23707 23858 E AWARENESS_FenceManager: triggerByMessager bindService action : com.hihonor.brain.action.BIND_AWARENESS_START, packageName : com.hihonor.brain
12-13 23:18:48.006 23707 22961 I AWARENESS_D_P_DataLifeCycleManager: Aging task has finished today. lastAgTs: 1765582289276, yesEndTime: 1765555199999, todEndTime: 1765641599999
12-13 23:18:48.006  2510  2879 I NotificationService: pag com.hihonor.brain dosen't have notification permission
12-13 23:18:48.013 20777 20896 I Brain_Sched: [ts]start tsk DfxHelper
12-13 23:18:48.013  2510  7087 D ActivityManager: sync unfroze 20777 com.hihonor.brain for 6
12-13 23:18:48.015  2510  2784 I WifiEnhanceMonitor: notifyUidStateChanged
12-13 23:18:48.017  2278 14985 D AudioPolicyService: getUidState(10046) !cacheIter->second.first, return PROCESS_STATE_UNKNOWN
12-13 23:18:48.017  2278 14985 D AudioPolicyService: getUidState(10046) cacheIter->second.first, return cacheIter->second.second(-1)
12-13 23:18:48.017 20777 20777 I Brain_AwMsgService: onCreate
12-13 23:18:48.018 20777 20777 I Brain_AwMsgService: onBind.
12-13 23:18:48.021  6777  7481 I AppManager: dependence has been existed:23707 -> 20777
12-13 23:18:48.021 23707 23707 I AWARENESS_FenceManager: Brain Con
12-13 23:18:48.022 20777 20777 I Brain_SimpleReceiver: action: android.intent.action.CLOSE_SYSTEM_DIALOGS
12-13 23:18:48.022 20777 20895 I Brain_DefAsm: [ts]start tsk SimpleReceiverOnReceive
12-13 23:18:48.022 20777 20882 I Brain_MmSubAsm: Aw feed DeviceStatusFence#MmSubAsm_MmInitTrig_DeviceStatusFence_screen_off_mm_frame_NONE
12-13 23:18:48.023 20777 20881 I Brain_MmSubAsm: dispatch DeviceStatusFence#MmSubAsm_MmInitTrig_DeviceStatusFence_screen_off_mm_frame_NONE
12-13 23:18:48.023 23707 23858 I AWARENESS_D_P_InquiryProviderCallExecMethod: invoke begin, calling pkg name: com.hihonor.awareness
12-13 23:18:48.023 23707 23858 W AWARENESS_D_P_DataQueryComponentContainer: null supplier for: queryCityCode
12-13 23:18:48.023 20777 20881 I Brain_EventBus: MmSubAsm loaded
12-13 23:18:48.023 23707 23858 I AWARENESS_D_P_InquiryProviderCallExecMethod: invoke duration is 0
12-13 23:18:48.023 23707 23858 W Intelli_Analytics_DpIQCacheHelper: inquiry value is null or invalid, refuse update cache
12-13 23:18:48.023 20777 20881 I Brain_MmSubAsm: business has 1 listener execute success true
12-13 23:18:48.023 20777 20890 I Brain_MmSubAsm: [ts]start tsk MmSubAsm_MmInitTrig_DeviceStatusFence_screen_off_mm_frame_NONE
12-13 23:18:48.023 20777 20890 I Brain_MmInitTrig: onFenceTriggered, type:DeviceStatusFence, id:screen_off_mm_frame
12-13 23:18:48.025 20777 20890 I Brain_MmMultiRecoSpUtil: register: [{"business":"transferGate","callingPkg":"com.hihonor.hndockbar","needNotify":1}]
12-13 23:18:48.025 20777 20890 I Brain_MmInitTrig: start notify serviceMgmt
12-13 23:18:48.025 20777 20885 I Brain_Sched: [ts]start tsk CloudUtils
12-13 23:18:48.025 20777 20890 I Brain_MmInitTrig: clear behavior report info
12-13 23:18:48.025 20777 20885 I Brain_CloudUtils: updateConfig: mm_multi_rec_config.json
12-13 23:18:48.026 20777 20890 I Brain_AppRecoAssembler: MmSubAsm feed multi_mode_recommend_subscribe
12-13 23:18:48.026 20777 20890 I Brain_AppRecoAssembler: MmSubAsm feed com.hihonor.brain.triggerEvent.AllActivityPredict
12-13 23:18:48.026 20777 20881 I Brain_AppRecoAssembler: dispatch multi_mode_recommend_subscribe
12-13 23:18:48.026 20777 20881 I Brain_EventBus: AppRecoAssembler loaded
12-13 23:18:48.026 20777 20890 I Brain_MmSubAsm: MmInitTrig result:KEEP:CONTINUE, sink:0
12-13 23:18:48.026 20777 20881 I Brain_AppRecoAssembler: business has 1 listener execute success true
12-13 23:18:48.026 20777 20893 I Brain_AppRecoAssembler: [ts]start tsk AppRecoAssembler_PredictSolutionTrigger_multi_mode_recommend_subscribe__NONE
12-13 23:18:48.026 20777 20893 I Brain_SubscribeManager: subscribe MultiModeRecoBusiness
12-13 23:18:48.027 20777 20890 I Brain_MmSubAsm: the MmSubAsm_MmQuitTrig_com.hihonor.brain.multimodel.RECOMMEND_CANCEL__NONE is SimpleEventConf
12-13 23:18:48.027 20777 20896 I Brain_DfxHelper: business alive when in idlerunnable
12-13 23:18:48.027 20777 20881 I Brain_AppRecoAssembler: dispatch com.hihonor.brain.triggerEvent.AllActivityPredict
12-13 23:18:48.027 20777 20881 I Brain_AppRecoAssembler: add to block list 2, size:1
12-13 23:18:48.027 20777 20896 I Brain_Sched: [ts]end tsk
12-13 23:18:48.027 20777 20890 I Brain_MmSubAsm: MmQuitTrig subscribe NONE RECOMMEND_CANCEL,
12-13 23:18:48.027 20777 20890 I Brain_MmAppSeriesTrig: MmAppSeriesTrig needFences
12-13 23:18:48.027 20777 20890 I Brain_MmSubAsm: the MmSubAsm_MmAppSeriesTrig_com.hihonor.brain.multimodel.APP_SERIES__NONE is SimpleEventConf
12-13 23:18:48.027 20777 20890 I Brain_MmSubAsm: MmAppSeriesTrig subscribe NONE APP_SERIES,
12-13 23:18:48.027 20777 20890 I Brain_MmSubAsm: the MmSubAsm_MmFeedbackTrig_com.hihonor.brain.multimodel.RECOMMEND_FEEDBACK__NONE is SimpleEventConf
12-13 23:18:48.028 20777 20890 I Brain_MmSubAsm: MmFeedbackTrig subscribe NONE RECOMMEND_FEEDBACK,
12-13 23:18:48.028 20777 20890 I Brain_MmSubAsm: the MmSubAsm_MmStartTrig_com.hihonor.brain.multimodel.RECOMMEND_EXEC__NONE is SimpleEventConf
12-13 23:18:48.028 20777 20890 I Brain_MmSubAsm: MmStartTrig subscribe NONE RECOMMEND_EXEC,
12-13 23:18:48.028 20777 20890 I Brain_MmSubAsm: the MmSubAsm_MmDispatchTrig_com.hihonor.brain.decision.MULTI_RECOMMEND__NONE is SimpleEventConf
12-13 23:18:48.028 20777 20890 I Brain_MmSubAsm: MmDispatchTrig subscribe NONE MULTI_RECOMMEND,
12-13 23:18:48.028 20777 20890 I Brain_MmSubAsm: [ts]end tsk
12-13 23:18:48.028 20777 20895 I Brain_EventBus: feed android.intent.action.CLOSE_SYSTEM_DIALOGS
12-13 23:18:48.028 20777 20890 I Brain_MmSubAsm: join end.
12-13 23:18:48.029 20777 20881 I Brain_  : dispatch android.intent.action.CLOSE_SYSTEM_DIALOGS
12-13 23:18:48.029 20777 20881 I Brain_AppRecoAssembler: add to block list 2, size:2
12-13 23:18:48.029 20777 20893 I Brain_BaseBusiness: isEffectiveBusiness [MultiModeRecoBusiness, ActivityRecoBusiness, AppRecoBusiness]
12-13 23:18:48.029 20777 20881 I Brain_  : this event found business execute true
12-13 23:18:48.030 20777 20895 I Brain_DefAsm: [ts]end tsk
12-13 23:18:48.030 20777 20895 I Brain_DefAsm: join end.
12-13 23:18:48.031 20777 20893 I Brain_AppRecoAssembler: PredictSolutionTrigger result:KEEP:PAUSE, sink:0
12-13 23:18:48.032  2621  6886 I CameraService: onUidStateChanged: packageName: com.google.android.gms, uid: 10045, procState: 5
12-13 23:18:48.033 20777 20893 I Brain_AppRecoAssembler: [ts]end tsk
12-13 23:18:48.033 20777 20893 I Brain_AppRecoAssembler: current business dispatchBlock:com.hihonor.brain.triggerEvent.AllActivityPredict, after size:1 execute listener:1
12-13 23:18:48.033 20777 20893 I Brain_AppRecoAssembler: join end.
12-13 23:18:48.033 20777 20894 I Brain_AppRecoAssembler: [ts]start tsk AppRecoAssembler_PredictSolutionTrigger_com.hihonor.brain.triggerEvent.AllActivityPredict__NONE
12-13 23:18:48.034 20777 20894 I Brain_SystemUtil: assistant settings {"service_status_antidizzy":{},"service_status_copypush":{"awareness_plugin":"translateplugin","brain_plugin":"copyrecbusiness","status":1,"floatwindow":1,"card":1},"service_status_recommend":{},"status_cardStack":1,"status_agreement":1,"status_cityrecoservice":1,"recommend":{"is_change":false,"change_time":-1},"status_personalize":1,"record_pid":15177,"record_tid":15177,"record_time":1765638734346}
12-13 23:18:48.034  2621  2665 I CameraService: onUidStateChanged: packageName: com.google.android.gms, uid: 10045, procState: 5
12-13 23:18:48.034 20777 20894 I Brain_PredictSolutionTrigger: handleCommonAllActivityReqEvent business: multi_mode_recommend, action: allActivitySubscribe, version: 1
12-13 23:18:48.034 20777 20894 I Brain_AppRecoAssembler: PredictSolutionTrigger result:KEEP:PAUSE, sink:0
12-13 23:18:48.035 20777 20894 I Brain_AppRecoAssembler: [ts]end tsk
12-13 23:18:48.035 20777 20894 I Brain_AppRecoAssembler: current business dispatchBlock:android.intent.action.CLOSE_SYSTEM_DIALOGS, after size:0 execute listener:1
12-13 23:18:48.035 20777 20894 I Brain_AppRecoAssembler: join end.
12-13 23:18:48.035 20777 20868 I Brain_AppRecoAssembler: [ts]start tsk AppRecoAssembler_CollectRecentAppTrigger_android.intent.action.CLOSE_SYSTEM_DIALOGS__NONE
12-13 23:18:48.035 20777 20868 I Brain_AppRecoAssembler: CollectRecentAppTrigger result:KEEP:CONTINUE, sink:0
12-13 23:18:48.036 20777 20885 I Brain_CloudUtils: updateConfig: mm_multi_rec_config.json, filePath: /system/magic/oversea/multifusionreco/mm_multi_rec_config.json, version: 1.10.25.100 
12-13 23:18:48.036 20777 20868 I Brain_AppRecoAssembler: [ts]end tsk
12-13 23:18:48.036 20777 20868 I Brain_AppRecoAssembler: join end.
12-13 23:18:48.039 20777 20885 I Brain_CloudUtils: readStrFromFile path: /system/magic/oversea/multifusionreco/mm_multi_rec_config.json,  res: {"multiRecConfList": [{"business": "transferGate","callingPkg": "com.hihonor.hndockbar","nlpLimit": {"length": "500","timeout": "1500"},"sceneIntent": {"0": ["com.hihonor.intent.utilities.search.SEARCH_WEB_PAGES","com.hihonor.intent.utilities.note.TAKE","com.hihonor.intent.utilities.favorites.ADD","com.hihonor.intent.social_networking.social.SHARE","com.hihonor.intent.utilities.office_software.PRINT","com.hihonor.intent.utilities.search.MULTI_SEARCH"],"1": ["com.hihonor.intent.utilities.office_software.PRINT","com.hihonor.intent.utilities.schedule.CREATE","com.hihonor.intent.utilities.email.SEND","com.hihonor.intent.utilities.note.TAKE","com.hihonor.intent.utilities.favorites.ADD","com.hihonor.intent.social_networking.social.SHARE","com.hihonor.intent.e-commerce_shopping.e-commerce.RECOG_SHOPPING","com.hihonor.intent.system_builtin.system_tools.Parallel_Space","com.hihonor.intent.utilities.search.MULTI_SEARCH","com.hihonor.intent.utilities.photo.SAVE_TO_GALLERY","com.hihonor.intent.utilities.photo.SET_WALLPAPER"],"2": ["com.hihonor.intent.utilities.email.SEND","com.hihonor.intent.utilities.favorites.ADD","com.hihonor.intent.social_networking.social.SHARE","com.hihonor.intent.system_builtin.system_tools.Parallel_Space"],"3": ["com.hihonor.intent.utilities.office_software.PRINT","com.hihonor.intent.utilities.email.SEND","com.hihonor.intent.utilities.favorites.ADD","com.hihonor.intent.social_networking.social.SHARE","com.hihonor.intent.system_builtin.system_tools.Parallel_Space","com.hihonor.intent.utilities.office_software.VIEW_DOCUMENT"],"4": ["com.hihonor.intent.utilities.office_software.PRINT","com.hihonor.intent.utilities.email.SEND","com.hihonor.intent.utilities.note.TAKE","com.hihonor.intent.utilities.favorites.ADD","com.hihonor.intent.social_networking.social.SHARE","com.hihonor.intent.system_builtin.system_tools.Parallel_Space"],"5": ["com.hihonor.intent.utilities.email.SEND","com.hihonor.intent.utilities.favorites.ADD","com.hihonor.intent.social_networking.social.SHARE","com.hihonor.intent.system_builtin.system_tools.Parallel_Space"],"6": ["com.hihonor.intent.utilities.email.SEND","com.hihonor.intent.utilities.favorites.ADD","com.hihonor.intent.social_networking.social.SHARE","com.hihonor.intent.system_builtin.system_tools.Parallel_Space"],"7": ["com.hihonor.intent.utilities.email.SEND","com.hihonor.intent.utilities.favorites.ADD","com.hihonor.intent.social_networking.social.SHARE","com.hihonor.intent.system_builtin.system_tools.Parallel_Space"],"8": ["com.hihonor.intent.utilities.email.SEND","com.hihonor.intent.utilities.favorites.ADD","com.hihonor.intent.social_networking.social.SHARE","com.hihonor.intent.system_builtin.system_tools.Parallel_Space"],"9": ["com.hihonor.intent.utilities.email.SEND","com.hihonor.intent.utilities.favorites.ADD","com.hihonor.intent.social_networking.social.SHARE","com.hihonor.intent.system_builtin.system_tools.Parallel_Space"],"10": ["com.hihonor.intent.utilities.email.SEND","com.hihonor.intent.utilities.favorites.ADD","com.hihonor.intent.social_networking.social.SHARE","com.hihonor.intent.system_builtin.system_tools.Parallel_Space"],"13": ["com.hihonor.intent.utilities.office_software.PRINT","com.hihonor.intent.utilities.email.SEND","com.hihonor.intent.utilities.favorites.ADD","com.hihonor.intent.social_networking.social.SHARE","com.hihonor.intent.system_builtin.system_tools.Parallel_Space"],"14": ["com.hihonor.intent.utilities.email.SEND","com.hihonor.intent.utilities.favorites.ADD","com.hihonor.intent.social_networking.social.SHARE","com.hihonor.intent.system_builtin.system_tools.Parallel_Space"]},"defaultIntents": ["com.hihonor.intent.traffic.navigation.ADDRESS_SEARCH","com.hihonor.intent.social_networking.social.SHARE","com.hihonor.intent.utilities.email.SEND","com.hihonor.intent.utilities.note.TAKE","com.hihonor.intent.utilities.search.SEARCH_WEB_PAGES","com.hihonor.intent.traffic.navigation.CHECK_ROUTES","com.hihonor.intent.e-commerce_shopp
12-13 23:18:48.040 20777 20885 I Brain_CloudUtils: updateConfig: rec_alg_config.json
12-13 23:18:48.046 20777 20885 I Brain_CloudUtils: updateConfig: rec_alg_config.json, filePath: /system/magic/oversea/multifusionreco/rec_alg_config.json, version: 1.10.25.100 
12-13 23:18:48.047 20777 20885 I Brain_CloudUtils: readStrFromFile path: /system/magic/oversea/multifusionreco/rec_alg_config.json,  res: {"blackList": "com.honor.testkits,com.hihonor.apetest","whiteList": "10102771260850176:50|110127687460192256:49|112301085388963840:48|134645158271516672:47|134647406766587904:46|134646028472156160:45|149631417242877952:44|149632118392094720:43|149642236353576960:42|124524892442853376:38|143025412539154432:37|143024122295746560:36|143024753425252352:35|101117798477987840:28|121352656236052480:27|101050385677942784:26|143023237855444992:25|101111965153230848:24|101112438220390400:23|80316A39-70B7-7CA5-493E-286A73790195:22|101117373464969216:21|101117018442301440:20|134648511722422272:19|101031071591694336:18|101049298065555456:17|101111127622025216:16|101115891831275520:15|101114155372642304:14|101112903817494528:13|101115098143129600:12|101115564872695808:11|101114675793494016:10","serviceActivity": "","aiScoreMap": {"101117373464969216": {"minCon": 0.5,"maxCon": 1,"scene": 1,"score": 100,"intentCode": "com.hihonor.intent.e-commerce_shopping.e-commerce.RECOG_SHOPPING"},"101117018442301440": {"minCon": 0.5,"maxCon": 1,"scene": 1,"score": 99,"intentCode": "com.hihonor.intent.e-commerce_shopping.e-commerce.RECOG_SHOPPING"},"134648511722422272": {"minCon": 0.5,"maxCon": 1,"scene": 1,"score": 98,"intentCode": "com.hihonor.intent.utilities.scan_qr_code.SCAN_QR_CODE"},"10102771260850176": {"minCon": 0.0,"maxCon": 0.4,"scene": 0,"score": -50,"intentCode": "com.hihonor.intent.traffic.navigation.CHECK_ROUTES"},"110127687460192256": {"minCon": 0.0,"maxCon": 0.4,"scene": 0,"score": -51,"intentCode": "com.hihonor.intent.traffic.navigation.ADDRESS_SEARCH"},"149631417242877952": {"minCon": 0.0,"maxCon": 0.4,"scene": 0,"score": -52,"intentCode": "com.hihonor.intent.e-commerce_shopping.e-commerce.PURCHASE"},"149632118392094720": {"minCon": 0.0,"maxCon": 0.4,"scene": 0,"score": -53,"intentCode": "com.hihonor.intent.e-commerce_shopping.e-commerce.PURCHASE"},"149642236353576960": {"minCon": 0.0,"maxCon": 0.4,"scene": 0,"score": -54,"intentCode": "com.hihonor.intent.e-commerce_shopping.e-commerce.PURCHASE"},"124524892442853376": {"minCon": 0.0,"maxCon": 0.4,"scene": 0,"score": -58,"intentCode": "com.hihonor.intent.entertainment.video.WATCH"},"143025412539154432": {"minCon": 0.0,"maxCon": 0.4,"scene": 0,"score": -59,"intentCode": "com.hihonor.intent.entertainment.video.WATCH"},"143024122295746560": {"minCon": 0.0,"maxCon": 0.4,"scene": 0,"score": -60,"intentCode": "com.hihonor.intent.entertainment.video.WATCH"},"143024753425252352": {"minCon": 0.0,"maxCon": 0.4,"scene": 0,"score": -61,"intentCode": "com.hihonor.intent.entertainment.video.WATCH"}},"weights": "0.5,1,2,10,2,3,2,4","weightMap": {"DIFrequencyRule": 0.5,"DIDefaultRule": 2,"DIBlackListRule": 100,"DIServiceFrequencyRule": 2,"DIRecentServiceRule": 3,"DISceneRule": 2,"DIElementRule": 4,"DIAIRule": 3},"reservedService": ["101112438220390400", "101050385677942784", "101117798477987840", "80316A39-70B7-7CA5-493E-286A73790195", "117419941761646592", "121352656236052480", "165576461602783232","233233233233000025","233233233233000024"],"maxAppSize": 100} 
12-13 23:18:48.047 20777 20885 I Brain_Sched: [ts]end tsk
12-13 23:18:48.143  9043  9043 I wpa_supplicant: nl80211: vendor command vendor_id=4980, subcmd=13
12-13 23:18:48.145  2152 14128 I sensors-hal: handle_sns_client_event:442, accel_sample(accelcal_available:0): ts=2226588318854054 ns; value = [0.433350, 0.189756, 9.594860], status=3
12-13 23:18:48.149  2710  2710 I cnss-daemon: nl80211 response handler invoked
12-13 23:18:48.149  2710  2710 I cnss-daemon: nl80211_response_handler: cmd 103, vendorID 4980, subcmd 13  received
12-13 23:18:48.150  8927  8995 I WifiHAL : event received NL80211_CMD_VENDOR, vendor_id = 0x1374, subcmd = 0xd
12-13 23:18:48.151  9043  9043 I wpa_supplicant: nl80211: Ignore unsupported QCA vendor event 13
12-13 23:18:48.695  2143  4070 W ServiceManagerCppClient: Waited one second for vendor.qti.qhcp.IQHDC/default (is service started? Number of threads started in the threadpool: 3. Are binder threads started and available?)
12-13 23:18:48.696  2253  2377 W ServiceManagerCppClient: Waited one second for vendor.qti.qhcp.IQHDC/default (is service started? Number of threads started in the threadpool: 2. Are binder threads started and available?)
12-13 23:18:48.703   983 22962 W libc    : Unable to set property "ctl.interface_start" to "aidl/vendor.qti.qhcp.IQHDC/default": PROP_ERROR_HANDLE_CONTROL_MESSAGE (0x20)
12-13 23:18:48.703   983 22963 W libc    : Unable to set property "ctl.interface_start" to "aidl/vendor.qti.qhcp.IQHDC/default": PROP_ERROR_HANDLE_CONTROL_MESSAGE (0x20)
12-13 23:18:48.744  2152 14128 I sensors-hal: handle_sns_client_event:442, accel_sample(accelcal_available:0): ts=2226588916129522 ns; value = [0.448721, 0.165096, 9.578439], status=3
12-13 23:18:48.970  6963  7274 I SmartChgBase/ArbExecExtStep: Init:[targetValue:0]
12-13 23:18:48.970  6963  7274 I SmartChgBase/Arb_HidlParam: Apply Skipped: IsApplyExcept return true. [moduleName:BASP, param:dc_vterm_dec, detailsWithValue:source=trigger;event=heartbeat;chargestatus=start;value=0;]
12-13 23:18:48.971  6963  7274 I SmartChgBase/Arb_HidlParam: Apply Skipped: IsApplyExcept return true. [moduleName:BASP, param:ichg_ratio, detailsWithValue:source=trigger;event=heartbeat;chargestatus=start;value=100;]
12-13 23:18:48.971  6963  7274 I SmartChgBase/ArbExecExtStep: Init:[targetValue:0]
12-13 23:18:48.971  6963  7274 I SmartChgBase/Arb_HidlParam: Apply Skipped: IsApplyExcept return true. [moduleName:BASP, param:nondc_vterm_dec, detailsWithValue:source=trigger;event=heartbeat;chargestatus=start;value=0;]
12-13 23:18:48.972  6963  7274 I SmartChgBase/Arb_HidlParam: Apply Skipped: IsApplyExcept return true. [moduleName:ASW, param:soc_control, detailsWithValue:source=trigger;event=heartbeat;chargestatus=start;value=1 95 100 1 1;]
12-13 23:18:49.207  2634  2634 E Thermal-daemon:hn_thermal: [ambient_temp_v2] tempNew :34  tempOld :35
12-13 23:18:49.208  2634  2634 E Thermal-daemon:hn_thermal: [ap] tempNew :33  tempOld :32
12-13 23:18:49.345  2152 14128 I sensors-hal: handle_sns_client_event:442, accel_sample(accelcal_available:0): ts=2226589519334314 ns; value = [0.460980, 0.192006, 9.549895], status=3
12-13 23:18:49.522  2510  6210 I WifiNetworkStatsMonitor: total/44390/13650,android.uid.system:1000/44390/13218,unknown:0/0/432,com.autocountsoft.payroll/0/0,unknown:-5/0/0,com.hihonor.mediamaterial/0/0,authenticator.two.factor.authentication.otp/0/0,com.hihonor.android.launcher/0/0,com.openai.chatgpt/0/0,com.cimb.cimbocto/0/0,com.klikasia.klik.android/0/0
12-13 23:18:49.699  2143  4070 W ServiceManagerCppClient: Waited one second for vendor.qti.qhcp.IQHDC/default (is service started? Number of threads started in the threadpool: 3. Are binder threads started and available?)
12-13 23:18:49.700  2253  2377 W ServiceManagerCppClient: Waited one second for vendor.qti.qhcp.IQHDC/default (is service started? Number of threads started in the threadpool: 2. Are binder threads started and available?)
12-13 23:18:49.708   983 22965 W libc    : Unable to set property "ctl.interface_start" to "aidl/vendor.qti.qhcp.IQHDC/default": PROP_ERROR_HANDLE_CONTROL_MESSAGE (0x20)
12-13 23:18:49.708   983 22964 W libc    : Unable to set property "ctl.interface_start" to "aidl/vendor.qti.qhcp.IQHDC/default": PROP_ERROR_HANDLE_CONTROL_MESSAGE (0x20)
12-13 23:18:49.793  2510  4682 I HwBatteryService: power_ui state= 1 mQuickChargeStatus=1
12-13 23:18:49.793  2510  4682 I HwBatteryService: handleWirelessTxStatus
12-13 23:18:49.793  2510  4682 I HwBatteryService: switch not open, return, mWirelessTxFlag : 0
12-13 23:18:49.793  2510  4682 W HwBatteryService: need return. Invalid value: -1
12-13 23:18:49.793  2510  4682 D HwBatteryService: setHwChargeTimeRemaining, time = -1 String time: -1
12-13 23:18:49.801  2510  7087 I BatteryService: Processing new values: info={chargerAcOnline=false,chargerUsbOnline=true,chargerWirelessOnline=false,maxChargingCurrent=500000,maxChargingVoltage=5000000,batteryStatus=2=CHARGING,batteryHealth=2=GOOD,batteryPresent=true,batteryLevel=73,batteryVoltage=4147,batteryTemperature=328,batteryFullCharge=6589000,batteryChargeCounter=3500000,batteryTechnology=Unknown,batteryCapacityLevel=3=NORMAL,chargerDockOnline=false}, mBatteryLevelCritical=false, mPlugType=2, mLastPlugType=2
12-13 23:18:49.802  2510  7087 I BatteryService: check conditions changed
12-13 23:18:49.807  2510  7087 I BatteryService: Processing new values: info={chargerAcOnline=false,chargerUsbOnline=true,chargerWirelessOnline=false,maxChargingCurrent=500000,maxChargingVoltage=5000000,batteryStatus=2=CHARGING,batteryHealth=2=GOOD,batteryPresent=true,batteryLevel=73,batteryVoltage=4147,batteryTemperature=328,batteryFullCharge=6589000,batteryChargeCounter=3500000,batteryTechnology=Unknown,batteryCapacityLevel=3=NORMAL,chargerDockOnline=false}, mBatteryLevelCritical=false, mPlugType=2, mLastPlugType=2
12-13 23:18:49.807  2510  7087 I BatteryService: check conditions changed
12-13 23:18:49.945  2152 14128 I sensors-hal: handle_sns_client_event:442, accel_sample(accelcal_available:0): ts=2226590116706918 ns; value = [0.421475, 0.186021, 9.601944], status=3
12-13 23:18:50.148  9043  9043 I wpa_supplicant: nl80211: vendor command vendor_id=4980, subcmd=13
12-13 23:18:50.155  8927  8995 I WifiHAL : event received NL80211_CMD_VENDOR, vendor_id = 0x1374, subcmd = 0xd
12-13 23:18:50.156  2710  2710 I cnss-daemon: nl80211 response handler invoked
12-13 23:18:50.156  2710  2710 I cnss-daemon: nl80211_response_handler: cmd 103, vendorID 4980, subcmd 13  received
12-13 23:18:50.157  9043  9043 I wpa_supplicant: nl80211: Ignore unsupported QCA vendor event 13
12-13 23:18:50.354  2510  6210 E HwQoEJNI: sendQoeCmd. open monitor_fd error
12-13 23:18:50.354  2510  6210 I HnDualBandManager: handle2gApStrongWifiRssiChange
12-13 23:18:50.545  2152 14128 I sensors-hal: handle_sns_client_event:442, accel_sample(accelcal_available:0): ts=2226590718181866 ns; value = [0.417836, 0.192869, 9.594858], status=3
12-13 23:18:50.703  2143  4070 W ServiceManagerCppClient: Waited one second for vendor.qti.qhcp.IQHDC/default (is service started? Number of threads started in the threadpool: 3. Are binder threads started and available?)
12-13 23:18:50.705  2253  2377 W ServiceManagerCppClient: Waited one second for vendor.qti.qhcp.IQHDC/default (is service started? Number of threads started in the threadpool: 2. Are binder threads started and available?)
12-13 23:18:50.710   983 22966 W libc    : Unable to set property "ctl.interface_start" to "aidl/vendor.qti.qhcp.IQHDC/default": PROP_ERROR_HANDLE_CONTROL_MESSAGE (0x20)
12-13 23:18:50.711   983 22967 W libc    : Unable to set property "ctl.interface_start" to "aidl/vendor.qti.qhcp.IQHDC/default": PROP_ERROR_HANDLE_CONTROL_MESSAGE (0x20)
12-13 23:18:50.983  2510  6266 D DeviceStorageMonitorService: Start to check the low storage threshold
12-13 23:18:50.985  2510  6266 I DeviceStorageMonitorService: totalBytes:237548601344; usableBytes: 192417230848
12-13 23:18:50.985  2510  6266 D DeviceStorageMonitorService: updateNotifications  oldLevel:0,newLevel0
12-13 23:18:51.145  2152 14128 I sensors-hal: handle_sns_client_event:442, accel_sample(accelcal_available:0): ts=2226591317663689 ns; value = [0.441060, 0.191528, 9.606108], status=3
12-13 23:18:51.575 17670 17675 E bms_file: file /sys/class/hw_power/charger/direct_charger/direct_charge_succ is invalid
12-13 23:18:51.576 17670 17675 E bms_file: file /sys/class/hw_power/charger/direct_charger_hsc/direct_charge_succ is invalid
12-13 23:18:51.578 17670 17675 E bms_file: file /sys/class/hw_power/charger/direct_charger/direct_charge_succ is invalid
12-13 23:18:51.579 17670 17675 E bms_file: file /sys/class/hw_power/charger/direct_charger_hsc/direct_charge_succ is invalid
12-13 23:18:51.580 17670 17675 E bms_file: file sys/class/hw_power/adsp_dts is invalid
12-13 23:18:51.581 17670 17675 E bms_file: file /sys/class/backlight/panel1-backlight/brightness is invalid
12-13 23:18:51.584 17670 17675 E bms_file: file /sys/class/hw_power/charger/direct_charger/direct_charge_succ is invalid
12-13 23:18:51.585 17670 17675 E bms_file: file /sys/class/hw_power/charger/direct_charger_hsc/direct_charge_succ is invalid
12-13 23:18:51.586 17670 17675 E bms_file: file /sys/class/hw_power/charger/direct_charger/direct_charge_succ is invalid
12-13 23:18:51.586 17670 17675 E bms_file: file /sys/class/hw_power/charger/direct_charger_hsc/direct_charge_succ is invalid
12-13 23:18:51.588 17670 17675 E bms_file: file /sys/class/hw_power/charger/direct_charger/direct_charge_succ is invalid
12-13 23:18:51.589 17670 17675 E bms_file: file /sys/class/hw_power/charger/direct_charger_hsc/direct_charge_succ is invalid
12-13 23:18:51.589 17670 17675 E bms_file: file /sys/class/hw_power/charger/charge_data/iin_thermal is invalid
12-13 23:18:51.590 17670 17675 I bms_behavior: monitor interval count 67
12-13 23:18:51.707  2143  4070 W ServiceManagerCppClient: Waited one second for vendor.qti.qhcp.IQHDC/default (is service started? Number of threads started in the threadpool: 3. Are binder threads started and available?)
12-13 23:18:51.708  2253  2377 W ServiceManagerCppClient: Waited one second for vendor.qti.qhcp.IQHDC/default (is service started? Number of threads started in the threadpool: 2. Are binder threads started and available?)
12-13 23:18:51.712   983 22968 W libc    : Unable to set property "ctl.interface_start" to "aidl/vendor.qti.qhcp.IQHDC/default": PROP_ERROR_HANDLE_CONTROL_MESSAGE (0x20)
12-13 23:18:51.719   983 22969 W libc    : Unable to set property "ctl.interface_start" to "aidl/vendor.qti.qhcp.IQHDC/default": PROP_ERROR_HANDLE_CONTROL_MESSAGE (0x20)
12-13 23:18:51.745  2152 14128 I sensors-hal: handle_sns_client_event:442, accel_sample(accelcal_available:0): ts=2226591917125147 ns; value = [0.423678, 0.194257, 9.589300], status=3
12-13 23:18:52.154  9043  9043 I wpa_supplicant: nl80211: vendor command vendor_id=4980, subcmd=13
12-13 23:18:52.160  8927  8995 I WifiHAL : event received NL80211_CMD_VENDOR, vendor_id = 0x1374, subcmd = 0xd
12-13 23:18:52.161  2710  2710 I cnss-daemon: nl80211 response handler invoked
12-13 23:18:52.161  2710  2710 I cnss-daemon: nl80211_response_handler: cmd 103, vendorID 4980, subcmd 13  received
12-13 23:18:52.162  9043  9043 I wpa_supplicant: nl80211: Ignore unsupported QCA vendor event 13
12-13 23:18:52.345  2152 14128 I sensors-hal: handle_sns_client_event:442, accel_sample(accelcal_available:0): ts=2226592518550408 ns; value = [0.444460, 0.193587, 9.595043], status=3
12-13 23:18:52.710  2143  4070 W ServiceManagerCppClient: Waited one second for vendor.qti.qhcp.IQHDC/default (is service started? Number of threads started in the threadpool: 3. Are binder threads started and available?)
12-13 23:18:52.712  2253  2377 W ServiceManagerCppClient: Waited one second for vendor.qti.qhcp.IQHDC/default (is service started? Number of threads started in the threadpool: 2. Are binder threads started and available?)
12-13 23:18:52.717   983 22970 W libc    : Unable to set property "ctl.interface_start" to "aidl/vendor.qti.qhcp.IQHDC/default": PROP_ERROR_HANDLE_CONTROL_MESSAGE (0x20)
12-13 23:18:52.719   983 22971 W libc    : Unable to set property "ctl.interface_start" to "aidl/vendor.qti.qhcp.IQHDC/default": PROP_ERROR_HANDLE_CONTROL_MESSAGE (0x20)
12-13 23:18:52.945  2152 14128 I sensors-hal: handle_sns_client_event:442, accel_sample(accelcal_available:0): ts=2226593115940876 ns; value = [0.448961, 0.177642, 9.595715], status=3
12-13 23:18:53.013  2510  2793 I AppEyeFwkBlock: do monitor
12-13 23:18:53.368  2510  6210 E HwQoEJNI: sendQoeCmd. open monitor_fd error
12-13 23:18:53.368  2510  6210 I HnDualBandManager: handle2gApStrongWifiRssiChange
12-13 23:18:53.544  2152 14128 I sensors-hal: handle_sns_client_event:442, accel_sample(accelcal_available:0): ts=2226593719284366 ns; value = [0.438570, 0.180563, 9.589399], status=3
12-13 23:18:53.715  2143  4070 W ServiceManagerCppClient: Waited one second for vendor.qti.qhcp.IQHDC/default (is service started? Number of threads started in the threadpool: 3. Are binder threads started and available?)
12-13 23:18:53.715  2253  2377 W ServiceManagerCppClient: Waited one second for vendor.qti.qhcp.IQHDC/default (is service started? Number of threads started in the threadpool: 2. Are binder threads started and available?)
12-13 23:18:53.720   983 22972 W libc    : Unable to set property "ctl.interface_start" to "aidl/vendor.qti.qhcp.IQHDC/default": PROP_ERROR_HANDLE_CONTROL_MESSAGE (0x20)
12-13 23:18:53.721   983 22973 W libc    : Unable to set property "ctl.interface_start" to "aidl/vendor.qti.qhcp.IQHDC/default": PROP_ERROR_HANDLE_CONTROL_MESSAGE (0x20)
12-13 23:18:53.881  2510  7087 D FileUtils: Rounded bytes from 7898361856 to 8000000000
12-13 23:18:53.908  2624  2658 I dubaid  : [DubaiStorage.cpp] DoFlushEntriesBuffer# Flush all entries into database: /data/system_ce/0/dubai/dubai.db
12-13 23:18:54.145  2152 14128 I sensors-hal: handle_sns_client_event:442, accel_sample(accelcal_available:0): ts=2226594316704210 ns; value = [0.422864, 0.202925, 9.583510], status=3
12-13 23:18:54.159  9043  9043 I wpa_supplicant: nl80211: vendor command vendor_id=4980, subcmd=13
12-13 23:18:54.165  8927  8995 I WifiHAL : event received NL80211_CMD_VENDOR, vendor_id = 0x1374, subcmd = 0xd
12-13 23:18:54.166  2710  2710 I cnss-daemon: nl80211 response handler invoked
12-13 23:18:54.166  2710  2710 I cnss-daemon: nl80211_response_handler: cmd 103, vendorID 4980, subcmd 13  received
12-13 23:18:54.168  9043  9043 I wpa_supplicant: nl80211: Ignore unsupported QCA vendor event 13
12-13 23:18:54.207  2510  7087 D FileUtils: Rounded bytes from 7898361856 to 8000000000
12-13 23:18:54.208  2634  2634 E Thermal-daemon:hn_thermal: [ambient_temp_v2] tempNew :33  tempOld :34
12-13 23:18:54.208  2634  2634 E Thermal-daemon:hn_thermal: [ap] tempNew :32  tempOld :33
12-13 23:18:54.227  2510  7087 I PowerManagerService: wakeLock.mDisabled:false, mDeviceIdleMode:false, mProcState:10
12-13 23:18:54.242  2510  7087 I PowerManagerService: wakeLock.mDisabled:false, mDeviceIdleMode:false, mProcState:10
12-13 23:18:54.253  2510  7087 I PowerManagerService: wakeLock.mDisabled:false, mDeviceIdleMode:false, mProcState:10
12-13 23:18:54.316  2510  7087 I PowerManagerService: wakeLock.mDisabled:false, mDeviceIdleMode:false, mProcState:0
12-13 23:18:54.474  2510  2571 I system_server: Background young concurrent mark compact GC freed 21MB AllocSpace bytes, 107(1972KB) LOS objects, 17% free, 108MB/131MB, paused 1.867ms,11.829ms total 144.444ms
12-13 23:18:54.545  2510  6210 D WifiEnhanceHomeFenceMonitor: registerHomeAwarenessFence, register back home fence.
12-13 23:18:54.545  2510  6210 I WifiEnhanceHomeFenceMonitor: processBackHomeFence, add back home fence , id : WifiEnhanceHomeFenceMonitor_backHomeFence
12-13 23:18:54.546  2510  6210 D WifiEnhanceHomeFenceMonitor: registerHomeAwarenessFence, register leave home fence.
12-13 23:18:54.546  2510  6210 I WifiEnhanceHomeFenceMonitor: processLeaveHomeFence, add leave home fence , id : WifiEnhanceHomeFenceMonitor_leaveHomeFence
12-13 23:18:54.547  2510  8336 I AwarenessClient: wait result,type=register_fence_by_listener,rId=5d659a96-e842-4ef4-8911-de747ac06c48,key=WifiEnhanceHomeFenceMonitor_backHomeFence,isNeedCache=true,sysApp=true
12-13 23:18:54.548 23707  2954 I AWARENESS_E_D_P: regByListener rId=5d659a96-e842-4ef4-8911-de747ac06c48,key=WifiEnhanceHomeFenceMonitor_backHomeFence
12-13 23:18:54.550  2510  8336 I AwarenessClient: wait result,type=register_fence_by_listener,rId=838ce23c-4253-4d26-a1e5-5952a53817dc,key=WifiEnhanceHomeFenceMonitor_leaveHomeFence,isNeedCache=true,sysApp=true
12-13 23:18:54.550 23707 23925 I AWARENESS_MFenceFF: c:LocationFence
12-13 23:18:54.550 23707 23925 I AWARENESS_MFenceFF: not support fence, LocationFence
12-13 23:18:54.551 23707 23925 E AWARENESS_ManagedFenceList: createFence fail, AwarenessFence{key='WifiEnhanceHomeFenceMonitor_backHomeFence', type='LocationFence}
12-13 23:18:54.551 23707  2954 I AWARENESS_E_D_P: regByListener rId=838ce23c-4253-4d26-a1e5-5952a53817dc,key=WifiEnhanceHomeFenceMonitor_leaveHomeFence
12-13 23:18:54.552 23707 23923 I AWARENESS_MFenceFF: c:LocationFence
12-13 23:18:54.552 23707 23923 I AWARENESS_MFenceFF: not support fence, LocationFence
12-13 23:18:54.552 23707 23923 E AWARENESS_ManagedFenceList: createFence fail, AwarenessFence{key='WifiEnhanceHomeFenceMonitor_leaveHomeFence', type='LocationFence}
12-13 23:18:54.553  2510  8336 I WifiEnhanceHomeFenceMonitor: mHomeFenceConnectListener, on result, key = WifiEnhanceHomeFenceMonitor_backHomeFence , code = 0
12-13 23:18:54.554  2510  8336 I AwarenessClient: handle wait rm for WifiEnhanceHomeFenceMonitor_backHomeFence
12-13 23:18:54.554  2510  8336 I WifiEnhanceHomeFenceMonitor: mHomeFenceConnectListener, on result, key = WifiEnhanceHomeFenceMonitor_leaveHomeFence , code = 0
12-13 23:18:54.554 23707 23925 I AWARENESS_D_P_InquiryProviderCallExecMethod: invoke begin, calling pkg name: com.hihonor.awareness
12-13 23:18:54.554  2510  8336 I AwarenessClient: handle wait rm for WifiEnhanceHomeFenceMonitor_leaveHomeFence
12-13 23:18:54.555  2510  8336 I AwarenessClient: dispatch no cached for WifiEnhanceHomeFenceMonitor_backHomeFence
12-13 23:18:54.555  2510  8336 I AwarenessClient: dispatch no cached for WifiEnhanceHomeFenceMonitor_leaveHomeFence
12-13 23:18:54.555 23707 23925 W AWARENESS_D_P_DataQueryComponentContainer: null supplier for: queryCityCode
12-13 23:18:54.555 23707 23923 I AWARENESS_D_P_InquiryProviderCallExecMethod: invoke begin, calling pkg name: com.hihonor.awareness
12-13 23:18:54.556 23707 23925 I AWARENESS_D_P_InquiryProviderCallExecMethod: invoke duration is 0
12-13 23:18:54.556 23707 23923 W AWARENESS_D_P_DataQueryComponentContainer: null supplier for: queryCityCode
12-13 23:18:54.556 23707 23925 W Intelli_Analytics_DpIQCacheHelper: inquiry value is null or invalid, refuse update cache
12-13 23:18:54.557 23707 23923 I AWARENESS_D_P_InquiryProviderCallExecMethod: invoke duration is 0
12-13 23:18:54.557 23707 23923 W Intelli_Analytics_DpIQCacheHelper: inquiry value is null or invalid, refuse update cache
12-13 23:18:54.718  2143  4070 W ServiceManagerCppClient: Waited one second for vendor.qti.qhcp.IQHDC/default (is service started? Number of threads started in the threadpool: 3. Are binder threads started and available?)
12-13 23:18:54.719  2253  2377 W ServiceManagerCppClient: Waited one second for vendor.qti.qhcp.IQHDC/default (is service started? Number of threads started in the threadpool: 2. Are binder threads started and available?)
12-13 23:18:54.723   983 22974 W libc    : Unable to set property "ctl.interface_start" to "aidl/vendor.qti.qhcp.IQHDC/default": PROP_ERROR_HANDLE_CONTROL_MESSAGE (0x20)
12-13 23:18:54.726   983 22975 W libc    : Unable to set property "ctl.interface_start" to "aidl/vendor.qti.qhcp.IQHDC/default": PROP_ERROR_HANDLE_CONTROL_MESSAGE (0x20)
12-13 23:18:54.744  2152 14128 I sensors-hal: handle_sns_client_event:442, accel_sample(accelcal_available:0): ts=2226594917978793 ns; value = [0.431866, 0.181090, 9.600986], status=3
12-13 23:18:55.261  2510  7087 I PowerManagerService: wakeLock.mDisabled:false, mDeviceIdleMode:false, mProcState:10
12-13 23:18:55.273  2510  7087 I PowerManagerService: wakeLock.mDisabled:false, mDeviceIdleMode:false, mProcState:10
12-13 23:18:55.345  2152 14128 I sensors-hal: handle_sns_client_event:442, accel_sample(accelcal_available:0): ts=2226595509263793 ns; value = [0.439240, 0.174530, 9.561722], status=3
12-13 23:18:55.721  2143  4070 W ServiceManagerCppClient: Waited one second for vendor.qti.qhcp.IQHDC/default (is service started? Number of threads started in the threadpool: 3. Are binder threads started and available?)
12-13 23:18:55.723  2253  2377 W ServiceManagerCppClient: Waited one second for vendor.qti.qhcp.IQHDC/default (is service started? Number of threads started in the threadpool: 2. Are binder threads started and available?)
12-13 23:18:55.728   983 22976 W libc    : Unable to set property "ctl.interface_start" to "aidl/vendor.qti.qhcp.IQHDC/default": PROP_ERROR_HANDLE_CONTROL_MESSAGE (0x20)
12-13 23:18:55.729   983 22977 W libc    : Unable to set property "ctl.interface_start" to "aidl/vendor.qti.qhcp.IQHDC/default": PROP_ERROR_HANDLE_CONTROL_MESSAGE (0x20)
12-13 23:18:55.945  2152 14128 I sensors-hal: handle_sns_client_event:442, accel_sample(accelcal_available:0): ts=2226596116569470 ns; value = [0.435793, 0.178935, 9.585617], status=3
12-13 23:18:56.165  9043  9043 I wpa_supplicant: nl80211: vendor command vendor_id=4980, subcmd=13
12-13 23:18:56.170  8927  8995 I WifiHAL : event received NL80211_CMD_VENDOR, vendor_id = 0x1374, subcmd = 0xd
12-13 23:18:56.171  2710  2710 I cnss-daemon: nl80211 response handler invoked
12-13 23:18:56.171  2710  2710 I cnss-daemon: nl80211_response_handler: cmd 103, vendorID 4980, subcmd 13  received
12-13 23:18:56.174  9043  9043 I wpa_supplicant: nl80211: Ignore unsupported QCA vendor event 13
12-13 23:18:56.380  2510  6210 E HwQoEJNI: sendQoeCmd. open monitor_fd error
12-13 23:18:56.381  2510  6210 I HnDualBandManager: handle2gApStrongWifiRssiChange
12-13 23:18:56.545  2152 14128 I sensors-hal: handle_sns_client_event:442, accel_sample(accelcal_available:0): ts=2226596707821345 ns; value = [0.431004, 0.176541, 9.579874], status=3
12-13 23:18:56.594 17670 17675 E bms_file: file /sys/class/hw_power/charger/direct_charger/direct_charge_succ is invalid
12-13 23:18:56.595 17670 17675 E bms_file: file /sys/class/hw_power/charger/direct_charger_hsc/direct_charge_succ is invalid
12-13 23:18:56.597 17670 17675 E bms_file: file /sys/class/hw_power/charger/direct_charger/direct_charge_succ is invalid
12-13 23:18:56.598 17670 17675 E bms_file: file /sys/class/hw_power/charger/direct_charger_hsc/direct_charge_succ is invalid
12-13 23:18:56.599 17670 17675 E bms_file: file sys/class/hw_power/adsp_dts is invalid
12-13 23:18:56.600 17670 17675 E bms_file: file /sys/class/backlight/panel1-backlight/brightness is invalid
12-13 23:18:56.603 17670 17675 E bms_file: file /sys/class/hw_power/charger/direct_charger/direct_charge_succ is invalid
12-13 23:18:56.604 17670 17675 E bms_file: file /sys/class/hw_power/charger/direct_charger_hsc/direct_charge_succ is invalid
12-13 23:18:56.605 17670 17675 E bms_file: file /sys/class/hw_power/charger/direct_charger/direct_charge_succ is invalid
12-13 23:18:56.606 17670 17675 E bms_file: file /sys/class/hw_power/charger/direct_charger_hsc/direct_charge_succ is invalid
12-13 23:18:56.607 17670 17675 E bms_file: file /sys/class/hw_power/charger/direct_charger/direct_charge_succ is invalid
12-13 23:18:56.608 17670 17675 E bms_file: file /sys/class/hw_power/charger/direct_charger_hsc/direct_charge_succ is invalid
12-13 23:18:56.608 17670 17675 E bms_file: file /sys/class/hw_power/charger/charge_data/iin_thermal is invalid
12-13 23:18:56.609 17670 17675 I bms_behavior: monitor interval count 68
12-13 23:18:56.726  2143  4070 W ServiceManagerCppClient: Waited one second for vendor.qti.qhcp.IQHDC/default (is service started? Number of threads started in the threadpool: 3. Are binder threads started and available?)
12-13 23:18:56.727  2253  2377 W ServiceManagerCppClient: Waited one second for vendor.qti.qhcp.IQHDC/default (is service started? Number of threads started in the threadpool: 2. Are binder threads started and available?)
12-13 23:18:56.738   983 22978 W libc    : Unable to set property "ctl.interface_start" to "aidl/vendor.qti.qhcp.IQHDC/default": PROP_ERROR_HANDLE_CONTROL_MESSAGE (0x20)
12-13 23:18:56.742   983 22979 W libc    : Unable to set property "ctl.interface_start" to "aidl/vendor.qti.qhcp.IQHDC/default": PROP_ERROR_HANDLE_CONTROL_MESSAGE (0x20)
12-13 23:18:57.145  2152 14128 I sensors-hal: handle_sns_client_event:442, accel_sample(accelcal_available:0): ts=2226597307091658 ns; value = [0.423486, 0.173093, 9.606113], status=3
12-13 23:18:57.729  2143  4070 W ServiceManagerCppClient: Waited one second for vendor.qti.qhcp.IQHDC/default (is service started? Number of threads started in the threadpool: 3. Are binder threads started and available?)
12-13 23:18:57.730  2253  2377 W ServiceManagerCppClient: Waited one second for vendor.qti.qhcp.IQHDC/default (is service started? Number of threads started in the threadpool: 2. Are binder threads started and available?)
12-13 23:18:57.736   983 22980 W libc    : Unable to set property "ctl.interface_start" to "aidl/vendor.qti.qhcp.IQHDC/default": PROP_ERROR_HANDLE_CONTROL_MESSAGE (0x20)
12-13 23:18:57.736   983 22981 W libc    : Unable to set property "ctl.interface_start" to "aidl/vendor.qti.qhcp.IQHDC/default": PROP_ERROR_HANDLE_CONTROL_MESSAGE (0x20)
12-13 23:18:57.745  2152 14128 I sensors-hal: handle_sns_client_event:442, accel_sample(accelcal_available:0): ts=2226597908277335 ns; value = [0.453318, 0.193108, 9.583317], status=3
12-13 23:18:57.933  2510  2784 I WifiEnhanceMonitor: notifyUidStateChanged
12-13 23:18:57.934  2278 14985 D AudioPolicyService: getUidState(10301) cacheIter->second.first, return cacheIter->second.second(10)
12-13 23:18:57.935  2278 14985 D AudioPolicyService: getUidState(10301) !cacheIter->second.first, return PROCESS_STATE_UNKNOWN
12-13 23:18:57.964  2510  4682 I HwBatteryService: power_ui state= 1 mQuickChargeStatus=1
12-13 23:18:57.964  2510  4682 I HwBatteryService: handleWirelessTxStatus
12-13 23:18:57.965  2510  4682 I HwBatteryService: switch not open, return, mWirelessTxFlag : 0
12-13 23:18:57.965  2510  4682 W HwBatteryService: need return. Invalid value: -1
12-13 23:18:57.965  2510  4682 D HwBatteryService: setHwChargeTimeRemaining, time = -1 String time: -1
