12-13 17:27:10.403  2510  7087 I HwPhoneWindowManager: onShowingChangedL: false
12-13 17:27:10.405  2510  2783 I TouchScreenWrapperAidl: hwTsSetAftConfig service:vendor.honor.hardware.tp.ITouchscreen$Stub$Proxy@7e7e59b config:version:1+state:unlocked
12-13 17:27:10.408  2510  2859 I DE J DES: [effect] now QR status:CLOSE
12-13 17:27:10.408  2510  2859 I DE J DES: [effect] MEMC do nothing
12-13 17:27:10.409  2510  2510 D TrustManagerService: handler: 6
12-13 17:27:10.415  1247  7277 I keystore2: system/security/keystore2/src/authorization.rs:128 - on_device_unlocked(user_id=0, password.is_some()=false)
12-13 17:27:10.415  2510  7078 I BLASTSyncEngine: transaction commit callback: 15984
12-13 17:27:10.415  2510  6734 I DE J DES: [effect] Pg pkg:com.resultmarketing.whatscard
12-13 17:27:10.417  2510  2579 I HwActivityTaskManagerServiceEx: notifySfVsync uniquePkg=com.resultmarketing.whatscard:10366 vsyncSwitch=false type=2 mBackGroundAppPkgSet.size=59
12-13 17:27:10.419  2510  7078 E HwResolverManager: Could not found app: com.hihonor.pcassistant
12-13 17:27:10.423  6493  6493 D FullScreenUtils: isNeedToHideStatusBar: splitscreenstate=0
12-13 17:27:10.425  6493  6493 D FullScreenUtils: isNeedToHideStatusBar: splitscreenstate=0
12-13 17:27:10.427  2510  2783 I TouchScreenWrapperAidl: hwTsSetAftConfig result:0
12-13 17:27:10.440  2510  7833 I HwDisplayPolicyEx: setStickImmersiveMode isStickHideNav = false
12-13 17:27:10.446  6647  6647 D FullScreenUtils: isNeedToHideStatusBar: splitscreenstate=0
12-13 17:27:10.449  2510  7833 I WindowManager: Changing focus from Window{8cdc227 u0 NotificationShade} to Window{f3b2e8f u0 com.resultmarketing.whatscard/com.resultmarketing.whatscard.MainActivity} mode 0 displayId=0
12-13 17:27:10.451  2510  7078 E HwResolverManager: Could not found app: com.hihonor.pcassistant
12-13 17:27:10.451  2510  7833 V HwPhoneWindowManager: updateSystemUiColorLw window=Window{f3b2e8f u0 com.resultmarketing.whatscard/com.resultmarketing.whatscard.MainActivity},MagicStyle=0,StatusBarColor=0x0,NavigationBarColor=0xff000000, mForceNotchStatusBar=false
12-13 17:27:10.452  2510  7833 I WindowManager: removeLeash, the window position need update Window{533a248 u0 NavigationBar0}
12-13 17:27:10.452  6493  6530 I HwCommandQueue: updateBarBgColor
12-13 17:27:10.452  6493  6530 D HwCommandQueue: setBarBackgroundColor
12-13 17:27:10.453  2510  7833 I WindowManager: removeLeash, the window position need update Window{1aa3798 u0 StatusBar}
12-13 17:27:10.455  2510  7833 I HwDisplayPolicyEx: setStickImmersiveMode isStickHideNav = false
12-13 17:27:10.455  2510  7833 I HwDisplayContentEx: currentFocus windowstate not null
12-13 17:27:10.455  2510  7833 E ZrHung.AppEyeFocusWindow: cancel check
12-13 17:27:10.455  2510  7833 I HwDisplayContentEx: trans currentFocus windowstate not null
12-13 17:27:10.467  2510  7090 E ProcessInfoCollector: getProcessInfo: proc should not less than zero.
12-13 17:27:10.468  2510  7090 I PowerManagerService: wakeLock.mDisabled:false, mDeviceIdleMode:false, mProcState:0
12-13 17:27:10.469  2510  7090 I PowerManagerService: wakeLock.mDisabled:false, mDeviceIdleMode:false, mProcState:0
12-13 17:27:10.470  2510  7090 W ProcBatteryStats: timer is running , not start, name: com.google.android.apps.messaging, uid: 10153, tag: *job*/@androidx.work.systemjobscheduler@com.google.android.apps.messaging/androidx.work.impl.background.systemjob.SystemJobService
12-13 17:27:10.471  2510  7090 E ProcessInfoCollector: getProcessInfo: failed to find this proc: 2510
12-13 17:27:10.471  2510  2879 I NotificationService: pag com.google.android.apps.messaging dosen't have notification permission
12-13 17:27:10.481  6493  6493 D FullScreenUtils: isNeedToHideStatusBar: splitscreenstate=0
12-13 17:27:10.485  6493  6493 D FullScreenUtils: isNeedToHideStatusBar: splitscreenstate=0
12-13 17:27:10.486  6493  6493 I VRI[NotificationShade]: send MSG_WINDOW_FOCUS_CHANGED msg
12-13 17:27:10.497  2510  2791 I WindowManager: Win Window{8cdc227 u0 NotificationShade}, animationWallpaper=false, hasWallpaper=false, w.isOnScreen()=true, w.isDrawFinishedLw()=true
12-13 17:27:10.497  2510  2791 I WindowManager: New wallpaper target: null prevTarget: Window{8cdc227 u0 NotificationShade}
12-13 17:27:10.519  2510  2791 D HwWindowManagerService: shouldDelayWhenUnlocking 160
12-13 17:27:10.520  2510  2791 D WindowManager: Defer removing snapshot surface com.resultmarketing.whatscard
12-13 17:27:10.520  2510  2791 E HwWindowManagerServiceEx: transition is null
12-13 17:27:10.527  6647  6647 D FullScreenUtils: isNeedToHideStatusBar: splitscreenstate=0
12-13 17:27:10.552  2510  2579 W ProcBatteryStats: timer is not running , not stop, name: com.tencent.mm, uid: 10280, tag: VFS:Maintenance
12-13 17:27:10.557  6647  6647 I VRI[MainActivity]: send MSG_WINDOW_FOCUS_CHANGED msg
12-13 17:27:10.572  2510  4990 I InputMethodManagerService: userId=0,mCurrentUserId=0
12-13 17:27:10.573  2510  4990 V InputMethodManagerService: startInputOrWindowGainedFocusInternalLocked: reason=WINDOW_FOCUS_GAIN client=android.os.BinderProxy@84175a2 inputContext=null editorInfo=android.view.inputmethod.EditorInfo@bf5a072 startInputFlags=VIEW_HAS_FOCUS|INITIAL_CONNECTION softInputMode=STATE_UNSPECIFIED|ADJUST_RESIZE windowFlags=#81810900 unverifiedTargetSdkVersion=35 bindingController=com.android.server.inputmethod.InputMethodBindingController@ffd1e85 imeDispatcher=android.window.ImeOnBackInvokedDispatcher@8a43cc3 cs=ClientState{2ce9a5a mUid=10366 mPid=6647 mSelfReportedDisplayId=0}
12-13 17:27:10.573  2510  7833 V ActivityTaskManager: Activity idle: ActivityRecord{8c08e1 u0 com.resultmarketing.whatscard/.MainActivity t5145}
12-13 17:27:10.574  2510  4990 I InputMethodManagerService: hideCurrentInputLocked: reason 21
12-13 17:27:10.574  2510  4990 V InputMethodManagerService: Creating new accessibility sessions for client ClientState{2ce9a5a mUid=10366 mPid=6647 mSelfReportedDisplayId=0}
12-13 17:27:10.574  2510  2783 I PowerManagerService: Releasing suspend blocker "PowerManagerService.Broadcasts".
12-13 17:27:10.615  2510  7078 D ActivityTaskManager: notify camera state=0 for ActivityRecord{8c08e1 u0 com.resultmarketing.whatscard/.MainActivity t5145}
12-13 17:27:10.618  2510  7090 I PowerManagerService: wakeLock.mDisabled:false, mDeviceIdleMode:false, mProcState:0
12-13 17:27:10.625  2510  7078 I PowerManagerService: wakeLock.mDisabled:false, mDeviceIdleMode:false, mProcState:0
12-13 17:27:10.650  6493  6635 D KeyguardService: Finish IRemoteAnimationRunner.
12-13 17:27:10.651  6493  6635 I TransitionInfo: release all surface: Surface(name=Transition Root: DefaultTaskDisplayArea)/@0x1a1ee38
12-13 17:27:10.652  6493  6605 I ShellTransitions: Active animation finished=(#15984) android.os.BinderProxy@d3daa1@0, merged=null, aborted=false
12-13 17:27:10.652  6493  6605 I HnFreeformController: freeform_tag, removeRecentsTransition: android.os.BinderProxy@d3daa1
12-13 17:27:10.652  6493  6605 I HnFreeformController: freeform_tag, setRecentsTransitionToHome transition: android.os.BinderProxy@d3daa1, toHome: false
12-13 17:27:10.652  6493  6605 V WindowManagerShell: Transition animation finished (aborted=false), notifying core (#15984) android.os.BinderProxy@d3daa1@0
12-13 17:27:10.654  2510  7833 I TransitionController: finishTransition TransitionRecord{14084f3 id=15984 type=TO_BACK flags=0x104}
12-13 17:27:10.654  2510  2783 V WindowManager: Finish Transition (#15984): created at 12-13 17:27:10.360 collect-started=0.188ms request-sent=0.202ms started=7.308ms ready=7.279ms sent=32.433ms finished=294.124ms
12-13 17:27:10.656  2510  7833 D HnMultiWindowAnimation: getDoingHnAnimType: 0
12-13 17:27:10.656  2510  7833 E HWMW_HwMagicWindowManagerImpl: service has not been started
12-13 17:27:10.657  6493  6605 I WindowManagerShell: Track 0 became idle
12-13 17:27:10.657  6493  6605 I WindowManagerShell: All active transition animations finished
12-13 17:27:10.681  2510  7833 D HwNetworkManagementService: code == CODE_APP_NETWORK_BLOCKED_CHECK
12-13 17:27:10.768  2510  7833 V WindowManager: Loading animations: layout params pkg=com.android.systemui resId=0x0
12-13 17:27:10.768  2510  7833 D HwAppTransitionImpl: windowAnimations = 0 dose not come from system, not to override it.
12-13 17:27:10.772  2510  4859 D HwActivityManagerServiceEx: getPackageNameForPid callingAppId: 1000
12-13 17:27:10.773  2510  7833 I WindowManager: handleTopActivityLaunchingInDifferentOrientation background visible activity to cover config
12-13 17:27:10.773  2510  4859 D HwActivityManagerServiceEx: notifyAppToTop pid:6647, enable:1
12-13 17:27:10.774  2510  4859 D HwActivityManagerServiceEx: notifyAppToTop pid:6493, enable:0
12-13 17:27:10.774  6647  6647 I RtgSchedEvent: current pid:6647 AppType:-1
12-13 17:27:10.776  6493  6493 D FullScreenUtils: isNeedToHideStatusBar: splitscreenstate=0
12-13 17:27:10.779  6493  6493 D RtgSched: resetRtgSchedHandle failed enable:0
12-13 17:27:10.809  1247  7277 I keystore2: system/security/keystore2/src/super_key.rs:1040 - Successfully unlocked user 0 with biometric 3538812500138890568
12-13 17:27:10.809  2510  2510 I TrustManagerService: setDeviceLockedForUser time: 400ms
12-13 17:27:10.809  2510  2510 W Looper  : Slow dispatch took 400ms main h=com.android.server.trust.TrustManagerService$3 c=null m=6
12-13 17:27:10.811  2510  2510 W Looper  : Slow delivery took 403ms main h=com.android.server.trust.TrustManagerService$3 c=android.os.Handler$BlockingRunnable@2af3058 m=0
12-13 17:27:10.812  2510  6612 I HwWindowManagerServiceEx: Keyguard exit, is first unlock after boot: false
12-13 17:27:10.812  2510  4990 D InputMethodManagerService: IME window vis: 0 active: 0 inv: 0 displayId: 0
12-13 17:27:10.813  2510  2510 W ProcBatteryStats: timer is not running , not stop, name: com.google.android.apps.messaging, uid: 10153, tag: *job*/@androidx.work.systemjobscheduler@com.google.android.apps.messaging/androidx.work.impl.background.systemjob.SystemJobService
12-13 17:27:10.813  2510  2510 I PowerManagerService: need release WakeLockSuspendBlocker
12-13 17:27:10.813  2510  2510 I PowerManagerService: Releasing suspend blocker "PowerManagerService.WakeLocks".
12-13 17:27:10.814  2510  2787 I StorageManagerService: onKeyguardStateChanged false
12-13 17:27:10.815  2510  2510 W JobScheduler: Job didn't exist in JobStore: cd302c2 {androidx.work.systemjobscheduler} #u0a153/2244 @androidx.work.systemjobscheduler@com.google.android.apps.messaging/androidx.work.impl.background.systemjob.SystemJobService
12-13 17:27:10.816  2510  2510 W Looper  : Drained
12-13 17:27:10.817  2510  7090 I KeyguardStateMonitor: onPendingLock pendingLock: false
12-13 17:27:10.820  2510  7833 I ActivityManager: App 10212/com.facebook.services on idle whitelist; not restricted in background
12-13 17:27:10.820  2510  7833 I ActivityManager: App 10045/com.google.android.gms on idle whitelist; not restricted in background
12-13 17:27:10.820  2510  7833 I ActivityManager: App 10045/com.google.android.gms on idle whitelist; not restricted in background
12-13 17:27:10.820  2510  7833 I ActivityManager: App 10263/com.instagram.android on idle whitelist; not restricted in background
12-13 17:27:10.820  2510  7833 I ActivityManager: App 10293/com.instagram.barcelona targets O+, restricted
12-13 17:27:10.820  2510  7833 I ActivityManager: App 10307/com.pbb.mypb targets O+, restricted
12-13 17:27:10.822  2510  2510 D HwGameAssistantController: isGameForeground? false
12-13 17:27:10.822  2510  6344 I HnFingerprintProvider/default: sendCommandToHalWithoutResult, commandId is 63
12-13 17:27:10.822  2510  2510 D HwGameAssistantController: BroadCast,the user has unlocked the phone
12-13 17:27:10.824  2510  6344 I HnFingerprintProvider/default: sendCommandToHalWithoutResult, commandId is 63, res is 0
12-13 17:27:10.830  2510  7090 I HwBrightnessPgSceneDetection: pkgNamecom.resultmarketing.whatscard
12-13 17:27:10.830  2510  7090 I HwBrightnessPgSceneDetection: No need change
12-13 17:27:10.830  2510  7090 I HwBrightnessPgSceneDetection: same
12-13 17:27:10.830  2510  6330 I DE J DES: [effect] setScene(73, 17
12-13 17:27:10.832  2510  7090 I DE J DES: [effect] Pg pkg:com.resultmarketing.whatscard
12-13 17:27:10.834  2510  2579 I PowerManagerService: wakeLock.mDisabled:false, mDeviceIdleMode:false, mProcState:0
12-13 17:27:10.834  6493  6493 I Drag-Window-Shell: receive ACTION_USER_PRESENT
12-13 17:27:10.834  6493  6493 I Drag-Window-Shell: dealUserPresentAction
12-13 17:27:10.834  6493  6493 W Drag-Window-Shell: dealUserPresentAction invalid status
12-13 17:27:10.834  2510  2579 I PowerManagerService: need acquire WakeLockSuspendBlocker
12-13 17:27:10.834  2510  2579 I PowerManagerService: Acquiring suspend blocker "PowerManagerService.WakeLocks".
12-13 17:27:10.837  2510  7090 W UserManagerService: Requested status bar icon for non-badged user 0
12-13 17:27:10.838  2510  2879 I ActivityManager: App 10212/com.facebook.services on idle whitelist; not restricted in background
12-13 17:27:10.839  2510  2787 D HwWindowManagerService: shouldDelayWhenUnlocking 480
12-13 17:27:10.839  2510  2787 I TaskOrganizerController: removeStartingWindow contains googlepatch
12-13 17:27:10.841  6493  6669 D removeWindow: removeInfo:StartingWindowRemovalInfo{taskId=5145 frame=null playRevealAnimation=false roundedCornerRadius=0.0 deferRemoveMode=0 windowlessSurface=false removeImmediately=false} immediately:false
12-13 17:27:10.842  2510  7084 W UserManagerService: Requested status bar icon for non-badged user 0
12-13 17:27:10.847  2510  6734 W UserManagerService: Requested status bar icon for non-badged user 0
12-13 17:27:10.847  2510  6734 W UserManagerService: Requested status bar icon for non-badged user 0
12-13 17:27:10.847  2510  2879 I ActivityManager: App 10045/com.google.android.gms on idle whitelist; not restricted in background
12-13 17:27:10.848  2510  7084 I PowerManagerService: wakeLock.mDisabled:false, mDeviceIdleMode:false, mProcState:5
12-13 17:27:10.849  2510  2879 I ActivityManager: App 10263/com.instagram.android on idle whitelist; not restricted in background
12-13 17:27:10.858  2510  7084 I ActivityManager: App 10047/com.hihonor.android.pushagent on idle whitelist; not restricted in background
12-13 17:27:10.861  2510  6612 I ActivityManager: App 10045/com.google.android.gms on idle whitelist; not restricted in background
12-13 17:27:10.863  2510  2879 I ActivityManager: App 10047/com.hihonor.android.pushagent on idle whitelist; not restricted in background
12-13 17:27:10.869  2510  2579 I PowerManagerService: wakeLock.mDisabled:false, mDeviceIdleMode:false, mProcState:5
12-13 17:27:10.870  2510  6734 D ActivityManager: sync unfroze 26029 com.google.android.gms for 6
12-13 17:27:10.874  2510  2579 I PowerManagerService: wakeLock.mDisabled:false, mDeviceIdleMode:false, mProcState:5
12-13 17:27:10.887  2510  6612 I PowerManagerService: wakeLock.mDisabled:false, mDeviceIdleMode:false, mProcState:5
12-13 17:27:10.888  2510  6612 W ProcBatteryStats: timer is running , not start, name: com.google.android.gms, uid: 10045, tag: IntentOp:com.google.android.gms/.chimera.GmsIntentOperationService
12-13 17:27:10.889  2510  7833 I PowerManagerService: wakeLock.mDisabled:false, mDeviceIdleMode:false, mProcState:5
12-13 17:27:10.898  2510  7833 I PowerManagerService: wakeLock.mDisabled:false, mDeviceIdleMode:false, mProcState:5
12-13 17:27:10.898  2510  7833 W ProcBatteryStats: timer is running , not start, name: com.google.android.gms, uid: 10045, tag: IntentOp:.personalsafety.psa.UserPresentIntentOperation
12-13 17:27:10.913  2510  6612 I AlarmManager: remove alarm reason:0 alarms:[Alarm{e2a4182 type 3 origWhen 2205506247 whenElapsed 2205506247 PendingIntent{e877f59: PendingIntentRecord{54871e com.google.android.gms/com.google.android.gms.auth_authzen__phone startService}} com.google.android.gms procName com.google.android.gms}]
12-13 17:27:10.917  2510  6734 W ProcBatteryStats: timer is not running , not stop, name: com.google.android.gms, uid: 10045, tag: IntentOp:.personalsafety.psa.UserPresentIntentOperation
12-13 17:27:10.931  2510  6734 W ProcBatteryStats: timer is not running , not stop, name: com.google.android.gms, uid: 10045, tag: IntentOp:com.google.android.gms/.chimera.GmsIntentOperationService
12-13 17:27:10.953  2510  7090 I PowerManagerService: need release WakeLockSuspendBlocker
12-13 17:27:10.953  2510  7090 I PowerManagerService: Releasing suspend blocker "PowerManagerService.WakeLocks".
12-13 17:27:10.955  1247  7277 I keystore2: vendor/honor/system/base/system/security/keystore2/keystore_debug/honor_keystore_database_log.rs:36 - "keystore2/src/service.rs".name="com.resultmarketing.whatscard" in "getKeyEntry()." pid=6647
12-13 17:27:10.958  1247  7277 I keystore2: vendor/honor/system/base/system/security/keystore2/keystore_debug/honor_keystore_database_log.rs:36 - "keystore2/src/service.rs".name="com.resultmarketing.whatscard" in "getKeyEntry()." pid=6647
12-13 17:27:10.959  1247  7277 I keystore2: vendor/honor/system/base/system/security/keystore2/keystore_debug/honor_keystore_database_log.rs:36 - "keystore2/src/service.rs".name="com.resultmarketing.whatscard" in "getKeyEntry()." pid=6647
12-13 17:27:10.960  1247  7277 I keystore2: vendor/honor/system/base/system/security/keystore2/keystore_debug/honor_keystore_database_log.rs:36 - "keystore2/src/security_level.rs".name="com.resultmarketing.whatscard" in "createOperation()." pid=6647
12-13 17:27:10.997  1247 28590 I keystore2: vendor/honor/system/base/system/security/keystore2/keystore_debug/honor_keystore_database_log.rs:36 - "keystore2/src/operation.rs".name="com.resultmarketing.whatscard" in "update()." pid=6647
12-13 17:27:11.048  2510  2791 I WindowManager: removeLeash, the window position need update Window{d059f6b u0 SnapshotStartingWindow for taskId=5145 EXITING}
12-13 17:27:11.051  2510  2791 I WindowManager: setSurfaceControl null, caller = com.android.server.wm.WindowContainer.removeImmediately:946 com.android.server.wm.WindowState.removeImmediately:2983 com.android.server.wm.WindowState.destroySurface:4260 com.android.server.wm.WindowState.onExitAnimationDone:5980 com.android.server.wm.WindowStateAnimator.onAnimationFinished:255 com.android.server.wm.WindowState.onAnimationFinished:6277 com.android.server.wm.WindowContainer$$ExternalSyntheticLambda5.onAnimationFinished:0 com.android.server.wm.SurfaceAnimator.lambda$getFinishedCallback$0:167 com.android.server.wm.SurfaceAnimator.$r8$lambda$jpWLmdZ8WD7VMOkNht1QSuwzXVM:0 com.android.server.wm.SurfaceAnimator$$ExternalSyntheticLambda1.run:0 
12-13 17:27:11.067  2510  4709 W SettingsState: writeSingleSetting() get invalid item. version: 226, id: 41869, name: notify_update_data_change
12-13 17:27:11.071  1247 28590 I keystore2: vendor/honor/system/base/system/security/keystore2/keystore_debug/honor_keystore_database_log.rs:36 - "keystore2/src/operation.rs".name="com.resultmarketing.whatscard" in "finish()." pid=6647
12-13 17:27:11.075  1247  7277 I keystore2: vendor/honor/system/base/system/security/keystore2/keystore_debug/honor_keystore_database_log.rs:36 - "keystore2/src/operation.rs".name="com.resultmarketing.whatscard" in "abort()." pid=6647
12-13 17:27:11.220  2510  4823 I PowerManagerService: wakeLock.mDisabled:false, mDeviceIdleMode:false, mProcState:0
12-13 17:27:11.220  2510  4823 I PowerManagerService: need acquire WakeLockSuspendBlocker
12-13 17:27:11.221  2510  4823 I PowerManagerService: Acquiring suspend blocker "PowerManagerService.WakeLocks".
12-13 17:27:11.223  2510  4823 I ActivityManager: sendIntentSender target:PendingIntentRecord{417e3ed com.hihonor.systemmanager broadcastIntent}, intent:flg=0x4 hwFlg=0x110
12-13 17:27:11.224  2510  4823 I ActivityManager: App 1000/com.hihonor.systemmanager on idle whitelist; not restricted in background
12-13 17:27:11.224  2510  2879 I ActivityManager: App 1000/com.hihonor.systemmanager on idle whitelist; not restricted in background
12-13 17:27:11.224  2510  2879 E ProcessInfoCollector: getProcessInfo: proc should not less than zero.
12-13 17:27:11.229  2510  4690 I JobScheduler.Time: realNextDelayExpiredElapsedMillis: 2205624903 mNextDelayExpiredElapsedMillis:2205624903
12-13 17:27:11.229  2510  4690 E ProcessInfoCollector: getProcessInfo: proc should not less than zero.
12-13 17:27:11.230  2510  4690 I PowerManagerService: wakeLock.mDisabled:false, mDeviceIdleMode:false, mProcState:0
12-13 17:27:11.230  2510  4690 I PowerManagerService: wakeLock.mDisabled:false, mDeviceIdleMode:false, mProcState:0
12-13 17:27:11.230  2510  4690 W ProcBatteryStats: timer is running , not start, name: com.google.android.apps.messaging, uid: 10153, tag: *job*/com.google.android.apps.messaging/.shared.datamodel.action.execution.ActionJobService
12-13 17:27:11.233  2510  4682 I HwBatteryService: power_ui state= 1 mQuickChargeStatus=1
12-13 17:27:11.233  2510  4682 I HwBatteryService: handleWirelessTxStatus
12-13 17:27:11.233  2510  4682 I HwBatteryService: switch not open, return, mWirelessTxFlag : 0
12-13 17:27:11.233  2510  4682 W HwBatteryService: need return. Invalid value: -1
12-13 17:27:11.233  2510  4682 D HwBatteryService: setHwChargeTimeRemaining, time = -1 String time: -1
12-13 17:27:11.235  2510  4690 E ProcessInfoCollector: getProcessInfo: failed to find this proc: 2510
12-13 17:27:11.240  2510  6734 I BatteryService: Processing new values: info={chargerAcOnline=false,chargerUsbOnline=true,chargerWirelessOnline=false,maxChargingCurrent=500000,maxChargingVoltage=5000000,batteryStatus=2=CHARGING,batteryHealth=2=GOOD,batteryPresent=true,batteryLevel=67,batteryVoltage=4083,batteryTemperature=315,batteryFullCharge=6589000,batteryChargeCounter=3500000,batteryTechnology=Unknown,batteryCapacityLevel=3=NORMAL,chargerDockOnline=false}, mBatteryLevelCritical=false, mPlugType=2, mLastPlugType=2
12-13 17:27:11.241  2510  2879 I NotificationService: pag com.google.android.apps.messaging dosen't have notification permission
12-13 17:27:11.241  2510  6734 I BatteryService: check conditions changed
12-13 17:27:11.242  2510  6612 I BatteryService: Processing new values: info={chargerAcOnline=false,chargerUsbOnline=true,chargerWirelessOnline=false,maxChargingCurrent=500000,maxChargingVoltage=5000000,batteryStatus=2=CHARGING,batteryHealth=2=GOOD,batteryPresent=true,batteryLevel=67,batteryVoltage=4067,batteryTemperature=315,batteryFullCharge=6589000,batteryChargeCounter=3500000,batteryTechnology=Unknown,batteryCapacityLevel=3=NORMAL,chargerDockOnline=false}, mBatteryLevelCritical=false, mPlugType=2, mLastPlugType=2
12-13 17:27:11.242  2510  6612 I BatteryService: check conditions changed
12-13 17:27:11.249  2510  2879 I NotificationService: pag com.google.android.apps.messaging dosen't have notification permission
12-13 17:27:11.252  2510  7080 I PowerManagerService: wakeLock.mDisabled:false, mDeviceIdleMode:false, mProcState:5
12-13 17:27:11.254  2510  7080 I PowerManagerService: wakeLock.mDisabled:false, mDeviceIdleMode:false, mProcState:5
12-13 17:27:11.256  2510  7080 I PowerManagerService: wakeLock.mDisabled:false, mDeviceIdleMode:false, mProcState:5
12-13 17:27:11.256  2510  7080 W ProcBatteryStats: timer is running , not start, name: com.google.android.apps.messaging, uid: 10153, tag: com.google.android.apps.messaging.shared.datamodel.action.SendReportAction
12-13 17:27:11.259  2510  7090 I AlarmManager: remove alarm reason:0 alarms:[Alarm{db8f473 type 2 origWhen 2205492580 whenElapsed 2205492580 android android procName system}]
12-13 17:27:11.259  2510  7090 I JobScheduler.Time: realNextJobExpiredElapsedMillis: 2206295466mNextJobExpiredElapsedMillis2206295466
12-13 17:27:11.261  2510  7090 I AlarmManager: remove alarm reason:0 alarms:[Alarm{5a464cf type 2 origWhen 2206295466 whenElapsed 2206295466 android android procName system}]
12-13 17:27:11.261  2510  7090 I JobScheduler.Time: realNextJobExpiredElapsedMillis: 2205501617mNextJobExpiredElapsedMillis2205501617
12-13 17:27:11.262  2510  7090 I AlarmManager: remove alarm reason:0 alarms:[Alarm{4d02e5c type 3 origWhen 2205624903 whenElapsed 2205624903 android android procName system}]
12-13 17:27:11.262  2510  7090 I JobScheduler.Time: realNextDelayExpiredElapsedMillis: 2205521580 mNextDelayExpiredElapsedMillis:2205521580
12-13 17:27:11.263  2510  6612 W ProcBatteryStats: timer is not running , not stop, name: com.google.android.apps.messaging, uid: 10153, tag: *job*/com.google.android.apps.messaging/.shared.datamodel.action.execution.ActionJobService
12-13 17:27:11.265  2510  7080 I PowerManagerService: wakeLock.mDisabled:false, mDeviceIdleMode:false, mProcState:5
12-13 17:27:11.265  2510  6612 W JobScheduler: Job didn't exist in JobStore: 613298f #u0a153/101 com.google.android.apps.messaging/.shared.datamodel.action.execution.ActionJobService
12-13 17:27:11.270  2510  7090 W ProcBatteryStats: timer is not running , not stop, name: com.google.android.apps.messaging, uid: 10153, tag: com.google.android.apps.messaging.shared.datamodel.action.SendReportAction
12-13 17:27:11.272  2510  7090 I PowerManagerService: need release WakeLockSuspendBlocker
12-13 17:27:11.272  2510  7090 I PowerManagerService: Releasing suspend blocker "PowerManagerService.WakeLocks".
12-13 17:27:11.437  2510  6612 D WindowManager: mPowerVolUpBehavior = 3
12-13 17:27:11.437  2510  6344 W HnFingerprintProvider/default: recnetTask do not cancel for client: null
12-13 17:27:11.437  2510  6612 I WindowManager: VolumeUp and PowerDown(1) preCondition ScreenOn = true
12-13 17:27:11.437  2510  6612 D WindowManager: KEYCODE_VOLUME_DOWN KEYCODE_VOLUME_UP twoKeysRuleBool = true
12-13 17:27:11.437  2510  6612 I KeyCombinationManager: shouldInterceptKey : false
12-13 17:27:11.437  2510  6612 I SingleKeyGesture: reset() call
12-13 17:27:11.437  2510  6612 I InputManager: inject C=3,A=0,F=72,P=6493,R=0,processName=
12-13 17:27:11.438  2510  4959 D HwGameAssistantController: Keycontrol mode is 2 for user 0
12-13 17:27:11.438  2510  4959 I KeyCombinationManager: result: false,keyCode: 3,action: 0
12-13 17:27:11.480  2510  2793 I AppEyeFwkBlock: do monitor
12-13 17:27:11.555  2510  4961 I HwFingersSnapshooter[GestureCollectionMotion]: reset mIsCollectionFinished:true, mIsMoreCollectionsFinished:true, isNeedUpdate:false, mCollectionService:null, mMoreCollectionsService:null
12-13 17:27:11.560  2510  7090 D WindowManager: mPowerVolUpBehavior = 3
12-13 17:27:11.560  2510  7090 I WindowManager: VolumeUp and PowerDown(1) preCondition ScreenOn = true
12-13 17:27:11.560  2510  7090 D WindowManager: KEYCODE_VOLUME_DOWN KEYCODE_VOLUME_UP twoKeysRuleBool = true
12-13 17:27:11.560  2510  6344 W HnFingerprintProvider/default: recnetTask do not cancel for client: null
12-13 17:27:11.560  2510  7090 I KeyCombinationManager: shouldInterceptKey : false
12-13 17:27:11.560  2510  7090 I SingleKeyGesture: interceptKeyUp mActiveRule = null  mHandledByLongPress = false
12-13 17:27:11.560  2510  7090 I InputManager: inject C=3,A=1,F=72,P=6493,R=0,processName=
12-13 17:27:11.560  2510  4959 D HwGameAssistantController: Keycontrol mode is 2 for user 0
12-13 17:27:11.560  2510  4959 I KeyCombinationManager: result: false,keyCode: 3,action: 1
12-13 17:27:11.564  2510  2784 I ParallelSpaceHomeIntentUtils: isParallelSpaceToHome isParallelSpaceUserId=false,isParallelSpaceActivity =false,isSkipToParallelSpaceHome=false,isFullScreen =true
12-13 17:27:11.565  6493  8272 I HnFreeformUtils: android.uid.system:1000 not found.
12-13 17:27:11.565  6493  8272 E HnFreeformController: mHnDesktopTasksController is null
12-13 17:27:11.565  6493  8272 I HnMiniformController: mini_tag get free location to enter mini window, location: 2
12-13 17:27:11.565  6493  8272 I HnFreeformController: transformFreeformToMini, taskId:-1, targetLocation:2, type:1
12-13 17:27:11.565  2510  2784 I ActivityTaskManager: START u0 {act=android.intent.action.MAIN cat=[android.intent.category.HOME] flg=0x10000300 hwFlg=0x8000 cmp=com.hihonor.android.launcher/.unihome.UniHomeLauncher (has extras)} with LAUNCH_SINGLE_TASK from uid 0
12-13 17:27:11.567  2510  2784 W ActivityTaskManager: callingPackage for (uid=-1, pid=0) has no WPC
12-13 17:27:11.567  2510  2784 W HwActivityTaskManagerServiceEx: Skip checking because incomplete params
12-13 17:27:11.567  2510  2784 E ProcessInfoCollector: getProcessInfo: failed to find this proc: 0
12-13 17:27:11.567  2510  2784 I ActivityTaskManager: TaskLauncParamsModifier activity is null
12-13 17:27:11.567  2510  2784 D ActivityTaskManager: TaskLaunchParamsModifier:task=null activity=null display-area-token-from-option=DefaultTaskDisplayArea@217857413 display-id=0 task-display-area-windowing-mode=1 suggested-display-area=DefaultTaskDisplayArea@217857413
12-13 17:27:11.568  2510  2784 W ActivityStartInterceptor: Starting home with component specified, uid=0
12-13 17:27:11.568  2510  2784 D HwGameAssistantController: isGameForeground? false
12-13 17:27:11.568  2510  2784 I ActivityTaskManager: ActivityRecord info: ActivityInfo{d5fd448 com.hihonor.android.launcher.unihome.UniHomeLauncher}
12-13 17:27:11.568  2510  2784 W OptProp : Cannot read opt property android.window.PROPERTY_COMPAT_ALLOW_ORIENTATION_OVERRIDE
12-13 17:27:11.569  2510  2784 W OptProp : Cannot read opt property android.window.PROPERTY_COMPAT_ALLOW_RESIZEABLE_ACTIVITY_OVERRIDES
12-13 17:27:11.569  2510  2784 D ActivityTaskManager: setEnterOrExitFullScreenVideo isEnterOrExitFullScreenVideo = false
12-13 17:27:11.569  2510  2784 W OptProp : Cannot read opt property android.window.PROPERTY_COMPAT_ALLOW_MIN_ASPECT_RATIO_OVERRIDE
12-13 17:27:11.569  2510  2784 D ActivityTaskManager: setEnterOrExitFullScreenVideo isEnterOrExitFullScreenVideo = false
12-13 17:27:11.570  2510  2784 I TransitionController: first create transition: TransitionRecord{2d21ec7 id=-1 type=OPEN flags=0x0}, caller: com.android.server.wm.ActivityStarter.startActivityUnchecked:2104 com.android.server.wm.ActivityStarter.executeRequest:1876 com.android.server.wm.HwActivityStarter.executeRequest:361 com.android.server.wm.ActivityStarter.execute:1060 com.android.server.wm.HwActivityStarter.execute:721 
12-13 17:27:11.570  2510  2784 D ActivityTaskManager: TaskLaunchParamsModifier:task=null activity=ActivityRecord{c2b82e1 u0 com.hihonor.android.launcher/.unihome.UniHomeLauncher display-area-token-from-option=DefaultTaskDisplayArea@217857413 display-id=0 task-display-area-windowing-mode=1 suggested-display-area=DefaultTaskDisplayArea@217857413
12-13 17:27:11.570  2510  2879 D ActivityManager: unfreeze for speed up, uid: 10121 pkg: com.hihonor.android.launcher
12-13 17:27:11.570  2510  2784 I ActivityStarter: shouldShowFreeformWindow realCallingPackage = isRes= true rotation= 0 orientation = -1 isPortarait = false sourceRecord = null isMagicWin = false isForceRotation = false r.packageName = com.hihonor.android.launcher isAE= false sourceLaunchedFromPackage=  isInBlackList= false isInPartialSplitScreen= false r.info = ActivityInfo{d5fd448 com.hihonor.android.launcher.unihome.UniHomeLauncher}
12-13 17:27:11.570  2510  2784 I HwActivityTaskManagerServiceEx: get container failed !!
12-13 17:27:11.571  2510  2784 D ActivityTaskManager: TaskLaunchParamsModifier:task=Task{bea193a #3249 type=home A=10121:com.hihonor.android.launcher} activity=ActivityRecord{c2b82e1 u0 com.hihonor.android.launcher/.unihome.UniHomeLauncher t-1} display-area-token-from-option=DefaultTaskDisplayArea@217857413 display-id=0 task-display-area-windowing-mode=1 suggested-display-area=DefaultTaskDisplayArea@217857413 non-freeform-task-display-area display-area=DefaultTaskDisplayArea@217857413 default-portrait freeform-size-mismatch=Rect(183, 443 - 538, 1163)
12-13 17:27:11.571  2510  2784 I HwActivityTaskManagerServiceEx: isAppIsImportingData AMS return -> isCloningAppCloning=false
12-13 17:27:11.571  2510  2784 I CollectCenterUtils: is not Support CollectCenter Resizeable or activitiesStacks.size() != freeformNum return.
12-13 17:27:11.573  2510  2784 I PowerManagerService: wakeLock.mDisabled:false, mDeviceIdleMode:false, mProcState:0
12-13 17:27:11.573  2510  2784 I PowerManagerService: need acquire WakeLockSuspendBlocker
12-13 17:27:11.573  2510  2784 I PowerManagerService: Acquiring suspend blocker "PowerManagerService.WakeLocks".
12-13 17:27:11.573  2510  2859 I DE J DES: [effect] MEMC do nothing
12-13 17:27:11.575  2510  2784 I ActivityTaskManager: Making visible and scheduling visibility: ActivityRecord{c1040ad u0 com.hihonor.android.launcher/.unihome.UniHomeLauncher t3249}
12-13 17:27:11.575  2510  2784 I WMTransition: ReadyTracker addGroup Display{#0 state=ON size=720x1610 ROTATION_0}
12-13 17:27:11.578  2510  2784 W HwActivityTaskManagerServiceEx: setResumedActivityUncheckLocked start call, from: ActivityRecord{8c08e1 u0 com.resultmarketing.whatscard/.MainActivity t5145}, to: ActivityRecord{c1040ad u0 com.hihonor.android.launcher/.unihome.UniHomeLauncher t3249}
12-13 17:27:11.578  2510  2784 I HwActivityTaskManagerServiceEx: active updateProcessInfo to computeOomAdj app com.resultmarketing.whatscard
12-13 17:27:11.578  2510  2784 I HwActivityTaskManagerServiceEx: handleFreeformBallForFocusChange
12-13 17:27:11.578  2510  2784 W HwActivityTaskManagerServiceEx: appSwitch from: com.resultmarketing.whatscard to: com.hihonor.android.launcher
12-13 17:27:11.578  6493  6512 D HnMultiWindowController:  start IHnMultiWindowManagerImpl getSplitScreenInfo
12-13 17:27:11.579  2510  4859 I SWAP_SCENE: Entering notifySceneData notifySceneData. EventType:APP_SWITCH_FROM para:com.resultmarketing.whatscard
12-13 17:27:11.579  2510  4859 I SWAP_SCENE: Entering notifySceneData notifySceneData. EventType:APP_SWITCH_TO para:com.hihonor.android.launcher
12-13 17:27:11.579  2510  2784 I WindowManager: Changing focus from Window{f3b2e8f u0 com.resultmarketing.whatscard/com.resultmarketing.whatscard.MainActivity} to Window{8cf2932 u0 com.hihonor.android.launcher/com.hihonor.android.launcher.unihome.UniHomeLauncher} mode 0 displayId=0
12-13 17:27:11.579  2510  8271 I SWAP_GkiKernelInterface: set score to 300 for pkg com.resultmarketing.whatscard groupId 40, success
12-13 17:27:11.579  2510  8271 I SWAP_AppScore: adjustSwapRatio:pkg:com.resultmarketing.whatscard
12-13 17:27:11.579  2510  8271 I SWAP_AppScore: getSwapRatioForFrequentUseApp + pkgName:com.resultmarketing.whatscard swapRatio:0
12-13 17:27:11.579  2510  8271 I SWAP_AppScore: adjustSwapRatio:frequentUseAppMap:swapratio0 pkgName:com.resultmarketing.whatscard
12-13 17:27:11.579  2510  8271 I SWAP_AppScore: ParaConfig have no swapIndex parameters
12-13 17:27:11.579  2510  8271 I SWAP_AppScore: final ratio info: pkgName:com.resultmarketing.whatscard, reclaime ratio:60, swap ratio:0
12-13 17:27:11.580  2510  8271 I SWAP_AppScore: setScoreAndRatioLive::pkgName:com.resultmarketing.whatscard score:300 write r-Ratio:60 s-Ratio: 0 refault:50
12-13 17:27:11.580  2510  2784 V HwPhoneWindowManager: updateSystemUiColorLw window=Window{8cf2932 u0 com.hihonor.android.launcher/com.hihonor.android.launcher.unihome.UniHomeLauncher},MagicStyle=-1,StatusBarColor=0x0,NavigationBarColor=0x0, mForceNotchStatusBar=false
12-13 17:27:11.580  2510  2784 I WindowManager: removeLeash, the window position need update Window{533a248 u0 NavigationBar0}
12-13 17:27:11.580  2510  8271 E SWAP_GkiKernelInterface: readAppMemcgInfo result is null: com.resultmarketing.whatscard
12-13 17:27:11.581  2510  2784 I WindowManager: removeLeash, the window position need update Window{1aa3798 u0 StatusBar}
12-13 17:27:11.582  2510  2784 I HwDisplayPolicyEx: setStickImmersiveMode isStickHideNav = false
12-13 17:27:11.582  2510  2784 I HwDisplayContentEx: currentFocus windowstate not null
12-13 17:27:11.582  2510  2784 E ZrHung.AppEyeFocusWindow: cancel check
12-13 17:27:11.582  2510  2784 I HwDisplayContentEx: trans currentFocus windowstate not null
12-13 17:27:11.583  2510  4859 D HwActivityManagerServiceEx: getPackageNameForPid callingAppId: 1000
12-13 17:27:11.584  2510  8205 D SWAP_BufferProc: handle launcher start, close zswapd
12-13 17:27:11.584  2510  8205 D SWAP_BufferProc: closeZswapd now.
12-13 17:27:11.584  2510  4859 D HwActivityManagerServiceEx: notifyAppToTop pid:23445, enable:1
12-13 17:27:11.584  2510  4859 D HwActivityManagerServiceEx: notifyAppToTop pid:6647, enable:0
12-13 17:27:11.585  6647  6647 D RtgSched: resetRtgSchedHandle failed enable:0
12-13 17:27:11.585 23445 23445 I RtgSchedEvent: current pid:23445 AppType:28
12-13 17:27:11.585  2510  2784 I WindowManager: LauncherPermanent keep UniHomeLauncher permanent
12-13 17:27:11.585  2510  2784 I HwMultiWindowManager: The SurfaceControl.setColorMgrInfo() interface has been deleted, please refer to SR000G5CKR description for details
12-13 17:27:11.586  2510  2784 I WindowManager: Win Window{8cdc227 u0 NotificationShade}, animationWallpaper=false, hasWallpaper=false, w.isOnScreen()=false, w.isDrawFinishedLw()=false
12-13 17:27:11.587  6493  6605 V WindowManagerShell: Transition requested (#15985): android.os.BinderProxy@c0ced58 TransitionRequestInfo { type = OPEN, triggerTask = TaskInfo{userId=0 taskId=3249 displayId=0 isRunning=true baseIntent=Intent { act=android.intent.action.MAIN cat=[android.intent.category.HOME] flg=0x10200000 cmp=com.hihonor.android.launcher/.unihome.UniHomeLauncher } baseActivity=ComponentInfo{com.hihonor.android.launcher/com.hihonor.android.launcher.unihome.UniHomeLauncher} topActivity=ComponentInfo{com.hihonor.android.launcher/com.hihonor.android.launcher.unihome.UniHomeLauncher} origActivity=null realActivity=ComponentInfo{com.hihonor.android.launcher/com.hihonor.android.launcher.unihome.UniHomeLauncher} launchedFromPackage=null forceRotateMode=-1 numActivities=1 lastActiveTime=2205491938 isSupportsHwFreeForm=true supportsHnSplitScreenMultiWindow=true supportsHnTopBotSplitScreenfalse supportsMultiWindow=true resizeMode=2 isResizeable=true minWidth=-1 minHeight=-1 defaultMinSize=220 token=WCT{android.window.IWindowContainerToken$Stub$Proxy@be20eb1} topActivityType=2 pictureInPictureParams=null isAutoRemoveRecents=false shouldDockBigOverlays=false launchIntoPipHostTaskId=-1 lastParentTaskIdBeforePip=-1 displayCutoutSafeInsets=null topActivityInfo=ActivityInfo{da05f96 com.hihonor.android.launcher.unihome.UniHomeLauncher} windowMode=1 launchCookies=[] positionInParent=Point(0, 0) parentTaskId=-1 isFocused=true isVisible=false isFreeformEnterPip=false isVisibleRequested=true isSleeping=false locusId=LocusId[17_chars] displayAreaFeatureId=1 isTopActivityTransparent=false appCompatTaskInfo=AppCompatTaskInfo { topActivityInSizeCompat=false topActivityEligibleForLetterboxEducation= falseisLetterboxEducationEnabled= false isLetterboxDoubleTapEnabled= false topActivityEligibleForUserAspectRatioButton= false topActivityBoundsLetterboxed= false isFromLetterboxDoubleTap= false topActivityLetterboxVerticalPosition= -1 topActivityLetterboxHorizontalPosition= -1 topActivityLetterboxWidth=720 topActivityLetterboxHeight=1610 isUserFullscreenOverrideEnabled=false isSystemFullscreenOverrideEnabled=false cameraCompatTaskInfo=CameraCompatTaskInfo { cameraCompatControlState=hidden freeformCameraCompatMode=inactive}} hnTaskInfoEx=HnTaskInfoEx{freeformPaddingType=0 shouldFreeformSetSurfaceCorner=false affinity=10121:com.hihonor.android.launcher appOrientationPolicy=1 gridLimitedPolicy=-1 forceResize=-1 extraPackageName=null extraUserId=0 shouldExitMiniWindow=false mIsCustomizedFreeformWindow=false mCustomizedWindowProp=null isDeskTopFreeformAlive=false isSupportDesktopModeFreeform=true isNeedLaunchInSamePosition=false isDisableNotSupportToast=false isNeedLaunchInCaller=false isExitDesktopModeWhenStart=false isSupportLandScapeFreeform=false isEmptyTaskStartFromRecentForDesktop=false mIsLauncherFromHnEmbedded=false isSupportForceLandscapeFreeformForPad=false mCallerPackageName= isSupportForceLaunchInFreeformInDesktopMode=false shouldHideWindowDecorForDesktop=false desktopTemplateSteplessRatio=0 isActivityUnSupportHnDesktopModeFreeForm=false mShouldNotHandledForDesktop=0} targetScaleForVerticalInwardFold=1.0}, pipTask = null, remoteTransition = null, displayChange = null, flags = 0, debugId = 15985, displayMode = 0, hnTransitionRequestInfoEx = HnTransitionRequestInfoEx { isAllowAsyncStartTransitionfalsemIsCrossAppLaunchfalse} }
12-13 17:27:11.587  6493  6605 E HnFreeformController: mHnDesktopTasksController is null
12-13 17:27:11.587  6493  6605 I PopOverTransitionHandler: handleRequest
12-13 17:27:11.587  2510  8205 I SWAP_GkiKernelInterface: change swapout switch: close, go launcher
12-13 17:27:11.588 23445 23445 I ActivityThread: Performing restart of ActivityRecord{7511d45 token=android.os.BinderProxy@23389bc {com.hihonor.android.launcher/com.hihonor.android.launcher.unihome.UniHomeLauncher}} start=false callers:android.app.servertransaction.TransactionExecutor.performLifecycleSequence:310 android.app.servertransaction.TransactionExecutor.cycleToPath:265 android.app.servertransaction.TransactionExecutor.executeLifecycleItem:237 android.app.servertransaction.TransactionExecutor.executeTransactionItems:122 android.app.servertransaction.TransactionExecutor.execute:90 android.app.ActivityThread$H.handleMessage:3342 android.os.Handler.dispatchMessage:118 android.os.Looper.loopOnce:237 android.os.Looper.loop:325 android.app.ActivityThread.main:10404 
12-13 17:27:11.589  2510  2784 E ActivityTaskManager: START {act=android.intent.action.MAIN cat=[android.intent.category.HOME] flg=0x10400300 hwFlg=0x8010 cmp=com.hihonor.android.launcher/.unihome.UniHomeLauncher (has extras)} result: 2
12-13 17:27:11.589  2510  2784 I ActivityTaskManager:  (BAL_ALLOW_ALLOWLISTED_UID) result code=2
12-13 17:27:11.590  2510  2787 I UsageStatsService: reportEvent : component= ComponentInfo{com.resultmarketing.whatscard/com.resultmarketing.whatscard.MainActivity} eventType= 2
12-13 17:27:11.591  6493  6605 E HnFreeformController: mHnDesktopTasksController is null
12-13 17:27:11.591  6493  6605 I CaptionWindowDecorViewModel: onTaskInfoChanged taskId=5145
12-13 17:27:11.591  6493  6605 I CaptionWindowDecorViewModel: onTaskInfoChanged taskId=3248
12-13 17:27:11.594  2510  2579 I DE J DES: [effect] Pg pkg:com.hihonor.android.launcher
12-13 17:27:11.596  2510  2787 V ActivityTaskManager: Activity idle: null
12-13 17:27:11.596  2510  2787 I ActivityTaskManager: animating need stay in stopping state: com.resultmarketing.whatscard/.MainActivity
12-13 17:27:11.597  2510  2787 I UsageStatsService: reportEvent : component= ComponentInfo{com.hihonor.android.launcher/com.hihonor.android.launcher.unihome.UniHomeLauncher} eventType= 1
12-13 17:27:11.600 23445 23445 D FullScreenUtils: isNeedToHideStatusBar: splitscreenstate=0
12-13 17:27:11.600  2510  2860 D HwGameAssistantController: UPDATE: mCurFgPkg=com.hihonor.android.launcher, mCurFgPid=23445, mIsCurGame=false
12-13 17:27:11.605  6493  6605 D WindowManagerShell: onActivityRestartAttempt: ComponentInfo{com.hihonor.android.launcher/com.hihonor.android.launcher.unihome.UniHomeLauncher}
12-13 17:27:11.606  6647  6647 I VRI[MainActivity]: send MSG_WINDOW_FOCUS_CHANGED msg
12-13 17:27:11.608  2510  2859 I DE J DES: [effect] now QR status:CLOSE
12-13 17:27:11.608  2510  2859 I DE J DES: [effect] MEMC do nothing
12-13 17:27:11.609  2510  6734 I WallpaperManagerService: getWallpaperSafeLocked which1:0
12-13 17:27:11.610 10225 10225 D FullScreenUtils: isNeedToHideStatusBar: splitscreenstate=-1
12-13 17:27:11.613  2510  7078 I AlarmManager: remove alarm reason:1 alarms:[Alarm{b3a47b7 type 0 origWhen 1765618035841 whenElapsed 2205496210 PendingIntent{659dbed: PendingIntentRecord{b930a22 com.hihonor.awareness broadcastIntent}} com.hihonor.awareness procName com.hihonor.awareness}]
12-13 17:27:11.623  2510  7080 V ActivityTaskManager: Activity idle: ActivityRecord{c1040ad u0 com.hihonor.android.launcher/.unihome.UniHomeLauncher t3249}
12-13 17:27:11.624  2510  7080 I PowerManagerService: need release WakeLockSuspendBlocker
12-13 17:27:11.624  2510  7080 I PowerManagerService: Releasing suspend blocker "PowerManagerService.WakeLocks".
12-13 17:27:11.625  2510  7080 I ActivityTaskManager: animating need stay in stopping state: com.resultmarketing.whatscard/.MainActivity
12-13 17:27:11.626  2510  2791 I WindowManager: Win Window{8cdc227 u0 NotificationShade}, animationWallpaper=false, hasWallpaper=false, w.isOnScreen()=false, w.isDrawFinishedLw()=false
12-13 17:27:11.626  2510  2791 I WindowManager: New wallpaper target: Window{8cf2932 u0 com.hihonor.android.launcher/com.hihonor.android.launcher.unihome.UniHomeLauncher} prevTarget: null
12-13 17:27:11.627  2510  2791 I HwDisplayContentEx: When wallpaper target is changed, shouldPrepareSurfaces for Window{5511f86 u0 com.android.systemui.wallpapers.ImageWallpaper}
12-13 17:27:11.628  2510  2791 V WindowManager: Loading animations: layout params pkg=com.hihonor.android.launcher resId=0x1030304
12-13 17:27:11.628  2510  2791 V WindowManager: Loading animations: picked package=android
12-13 17:27:11.628  2510  2791 I HnTransitionEx: skipAddLauncherForFreeformScene, visibleFreeformTaskNum:0
12-13 17:27:11.628  2510  2791 I HnTransitionEx: skipAddLauncherForFreeformScene, visibleFreeformTaskNum:0
12-13 17:27:11.629  2510  2791 I HnTransitionEx: reCalculateTransitionInfoForDesktopMode: isDesktopModeActiveTask setStartAbsBounds
12-13 17:27:11.629  2510  2791 I HnTransitionEx: reCalculateTransitionInfoForDesktopMode: isDesktopModeActiveTask setStartAbsBounds
12-13 17:27:11.629  2510  2791 I HnTransitionEx: reCalculateTransitionInfoForDesktopMode: isDesktopModeActiveTask setStartAbsBounds
12-13 17:27:11.629  2510  2791 D HwWindowManagerServiceEx: constructHnTransitionAnimationInfo wc size : 3
12-13 17:27:11.629  2510  2791 D HwWindowManagerServiceEx: constructHnTransitionAnimationInfo type: open activity : ActivityRecord{c1040ad u0 com.hihonor.android.launcher/.unihome.UniHomeLauncher t3249}, isSplitMode : false
12-13 17:27:11.630  2510  2791 D HwWindowManagerServiceEx: mIntelligentCardPosition = null
12-13 17:27:11.630  2510  2791 D HwWindowManagerServiceEx: constructHnTransitionAnimationInfo type: close activity : ActivityRecord{8c08e1 u0 com.resultmarketing.whatscard/.MainActivity t5145}, isSplitMode : false
12-13 17:27:11.630  2510  2791 D HwWindowManagerServiceEx: isNeedIconAnimation mExitIconBitmap:false window true
12-13 17:27:11.630  2510  2791 D HwWindowManagerServiceEx: mIntelligentCardPosition = null
12-13 17:27:11.630  2510  2791 I HwWindowManagerServiceEx: isBackToParallelSpaceLauncher launcherOpen =false; isWallpaperNoAnimation false
12-13 17:27:11.630  2510  2791 D HwMultiWindowManager: setParticialSplitScreenStatus: status=false, partialSplitTaskId=-1
12-13 17:27:11.632  2510  7091 I NotificationService: pag com.android.vending dosen't have notification permission
12-13 17:27:11.632  6493  7827 V WindowManagerShell: onTransitionReady(transaction=10780368739749)
12-13 17:27:11.632  6493  6605 V WindowManagerShell: onTransitionReady android.os.BinderProxy@c0ced58: {id=15985 t=OPEN f=0x0 trk=0 includeEmbeddedWindow=false isKeyGuardLocked=false r=[0@Point(0, 0)#false] c=[{WCT{android.window.IWindowContainerToken$Stub$Proxy@a800f70} m=TO_FRONT f=SHOW_WALLPAPER|MOVE_TO_TOP leash=Surface(name=Task=3248)/@0xe6c9717 sb=Rect(0, 0 - 720, 1610) eb=Rect(0, 0 - 720, 1610) d=0 taskParent=-1 mSkipAnimation=false taskId = 0},{WCT{android.window.IWindowContainerToken$Stub$Proxy@ddae2e9} m=TO_BACK f=NONE leash=Surface(name=Task=5145)/@0xbd7e4ed sb=Rect(0, 0 - 720, 1610) eb=Rect(0, 0 - 720, 1610) d=0 taskParent=-1 mSkipAnimation=false taskId = 0},{null m=TO_FRONT f=IS_WALLPAPER leash=Surface(name=WallpaperWindowToken{18f4b0f token=android.os.Binder@3be086e})/@0xefadf22 sb=Rect(0, 0 - 720, 1610) eb=Rect(0, 0 - 720, 1610) d=0 mSkipAnimation=false taskId = 0}]}
12-13 17:27:11.633  6493  6605 I FreeformTaskTransitionObserver: onTransitionReady mode=3,taskId=3248
12-13 17:27:11.633  6493  6605 I CaptionWindowDecorViewModel: onTaskChanging taskId=3248
12-13 17:27:11.633  6493  6605 I CaptionWindowDecorViewModel: Prepare to update decoration for task : 3248
12-13 17:27:11.633  6493  6605 I CaptionWindowDecorViewModel: shouldn't show window decoration.
12-13 17:27:11.633  6493  6605 I FreeformTaskTransitionObserver: onTransitionReady mode=4,taskId=5145
12-13 17:27:11.633  6493  6605 I ShellTransitions: Transition ready: (#15985) android.os.BinderProxy@c0ced58@0 abort? false and playing: null
12-13 17:27:11.633  6493  6605 I WindowManagerShell: Playing animation for (#15985) android.os.BinderProxy@c0ced58@0
12-13 17:27:11.633  6493  6605 V WindowManagerShell:  try handler com.android.wm.shell.hnmagicwindow.HnMagicWindowTransitionController@b74f26a
12-13 17:27:11.633  6493  6605 V WindowManagerShell:  try handler com.android.wm.shell.hnmultiwindow.MultiWindowTransitionHandler@aa3b35b
12-13 17:27:11.633  6493  6605 I MultiWindowTransitionHandler: shouldStartAnimation: false
12-13 17:27:11.633  6493  6605 V WindowManagerShell:  try handler com.android.wm.shell.transition.DefaultMixedHandler@bbb47f8
12-13 17:27:11.633  6493  6605 V WindowManagerShell:  try handler com.android.wm.shell.activityembedding.HnActivityEmbeddingController@7b64d1
12-13 17:27:11.633  6493  6605 V WindowManagerShell:  try handler com.android.wm.shell.keyguard.KeyguardTransitionHandler@7e7cb36
12-13 17:27:11.633  6493  6605 V WindowManagerShell:  try handler com.android.wm.shell.pip.PipTransition@414cc61
12-13 17:27:11.634  6493  6605 V WindowManagerShell:  try handler com.android.wm.shell.splitscreen.StageCoordinator@ae00180
12-13 17:27:11.634  6493  6605 V WindowManagerShell:  try handler com.android.wm.shell.recents.RecentsTransitionHandler@726c386
12-13 17:27:11.634  6493  6605 I ShellRecents: RecentsTransitionHandler.startAnimation: no controller found
12-13 17:27:11.634  6493  6605 V WindowManagerShell:  try handler com.android.wm.shell.popover.PopOverTransitionHandler@ab84447
12-13 17:27:11.634  6493  6605 I PopOverTransitionHandler: startAnimation
