12-13 17:27:12.843  2510  4859 I CollectDataProc: [activity restore]  com.android.keychain [killed reason] iAwareK[cached_enhance]
12-13 17:27:12.844  2510  6294 W HwAudioServiceEx: SoundEffectState bundle get reserved is invalid
12-13 17:27:12.845  2510  2784 I SWAP_SCENE: Entering notifySceneData notifySceneData. EventType:PROCESS_DIED para:com.android.keychain
12-13 17:27:12.845  2510 20574 I ActivityManager: Killing 16559:com.android.nfc:load/1027 (adj 965): iAwareK[cached_enhance](adj:905,type:cch-empty)
12-13 17:27:12.845  2510  8271 I SWAP_AppModel: SWAP-APP_DIED_active:pkg:com.android.keychain uid:1000 liveApp:8
12-13 17:27:12.846  2510  8271 I SWAP_SCENE: This app was killed: com.android.keychain
12-13 17:27:12.847  2510  6294 W HwAudioServiceEx: SoundEffectState bundle get reserved is invalid
12-13 17:27:12.847  2510  2784 I SWAP_SCENE: Entering notifySceneData notifySceneData. EventType:PROCESS_DIED para:com.android.nfc
12-13 17:27:12.847  2510  6612 D HwActivityManagerServiceEx: getPackageNameForPid callingAppId: 1000
12-13 17:27:12.848  2510  6612 D HwActivityManagerServiceEx: getPackageNameForPid callingAppId: 1000
12-13 17:27:12.848  2510 20574 I ActivityManager: Killing 20269:com.google.android.apps.messaging/u0a153 (adj 905): iAwareK[cached_enhance](adj:250,type:cch-empty)
12-13 17:27:12.849  2510  4859 I CollectDataProc: [activity restore]  com.google.android.apps.messaging [killed reason] iAwareK[cached_enhance]
12-13 17:27:12.849  2510  6294 W HwAudioServiceEx: SoundEffectState bundle get reserved is invalid
12-13 17:27:12.850  2510  6612 D HwActivityManagerServiceEx: getPackageNameForPid callingAppId: 1000
12-13 17:27:12.850  2510  6612 D HwActivityManagerServiceEx: getPackageNameForPid callingAppId: 1000
12-13 17:27:12.851  2510  2784 I SWAP_SCENE: Entering notifySceneData notifySceneData. EventType:PROCESS_DIED para:com.google.android.apps.messaging
12-13 17:27:12.851  2510  2784 D DisplayManagerService: Drop pending events for gone uid 10151
12-13 17:27:12.853  2510 20574 I ActivityManager: Killing 15058:com.google.android.as.oss/u0a151 (adj 975): iAwareK[cached_enhance](adj:250,type:cch-empty)
12-13 17:27:12.853  2510  4859 I CollectDataProc: [activity restore]  com.google.android.as.oss [killed reason] iAwareK[cached_enhance]
12-13 17:27:12.854  2510  7080 D HwActivityManagerServiceEx: getPackageNameForPid callingAppId: 1000
12-13 17:27:12.854  2510  7080 D HwActivityManagerServiceEx: getPackageNameForPid callingAppId: 1000
12-13 17:27:12.855  2510  6294 W HwAudioServiceEx: SoundEffectState bundle get reserved is invalid
12-13 17:27:12.856  2510  2784 I SWAP_SCENE: Entering notifySceneData notifySceneData. EventType:PROCESS_DIED para:com.google.android.as.oss
12-13 17:27:12.857  2510 20574 I ActivityManager: Killing 18435:com.google.android.googlequicksearchbox:search/u0a157 (adj 935): iAwareK[cached_enhance](adj:250,type:cch-empty)
12-13 17:27:12.858  2510  7080 D HwActivityManagerServiceEx: getPackageNameForPid callingAppId: 1000
12-13 17:27:12.858  2510  8271 I SWAP_AppModel: SWAP-APP_DIED_active:pkg:com.google.android.apps.messaging uid:10153 liveApp:8
12-13 17:27:12.858  2510  8271 I SWAP_SCENE: This app was killed: com.google.android.apps.messaging
12-13 17:27:12.858  2510  8271 I SWAP_AppModel: SWAP-APP_DIED_active:pkg:com.google.android.as.oss uid:10151 liveApp:8
12-13 17:27:12.858  2510  8271 I SWAP_SCENE: This app was killed: com.google.android.as.oss
12-13 17:27:12.858  2510  7080 D HwActivityManagerServiceEx: getPackageNameForPid callingAppId: 1000
12-13 17:27:12.859  2510  6734 D HwActivityManagerServiceEx: getPackageNameForPid callingAppId: 1000
12-13 17:27:12.861  2510  7080 D HwActivityManagerServiceEx: getPackageNameForPid callingAppId: 1000
12-13 17:27:12.864  2510  2784 I SWAP_SCENE: Entering notifySceneData notifySceneData. EventType:PROCESS_DIED para:com.google.android.googlequicksearchbox
12-13 17:27:12.865  2510  2784 D DisplayManagerService: Drop pending events for gone uid 10195
12-13 17:27:12.865  2510 20574 I ActivityManager: Killing 16609:com.google.android.permissioncontroller/u0a195 (adj 935): iAwareK[cached_enhance](adj:0,type:cch-empty)
12-13 17:27:12.867  2510  7078 D HwActivityManagerServiceEx: getPackageNameForPid callingAppId: 1000
12-13 17:27:12.868  2510  7078 D HwActivityManagerServiceEx: getPackageNameForPid callingAppId: 1000
12-13 17:27:12.868  2510  4859 I CollectDataProc: [activity restore]  com.google.android.permissioncontroller [killed reason] iAwareK[cached_enhance]
12-13 17:27:12.868  2510  6734 D HwActivityManagerServiceEx: getPackageNameForPid callingAppId: 1000
12-13 17:27:12.869  2510  6294 W HwAudioServiceEx: SoundEffectState bundle get reserved is invalid
12-13 17:27:12.870  2510  6294 W HwAudioServiceEx: SoundEffectState bundle get reserved is invalid
12-13 17:27:12.872  2510  2784 I SWAP_SCENE: Entering notifySceneData notifySceneData. EventType:PROCESS_DIED para:com.google.android.permissioncontroller
12-13 17:27:12.872  2510  8271 I SWAP_AppModel: SWAP-APP_DIED_active:pkg:com.google.android.permissioncontroller uid:10195 liveApp:8
12-13 17:27:12.873  2510  8271 I SWAP_SCENE: This app was killed: com.google.android.permissioncontroller
12-13 17:27:12.873  2510  7833 D HwActivityManagerServiceEx: getPackageNameForPid callingAppId: 1000
12-13 17:27:12.875  2510  7078 D HwActivityManagerServiceEx: getPackageNameForPid callingAppId: 1000
12-13 17:27:12.875  2510  7078 D HwActivityManagerServiceEx: getPackageNameForPid callingAppId: 1000
12-13 17:27:12.892  2510 20574 I ActivityManager: Killing 15403:com.hihonor.android.pushagent/u0a47 (adj 905): iAwareK[cached_enhance](adj:0,type:cch-empty)
12-13 17:27:12.893  2510  4859 I CollectDataProc: [activity restore]  com.hihonor.android.pushagent [killed reason] iAwareK[cached_enhance]
12-13 17:27:12.893  2510  6294 W HwAudioServiceEx: SoundEffectState bundle get reserved is invalid
12-13 17:27:12.894  2510 20574 I ActivityManager: Killing 21135:com.hihonor.brain/u0a46 (adj 915): iAwareK[cached_enhance](adj:915,type:cch-empty)
12-13 17:27:12.895  2510  4859 I CollectDataProc: [activity restore]  com.hihonor.brain [killed reason] iAwareK[cached_enhance]
12-13 17:27:12.895  2510  2784 D DisplayManagerService: Drop pending events for gone uid 10047
12-13 17:27:12.895  2510  2784 D DisplayManagerService: Drop pending events for gone uid 10046
12-13 17:27:12.896  2510 20574 D CompatChangeReporter: Compat change id reported: 261072174; UID 1000; state: ENABLED
12-13 17:27:12.897  2510  6294 W HwAudioServiceEx: SoundEffectState bundle get reserved is invalid
12-13 17:27:12.901  2510 20574 I ActivityManager: Killing 16586:com.hihonor.deviceauth/u0a113 (adj 955): iAwareK[cached_enhance](adj:0,type:cch-empty)
12-13 17:27:12.902  2510  4859 I CollectDataProc: [activity restore]  com.hihonor.deviceauth [killed reason] iAwareK[cached_enhance]
12-13 17:27:12.903  2510 20574 I ActivityManager: Killing 16668:com.hihonor.dsdscardmanager/u0a52 (adj 965): iAwareK[cached_enhance](adj:700,type:cch-empty)
12-13 17:27:12.905  2510  4859 I CollectDataProc: [activity restore]  com.hihonor.dsdscardmanager [killed reason] iAwareK[cached_enhance]
12-13 17:27:12.905  2510  6294 W HwAudioServiceEx: SoundEffectState bundle get reserved is invalid
12-13 17:27:12.911  2510  6294 W HwAudioServiceEx: SoundEffectState bundle get reserved is invalid
12-13 17:27:12.917  2510  2784 I SWAP_SCENE: Entering notifySceneData notifySceneData. EventType:PROCESS_DIED para:com.hihonor.android.pushagent
12-13 17:27:12.918  2510  8271 I SWAP_AppModel: SWAP-APP_DIED_active:pkg:com.hihonor.android.pushagent uid:10047 liveApp:8
12-13 17:27:12.918  2510  2784 I SWAP_SCENE: Entering notifySceneData notifySceneData. EventType:PROCESS_DIED para:com.hihonor.brain
12-13 17:27:12.918  2510  2784 D DisplayManagerService: Drop pending events for gone uid 10113
12-13 17:27:12.918  2510  2784 D DisplayManagerService: Drop pending events for gone uid 10052
12-13 17:27:12.919  2510  8271 I SWAP_SCENE: This app was killed: com.hihonor.android.pushagent
12-13 17:27:12.919  2510  8271 I SWAP_AppModel: SWAP-APP_DIED_active:pkg:com.hihonor.brain uid:10046 liveApp:8
12-13 17:27:12.919  2510  8271 I SWAP_SCENE: This app was killed: com.hihonor.brain
12-13 17:27:12.920  2510  2784 I SWAP_SCENE: Entering notifySceneData notifySceneData. EventType:PROCESS_DIED para:com.hihonor.deviceauth
12-13 17:27:12.922  2510  7090 D HwActivityManagerServiceEx: getPackageNameForPid callingAppId: 1000
12-13 17:27:12.922  2510  8271 I SWAP_AppModel: SWAP-APP_DIED_active:pkg:com.hihonor.deviceauth uid:10113 liveApp:8
12-13 17:27:12.923  2510  7087 D HwActivityManagerServiceEx: getPackageNameForPid callingAppId: 1000
12-13 17:27:12.923  2510  8271 I SWAP_SCENE: This app was killed: com.hihonor.deviceauth
12-13 17:27:12.923  2510  7087 D HwActivityManagerServiceEx: getPackageNameForPid callingAppId: 1000
12-13 17:27:12.924  2510  2784 I SWAP_SCENE: Entering notifySceneData notifySceneData. EventType:PROCESS_DIED para:com.hihonor.dsdscardmanager
12-13 17:27:12.925  2510  7833 D HwActivityManagerServiceEx: getPackageNameForPid callingAppId: 1000
12-13 17:27:12.926  2510  7090 D HwActivityManagerServiceEx: getPackageNameForPid callingAppId: 1000
12-13 17:27:12.926  2510  8271 I SWAP_AppModel: SWAP-APP_DIED_active:pkg:com.hihonor.dsdscardmanager uid:10052 liveApp:8
12-13 17:27:12.926  2510  7090 D HwActivityManagerServiceEx: getPackageNameForPid callingAppId: 1000
12-13 17:27:12.926  2510  8271 I SWAP_SCENE: This app was killed: com.hihonor.dsdscardmanager
12-13 17:27:12.927  2510  6612 D HwActivityManagerServiceEx: getPackageNameForPid callingAppId: 1000
12-13 17:27:12.927  2510  6612 D HwActivityManagerServiceEx: getPackageNameForPid callingAppId: 1000
12-13 17:27:12.927  2510  6612 D HwActivityManagerServiceEx: getPackageNameForPid callingAppId: 1000
12-13 17:27:12.928  2510  6612 D HwActivityManagerServiceEx: getPackageNameForPid callingAppId: 1000
12-13 17:27:12.928  2510  6612 D HwActivityManagerServiceEx: getPackageNameForPid callingAppId: 1000
12-13 17:27:12.928  2510  6612 D HwActivityManagerServiceEx: getPackageNameForPid callingAppId: 1000
12-13 17:27:12.931  2510  2784 D DisplayManagerService: Drop pending events for gone uid 10043
12-13 17:27:12.931  2510 20574 I ActivityManager: Killing 16701:com.hihonor.gameassistant/u0a43 (adj 955): iAwareK[cached_enhance](adj:700,type:cch-empty)
12-13 17:27:12.933  2510  4859 I CollectDataProc: [activity restore]  com.hihonor.gameassistant [killed reason] iAwareK[cached_enhance]
12-13 17:27:12.953  2510  6294 W HwAudioServiceEx: SoundEffectState bundle get reserved is invalid
12-13 17:27:12.958  2510  2784 I SWAP_SCENE: Entering notifySceneData notifySceneData. EventType:PROCESS_DIED para:com.hihonor.gameassistant
12-13 17:27:12.960  2510  6734 D HwActivityManagerServiceEx: getPackageNameForPid callingAppId: 1000
12-13 17:27:12.960  2510  8271 I SWAP_AppModel: SWAP-APP_DIED_active:pkg:com.hihonor.gameassistant uid:10043 liveApp:8
12-13 17:27:12.961  2510  8271 I SWAP_SCENE: This app was killed: com.hihonor.gameassistant
12-13 17:27:12.961  2510  6612 D HwActivityManagerServiceEx: getPackageNameForPid callingAppId: 1000
12-13 17:27:12.961  2510  6734 D HwActivityManagerServiceEx: getPackageNameForPid callingAppId: 1000
12-13 17:27:12.964  2510 20574 I ActivityManager: Killing 20058:com.hihonor.photos:ml/u0a218 (adj 915): iAwareK[cached_enhance](adj:250,type:cch-empty)
12-13 17:27:12.964  2510  2784 D DisplayManagerService: Drop pending events for gone uid 10218
12-13 17:27:12.966  2510  6294 W HwAudioServiceEx: SoundEffectState bundle get reserved is invalid
12-13 17:27:12.974  2510  2784 I SWAP_SCENE: Entering notifySceneData notifySceneData. EventType:PROCESS_DIED para:com.hihonor.photos
12-13 17:27:12.976  2510  7091 D HwActivityManagerServiceEx: getPackageNameForPid callingAppId: 1000
12-13 17:27:12.977  2510  7091 D HwActivityManagerServiceEx: getPackageNameForPid callingAppId: 1000
12-13 17:27:12.978  2510 20574 I ActivityManager: Killing 16638:com.hihonor.searchservice/1000 (adj 945): iAwareK[cached_enhance](adj:0,type:cch-empty)
12-13 17:27:12.978  2510  6612 D HwActivityManagerServiceEx: getPackageNameForPid callingAppId: 1000
12-13 17:27:12.979  2510  4859 I CollectDataProc: [activity restore]  com.hihonor.searchservice [killed reason] iAwareK[cached_enhance]
12-13 17:27:12.980  2510  6294 W HwAudioServiceEx: SoundEffectState bundle get reserved is invalid
12-13 17:27:12.981  2510 20574 I ActivityManager: Killing 16879:com.hihonor.securitypluginbase:service/u0a123 (adj 945): iAwareK[cached_enhance](adj:0,type:cch-empty)
12-13 17:27:12.982  2510  6294 W HwAudioServiceEx: SoundEffectState bundle get reserved is invalid
12-13 17:27:12.983  2510 20574 W ActivityManager: Scheduling restart of crashed service com.hihonor.securitypluginbase/com.hihonor.antivirus.AntivirusService in 10000ms for connection
12-13 17:27:12.983  2510 20574 E ProcessInfoCollector: getProcessInfo: failed to find this proc: 2510
12-13 17:27:12.983  2510 20574 E ProcessInfoCollector: getProcessInfo: failed to find this proc: 16879
12-13 17:27:12.983  2510  2784 I SWAP_SCENE: Entering notifySceneData notifySceneData. EventType:PROCESS_DIED para:com.hihonor.searchservice
12-13 17:27:12.984  2510  2784 D DisplayManagerService: Drop pending events for gone uid 10123
12-13 17:27:12.985  2510  8271 I SWAP_AppModel: SWAP-APP_DIED_active:pkg:com.hihonor.searchservice uid:1000 liveApp:8
12-13 17:27:12.985  2510  8271 I SWAP_SCENE: This app was killed: com.hihonor.searchservice
12-13 17:27:12.988  2510  6612 D HwActivityManagerServiceEx: getPackageNameForPid callingAppId: 1000
12-13 17:27:12.989  2510  7084 D HwActivityManagerServiceEx: getPackageNameForPid callingAppId: 1000
12-13 17:27:12.999  2510 20574 I ActivityManager: Killing 16767:com.hihonor.systemmanager:security_scan/1000 (adj 945): iAwareK[cached_enhance](adj:500,type:cch-empty)
12-13 17:27:12.999  2510  2784 I SWAP_SCENE: Entering notifySceneData notifySceneData. EventType:PROCESS_DIED para:com.hihonor.securitypluginbase
12-13 17:27:13.001  2510 20574 I ActivityManager: Killing 16843:com.hihonor.systemmanager/1000 (adj 955): iAwareK[cached_enhance](adj:0,type:cch-empty)
12-13 17:27:13.002  2510  6294 W HwAudioServiceEx: SoundEffectState bundle get reserved is invalid
12-13 17:27:13.002  2510  4859 I CollectDataProc: [activity restore]  com.hihonor.systemmanager [killed reason] iAwareK[cached_enhance]
12-13 17:27:13.002  2510  6294 W HwAudioServiceEx: SoundEffectState bundle get reserved is invalid
12-13 17:27:13.002  2510  2784 I SWAP_SCENE: Entering notifySceneData notifySceneData. EventType:PROCESS_DIED para:com.hihonor.systemmanager
12-13 17:27:13.003  2510  8271 I SWAP_AppModel: SWAP-APP_DIED_active:pkg:com.hihonor.securitypluginbase uid:10123 liveApp:8
12-13 17:27:13.004  2510  8271 I SWAP_SCENE: This app was killed: com.hihonor.securitypluginbase
12-13 17:27:13.007  2510  7091 D HwActivityManagerServiceEx: getPackageNameForPid callingAppId: 1000
12-13 17:27:13.008  2510  7084 D HwActivityManagerServiceEx: getPackageNameForPid callingAppId: 1000
12-13 17:27:13.009  2510  7084 D HwActivityManagerServiceEx: getPackageNameForPid callingAppId: 1000
12-13 17:27:13.009  2510  7084 D HwActivityManagerServiceEx: getPackageNameForPid callingAppId: 1000
12-13 17:27:13.010  2510  7084 D HwActivityManagerServiceEx: getPackageNameForPid callingAppId: 1000
12-13 17:27:13.012  2510  2784 I SWAP_SCENE: Entering notifySceneData notifySceneData. EventType:PROCESS_DIED para:com.hihonor.systemmanager
12-13 17:27:13.012  2510  8271 I SWAP_AppModel: SWAP-APP_DIED_active:pkg:com.hihonor.systemmanager uid:1000 liveApp:8
12-13 17:27:13.013  2510  8271 I SWAP_SCENE: This app was killed: com.hihonor.systemmanager
12-13 17:27:13.014  2510 20574 I ActivityManager: Killing 19517:com.hihonor.voiceengine/u0a205 (adj 915): iAwareK[cached_enhance](adj:915,type:cch-empty)
12-13 17:27:13.014  2510  2784 D DisplayManagerService: Drop pending events for gone uid 10205
12-13 17:27:13.015  2510  4859 I CollectDataProc: [activity restore]  com.hihonor.voiceengine [killed reason] iAwareK[cached_enhance]
12-13 17:27:13.016  2510  6294 W HwAudioServiceEx: SoundEffectState bundle get reserved is invalid
12-13 17:27:13.018  2510  2784 I SWAP_SCENE: Entering notifySceneData notifySceneData. EventType:PROCESS_DIED para:com.hihonor.voiceengine
12-13 17:27:13.018  2510  8271 I SWAP_AppModel: SWAP-APP_DIED_active:pkg:com.hihonor.voiceengine uid:10205 liveApp:8
12-13 17:27:13.019  2510  8271 I SWAP_SCENE: This app was killed: com.hihonor.voiceengine
12-13 17:27:13.019  2510 20574 I ActivityManager: Killing 19092:todolist.scheduleplanner.dailyplanner.todo.reminders/u0a296 (adj 925): iAwareK[cached_enhance](adj:250,type:cch-empty)
12-13 17:27:13.019  2510  2784 D DisplayManagerService: Drop pending events for gone uid 10296
12-13 17:27:13.020  2510  4859 I CollectDataProc: [activity restore]  todolist.scheduleplanner.dailyplanner.todo.reminders [killed reason] iAwareK[cached_enhance]
12-13 17:27:13.021  2510  7091 D HwActivityManagerServiceEx: getPackageNameForPid callingAppId: 1000
12-13 17:27:13.025  2510  7084 D HwActivityManagerServiceEx: getPackageNameForPid callingAppId: 1000
12-13 17:27:13.025  2510  7084 D HwActivityManagerServiceEx: getPackageNameForPid callingAppId: 1000
12-13 17:27:13.025  2510  6294 W HwAudioServiceEx: SoundEffectState bundle get reserved is invalid
12-13 17:27:13.027  2510  7084 D HwActivityManagerServiceEx: getPackageNameForPid callingAppId: 1000
12-13 17:27:13.028  2510  2784 I SWAP_SCENE: Entering notifySceneData notifySceneData. EventType:PROCESS_DIED para:todolist.scheduleplanner.dailyplanner.todo.reminders
12-13 17:27:13.029  2510  8271 I SWAP_AppModel: SWAP-APP_DIED_active:pkg:todolist.scheduleplanner.dailyplanner.todo.reminders uid:10296 liveApp:8
12-13 17:27:13.029  2510  8271 I SWAP_SCENE: This app was killed: todolist.scheduleplanner.dailyplanner.todo.reminders
12-13 17:27:13.029  2510  7084 D HwActivityManagerServiceEx: getPackageNameForPid callingAppId: 1000
12-13 17:27:13.032  2510  6734 D HwActivityManagerServiceEx: getPackageNameForPid callingAppId: 1000
12-13 17:27:13.033  2510  7090 D HwActivityManagerServiceEx: getPackageNameForPid callingAppId: 1000
12-13 17:27:13.033  2510  7090 D HwActivityManagerServiceEx: getPackageNameForPid callingAppId: 1000
12-13 17:27:13.079  2510  6734 V ActivityManager: Got obituary of 16668:com.hihonor.dsdscardmanager
12-13 17:27:13.093  2510  7090 V ActivityManager: Got obituary of 16586:com.hihonor.deviceauth
12-13 17:27:13.103  2510  7833 V ActivityManager: Got obituary of 17309:com.android.chrome
12-13 17:27:13.106  2510  7090 V ActivityManager: Got obituary of 16879:com.hihonor.securitypluginbase:service
12-13 17:27:13.109  2510  7084 I ActivityManager: Dying app: ProcessRecord{67a125a 15949:com.android.vending:background/u0a154}, pid: 15949, isNeedClearup: true, isFromBinderDied:true
12-13 17:27:13.110  2510  6294 W HwAudioServiceEx: SoundEffectState bundle get reserved is invalid
12-13 17:27:13.111  2510  2784 I SWAP_SCENE: Entering notifySceneData notifySceneData. EventType:PROCESS_DIED para:com.android.vending
12-13 17:27:13.113  2510  7025 D HwActivityManagerServiceEx: getPackageNameForPid callingAppId: 1000
12-13 17:27:13.113  2510  7025 D HwActivityManagerServiceEx: getPackageNameForPid callingAppId: 1000
12-13 17:27:13.114  2510  7025 D HwActivityManagerServiceEx: getPackageNameForPid callingAppId: 1000
12-13 17:27:13.124  2510  6578 V ActivityManager: Got obituary of 15403:com.hihonor.android.pushagent
12-13 17:27:13.125  2510  7090 V ActivityManager: Got obituary of 18435:com.google.android.googlequicksearchbox:search
12-13 17:27:13.126  2510  6446 V ActivityManager: Got obituary of 16701:com.hihonor.gameassistant
12-13 17:27:13.126  2510  7024 V ActivityManager: Got obituary of 20058:com.hihonor.photos:ml
12-13 17:27:13.127  2510  6734 V ActivityManager: Got obituary of 19092:todolist.scheduleplanner.dailyplanner.todo.reminders
12-13 17:27:13.128  2510  6446 V ActivityManager: Got obituary of 21135:com.hihonor.brain
12-13 17:27:13.128  2510  6612 V ActivityManager: Got obituary of 19517:com.hihonor.voiceengine
12-13 17:27:13.128  2510  4674 I ActivityManager: Dying app: ProcessRecord{32a430c 16538:com.android.vending:instant_app_installer/u0a154}, pid: 16538, isNeedClearup: true, isFromBinderDied:true
12-13 17:27:13.128  2510  6294 W HwAudioServiceEx: SoundEffectState bundle get reserved is invalid
12-13 17:27:13.129  2510  2784 I SWAP_SCENE: Entering notifySceneData notifySceneData. EventType:PROCESS_DIED para:com.android.vending
12-13 17:27:13.132  2510  7091 D HwActivityManagerServiceEx: getPackageNameForPid callingAppId: 1000
12-13 17:27:13.133  2510  6734 D HwActivityManagerServiceEx: getPackageNameForPid callingAppId: 1000
12-13 17:27:13.133  2510  7091 D HwActivityManagerServiceEx: getPackageNameForPid callingAppId: 1000
12-13 17:27:13.136  2510  6734 V ActivityManager: Got obituary of 16609:com.google.android.permissioncontroller
12-13 17:27:13.179  2510  7091 V ActivityManager: Got obituary of 16559:com.android.nfc:load
12-13 17:27:13.179  2510  6446 V ActivityManager: Got obituary of 16638:com.hihonor.searchservice
12-13 17:27:13.186  2510  7834 I WindowManager: WIN DEATH: Window{f3b2e8f u0 com.resultmarketing.whatscard/com.resultmarketing.whatscard.MainActivity}
12-13 17:27:13.186  2510  7080 I ActivityManager: Dying app: ProcessRecord{5b43663 6647:com.resultmarketing.whatscard/u0a366}, pid: 6647, isNeedClearup: true, isFromBinderDied:true
12-13 17:27:13.187  2510  6294 W HwAudioServiceEx: SoundEffectState bundle get reserved is invalid
12-13 17:27:13.187  2510  7834 I WindowManager: setSurfaceControl null, caller = com.android.server.wm.WindowContainer.removeImmediately:946 com.android.server.wm.WindowState.removeImmediately:2983 com.android.server.wm.WindowState.removeIfPossible:3165 com.android.server.wm.Session.binderDied:266 android.os.IBinder$DeathRecipient.binderDied:343 android.os.BinderProxy.sendDeathNotice:777 <bottom of call stack> <bottom of call stack> <bottom of call stack> <bottom of call stack> 
12-13 17:27:13.194  2510  7080 W ActivityManager: Exception when unbinding service com.android.vending/com.google.android.finsky.services.LicensingService
12-13 17:27:13.194  2510  7080 W ActivityManager: android.os.DeadObjectException
12-13 17:27:13.194  2510  7080 W ActivityManager: 	at android.os.BinderProxy.transactNative(Native Method)
12-13 17:27:13.194  2510  7080 W ActivityManager: 	at android.os.BinderProxy.transact(BinderProxy.java:614)
12-13 17:27:13.194  2510  7080 W ActivityManager: 	at android.app.IApplicationThread$Stub$Proxy.scheduleUnbindService(IApplicationThread.java:1809)
12-13 17:27:13.194  2510  7080 W ActivityManager: 	at com.android.server.am.ActiveServices.removeConnectionLocked(ActiveServices.java:7088)
12-13 17:27:13.194  2510  7080 W ActivityManager: 	at com.android.server.am.ActiveServices.killServicesLocked(ActiveServices.java:7661)
12-13 17:27:13.194  2510  7080 W ActivityManager: 	at com.android.server.am.ActivityManagerService.cleanUpApplicationRecordLocked(ActivityManagerService.java:15110)
12-13 17:27:13.194  2510  7080 W ActivityManager: 	at com.android.server.am.ActivityManagerService.handleAppDiedLocked(ActivityManagerService.java:3843)
12-13 17:27:13.194  2510  7080 W ActivityManager: 	at com.android.server.am.ActivityManagerService.appDiedLocked(ActivityManagerService.java:3978)
12-13 17:27:13.194  2510  7080 W ActivityManager: 	at com.android.server.am.ActivityManagerService$AppDeathRecipient.binderDied(ActivityManagerService.java:1789)
12-13 17:27:13.194  2510  7080 W ActivityManager: 	at android.os.IBinder$DeathRecipient.binderDied(IBinder.java:343)
12-13 17:27:13.194  2510  7080 W ActivityManager: 	at android.os.BinderProxy.sendDeathNotice(BinderProxy.java:777)
12-13 17:27:13.195  2510  7080 W ActivityManager: Exception when destroying service com.android.vending/com.google.android.finsky.services.LicensingService
12-13 17:27:13.195  2510  7080 W ActivityManager: android.os.DeadObjectException
12-13 17:27:13.195  2510  7080 W ActivityManager: 	at android.os.BinderProxy.transactNative(Native Method)
12-13 17:27:13.195  2510  7080 W ActivityManager: 	at android.os.BinderProxy.transact(BinderProxy.java:614)
12-13 17:27:13.195  2510  7080 W ActivityManager: 	at android.app.IApplicationThread$Stub$Proxy.scheduleStopService(IApplicationThread.java:1682)
12-13 17:27:13.195  2510  7080 W ActivityManager: 	at com.android.server.am.ActiveServices.bringDownServiceLocked(ActiveServices.java:6903)
12-13 17:27:13.195  2510  7080 W ActivityManager: 	at com.android.server.am.ActiveServices.bringDownServiceIfNeededLocked(ActiveServices.java:6657)
12-13 17:27:13.195  2510  7080 W ActivityManager: 	at com.android.server.am.ActiveServices.removeConnectionLocked(ActiveServices.java:7116)
12-13 17:27:13.195  2510  7080 W ActivityManager: 	at com.android.server.am.ActiveServices.killServicesLocked(ActiveServices.java:7661)
12-13 17:27:13.195  2510  7080 W ActivityManager: 	at com.android.server.am.ActivityManagerService.cleanUpApplicationRecordLocked(ActivityManagerService.java:15110)
12-13 17:27:13.195  2510  7080 W ActivityManager: 	at com.android.server.am.ActivityManagerService.handleAppDiedLocked(ActivityManagerService.java:3843)
12-13 17:27:13.195  2510  7080 W ActivityManager: 	at com.android.server.am.ActivityManagerService.appDiedLocked(ActivityManagerService.java:3978)
12-13 17:27:13.195  2510  7080 W ActivityManager: 	at com.android.server.am.ActivityManagerService$AppDeathRecipient.binderDied(ActivityManagerService.java:1789)
12-13 17:27:13.195  2510  7080 W ActivityManager: 	at android.os.IBinder$DeathRecipient.binderDied(IBinder.java:343)
12-13 17:27:13.195  2510  7080 W ActivityManager: 	at android.os.BinderProxy.sendDeathNotice(BinderProxy.java:777)
12-13 17:27:13.196  2510  7080 W ActivityManager: Exception when unbinding service com.android.vending/com.google.android.finsky.billing.iab.InAppBillingService
12-13 17:27:13.196  2510  7080 W ActivityManager: android.os.DeadObjectException
12-13 17:27:13.196  2510  7080 W ActivityManager: 	at android.os.BinderProxy.transactNative(Native Method)
12-13 17:27:13.196  2510  7080 W ActivityManager: 	at android.os.BinderProxy.transact(BinderProxy.java:614)
12-13 17:27:13.196  2510  7080 W ActivityManager: 	at android.app.IApplicationThread$Stub$Proxy.scheduleUnbindService(IApplicationThread.java:1809)
12-13 17:27:13.196  2510  7080 W ActivityManager: 	at com.android.server.am.ActiveServices.removeConnectionLocked(ActiveServices.java:7088)
12-13 17:27:13.196  2510  7080 W ActivityManager: 	at com.android.server.am.ActiveServices.killServicesLocked(ActiveServices.java:7661)
12-13 17:27:13.196  2510  7080 W ActivityManager: 	at com.android.server.am.ActivityManagerService.cleanUpApplicationRecordLocked(ActivityManagerService.java:15110)
12-13 17:27:13.196  2510  7080 W ActivityManager: 	at com.android.server.am.ActivityManagerService.handleAppDiedLocked(ActivityManagerService.java:3843)
12-13 17:27:13.196  2510  7080 W ActivityManager: 	at com.android.server.am.ActivityManagerService.appDiedLocked(ActivityManagerService.java:3978)
12-13 17:27:13.196  2510  7080 W ActivityManager: 	at com.android.server.am.ActivityManagerService$AppDeathRecipient.binderDied(ActivityManagerService.java:1789)
12-13 17:27:13.196  2510  7080 W ActivityManager: 	at android.os.IBinder$DeathRecipient.binderDied(IBinder.java:343)
12-13 17:27:13.196  2510  7080 W ActivityManager: 	at android.os.BinderProxy.sendDeathNotice(BinderProxy.java:777)
12-13 17:27:13.197  2510  7080 W ActivityManager: Exception when destroying service com.android.vending/com.google.android.finsky.billing.iab.InAppBillingService
12-13 17:27:13.197  2510  7080 W ActivityManager: android.os.DeadObjectException
12-13 17:27:13.197  2510  7080 W ActivityManager: 	at android.os.BinderProxy.transactNative(Native Method)
12-13 17:27:13.197  2510  7080 W ActivityManager: 	at android.os.BinderProxy.transact(BinderProxy.java:614)
12-13 17:27:13.197  2510  7080 W ActivityManager: 	at android.app.IApplicationThread$Stub$Proxy.scheduleStopService(IApplicationThread.java:1682)
12-13 17:27:13.197  2510  7080 W ActivityManager: 	at com.android.server.am.ActiveServices.bringDownServiceLocked(ActiveServices.java:6903)
12-13 17:27:13.197  2510  7080 W ActivityManager: 	at com.android.server.am.ActiveServices.bringDownServiceIfNeededLocked(ActiveServices.java:6657)
12-13 17:27:13.197  2510  7080 W ActivityManager: 	at com.android.server.am.ActiveServices.removeConnectionLocked(ActiveServices.java:7116)
12-13 17:27:13.197  2510  7080 W ActivityManager: 	at com.android.server.am.ActiveServices.killServicesLocked(ActiveServices.java:7661)
12-13 17:27:13.197  2510  7080 W ActivityManager: 	at com.android.server.am.ActivityManagerService.cleanUpApplicationRecordLocked(ActivityManagerService.java:15110)
12-13 17:27:13.197  2510  7080 W ActivityManager: 	at com.android.server.am.ActivityManagerService.handleAppDiedLocked(ActivityManagerService.java:3843)
12-13 17:27:13.197  2510  7080 W ActivityManager: 	at com.android.server.am.ActivityManagerService.appDiedLocked(ActivityManagerService.java:3978)
12-13 17:27:13.197  2510  7080 W ActivityManager: 	at com.android.server.am.ActivityManagerService$AppDeathRecipient.binderDied(ActivityManagerService.java:1789)
12-13 17:27:13.197  2510  7080 W ActivityManager: 	at android.os.IBinder$DeathRecipient.binderDied(IBinder.java:343)
12-13 17:27:13.197  2510  7080 W ActivityManager: 	at android.os.BinderProxy.sendDeathNotice(BinderProxy.java:777)
12-13 17:27:13.201  2510  7080 I ActivityTaskManager: destroy for ActivityRecord{8c08e1 u0 com.resultmarketing.whatscard/.MainActivity t5145 f}}, mLetterbox: null
12-13 17:27:13.202  2510  7080 I WindowManager: setSurfaceControl null, caller = com.android.server.wm.ActivityRecord.setSurfaceControl:2205 com.android.server.wm.WindowContainer.removeImmediately:946 com.android.server.wm.WindowToken.removeImmediately:392 com.android.server.wm.ActivityRecord.removeImmediately:5733 com.android.server.wm.ActivityRecord.removeIfPossible:5740 com.android.server.wm.ActivityRecord.onRemovedFromDisplay:5827 com.android.server.wm.DisplayContent.removeAppToken:1878 com.android.server.wm.ActivityRecord.removeFromHistory:5400 com.android.server.wm.ActivityRecord.handleAppDied:5714 com.android.server.wm.WindowProcessController.handleAppDied:1602 
12-13 17:27:13.203  2510  2784 I SWAP_SCENE: Entering notifySceneData notifySceneData. EventType:PROCESS_DIED para:com.resultmarketing.whatscard
12-13 17:27:13.204  2510  2784 D DisplayManagerService: Drop pending events for gone uid 10366
12-13 17:27:13.205  2510  8271 I SWAP_AppModel: SWAP-APP_DIED_active:pkg:com.resultmarketing.whatscard uid:10366 liveApp:7
12-13 17:27:13.206  2510  8271 E SWAP_Statistics: Not beta user, can't report runstate
12-13 17:27:13.206  2510  8271 I SWAP_SCENE: This app was killed: com.resultmarketing.whatscard
12-13 17:27:13.211  2510  7080 I WindowManager: setSurfaceControl null, caller = com.android.server.wm.TaskFragment.setSurfaceControl:3369 com.android.server.wm.Task.setSurfaceControl:5923 com.android.server.wm.WindowContainer.removeImmediately:946 com.android.server.wm.TaskFragment.removeImmediately:3689 com.android.server.wm.Task.removeImmediately:3796 com.android.server.wm.Task.removeIfPossible:1132 com.android.server.wm.Task.removeChild:2174 com.android.server.wm.Task.removeChild:2112 com.android.server.wm.WindowContainer.removeImmediately:959 com.android.server.wm.WindowToken.removeImmediately:392 
12-13 17:27:13.212  2510  7080 I removeFromHistory: ActivityRecord{8c08e1 u0 com.resultmarketing.whatscard/.MainActivity t-1 f}} reason appDied Callers=com.android.server.wm.ActivityRecord.handleAppDied:5714 com.android.server.wm.WindowProcessController.handleAppDied:1602 com.android.server.wm.ActivityTaskManagerService$LocalService.handleAppDied:7840 com.android.server.am.ActivityManagerService.handleAppDiedLocked:3857 com.android.server.am.ActivityManagerService.appDiedLocked:3978 com.android.server.am.ActivityManagerService$AppDeathRecipient.binderDied:1789 android.os.IBinder$DeathRecipient.binderDied:343 android.os.BinderProxy.sendDeathNotice:777 
12-13 17:27:13.212  2510  2787 W ActivityManager: setHasOverlayUi called on unknown pid: 6647
12-13 17:27:13.212  2510  7021 V ActivityManager: Got obituary of 15058:com.google.android.as.oss
12-13 17:27:13.212  2510  2787 I UsageStatsService: reportEvent : component= ComponentInfo{com.resultmarketing.whatscard/com.resultmarketing.whatscard.MainActivity} eventType= 24
12-13 17:27:13.212  2510  6612 I ActivityManager: Dying app: ProcessRecord{9917232 19333:com.android.vending:quick_launch/u0a154}, pid: 19333, isNeedClearup: true, isFromBinderDied:true
12-13 17:27:13.212  2510  6294 W HwAudioServiceEx: SoundEffectState bundle get reserved is invalid
12-13 17:27:13.213  2510  4689 W UsageStatsService: Unexpected activity event reported! (com.resultmarketing.whatscard/com.resultmarketing.whatscard.MainActivity event : 23 instanceId : 190796317)
12-13 17:27:13.215  6493  6605 I ShellTaskOrganizer: onTaskVanished: 5145, listener: FullscreenTaskListener:TASK_LISTENER_TYPE_FULLSCREEN
12-13 17:27:13.215  6493  6605 I HnFreeformController: freeform_tag removeInterceptor taskId=5145type=1
12-13 17:27:13.215  6493  6605 I CaptionWindowDecorViewModel: destroyWindowDecoration taskId=5145
12-13 17:27:13.215  6493  6605 I FullscreenTaskListener: onTaskVanished taskId=5145
12-13 17:27:13.215  2510  6734 I WindowManager: WIN DEATH: Window{9c9eaf7 u0 com.android.vending/com.android.vending.AssetBrowserActivity}
12-13 17:27:13.216  2510  6734 I WindowManager: setSurfaceControl null, caller = com.android.server.wm.WindowContainer.removeImmediately:946 com.android.server.wm.WindowState.removeImmediately:2983 com.android.server.wm.WindowState.removeIfPossible:3165 com.android.server.wm.Session.binderDied:266 android.os.IBinder$DeathRecipient.binderDied:343 android.os.BinderProxy.sendDeathNotice:777 <bottom of call stack> <bottom of call stack> <bottom of call stack> <bottom of call stack> 
12-13 17:27:13.219  2510  2784 I SWAP_SCENE: Entering notifySceneData notifySceneData. EventType:PROCESS_DIED para:com.android.vending
12-13 17:27:13.220  2510  6446 I ActivityManager: Dying app: ProcessRecord{358ecfd 23710:com.android.vending/u0a154}, pid: 23710, isNeedClearup: true, isFromBinderDied:true
12-13 17:27:13.220  2510  6294 W HwAudioServiceEx: SoundEffectState bundle get reserved is invalid
12-13 17:27:13.222  2510  7840 D HwActivityManagerServiceEx: getPackageNameForPid callingAppId: 1000
12-13 17:27:13.224  2510  6734 D HwActivityManagerServiceEx: getPackageNameForPid callingAppId: 1000
12-13 17:27:13.225  2510  6734 D HwActivityManagerServiceEx: getPackageNameForPid callingAppId: 1000
12-13 17:27:13.226  2510  2787 I UsageStatsService: reportEvent : component= ComponentInfo{com.android.vending/com.google.android.finsky.activities.MainActivity} eventType= 24
12-13 17:27:13.227  2510  6446 I ActivityTaskManager: destroy for ActivityRecord{a901bf0 u0 com.android.vending/.AssetBrowserActivity t5144 f}}, mLetterbox: null
12-13 17:27:13.228  2510  6446 I WindowManager: setSurfaceControl null, caller = com.android.server.wm.ActivityRecord.setSurfaceControl:2205 com.android.server.wm.WindowContainer.removeImmediately:946 com.android.server.wm.WindowToken.removeImmediately:392 com.android.server.wm.ActivityRecord.removeImmediately:5733 com.android.server.wm.ActivityRecord.removeIfPossible:5740 com.android.server.wm.ActivityRecord.onRemovedFromDisplay:5827 com.android.server.wm.DisplayContent.removeAppToken:1878 com.android.server.wm.ActivityRecord.removeFromHistory:5400 com.android.server.wm.ActivityRecord.handleAppDied:5714 com.android.server.wm.WindowProcessController.handleAppDied:1602 
12-13 17:27:13.228  2510  4689 W UsageStatsService: Unexpected activity event reported! (com.android.vending/com.google.android.finsky.activities.MainActivity event : 23 instanceId : 259196700)
12-13 17:27:13.228  2510  2784 I SWAP_SCENE: Entering notifySceneData notifySceneData. EventType:PROCESS_DIED para:com.android.vending
12-13 17:27:13.229  2510  2784 D DisplayManagerService: Drop pending events for gone uid 10154
12-13 17:27:13.229  2510  6446 I WindowManager: setSurfaceControl null, caller = com.android.server.wm.TaskFragment.setSurfaceControl:3369 com.android.server.wm.Task.setSurfaceControl:5923 com.android.server.wm.WindowContainer.removeImmediately:946 com.android.server.wm.TaskFragment.removeImmediately:3689 com.android.server.wm.Task.removeImmediately:3796 com.android.server.wm.Task.removeIfPossible:1132 com.android.server.wm.Task.removeChild:2174 com.android.server.wm.Task.removeChild:2112 com.android.server.wm.WindowContainer.removeImmediately:959 com.android.server.wm.WindowToken.removeImmediately:392 
12-13 17:27:13.230  2510  6446 I removeFromHistory: ActivityRecord{a901bf0 u0 com.android.vending/.AssetBrowserActivity t-1 f}} reason appDied Callers=com.android.server.wm.ActivityRecord.handleAppDied:5714 com.android.server.wm.WindowProcessController.handleAppDied:1602 com.android.server.wm.ActivityTaskManagerService$LocalService.handleAppDied:7840 com.android.server.am.ActivityManagerService.handleAppDiedLocked:3857 com.android.server.am.ActivityManagerService.appDiedLocked:3978 com.android.server.am.ActivityManagerService$AppDeathRecipient.binderDied:1789 android.os.IBinder$DeathRecipient.binderDied:343 android.os.BinderProxy.sendDeathNotice:777 
12-13 17:27:13.231  2510  7833 V ActivityManager: Got obituary of 16576:com.android.keychain
12-13 17:27:13.231  2510  7081 V ActivityManager: Got obituary of 20269:com.google.android.apps.messaging
12-13 17:27:13.231  2510  6734 V ActivityManager: Got obituary of 16767:com.hihonor.systemmanager:security_scan
12-13 17:27:13.232  6493  6605 I ShellTaskOrganizer: onTaskVanished: 5144, listener: FullscreenTaskListener:TASK_LISTENER_TYPE_FULLSCREEN
12-13 17:27:13.232  6493  6605 I HnFreeformController: freeform_tag removeInterceptor taskId=5144type=1
12-13 17:27:13.232  6493  6605 I CaptionWindowDecorViewModel: destroyWindowDecoration taskId=5144
12-13 17:27:13.232  6493  6605 I FullscreenTaskListener: onTaskVanished taskId=5144
12-13 17:27:13.234  6493  6493 I ResourcesManager: rebaseKeyForDisplay : 0, temp = {0.0 ?mcc0mnc ?localeList ?layoutDir sw360dp w360dp h805dp 320dpi nrml long ?ldr ?wideColorGamut port ?uimode ?night -touch ?keyb/?/? ?nav/? winConfig={ mBounds=Rect(0, 0 - 0, 0) mAppBounds=null mMaxBounds=Rect(0, 0 - 0, 0) mDisplayRotation=undefined mWindowingMode=undefined mActivityType=undefined mAlwaysOnTop=undefined mRotation=undefined mPopOverMode=undefined} changeUserFlag:0 changeUiModeFlag:0 fullScreenVideoFlag:0 splitScreenState:-1 landScapeFreeformFlag:1 hoverMode:0 changeIconStyleFlag:0 changeThemeStyleFlag:0 ?fontWeightAdjustment}
12-13 17:27:13.234  2510  8271 I SWAP_AppModel: SWAP-APP_DIED_active:pkg:com.android.vending uid:10154 liveApp:6
12-13 17:27:13.235  2510  8271 E SWAP_Statistics: Not beta user, can't report runstate
12-13 17:27:13.236  2510  8271 I SWAP_SCENE: This app was killed: com.android.vending
12-13 17:27:13.249  2510  7080 I WindowManager: handleTopActivityLaunchingInDifferentOrientation background visible activity to cover config
12-13 17:27:13.250  6493  6493 D FullScreenUtils: isNeedToHideStatusBar: splitscreenstate=0
12-13 17:27:13.257  6493  6493 D FullScreenUtils: isNeedToHideStatusBar: splitscreenstate=0
12-13 17:27:13.257  2510  6612 V ActivityManager: Got obituary of 16843:com.hihonor.systemmanager
12-13 17:27:13.257  2510  7021 D CoreBackPreview: Window{3fed7d3 u0 Toast}: Setting back callback OnBackInvokedCallbackInfo{mCallback=android.window.IOnBackInvokedCallback$Stub$Proxy@2b8b40e, mPriority=0, mIsAnimationCallback=false}
12-13 17:27:13.260  2510  7021 I WindowManager: handleTopActivityLaunchingInDifferentOrientation background visible activity to cover config
12-13 17:27:13.261  6493  6493 D FullScreenUtils: isNeedToHideStatusBar: splitscreenstate=0
12-13 17:27:13.262  6493  6493 D FullScreenUtils: isNeedToHideStatusBar: splitscreenstate=0
12-13 17:27:13.262  6493  6493 D FullScreenUtils: isNeedToHideStatusBar: splitscreenstate=0
12-13 17:27:13.262  6493  6493 I HwForceDarkManager: setAllowedHwForceDark:false package:com.android.systemui mCurrProcessState:2 mIsPackageNameChange:true hwForceDarkState:0 isViewAllowedForceDark:true isLastHonorForceDark:false
12-13 17:27:13.267  2510  2791 V WindowManager: Loading animations: layout params pkg=com.android.systemui resId=0x0
12-13 17:27:13.267  2510  2791 D HwAppTransitionImpl: windowAnimations = 0 dose not come from system, not to override it.
12-13 17:27:13.267  2510  3143 I HwPowerManagerServiceEx: no need to notifyScreenState, not registered
12-13 17:27:13.277  2510  7021 I HwWindowManagerServiceEx: handleGestureActionForBlur category: exit_recent
12-13 17:27:13.277  2510  7021 I HwWindowManagerServiceEx: handleGestureActionForMiniWondow category: exit_recent
12-13 17:27:13.278  2510  7080 I HwTaskEx: isSupportPkgAdjustMinWidth mActivityRecord = com.hihonor.android.launcher
12-13 17:27:13.278  2510  7080 I HwMultiWindowManager: isAdjustMin = false
12-13 17:27:13.278  2510  7080 D HwMultiWindowManager: adjustMin = 568 - Rect(76, 343 - 644, 1267) - 261.9111
12-13 17:27:13.278 23445 23445 D FullScreenUtils: isNeedToHideStatusBar: splitscreenstate=0
12-13 17:27:13.279  2510  7080 I HwDisplayPolicyEx: setStickImmersiveMode isStickHideNav = false
12-13 17:27:13.280  2510  2510 I DE J DES: [effect] [MOTION_NOTIFICATION] extra:exit_recent
12-13 17:27:13.283  6493  6736 I HnCustomizedWindowController: onRecentExit
12-13 17:27:13.283  6493  6736 I HnMiniformController: updateMiniWindowVisibility no change
12-13 17:27:13.287  2510  7080 I WindowManager: handleTopActivityLaunchingInDifferentOrientation background visible activity to cover config
12-13 17:27:13.290  6493  6493 D FullScreenUtils: isNeedToHideStatusBar: splitscreenstate=0
12-13 17:27:13.290 10225 10225 D FullScreenUtils: isNeedToHideStatusBar: splitscreenstate=-1
12-13 17:27:13.340  2510  6294 I HwAudioServiceEx: HwAudioHandlerEx receive unknown msg
12-13 17:27:13.345  2510  6294 I HwAudioServiceEx: HwAudioHandlerEx receive unknown msg
12-13 17:27:13.346  2510  6294 I HwAudioServiceEx: HwAudioHandlerEx receive unknown msg
12-13 17:27:13.349  2510  6294 I HwAudioServiceEx: HwAudioHandlerEx receive unknown msg
12-13 17:27:13.355  2510  6294 I HwAudioServiceEx: HwAudioHandlerEx receive unknown msg
12-13 17:27:13.358  2510  6294 I HwAudioServiceEx: HwAudioHandlerEx receive unknown msg
12-13 17:27:13.370  2510  6294 I HwAudioServiceEx: HwAudioHandlerEx receive unknown msg
12-13 17:27:13.393  2510  6294 I HwAudioServiceEx: HwAudioHandlerEx receive unknown msg
12-13 17:27:13.395  2510  6294 I HwAudioServiceEx: HwAudioHandlerEx receive unknown msg
12-13 17:27:13.399  2510  3143 I HwPowerManagerServiceEx: no need to notifyScreenState, not registered
12-13 17:27:13.403  2510  6294 I HwAudioServiceEx: HwAudioHandlerEx receive unknown msg
12-13 17:27:13.412  2510  6294 I HwAudioServiceEx: HwAudioHandlerEx receive unknown msg
12-13 17:27:13.450  2510  6294 I HwAudioServiceEx: HwAudioHandlerEx receive unknown msg
12-13 17:27:13.465  2510  6294 I HwAudioServiceEx: HwAudioHandlerEx receive unknown msg
12-13 17:27:13.477  2510  4961 I HwFingersSnapshooter[GestureCollectionMotion]: reset mIsCollectionFinished:true, mIsMoreCollectionsFinished:true, isNeedUpdate:false, mCollectionService:null, mMoreCollectionsService:null
12-13 17:27:13.480  2510  6294 I HwAudioServiceEx: HwAudioHandlerEx receive unknown msg
12-13 17:27:13.482  2510  6294 I HwAudioServiceEx: HwAudioHandlerEx receive unknown msg
12-13 17:27:13.500  2510  6294 I HwAudioServiceEx: HwAudioHandlerEx receive unknown msg
12-13 17:27:13.501  2510  6294 I HwAudioServiceEx: HwAudioHandlerEx receive unknown msg
12-13 17:27:13.516  2510  6294 I HwAudioServiceEx: HwAudioHandlerEx receive unknown msg
12-13 17:27:13.525  2510  6294 I HwAudioServiceEx: HwAudioHandlerEx receive unknown msg
12-13 17:27:13.610  2510  6294 I HwAudioServiceEx: HwAudioHandlerEx receive unknown msg
12-13 17:27:13.619  2510  7021 I PowerManagerService: wakeLock.mDisabled:false, mDeviceIdleMode:false, mProcState:10
12-13 17:27:13.619  2510  3143 I HwPowerManagerServiceEx: no need to notifyScreenState, not registered
12-13 17:27:13.623  2510  3143 I HwPowerManagerServiceEx: no need to notifyScreenState, not registered
12-13 17:27:13.625  2510  7080 I PowerManagerService: wakeLock.mDisabled:false, mDeviceIdleMode:false, mProcState:10
12-13 17:27:13.625  2510  3143 I HwPowerManagerServiceEx: no need to notifyScreenState, not registered
12-13 17:27:13.628  2510  3143 I HwPowerManagerServiceEx: no need to notifyScreenState, not registered
12-13 17:27:13.628  2510  6294 I HwAudioServiceEx: HwAudioHandlerEx receive unknown msg
12-13 17:27:13.679  2510  3143 I HwPowerManagerServiceEx: no need to notifyScreenState, not registered
12-13 17:27:13.686  2510  6294 I HwAudioServiceEx: HwAudioHandlerEx receive unknown msg
12-13 17:27:13.713  2510  6294 I HwAudioServiceEx: HwAudioHandlerEx receive unknown msg
12-13 17:27:13.721  2510  6294 I HwAudioServiceEx: HwAudioHandlerEx receive unknown msg
12-13 17:27:13.847  2510  8271 I SWAP_GkiKernelInterface: del dir for com.android.chrome success
12-13 17:27:13.847  2510  8271 I SWAP_GkiKernelInterface: del dir for com.android.keychain success
12-13 17:27:13.859  2510  8271 I SWAP_GkiKernelInterface: del dir for com.google.android.apps.messaging success
12-13 17:27:13.859  2510  8271 I SWAP_GkiKernelInterface: del dir for com.google.android.as.oss success
12-13 17:27:13.873  2510  8271 I SWAP_GkiKernelInterface: del dir for com.google.android.permissioncontroller success
12-13 17:27:13.920  2510  8271 I SWAP_GkiKernelInterface: del dir for com.hihonor.android.pushagent success
12-13 17:27:13.921  2510  8271 I SWAP_GkiKernelInterface: del dir for com.hihonor.brain success
12-13 17:27:13.924  2510  8271 I SWAP_GkiKernelInterface: del dir for com.hihonor.deviceauth success
12-13 17:27:13.926  2510  8271 I SWAP_GkiKernelInterface: del dir for com.hihonor.dsdscardmanager success
12-13 17:27:13.961  2510  8271 I SWAP_GkiKernelInterface: del dir for com.hihonor.gameassistant success
12-13 17:27:13.986  2510  8271 I SWAP_GkiKernelInterface: del dir for com.hihonor.searchservice success
12-13 17:27:14.004  2510  8271 I SWAP_GkiKernelInterface: del dir for com.hihonor.securitypluginbase success
12-13 17:27:14.012  2510  8271 I SWAP_GkiKernelInterface: Can not del unexists file./dev/memcg/apps/com.hihonor.systemmanager
12-13 17:27:14.013  2510  8271 I SWAP_GkiKernelInterface: del dir for com.hihonor.systemmanager failed
12-13 17:27:14.013  2510  8271 I SWAP_SCENE: Delete memcg fail.
12-13 17:27:14.019  2510  8271 I SWAP_GkiKernelInterface: del dir for com.hihonor.voiceengine success
12-13 17:27:14.030  2510  8271 I SWAP_GkiKernelInterface: del dir for todolist.scheduleplanner.dailyplanner.todo.reminders success
12-13 17:27:14.120  2510  7080 I AppWidgetServiceImpl: getInstalledProvidersForProfile: flip_sub_display widget, continue
12-13 17:27:14.120  2510  7080 I AppWidgetServiceImpl: getInstalledProvidersForProfile: widget clip only can be bind to hnsystemserver
12-13 17:27:14.120  2510  7080 I AppWidgetServiceImpl: getInstalledProvidersForProfile: flip_sub_display widget, continue
12-13 17:27:14.120  2510  7080 I AppWidgetServiceImpl: getInstalledProvidersForProfile: flip_sub_display widget, continue
12-13 17:27:14.121  2510  7080 I AppWidgetServiceImpl: getInstalledProvidersForProfile: standby widget, continue
12-13 17:27:14.121  2510  7080 I AppWidgetServiceImpl: getInstalledProvidersForProfile: flip_sub_display widget, continue
12-13 17:27:14.121  2510  7080 I AppWidgetServiceImpl: getInstalledProvidersForProfile: widget clip only can be bind to hnsystemserver
12-13 17:27:14.146  2510  7080 E HwResolverManager: Could not found app: com.hihonor.pcassistant
12-13 17:27:14.146  2510  7080 E HwResolverManager: Could not found app: com.hihonor.pcassistant
12-13 17:27:14.208  2510  8271 I SWAP_GkiKernelInterface: del dir for com.resultmarketing.whatscard success
12-13 17:27:14.237  2510  8271 I SWAP_GkiKernelInterface: del dir for com.android.vending success
12-13 17:27:14.284  2510  3143 I HwPowerManagerServiceEx: no need to notifyScreenState, not registered
12-13 17:27:14.284  2510  7080 D ActivityTaskManager: setThreadScheduler: for com.hihonor.android.launcher, policy:1 pri:1
12-13 17:27:14.288  2510  7080 I HnPreStartWindowController: requestPreStartingSurface type:0 result 0x10201
12-13 17:27:14.288  2510  7080 I HnPreStartSnapshotInterceptor: handleStartRequest :Intent { act=android.intent.action.MAIN cat=[android.intent.category.LAUNCHER] flg=0x10200000 cmp=com.resultmarketing.whatscard/.MainActivity (has extras) } componentName:ComponentInfo{com.resultmarketing.whatscard/com.resultmarketing.whatscard.MainActivity}
12-13 17:27:14.288  2510  7080 I HnPreStartSnapshotInterceptor: isProcessRunning processName:com.resultmarketing.whatscard
12-13 17:27:14.288  2510  7080 I HnPreStartSnapshotInterceptor: isProcessRunning :false
12-13 17:27:14.288  2510  7080 I HnPreStartWindowController: requestPreStartingSurface type:1 result 0x10302
12-13 17:27:14.288  2510  4859 V ActivityManager: startProcess: name=com.resultmarketing.whatscard app=ProcessRecord{5ba0f93 0:com.resultmarketing.whatscard/u0a366} knownToBeDead=false thread=null pid=0 preloadStatus=1
12-13 17:27:14.288  2510  7080 I HWMW_HwMagicWinManager: getHwMagicWinEnabled = false pkg : com.resultmarketing.whatscard
12-13 17:27:14.288  2510  7080 I HWMW_HwMagicWinManager: getHwMagicWinEnabled = false pkg : com.resultmarketing.whatscard
