12-13 16:37:10.101   983 31514 W libc    : Unable to set property "ctl.interface_start" to "aidl/vendor.qti.qhcp.IQHDC/default": PROP_ERROR_HANDLE_CONTROL_MESSAGE (0x20)
12-13 16:37:10.104  2152 30998 I sensors-hal: handle_sns_std_sensor_event:150, ambient_light_event: ts=2202490463456540, lux = 138, raw_adc=232, raw_2=262
12-13 16:37:10.152  9043  9043 I wpa_supplicant: nl80211: vendor command vendor_id=4980, subcmd=13
12-13 16:37:10.158  2710  2710 I cnss-daemon: nl80211 response handler invoked
12-13 16:37:10.158  2710  2710 I cnss-daemon: nl80211_response_handler: cmd 103, vendorID 4980, subcmd 13  received
12-13 16:37:10.159  8927  8995 I WifiHAL : event received NL80211_CMD_VENDOR, vendor_id = 0x1374, subcmd = 0xd
12-13 16:37:10.160  9043  9043 I wpa_supplicant: nl80211: Ignore unsupported QCA vendor event 13
12-13 16:37:10.270  2152 30998 I sensors-hal: handle_sns_std_sensor_event:150, ambient_light_event: ts=2202490629452633, lux = 133, raw_adc=221, raw_2=262
12-13 16:37:10.437  2152 30998 I sensors-hal: handle_sns_std_sensor_event:150, ambient_light_event: ts=2202490795457060, lux = 135, raw_adc=228, raw_2=262
12-13 16:37:10.478  2253  2377 W ServiceManagerCppClient: Waited one second for vendor.qti.qhcp.IQHDC/default (is service started? Number of threads started in the threadpool: 2. Are binder threads started and available?)
12-13 16:37:10.485   983 31515 W libc    : Unable to set property "ctl.interface_start" to "aidl/vendor.qti.qhcp.IQHDC/default": PROP_ERROR_HANDLE_CONTROL_MESSAGE (0x20)
12-13 16:37:10.603  2152 30998 I sensors-hal: handle_sns_std_sensor_event:150, ambient_light_event: ts=2202490961457842, lux = 137, raw_adc=229, raw_2=262
12-13 16:37:10.726  2634  2634 E Thermal-daemon:hn_thermal: [shell_frame] tempNew :34  tempOld :33
12-13 16:37:10.769  2152 30998 I sensors-hal: handle_sns_std_sensor_event:150, ambient_light_event: ts=2202491127455133, lux = 136, raw_adc=225, raw_2=262
12-13 16:37:10.935  2152 30998 I sensors-hal: handle_sns_std_sensor_event:150, ambient_light_event: ts=2202491293457060, lux = 137, raw_adc=232, raw_2=262
12-13 16:37:10.980  6822  7307 D Booster_TelephonyState: updateLteSignalStrengthFromProp[1], lteRsrp:-95 lteRsrq:-15 lteSinr:2
12-13 16:37:11.077  2510  2793 I AppEyeFwkBlock: do monitor
12-13 16:37:11.099  2143  4070 W ServiceManagerCppClient: Waited one second for vendor.qti.qhcp.IQHDC/default (is service started? Number of threads started in the threadpool: 3. Are binder threads started and available?)
12-13 16:37:11.105   983 31516 W libc    : Unable to set property "ctl.interface_start" to "aidl/vendor.qti.qhcp.IQHDC/default": PROP_ERROR_HANDLE_CONTROL_MESSAGE (0x20)
12-13 16:37:11.171  6963  7274 I SmartChgBase/ArbExecExtStep: Init:[targetValue:0]
12-13 16:37:11.172  6963  7274 I SmartChgBase/Arb_HidlParam: Apply Skipped: IsApplyExcept return true. [moduleName:BASP, param:dc_vterm_dec, detailsWithValue:source=trigger;event=heartbeat;chargestatus=start;value=0;]
12-13 16:37:11.172  6963  7274 I SmartChgBase/Arb_HidlParam: Apply Skipped: IsApplyExcept return true. [moduleName:BASP, param:ichg_ratio, detailsWithValue:source=trigger;event=heartbeat;chargestatus=start;value=100;]
12-13 16:37:11.172  6963  7274 I SmartChgBase/ArbExecExtStep: Init:[targetValue:0]
12-13 16:37:11.173  6963  7274 I SmartChgBase/Arb_HidlParam: Apply Skipped: IsApplyExcept return true. [moduleName:BASP, param:nondc_vterm_dec, detailsWithValue:source=trigger;event=heartbeat;chargestatus=start;value=0;]
12-13 16:37:11.173  6963  7274 I SmartChgBase/Arb_HidlParam: Apply Skipped: IsApplyExcept return true. [moduleName:ASW, param:soc_control, detailsWithValue:source=trigger;event=heartbeat;chargestatus=start;value=1 95 100 1 1;]
12-13 16:37:11.261  2510  6210 I WifiEnhanceMonitor: getPrimaryWifiInfo: primaryWifiInfo from WifiManager
12-13 16:37:11.267  2152 30998 I sensors-hal: handle_sns_std_sensor_event:150, ambient_light_event: ts=2202491625454717, lux = 139, raw_adc=228, raw_2=262
12-13 16:37:11.428  2624  2658 I dubaid  : [DubaiStorage.cpp] DoFlushEntriesBuffer# Flush all entries into database: /data/system_ce/0/dubai/dubai.db
12-13 16:37:11.432  2152 30998 I sensors-hal: handle_sns_std_sensor_event:150, ambient_light_event: ts=2202491791454144, lux = 131, raw_adc=218, raw_2=262
12-13 16:37:11.482  2253  2377 W ServiceManagerCppClient: Waited one second for vendor.qti.qhcp.IQHDC/default (is service started? Number of threads started in the threadpool: 2. Are binder threads started and available?)
12-13 16:37:11.492   983 31517 W libc    : Unable to set property "ctl.interface_start" to "aidl/vendor.qti.qhcp.IQHDC/default": PROP_ERROR_HANDLE_CONTROL_MESSAGE (0x20)
12-13 16:37:11.506  2510  4682 I HwBatteryService: power_ui state= 1 mQuickChargeStatus=1
12-13 16:37:11.506  2510  4682 I HwBatteryService: handleWirelessTxStatus
12-13 16:37:11.506  2510  4682 I HwBatteryService: switch not open, return, mWirelessTxFlag : 0
12-13 16:37:11.506  2510  4682 W HwBatteryService: need return. Invalid value: -1
12-13 16:37:11.506  2510  4682 D HwBatteryService: setHwChargeTimeRemaining, time = -1 String time: -1
12-13 16:37:11.511  2510  7093 I BatteryService: Processing new values: info={chargerAcOnline=false,chargerUsbOnline=true,chargerWirelessOnline=false,maxChargingCurrent=500000,maxChargingVoltage=5000000,batteryStatus=2=CHARGING,batteryHealth=2=GOOD,batteryPresent=true,batteryLevel=59,batteryVoltage=4026,batteryTemperature=338,batteryFullCharge=6590000,batteryChargeCounter=3500000,batteryTechnology=Unknown,batteryCapacityLevel=3=NORMAL,chargerDockOnline=false}, mBatteryLevelCritical=false, mPlugType=2, mLastPlugType=2
12-13 16:37:11.512  2510  7093 I BatteryService: check conditions changed
12-13 16:37:11.517  2510  7093 I BatteryService: Processing new values: info={chargerAcOnline=false,chargerUsbOnline=true,chargerWirelessOnline=false,maxChargingCurrent=500000,maxChargingVoltage=5000000,batteryStatus=2=CHARGING,batteryHealth=2=GOOD,batteryPresent=true,batteryLevel=59,batteryVoltage=4026,batteryTemperature=338,batteryFullCharge=6590000,batteryChargeCounter=3500000,batteryTechnology=Unknown,batteryCapacityLevel=3=NORMAL,chargerDockOnline=false}, mBatteryLevelCritical=false, mPlugType=2, mLastPlugType=2
12-13 16:37:11.517  2510  7093 I BatteryService: check conditions changed
12-13 16:37:11.602  2152 30998 I sensors-hal: handle_sns_std_sensor_event:150, ambient_light_event: ts=2202491957459404, lux = 138, raw_adc=231, raw_2=262
12-13 16:37:11.764  2152 30998 I sensors-hal: handle_sns_std_sensor_event:150, ambient_light_event: ts=2202492123455758, lux = 134, raw_adc=226, raw_2=262
12-13 16:37:11.930  2152 30998 I sensors-hal: handle_sns_std_sensor_event:150, ambient_light_event: ts=2202492289454612, lux = 136, raw_adc=229, raw_2=262
12-13 16:37:12.097  2152 30998 I sensors-hal: handle_sns_std_sensor_event:150, ambient_light_event: ts=2202492455457060, lux = 137, raw_adc=231, raw_2=262
12-13 16:37:12.102  2143  4070 W ServiceManagerCppClient: Waited one second for vendor.qti.qhcp.IQHDC/default (is service started? Number of threads started in the threadpool: 3. Are binder threads started and available?)
12-13 16:37:12.108   983 31518 W libc    : Unable to set property "ctl.interface_start" to "aidl/vendor.qti.qhcp.IQHDC/default": PROP_ERROR_HANDLE_CONTROL_MESSAGE (0x20)
12-13 16:37:12.157  9043  9043 I wpa_supplicant: nl80211: vendor command vendor_id=4980, subcmd=13
12-13 16:37:12.163  2710  2710 I cnss-daemon: nl80211 response handler invoked
12-13 16:37:12.164  2710  2710 I cnss-daemon: nl80211_response_handler: cmd 103, vendorID 4980, subcmd 13  received
12-13 16:37:12.165  8927  8995 I WifiHAL : event received NL80211_CMD_VENDOR, vendor_id = 0x1374, subcmd = 0xd
12-13 16:37:12.166  9043  9043 I wpa_supplicant: nl80211: Ignore unsupported QCA vendor event 13
12-13 16:37:12.262  2152 30998 I sensors-hal: handle_sns_std_sensor_event:150, ambient_light_event: ts=2202492621457321, lux = 134, raw_adc=221, raw_2=262
12-13 16:37:12.429  2152 30998 I sensors-hal: handle_sns_std_sensor_event:150, ambient_light_event: ts=2202492787458883, lux = 139, raw_adc=231, raw_2=262
12-13 16:37:12.486  2253  2377 W ServiceManagerCppClient: Waited one second for vendor.qti.qhcp.IQHDC/default (is service started? Number of threads started in the threadpool: 2. Are binder threads started and available?)
12-13 16:37:12.493   983 31519 W libc    : Unable to set property "ctl.interface_start" to "aidl/vendor.qti.qhcp.IQHDC/default": PROP_ERROR_HANDLE_CONTROL_MESSAGE (0x20)
12-13 16:37:12.595  2152 30998 I sensors-hal: handle_sns_std_sensor_event:150, ambient_light_event: ts=2202492953458415, lux = 135, raw_adc=227, raw_2=262
12-13 16:37:12.656 24711 24741 E bms_file: file /sys/class/hw_power/charger/direct_charger/direct_charge_succ is invalid
12-13 16:37:12.657 24711 24741 E bms_file: file /sys/class/hw_power/charger/direct_charger_hsc/direct_charge_succ is invalid
12-13 16:37:12.658 24711 24741 E bms_file: file /sys/class/hw_power/charger/direct_charger/direct_charge_succ is invalid
12-13 16:37:12.659 24711 24741 E bms_file: file /sys/class/hw_power/charger/direct_charger_hsc/direct_charge_succ is invalid
12-13 16:37:12.661 24711 24741 E bms_file: file sys/class/hw_power/adsp_dts is invalid
12-13 16:37:12.662 24711 24741 E bms_file: file /sys/class/backlight/panel1-backlight/brightness is invalid
12-13 16:37:12.665 24711 24741 E bms_file: file /sys/class/hw_power/charger/direct_charger/direct_charge_succ is invalid
12-13 16:37:12.665 24711 24741 E bms_file: file /sys/class/hw_power/charger/direct_charger_hsc/direct_charge_succ is invalid
12-13 16:37:12.667 24711 24741 E bms_file: file /sys/class/hw_power/charger/direct_charger/direct_charge_succ is invalid
12-13 16:37:12.667 24711 24741 E bms_file: file /sys/class/hw_power/charger/direct_charger_hsc/direct_charge_succ is invalid
12-13 16:37:12.669 24711 24741 E bms_file: file /sys/class/hw_power/charger/direct_charger/direct_charge_succ is invalid
12-13 16:37:12.670 24711 24741 E bms_file: file /sys/class/hw_power/charger/direct_charger_hsc/direct_charge_succ is invalid
12-13 16:37:12.670 24711 24741 E bms_file: file /sys/class/hw_power/charger/charge_data/iin_thermal is invalid
12-13 16:37:12.671 24711 24741 I bms_behavior: monitor interval count 119
12-13 16:37:12.926  2152 30998 I sensors-hal: handle_sns_std_sensor_event:150, ambient_light_event: ts=2202493285457060, lux = 134, raw_adc=220, raw_2=262
12-13 16:37:12.984  6822  7307 D Booster_TelephonyState: updateLteSignalStrengthFromProp[1], lteRsrp:-95 lteRsrq:-15 lteSinr:2
12-13 16:37:12.994  2510  6210 E HwQoEJNI: sendQoeCmd. open monitor_fd error
12-13 16:37:13.092  2152 30998 I sensors-hal: handle_sns_std_sensor_event:150, ambient_light_event: ts=2202493451450706, lux = 134, raw_adc=221, raw_2=262
12-13 16:37:13.105  2143  4070 W ServiceManagerCppClient: Waited one second for vendor.qti.qhcp.IQHDC/default (is service started? Number of threads started in the threadpool: 3. Are binder threads started and available?)
12-13 16:37:13.109   983 31520 W libc    : Unable to set property "ctl.interface_start" to "aidl/vendor.qti.qhcp.IQHDC/default": PROP_ERROR_HANDLE_CONTROL_MESSAGE (0x20)
12-13 16:37:13.258  2152 30998 I sensors-hal: handle_sns_std_sensor_event:150, ambient_light_event: ts=2202493617458362, lux = 137, raw_adc=226, raw_2=262
12-13 16:37:13.345  2510  6210 E HwQoEJNI: sendQoeCmd. open monitor_fd error
12-13 16:37:13.345  2510  6210 E TcpInfoMonitor: error, current tcpInfo result is null!
12-13 16:37:13.354  6493  6493 I HnWifiViewBinder: wifiInOutState:2
12-13 16:37:13.360  6493  6493 I HnWifiViewBinder: wifiInOutState:2
12-13 16:37:13.386  2286  2426 I Scheduler: idleTimerCallback timer change to TimerState: Reset
12-13 16:37:13.389  2253  2375 E ANDR-PERF-UTIL: ANDR-PERF-UTIL: change_node_val() 319: Failed to update node /sys/class/kgsl/kgsl-3d0/touch_wake with value 1
12-13 16:37:13.389  2253  2375 E ANDR-PERF-RESOURCEQS: ANDR-PERF-RESOURCEQS: AddAndApply() 167: Failed to apply optimization [10, 13]
12-13 16:37:13.405  2286  2286 I Scheduler: applyPolicy: scored layer size: 0
12-13 16:37:13.414  2286  2403 I VSyncReactor: addHwVsyncTimestamp periodConfirmed. hwcVsyncPeriod:16666666
12-13 16:37:13.417  2253  2375 E ANDR-PERF-UTIL: ANDR-PERF-UTIL: change_node_val() 319: Failed to update node /sys/class/kgsl/kgsl-3d0/touch_wake with value 0
12-13 16:37:13.417  2253  2375 E ANDR-PERF-RESOURCEQS: ANDR-PERF-RESOURCEQS: RemoveAndApply() 292: Failed to reset optimization here [10, 13]
12-13 16:37:13.425  2152 30998 I sensors-hal: handle_sns_std_sensor_event:150, ambient_light_event: ts=2202493783459404, lux = 131, raw_adc=218, raw_2=262
12-13 16:37:13.490  2253  2377 W ServiceManagerCppClient: Waited one second for vendor.qti.qhcp.IQHDC/default (is service started? Number of threads started in the threadpool: 2. Are binder threads started and available?)
12-13 16:37:13.495   983 31522 W libc    : Unable to set property "ctl.interface_start" to "aidl/vendor.qti.qhcp.IQHDC/default": PROP_ERROR_HANDLE_CONTROL_MESSAGE (0x20)
12-13 16:37:13.587  2286  2426 I Scheduler: idleTimerCallback timer change to TimerState: Expired
12-13 16:37:13.591  2152 30998 I sensors-hal: handle_sns_std_sensor_event:150, ambient_light_event: ts=2202493949456279, lux = 138, raw_adc=232, raw_2=262
12-13 16:37:13.758  2152 30998 I sensors-hal: handle_sns_std_sensor_event:150, ambient_light_event: ts=2202494115457217, lux = 134, raw_adc=221, raw_2=262
12-13 16:37:13.924  2152 30998 I sensors-hal: handle_sns_std_sensor_event:150, ambient_light_event: ts=2202494281457581, lux = 132, raw_adc=221, raw_2=262
12-13 16:37:14.088  2152 30998 I sensors-hal: handle_sns_std_sensor_event:150, ambient_light_event: ts=2202494447454717, lux = 137, raw_adc=227, raw_2=262
12-13 16:37:14.108  2143  4070 W ServiceManagerCppClient: Waited one second for vendor.qti.qhcp.IQHDC/default (is service started? Number of threads started in the threadpool: 3. Are binder threads started and available?)
12-13 16:37:14.114   983 31523 W libc    : Unable to set property "ctl.interface_start" to "aidl/vendor.qti.qhcp.IQHDC/default": PROP_ERROR_HANDLE_CONTROL_MESSAGE (0x20)
12-13 16:37:14.162  9043  9043 I wpa_supplicant: nl80211: vendor command vendor_id=4980, subcmd=13
12-13 16:37:14.167  8927  8995 I WifiHAL : event received NL80211_CMD_VENDOR, vendor_id = 0x1374, subcmd = 0xd
12-13 16:37:14.167  2710  2710 I cnss-daemon: nl80211 response handler invoked
12-13 16:37:14.167  2710  2710 I cnss-daemon: nl80211_response_handler: cmd 103, vendorID 4980, subcmd 13  received
12-13 16:37:14.168  9043  9043 I wpa_supplicant: nl80211: Ignore unsupported QCA vendor event 13
12-13 16:37:14.255  2152 30998 I sensors-hal: handle_sns_std_sensor_event:150, ambient_light_event: ts=2202494613458883, lux = 129, raw_adc=217, raw_2=262
12-13 16:37:14.262  2510  6210 I WifiEnhanceMonitor: getPrimaryWifiInfo: primaryWifiInfo from WifiManager
12-13 16:37:14.493  2253  2377 W ServiceManagerCppClient: Waited one second for vendor.qti.qhcp.IQHDC/default (is service started? Number of threads started in the threadpool: 2. Are binder threads started and available?)
12-13 16:37:14.500   983 31524 W libc    : Unable to set property "ctl.interface_start" to "aidl/vendor.qti.qhcp.IQHDC/default": PROP_ERROR_HANDLE_CONTROL_MESSAGE (0x20)
12-13 16:37:14.586  2152 30998 I sensors-hal: handle_sns_std_sensor_event:150, ambient_light_event: ts=2202494945458102, lux = 133, raw_adc=219, raw_2=262
12-13 16:37:14.655 26180 31033 I AlarmManager: setExactAndAllowWhileIdle [name: EQMon type: 2 triggerAtMillis: 1]
12-13 16:37:14.752  2152 30998 I sensors-hal: handle_sns_std_sensor_event:150, ambient_light_event: ts=2202495111454352, lux = 137, raw_adc=227, raw_2=262
12-13 16:37:14.853  2510  6612 I BatteryService: Processing new values: info={chargerAcOnline=false,chargerUsbOnline=true,chargerWirelessOnline=false,maxChargingCurrent=500000,maxChargingVoltage=5000000,batteryStatus=2=CHARGING,batteryHealth=2=GOOD,batteryPresent=true,batteryLevel=59,batteryVoltage=4028,batteryTemperature=338,batteryFullCharge=6590000,batteryChargeCounter=3500000,batteryTechnology=Unknown,batteryCapacityLevel=3=NORMAL,chargerDockOnline=false}, mBatteryLevelCritical=false, mPlugType=2, mLastPlugType=2
12-13 16:37:14.855  2510  6612 I BatteryService: check conditions changed
12-13 16:37:14.858  2510  6612 I BatteryService: Processing new values: info={chargerAcOnline=false,chargerUsbOnline=true,chargerWirelessOnline=false,maxChargingCurrent=500000,maxChargingVoltage=5000000,batteryStatus=2=CHARGING,batteryHealth=2=GOOD,batteryPresent=true,batteryLevel=59,batteryVoltage=4028,batteryTemperature=338,batteryFullCharge=6590000,batteryChargeCounter=3500000,batteryTechnology=Unknown,batteryCapacityLevel=3=NORMAL,chargerDockOnline=false}, mBatteryLevelCritical=false, mPlugType=2, mLastPlugType=2
12-13 16:37:14.860  2510  6612 I BatteryService: check conditions changed
12-13 16:37:14.920  2152 30998 I sensors-hal: handle_sns_std_sensor_event:150, ambient_light_event: ts=2202495277453206, lux = 129, raw_adc=217, raw_2=262
12-13 16:37:14.986  6822  7307 D Booster_TelephonyState: updateLteSignalStrengthFromProp[1], lteRsrp:-95 lteRsrq:-15 lteSinr:2
12-13 16:37:15.084  2152 30998 I sensors-hal: handle_sns_std_sensor_event:150, ambient_light_event: ts=2202495443455237, lux = 133, raw_adc=223, raw_2=262
12-13 16:37:15.112  2143  4070 W ServiceManagerCppClient: Waited one second for vendor.qti.qhcp.IQHDC/default (is service started? Number of threads started in the threadpool: 3. Are binder threads started and available?)
12-13 16:37:15.118   983 31525 W libc    : Unable to set property "ctl.interface_start" to "aidl/vendor.qti.qhcp.IQHDC/default": PROP_ERROR_HANDLE_CONTROL_MESSAGE (0x20)
12-13 16:37:15.170  2152 22653 I sensors-hal: handle_sns_client_event:442, accel_sample(accelcal_available:0): ts=2202495418314040 ns; value = [0.236184, 0.216615, 9.594019], status=3
12-13 16:37:15.251  2152 30998 I sensors-hal: handle_sns_std_sensor_event:150, ambient_light_event: ts=2202495609451487, lux = 134, raw_adc=221, raw_2=262
12-13 16:37:15.417  2152 30998 I sensors-hal: handle_sns_std_sensor_event:150, ambient_light_event: ts=2202495775458362, lux = 131, raw_adc=219, raw_2=262
12-13 16:37:15.497  2253  2377 W ServiceManagerCppClient: Waited one second for vendor.qti.qhcp.IQHDC/default (is service started? Number of threads started in the threadpool: 2. Are binder threads started and available?)
12-13 16:37:15.503   983 31530 W libc    : Unable to set property "ctl.interface_start" to "aidl/vendor.qti.qhcp.IQHDC/default": PROP_ERROR_HANDLE_CONTROL_MESSAGE (0x20)
12-13 16:37:15.582  2152 30998 I sensors-hal: handle_sns_std_sensor_event:150, ambient_light_event: ts=2202495941460446, lux = 134, raw_adc=225, raw_2=262
12-13 16:37:15.748  2152 30998 I sensors-hal: handle_sns_std_sensor_event:150, ambient_light_event: ts=2202496107455237, lux = 130, raw_adc=218, raw_2=262
12-13 16:37:15.827  2510  6612 I AlarmManager: remove alarm reason:1 alarms:[Alarm{f1ed972 type 3 origWhen 317562489155 whenElapsed 317562489155 PendingIntent{1e6c7d1: PendingIntentRecord{ccaf236 com.google.android.gms/com.google.android.gms.container startService}} com.google.android.gms procName com.google.android.gms}]
12-13 16:37:15.915  2152 30998 I sensors-hal: handle_sns_std_sensor_event:150, ambient_light_event: ts=2202496273452425, lux = 133, raw_adc=220, raw_2=262
12-13 16:37:16.008  2510  6210 E HwQoEJNI: sendQoeCmd. open monitor_fd error
12-13 16:37:16.115  2143  4070 W ServiceManagerCppClient: Waited one second for vendor.qti.qhcp.IQHDC/default (is service started? Number of threads started in the threadpool: 3. Are binder threads started and available?)
12-13 16:37:16.125   983 31531 W libc    : Unable to set property "ctl.interface_start" to "aidl/vendor.qti.qhcp.IQHDC/default": PROP_ERROR_HANDLE_CONTROL_MESSAGE (0x20)
12-13 16:37:16.167  9043  9043 I wpa_supplicant: nl80211: vendor command vendor_id=4980, subcmd=13
12-13 16:37:16.173  2710  2710 I cnss-daemon: nl80211 response handler invoked
12-13 16:37:16.174  2710  2710 I cnss-daemon: nl80211_response_handler: cmd 103, vendorID 4980, subcmd 13  received
12-13 16:37:16.175  8927  8995 I WifiHAL : event received NL80211_CMD_VENDOR, vendor_id = 0x1374, subcmd = 0xd
12-13 16:37:16.176  9043  9043 I wpa_supplicant: nl80211: Ignore unsupported QCA vendor event 13
12-13 16:37:16.247  2152 30998 I sensors-hal: handle_sns_std_sensor_event:150, ambient_light_event: ts=2202496605461227, lux = 134, raw_adc=225, raw_2=262
12-13 16:37:16.400  6493  6493 I HnWifiViewBinder: wifiInOutState:0
12-13 16:37:16.401  6493  6493 I HnWifiViewBinder: wifiInOutState:0
12-13 16:37:16.413  2152 30998 I sensors-hal: handle_sns_std_sensor_event:150, ambient_light_event: ts=2202496771452112, lux = 137, raw_adc=229, raw_2=262
12-13 16:37:16.426  2286  2426 I Scheduler: idleTimerCallback timer change to TimerState: Reset
12-13 16:37:16.428  2253  2375 E ANDR-PERF-UTIL: ANDR-PERF-UTIL: change_node_val() 319: Failed to update node /sys/class/kgsl/kgsl-3d0/touch_wake with value 1
12-13 16:37:16.428  2253  2375 E ANDR-PERF-RESOURCEQS: ANDR-PERF-RESOURCEQS: AddAndApply() 167: Failed to apply optimization [10, 13]
12-13 16:37:16.429  2286  2286 I Scheduler: applyPolicy: scored layer size: 0
12-13 16:37:16.432  2510  6612 I AlarmManager: remove alarm reason:1 alarms:[Alarm{68f81c3 type 3 origWhen 317562489758 whenElapsed 317562489758 PendingIntent{bf100d: PendingIntentRecord{f4bfbc2 com.google.android.gms/com.google.android.gms.container startService}} com.google.android.gms procName com.google.android.gms.persistent}]
12-13 16:37:16.455  2253  2375 E ANDR-PERF-UTIL: ANDR-PERF-UTIL: change_node_val() 319: Failed to update node /sys/class/kgsl/kgsl-3d0/touch_wake with value 0
12-13 16:37:16.455  2253  2375 E ANDR-PERF-RESOURCEQS: ANDR-PERF-RESOURCEQS: RemoveAndApply() 292: Failed to reset optimization here [10, 13]
12-13 16:37:16.500  2253  2377 W ServiceManagerCppClient: Waited one second for vendor.qti.qhcp.IQHDC/default (is service started? Number of threads started in the threadpool: 2. Are binder threads started and available?)
12-13 16:37:16.506   983 31533 W libc    : Unable to set property "ctl.interface_start" to "aidl/vendor.qti.qhcp.IQHDC/default": PROP_ERROR_HANDLE_CONTROL_MESSAGE (0x20)
12-13 16:37:16.579  2152 30998 I sensors-hal: handle_sns_std_sensor_event:150, ambient_light_event: ts=2202496937458102, lux = 131, raw_adc=221, raw_2=262
12-13 16:37:16.627  2286  2426 I Scheduler: idleTimerCallback timer change to TimerState: Expired
12-13 16:37:16.744  2152 30998 I sensors-hal: handle_sns_std_sensor_event:150, ambient_light_event: ts=2202497103457321, lux = 137, raw_adc=228, raw_2=262
12-13 16:37:16.910  2152 30998 I sensors-hal: handle_sns_std_sensor_event:150, ambient_light_event: ts=2202497269455758, lux = 131, raw_adc=217, raw_2=262
12-13 16:37:16.991  6822  7307 D Booster_TelephonyState: updateLteSignalStrengthFromProp[1], lteRsrp:-95 lteRsrq:-15 lteSinr:2
12-13 16:37:17.057  2510  6612 I PowerManagerService: wakeLock.mDisabled:false, mDeviceIdleMode:false, mProcState:10
12-13 16:37:17.057  2510  6612 I PowerManagerService: need acquire WakeLockSuspendBlocker
12-13 16:37:17.057  2510  6612 I PowerManagerService: Acquiring suspend blocker "PowerManagerService.WakeLocks".
12-13 16:37:17.058  1242  7108 I android.system.suspend-service: incSuspendCounter++ success,name:PowerManagerService.WakeLocks mUseSuspendCounter:1 mSuspendCounter:2: Success
12-13 16:37:17.059  2510  6612 I power   : acquire wakelock: PowerManagerService.WakeLocks
12-13 16:37:17.068  2510  6612 I PowerManagerService: wakeLock.mDisabled:false, mDeviceIdleMode:false, mProcState:10
12-13 16:37:17.077  2152 30998 I sensors-hal: handle_sns_std_sensor_event:150, ambient_light_event: ts=2202497435451123, lux = 133, raw_adc=223, raw_2=262
12-13 16:37:17.078  2510  2793 I AppEyeFwkBlock: do monitor
12-13 16:37:17.084  2510  6612 I PowerManagerService: wakeLock.mDisabled:false, mDeviceIdleMode:false, mProcState:10
12-13 16:37:17.118  2143  4070 W ServiceManagerCppClient: Waited one second for vendor.qti.qhcp.IQHDC/default (is service started? Number of threads started in the threadpool: 3. Are binder threads started and available?)
12-13 16:37:17.120   983 31534 W libc    : Unable to set property "ctl.interface_start" to "aidl/vendor.qti.qhcp.IQHDC/default": PROP_ERROR_HANDLE_CONTROL_MESSAGE (0x20)
12-13 16:37:17.141  2510  6612 I PowerManagerService: wakeLock.mDisabled:false, mDeviceIdleMode:false, mProcState:0
12-13 16:37:17.244  2152 30998 I sensors-hal: handle_sns_std_sensor_event:150, ambient_light_event: ts=2202497601455237, lux = 138, raw_adc=229, raw_2=262
12-13 16:37:17.269  2510  6210 I WifiEnhanceMonitor: getPrimaryWifiInfo: primaryWifiInfo from WifiManager
12-13 16:37:17.326  2510  2571 I system_server: Background young concurrent mark compact GC freed 16MB AllocSpace bytes, 40(740KB) LOS objects, 13% free, 108MB/125MB, paused 2.507ms,12.270ms total 167.206ms
12-13 16:37:17.354  2510  6210 E HwQoEJNI: sendQoeCmd. open monitor_fd error
12-13 16:37:17.355  2510  6210 E TcpInfoMonitor: error, current tcpInfo result is null!
12-13 16:37:17.409  2152 30998 I sensors-hal: handle_sns_std_sensor_event:150, ambient_light_event: ts=2202497767460706, lux = 133, raw_adc=219, raw_2=262
12-13 16:37:17.503  2253  2377 W ServiceManagerCppClient: Waited one second for vendor.qti.qhcp.IQHDC/default (is service started? Number of threads started in the threadpool: 2. Are binder threads started and available?)
12-13 16:37:17.508   983 31535 W libc    : Unable to set property "ctl.interface_start" to "aidl/vendor.qti.qhcp.IQHDC/default": PROP_ERROR_HANDLE_CONTROL_MESSAGE (0x20)
12-13 16:37:17.575  2152 30998 I sensors-hal: handle_sns_std_sensor_event:150, ambient_light_event: ts=2202497933456123, lux = 137, raw_adc=227, raw_2=262
12-13 16:37:17.676 24711 24741 E bms_file: file /sys/class/hw_power/charger/direct_charger/direct_charge_succ is invalid
12-13 16:37:17.677 24711 24741 E bms_file: file /sys/class/hw_power/charger/direct_charger_hsc/direct_charge_succ is invalid
12-13 16:37:17.679 24711 24741 E bms_file: file /sys/class/hw_power/charger/direct_charger/direct_charge_succ is invalid
12-13 16:37:17.680 24711 24741 E bms_file: file /sys/class/hw_power/charger/direct_charger_hsc/direct_charge_succ is invalid
12-13 16:37:17.681 24711 24741 E bms_file: file sys/class/hw_power/adsp_dts is invalid
12-13 16:37:17.682 24711 24741 E bms_file: file /sys/class/backlight/panel1-backlight/brightness is invalid
12-13 16:37:17.685 24711 24741 E bms_file: file /sys/class/hw_power/charger/direct_charger/direct_charge_succ is invalid
12-13 16:37:17.685 24711 24741 E bms_file: file /sys/class/hw_power/charger/direct_charger_hsc/direct_charge_succ is invalid
12-13 16:37:17.687 24711 24741 E bms_file: file /sys/class/hw_power/charger/direct_charger/direct_charge_succ is invalid
12-13 16:37:17.687 24711 24741 E bms_file: file /sys/class/hw_power/charger/direct_charger_hsc/direct_charge_succ is invalid
12-13 16:37:17.699 24711 24741 E bms_file: file /sys/class/hw_power/charger/direct_charger/direct_charge_succ is invalid
12-13 16:37:17.700 24711 24741 E bms_file: file /sys/class/hw_power/charger/direct_charger_hsc/direct_charge_succ is invalid
12-13 16:37:17.700 24711 24741 E bms_file: file /sys/class/hw_power/charger/charge_data/iin_thermal is invalid
12-13 16:37:17.701 24711 24741 I bms_behavior: monitor interval count 120
12-13 16:37:17.763  2510  3143 I PowerManagerService: UL_Power mReadyToBgReport: true
12-13 16:37:17.764  2510  3143 I HwPowerManagerService: UL_Power Screen timeout occured. mStayOn = false, mProximityPositive = false, mWakeLockSummary = 0x1, mUserActivitySummary = 0x0, powerGroupWakeLockSummary = 0x1, powerGroupUserActivitySummary = 0x2, mScreenBrightnessBoostInProgress = false
12-13 16:37:17.765  2510  3143 I DisplayPowerController[0]: Want screen on.
12-13 16:37:17.766  2510  3143 I HwNormalizedAutomaticBrightnessController: isLightSensorEnabled=falsemLightSensorEnabledfalse
12-13 16:37:17.766  2510  3143 I DisplayPowerController[0]: mAutomaticBrightnessController.configure start enter from there.brightnessState=NaN
12-13 16:37:17.767  2510  3143 I HwNormalizedRampAnimator: useHealthEyeAnimationTimeEnable=true
12-13 16:37:17.767  2510  3143 E HwNormalizedAutomaticBrightnessController: mDarkAdaptDetector is null, dark adapt may not enable
12-13 16:37:17.768  2510  3143 D HwNormalizedRampAnimator: darkAdaptDimmingMode: 0
12-13 16:37:17.769  2510  3143 I DisplayDimModifier: Dim brightness= 0.05
12-13 16:37:17.769  2510  3143 I HwNormalizedManualBrightnessController[0]: sdr brightness =12.75
12-13 16:37:17.770  2510  3143 I DisplayPowerController[0]: Animating brightness: target=0.05, rate=0.7058824, newTarget=0.05, newSdrTarget=0.05, newLocalTarget=0.05, brightnessFloat255=12.75, AutoBrightnessEnable=false, mDisplayStatePolicy: 2
12-13 16:37:17.776  2510  3143 V DisplayPowerController[0]: Brightness [0.05] reason changing to: 'manual [ dim ]', previous reason: 'manual'.
12-13 16:37:17.776  2510  3143 I DisplayPowerController[0]: BrightnessEvent: disp=0, physDisp=local:4630946507567894145, displayState=ON, displayPolicy=DIM, brt=0.05, initBrt=0.26624122, rcmdBrt=NaN, preBrt=NaN, lux=0.0, preLux=0.0, hbmMax=1.0, hbmMode=off, rbcStrength=50, thrmMax=1.0, powerFactor=1.0, wasShortTermModelActive=true, flags=, reason=manual [ dim ], autoBrightness=false, strategy=InvalidBrightnessStrategy, autoBrightnessMode=default
12-13 16:37:17.779  2510  2787 D DisplayManagerService: Ignore redundant display event 0/4 to 10287/16069
12-13 16:37:17.784  2510  3143 I HwNormalizedRampAnimator: updateFrameRate, frameRate=90, mFps=60
12-13 16:37:17.784  2510  3143 I HwNormalizedRampAnimator: hbm_dimming target=500 rate=180 duration=3.0
12-13 16:37:17.784  2510  3143 I HwNormalizedRampAnimator: hbm_dimming target=500 rate=180 duration=3.0
12-13 16:37:17.784  2510  3143 I HwNormalizedRampAnimator: hbm_dimming target=500 rate=180 duration=3.0
12-13 16:37:17.801  2510  3143 I HwNormalizedRampAnimator: updateFrameRate, frameRate=60, mFps=90
12-13 16:37:17.804  2510  6385 I DisplayManagerService: state: 2, currentState: 2
12-13 16:37:17.805  2286  6283 I SurfaceFlinger: AIDL set brightness to DisplayBrightness{sdrWhitePoint: 0.200488, sdrWhitePointNits: -1.000000, displayBrightness: 0.200488, displayBrightnessNits: -1.000000, localBrightness: 0.212087, localBrightnessNits: -1.000000} from pid = 2510
12-13 16:37:17.805  2286  2286 D SurfaceFlinger: Before Extend DC Nits is -1.000000, Brightness is 0.200488
12-13 16:37:17.805  2286  2286 D SurfaceFlinger: After Extend DC Nits is -1.000000, Brightness is 0.200488
12-13 16:37:17.806  2286  2426 I Scheduler: idleTimerCallback timer change to TimerState: Reset
12-13 16:37:17.806  2510  6385 I DisplayDeviceConfig: hasSdrToHdrRatioSpline = false
12-13 16:37:17.808  2253  2375 E ANDR-PERF-UTIL: ANDR-PERF-UTIL: change_node_val() 319: Failed to update node /sys/class/kgsl/kgsl-3d0/touch_wake with value 1
12-13 16:37:17.809  2253  2375 E ANDR-PERF-RESOURCEQS: ANDR-PERF-RESOURCEQS: AddAndApply() 167: Failed to apply optimization [10, 13]
12-13 16:37:17.815  2286  2286 I Scheduler: applyPolicy: scored layer size: 0
12-13 16:37:17.815  2286  2286 I HwcComposer: AidlComposer set brightness to 0.200488, set brightnessNits to -1.000000
12-13 16:37:17.820  2510  6385 I DisplayManagerService: state: 2, currentState: 2
12-13 16:37:17.821  2286  2403 I SurfaceFlinger: AIDL set brightness to DisplayBrightness{sdrWhitePoint: 0.199512, sdrWhitePointNits: -1.000000, displayBrightness: 0.199512, displayBrightnessNits: -1.000000, localBrightness: 0.211182, localBrightnessNits: -1.000000} from pid = 2510
12-13 16:37:17.821  2286  2286 D SurfaceFlinger: Before Extend DC Nits is -1.000000, Brightness is 0.199512
12-13 16:37:17.822  2286  2286 D SurfaceFlinger: After Extend DC Nits is -1.000000, Brightness is 0.199512
12-13 16:37:17.822  2510  6385 I DisplayDeviceConfig: hasSdrToHdrRatioSpline = false
12-13 16:37:17.832  2286  2286 I HwcComposer: AidlComposer set brightness to 0.199512, set brightnessNits to -1.000000
12-13 16:37:17.836  2253  2375 E ANDR-PERF-UTIL: ANDR-PERF-UTIL: change_node_val() 319: Failed to update node /sys/class/kgsl/kgsl-3d0/touch_wake with value 0
12-13 16:37:17.836  2253  2375 E ANDR-PERF-RESOURCEQS: ANDR-PERF-RESOURCEQS: RemoveAndApply() 292: Failed to reset optimization here [10, 13]
12-13 16:37:17.838  2510  6385 I DisplayManagerService: state: 2, currentState: 2
12-13 16:37:17.840  2286  2403 I SurfaceFlinger: AIDL set brightness to DisplayBrightness{sdrWhitePoint: 0.198779, sdrWhitePointNits: -1.000000, displayBrightness: 0.198779, displayBrightnessNits: -1.000000, localBrightness: 0.210276, localBrightnessNits: -1.000000} from pid = 2510
12-13 16:37:17.841  2286  2286 D SurfaceFlinger: Before Extend DC Nits is -1.000000, Brightness is 0.198779
12-13 16:37:17.841  2286  2286 D SurfaceFlinger: After Extend DC Nits is -1.000000, Brightness is 0.198779
12-13 16:37:17.841  2286  6283 I VSyncReactor: addHwVsyncTimestamp periodConfirmed. hwcVsyncPeriod:16666666
12-13 16:37:17.842  2510  6385 I DisplayDeviceConfig: hasSdrToHdrRatioSpline = false
12-13 16:37:17.848  2286  2286 I HwcComposer: AidlComposer set brightness to 0.198779, set brightnessNits to -1.000000
12-13 16:37:17.853  2510  6385 I DisplayManagerService: state: 2, currentState: 2
12-13 16:37:17.854  2286  2403 I SurfaceFlinger: AIDL set brightness to DisplayBrightness{sdrWhitePoint: 0.197802, sdrWhitePointNits: -1.000000, displayBrightness: 0.197802, displayBrightnessNits: -1.000000, localBrightness: 0.209371, localBrightnessNits: -1.000000} from pid = 2510
12-13 16:37:17.854  2286  2286 D SurfaceFlinger: Before Extend DC Nits is -1.000000, Brightness is 0.197802
12-13 16:37:17.855  2286  2286 D SurfaceFlinger: After Extend DC Nits is -1.000000, Brightness is 0.197802
12-13 16:37:17.855  2510  6385 I DisplayDeviceConfig: hasSdrToHdrRatioSpline = false
12-13 16:37:17.864  2286  2286 I HwcComposer: AidlComposer set brightness to 0.197802, set brightnessNits to -1.000000
12-13 16:37:17.869  2510  6385 I DisplayManagerService: state: 2, currentState: 2
12-13 16:37:17.870  2286  6283 I SurfaceFlinger: AIDL set brightness to DisplayBrightness{sdrWhitePoint: 0.196825, sdrWhitePointNits: -1.000000, displayBrightness: 0.196825, displayBrightnessNits: -1.000000, localBrightness: 0.208465, localBrightnessNits: -1.000000} from pid = 2510
12-13 16:37:17.870  2286  2286 D SurfaceFlinger: Before Extend DC Nits is -1.000000, Brightness is 0.196825
12-13 16:37:17.871  2286  2286 D SurfaceFlinger: After Extend DC Nits is -1.000000, Brightness is 0.196825
12-13 16:37:17.871  2510  6385 I DisplayDeviceConfig: hasSdrToHdrRatioSpline = false
12-13 16:37:17.881  2286  2286 I HwcComposer: AidlComposer set brightness to 0.196825, set brightnessNits to -1.000000
12-13 16:37:17.886  2510  6385 I DisplayManagerService: state: 2, currentState: 2
12-13 16:37:17.887  2286  6283 I SurfaceFlinger: AIDL set brightness to DisplayBrightness{sdrWhitePoint: 0.196093, sdrWhitePointNits: -1.000000, displayBrightness: 0.196093, displayBrightnessNits: -1.000000, localBrightness: 0.207560, localBrightnessNits: -1.000000} from pid = 2510
12-13 16:37:17.887  2286  2286 D SurfaceFlinger: Before Extend DC Nits is -1.000000, Brightness is 0.196093
12-13 16:37:17.887  2286  2286 D SurfaceFlinger: After Extend DC Nits is -1.000000, Brightness is 0.196093
12-13 16:37:17.889  2510  6385 I DisplayDeviceConfig: hasSdrToHdrRatioSpline = false
12-13 16:37:17.898  2286  2286 I HwcComposer: AidlComposer set brightness to 0.196093, set brightnessNits to -1.000000
12-13 16:37:17.902  2510  6385 I DisplayManagerService: state: 2, currentState: 2
12-13 16:37:17.903  2286  6283 I SurfaceFlinger: AIDL set brightness to DisplayBrightness{sdrWhitePoint: 0.195116, sdrWhitePointNits: -1.000000, displayBrightness: 0.195116, displayBrightnessNits: -1.000000, localBrightness: 0.206654, localBrightnessNits: -1.000000} from pid = 2510
12-13 16:37:17.903  2286  2286 D SurfaceFlinger: Before Extend DC Nits is -1.000000, Brightness is 0.195116
12-13 16:37:17.904  2286  2286 D SurfaceFlinger: After Extend DC Nits is -1.000000, Brightness is 0.195116
12-13 16:37:17.904  2510  6385 I DisplayDeviceConfig: hasSdrToHdrRatioSpline = false
12-13 16:37:17.906  2152 30998 I sensors-hal: handle_sns_std_sensor_event:150, ambient_light_event: ts=2202498265457321, lux = 137, raw_adc=228, raw_2=262
12-13 16:37:17.914  2286  2286 I HwcComposer: AidlComposer set brightness to 0.195116, set brightnessNits to -1.000000
12-13 16:37:17.919  2510  6385 I DisplayManagerService: state: 2, currentState: 2
12-13 16:37:17.920  2286  2403 I SurfaceFlinger: AIDL set brightness to DisplayBrightness{sdrWhitePoint: 0.194139, sdrWhitePointNits: -1.000000, displayBrightness: 0.194139, displayBrightnessNits: -1.000000, localBrightness: 0.205749, localBrightnessNits: -1.000000} from pid = 2510
12-13 16:37:17.921  2286  2286 D SurfaceFlinger: Before Extend DC Nits is -1.000000, Brightness is 0.194139
12-13 16:37:17.921  2286  2286 D SurfaceFlinger: After Extend DC Nits is -1.000000, Brightness is 0.194139
12-13 16:37:17.922  2510  6385 I DisplayDeviceConfig: hasSdrToHdrRatioSpline = false
12-13 16:37:17.931  2286  2286 I HwcComposer: AidlComposer set brightness to 0.194139, set brightnessNits to -1.000000
12-13 16:37:17.937  2510  6385 I DisplayManagerService: state: 2, currentState: 2
12-13 16:37:17.938  2286  2403 I SurfaceFlinger: AIDL set brightness to DisplayBrightness{sdrWhitePoint: 0.193162, sdrWhitePointNits: -1.000000, displayBrightness: 0.193162, displayBrightnessNits: -1.000000, localBrightness: 0.204843, localBrightnessNits: -1.000000} from pid = 2510
12-13 16:37:17.938  2286  2286 D SurfaceFlinger: Before Extend DC Nits is -1.000000, Brightness is 0.193162
12-13 16:37:17.938  2286  2286 D SurfaceFlinger: After Extend DC Nits is -1.000000, Brightness is 0.193162
12-13 16:37:17.939  2510  6385 I DisplayDeviceConfig: hasSdrToHdrRatioSpline = false
12-13 16:37:17.948  2286  2286 I HwcComposer: AidlComposer set brightness to 0.193162, set brightnessNits to -1.000000
12-13 16:37:17.953  2510  6385 I DisplayManagerService: state: 2, currentState: 2
12-13 16:37:17.954  2286  2403 I SurfaceFlinger: AIDL set brightness to DisplayBrightness{sdrWhitePoint: 0.192186, sdrWhitePointNits: -1.000000, displayBrightness: 0.192186, displayBrightnessNits: -1.000000, localBrightness: 0.203938, localBrightnessNits: -1.000000} from pid = 2510
12-13 16:37:17.955  2286  2286 D SurfaceFlinger: Before Extend DC Nits is -1.000000, Brightness is 0.192186
12-13 16:37:17.955  2286  2286 D SurfaceFlinger: After Extend DC Nits is -1.000000, Brightness is 0.192186
12-13 16:37:17.956  2510  6385 I DisplayDeviceConfig: hasSdrToHdrRatioSpline = false
12-13 16:37:17.965  2286  2286 I HwcComposer: AidlComposer set brightness to 0.192186, set brightnessNits to -1.000000
12-13 16:37:17.971  2510  6385 I DisplayManagerService: state: 2, currentState: 2
12-13 16:37:17.972  2286  2403 I SurfaceFlinger: AIDL set brightness to DisplayBrightness{sdrWhitePoint: 0.191209, sdrWhitePointNits: -1.000000, displayBrightness: 0.191209, displayBrightnessNits: -1.000000, localBrightness: 0.203032, localBrightnessNits: -1.000000} from pid = 2510
12-13 16:37:17.972  2286  2286 D SurfaceFlinger: Before Extend DC Nits is -1.000000, Brightness is 0.191209
12-13 16:37:17.972  2286  2286 D SurfaceFlinger: After Extend DC Nits is -1.000000, Brightness is 0.191209
12-13 16:37:17.973  2510  6385 I DisplayDeviceConfig: hasSdrToHdrRatioSpline = false
12-13 16:37:17.982  2286  2286 I HwcComposer: AidlComposer set brightness to 0.191209, set brightnessNits to -1.000000
12-13 16:37:17.989  2510  6385 I DisplayManagerService: state: 2, currentState: 2
12-13 16:37:17.991  2286  2403 I SurfaceFlinger: AIDL set brightness to DisplayBrightness{sdrWhitePoint: 0.190476, sdrWhitePointNits: -1.000000, displayBrightness: 0.190476, displayBrightnessNits: -1.000000, localBrightness: 0.202127, localBrightnessNits: -1.000000} from pid = 2510
12-13 16:37:17.991  2286  2286 D SurfaceFlinger: Before Extend DC Nits is -1.000000, Brightness is 0.190476
12-13 16:37:17.991  2286  2286 D SurfaceFlinger: After Extend DC Nits is -1.000000, Brightness is 0.190476
12-13 16:37:17.992  2510  6385 I DisplayDeviceConfig: hasSdrToHdrRatioSpline = false
12-13 16:37:17.998  2286  2286 I HwcComposer: AidlComposer set brightness to 0.190476, set brightnessNits to -1.000000
12-13 16:37:18.003  2510  6385 I DisplayManagerService: state: 2, currentState: 2
12-13 16:37:18.004  2286  2403 I SurfaceFlinger: AIDL set brightness to DisplayBrightness{sdrWhitePoint: 0.189499, sdrWhitePointNits: -1.000000, displayBrightness: 0.189499, displayBrightnessNits: -1.000000, localBrightness: 0.201221, localBrightnessNits: -1.000000} from pid = 2510
12-13 16:37:18.005  2286  2286 D SurfaceFlinger: Before Extend DC Nits is -1.000000, Brightness is 0.189499
12-13 16:37:18.005  2286  2286 D SurfaceFlinger: After Extend DC Nits is -1.000000, Brightness is 0.189499
12-13 16:37:18.006  2510  6385 I DisplayDeviceConfig: hasSdrToHdrRatioSpline = false
12-13 16:37:18.015  2286  2286 I HwcComposer: AidlComposer set brightness to 0.189499, set brightnessNits to -1.000000
12-13 16:37:18.019  2510  6385 I DisplayManagerService: state: 2, currentState: 2
12-13 16:37:18.021  2286  2403 I SurfaceFlinger: AIDL set brightness to DisplayBrightness{sdrWhitePoint: 0.188523, sdrWhitePointNits: -1.000000, displayBrightness: 0.188523, displayBrightnessNits: -1.000000, localBrightness: 0.200316, localBrightnessNits: -1.000000} from pid = 2510
12-13 16:37:18.022  2286  2286 D SurfaceFlinger: Before Extend DC Nits is -1.000000, Brightness is 0.188523
12-13 16:37:18.022  2286  2286 D SurfaceFlinger: After Extend DC Nits is -1.000000, Brightness is 0.188523
12-13 16:37:18.023  2510  6385 I DisplayDeviceConfig: hasSdrToHdrRatioSpline = false
12-13 16:37:18.031  2286  2286 I HwcComposer: AidlComposer set brightness to 0.188523, set brightnessNits to -1.000000
12-13 16:37:18.037  2510  6385 I DisplayManagerService: state: 2, currentState: 2
12-13 16:37:18.039  2286  6283 I SurfaceFlinger: AIDL set brightness to DisplayBrightness{sdrWhitePoint: 0.187546, sdrWhitePointNits: -1.000000, displayBrightness: 0.187546, displayBrightnessNits: -1.000000, localBrightness: 0.199410, localBrightnessNits: -1.000000} from pid = 2510
12-13 16:37:18.039  2286  2286 D SurfaceFlinger: Before Extend DC Nits is -1.000000, Brightness is 0.187546
12-13 16:37:18.039  2286  2286 D SurfaceFlinger: After Extend DC Nits is -1.000000, Brightness is 0.187546
12-13 16:37:18.040  2510  6385 I DisplayDeviceConfig: hasSdrToHdrRatioSpline = false
12-13 16:37:18.048  2286  2286 I HwcComposer: AidlComposer set brightness to 0.187546, set brightnessNits to -1.000000
12-13 16:37:18.054  2510  6385 I DisplayManagerService: state: 2, currentState: 2
12-13 16:37:18.056  2286  6283 I SurfaceFlinger: AIDL set brightness to DisplayBrightness{sdrWhitePoint: 0.186813, sdrWhitePointNits: -1.000000, displayBrightness: 0.186813, displayBrightnessNits: -1.000000, localBrightness: 0.198505, localBrightnessNits: -1.000000} from pid = 2510
12-13 16:37:18.056  2286  2286 D SurfaceFlinger: Before Extend DC Nits is -1.000000, Brightness is 0.186813
12-13 16:37:18.056  2286  2286 D SurfaceFlinger: After Extend DC Nits is -1.000000, Brightness is 0.186813
12-13 16:37:18.057  2510  6385 I DisplayDeviceConfig: hasSdrToHdrRatioSpline = false
12-13 16:37:18.065  2286  2286 I HwcComposer: AidlComposer set brightness to 0.186813, set brightnessNits to -1.000000
12-13 16:37:18.070  2510  6385 I DisplayManagerService: state: 2, currentState: 2
12-13 16:37:18.072  2286  6283 I SurfaceFlinger: AIDL set brightness to DisplayBrightness{sdrWhitePoint: 0.185836, sdrWhitePointNits: -1.000000, displayBrightness: 0.185836, displayBrightnessNits: -1.000000, localBrightness: 0.197599, localBrightnessNits: -1.000000} from pid = 2510
12-13 16:37:18.072  2286  2286 D SurfaceFlinger: Before Extend DC Nits is -1.000000, Brightness is 0.185836
12-13 16:37:18.072  2286  2286 D SurfaceFlinger: After Extend DC Nits is -1.000000, Brightness is 0.185836
12-13 16:37:18.073  2152 30998 I sensors-hal: handle_sns_std_sensor_event:150, ambient_light_event: ts=2202498431451227, lux = 134, raw_adc=226, raw_2=262
12-13 16:37:18.073  2510  6385 I DisplayDeviceConfig: hasSdrToHdrRatioSpline = false
12-13 16:37:18.081  2286  2286 I HwcComposer: AidlComposer set brightness to 0.185836, set brightnessNits to -1.000000
12-13 16:37:18.086  2510  6385 I DisplayManagerService: state: 2, currentState: 2
12-13 16:37:18.087  2286  6283 I SurfaceFlinger: AIDL set brightness to DisplayBrightness{sdrWhitePoint: 0.184860, sdrWhitePointNits: -1.000000, displayBrightness: 0.184860, displayBrightnessNits: -1.000000, localBrightness: 0.196694, localBrightnessNits: -1.000000} from pid = 2510
12-13 16:37:18.087  2286  2286 D SurfaceFlinger: Before Extend DC Nits is -1.000000, Brightness is 0.184860
12-13 16:37:18.087  2286  2286 D SurfaceFlinger: After Extend DC Nits is -1.000000, Brightness is 0.184860
12-13 16:37:18.088  2510  6385 I DisplayDeviceConfig: hasSdrToHdrRatioSpline = false
12-13 16:37:18.090  2510  6612 I PowerManagerService: wakeLock.mDisabled:false, mDeviceIdleMode:false, mProcState:10
12-13 16:37:18.091  2510  6612 I PowerManagerService: UL_Power mReadyToBgReport: true
12-13 16:37:18.097  2510  6612 I PowerManagerService: UL_Power mReadyToBgReport: true
12-13 16:37:18.099  2286  2286 I HwcComposer: AidlComposer set brightness to 0.184860, set brightnessNits to -1.000000
12-13 16:37:18.100  2510  6612 I PowerManagerService: wakeLock.mDisabled:false, mDeviceIdleMode:false, mProcState:10
12-13 16:37:18.101  2510  6612 I PowerManagerService: UL_Power mReadyToBgReport: true
12-13 16:37:18.106  2510  6385 I DisplayManagerService: state: 2, currentState: 2
12-13 16:37:18.108  2510  6612 I PowerManagerService: UL_Power mReadyToBgReport: true
12-13 16:37:18.108  2286  6283 I SurfaceFlinger: AIDL set brightness to DisplayBrightness{sdrWhitePoint: 0.184127, sdrWhitePointNits: -1.000000, displayBrightness: 0.184127, displayBrightnessNits: -1.000000, localBrightness: 0.195788, localBrightnessNits: -1.000000} from pid = 2510
12-13 16:37:18.108  2286  2286 D SurfaceFlinger: Before Extend DC Nits is -1.000000, Brightness is 0.184127
12-13 16:37:18.108  2286  2286 D SurfaceFlinger: After Extend DC Nits is -1.000000, Brightness is 0.184127
12-13 16:37:18.109  2510  6385 I DisplayDeviceConfig: hasSdrToHdrRatioSpline = false
12-13 16:37:18.116  2286  2286 I HwcComposer: AidlComposer set brightness to 0.184127, set brightnessNits to -1.000000
12-13 16:37:18.119  2510  6385 I DisplayManagerService: state: 2, currentState: 2
12-13 16:37:18.119  2143  4070 W ServiceManagerCppClient: Waited one second for vendor.qti.qhcp.IQHDC/default (is service started? Number of threads started in the threadpool: 3. Are binder threads started and available?)
12-13 16:37:18.120  2286  2298 I SurfaceFlinger: AIDL set brightness to DisplayBrightness{sdrWhitePoint: 0.183150, sdrWhitePointNits: -1.000000, displayBrightness: 0.183150, displayBrightnessNits: -1.000000, localBrightness: 0.194883, localBrightnessNits: -1.000000} from pid = 2510
12-13 16:37:18.120  2286  2286 D SurfaceFlinger: Before Extend DC Nits is -1.000000, Brightness is 0.183150
12-13 16:37:18.121  2286  2286 D SurfaceFlinger: After Extend DC Nits is -1.000000, Brightness is 0.183150
12-13 16:37:18.121  2510  6385 I DisplayDeviceConfig: hasSdrToHdrRatioSpline = false
12-13 16:37:18.124   983 31604 W libc    : Unable to set property "ctl.interface_start" to "aidl/vendor.qti.qhcp.IQHDC/default": PROP_ERROR_HANDLE_CONTROL_MESSAGE (0x20)
12-13 16:37:18.132  2286  2286 I HwcComposer: AidlComposer set brightness to 0.183150, set brightnessNits to -1.000000
12-13 16:37:18.136  2510  6385 I DisplayManagerService: state: 2, currentState: 2
12-13 16:37:18.137  2286  2298 I SurfaceFlinger: AIDL set brightness to DisplayBrightness{sdrWhitePoint: 0.182173, sdrWhitePointNits: -1.000000, displayBrightness: 0.182173, displayBrightnessNits: -1.000000, localBrightness: 0.193977, localBrightnessNits: -1.000000} from pid = 2510
12-13 16:37:18.137  2286  2286 D SurfaceFlinger: Before Extend DC Nits is -1.000000, Brightness is 0.182173
12-13 16:37:18.137  2286  2286 D SurfaceFlinger: After Extend DC Nits is -1.000000, Brightness is 0.182173
12-13 16:37:18.138  2510  6385 I DisplayDeviceConfig: hasSdrToHdrRatioSpline = false
12-13 16:37:18.148  2286  2286 I HwcComposer: AidlComposer set brightness to 0.182173, set brightnessNits to -1.000000
12-13 16:37:18.152  2510  6385 I DisplayManagerService: state: 2, currentState: 2
12-13 16:37:18.154  2286  2403 I SurfaceFlinger: AIDL set brightness to DisplayBrightness{sdrWhitePoint: 0.181197, sdrWhitePointNits: -1.000000, displayBrightness: 0.181197, displayBrightnessNits: -1.000000, localBrightness: 0.193072, localBrightnessNits: -1.000000} from pid = 2510
12-13 16:37:18.154  2286  2286 D SurfaceFlinger: Before Extend DC Nits is -1.000000, Brightness is 0.181197
12-13 16:37:18.154  2286  2286 D SurfaceFlinger: After Extend DC Nits is -1.000000, Brightness is 0.181197
12-13 16:37:18.155  2510  6385 I DisplayDeviceConfig: hasSdrToHdrRatioSpline = false
12-13 16:37:18.158  2510  6612 I PowerManagerService: UL_Power mReadyToBgReport: true
12-13 16:37:18.159  2510  6612 I PowerManagerService: need release WakeLockSuspendBlocker
12-13 16:37:18.159  2510  6612 I PowerManagerService: Releasing suspend blocker "PowerManagerService.WakeLocks".
12-13 16:37:18.159  2510  6612 I power   : release wakelock: PowerManagerService.WakeLocks
