12-13 17:21:16.563  1242  7108 I android.system.suspend-service: incSuspendCounter++ success,name:PowerManagerService.WakeLocks mUseSuspendCounter:1 mSuspendCounter:0: Success
12-13 17:21:16.563  2510  2787 D HwMultiWindowManager: setParticialSplitScreenStatus: status=false, partialSplitTaskId=-1
12-13 17:21:16.565  2510  7091 I power   : acquire wakelock: PowerManagerService.WakeLocks
12-13 17:21:16.566  2510  2783 V WindowManager: Sent Transition (#15983) createdAt=12-13 17:21:16.559 via request=TransitionRequestInfo { type = SLEEP, triggerTask = null, pipTask = null, remoteTransition = null, displayChange = null, flags = 0, debugId = 15983, displayMode = 0, hnTransitionRequestInfoEx = HnTransitionRequestInfoEx { isAllowAsyncStartTransitionfalsemIsCrossAppLaunchfalse} }
12-13 17:21:16.566  2510  2783 V WindowManager:     startWCT=null
12-13 17:21:16.566  6493  6736 V WindowManagerShell: onTransitionReady(transaction=10780368739683)
12-13 17:21:16.566  2510  2783 V WindowManager:     info={id=15983 t=SLEEP f=0x40 trk=0 includeEmbeddedWindow=false isKeyGuardLocked=true r=[] c=[]}
12-13 17:21:16.571  2510  7084 W WMTransition: Transition already started id=15983 state=2
12-13 17:21:16.572  6493  6605 V WindowManagerShell: onTransitionReady android.os.BinderProxy@3354f19: {id=15983 t=SLEEP f=0x40 trk=0 includeEmbeddedWindow=false isKeyGuardLocked=true r=[] c=[]}
12-13 17:21:16.572  6493  6605 I WindowManagerShell: No transition roots in (#15983) android.os.BinderProxy@3354f19@0 so abort
12-13 17:21:16.573  6493  6605 I ShellTransitions: Transition ready: (#15983) android.os.BinderProxy@3354f19@0 abort? true and playing: null
12-13 17:21:16.574  6493  6605 I ShellTransitions: Active animation finished=(#15983) android.os.BinderProxy@3354f19@0, merged=null, aborted=true
12-13 17:21:16.574  6493  6605 I HnFreeformController: freeform_tag, removeRecentsTransition: android.os.BinderProxy@3354f19
12-13 17:21:16.574  6493  6605 I HnFreeformController: freeform_tag, setRecentsTransitionToHome transition: android.os.BinderProxy@3354f19, toHome: false
12-13 17:21:16.574  6493  6605 V WindowManagerShell: Transition animation finished (aborted=true), notifying core (#15983) android.os.BinderProxy@3354f19@0
12-13 17:21:16.576  2510  2579 I TransitionController: finishTransition TransitionRecord{7b885c5 id=15983 type=SLEEP flags=0x40}
12-13 17:21:16.576  2510  7091 I PowerManagerService: wakeLock.mDisabled:false, mDeviceIdleMode:false, mProcState:0
12-13 17:21:16.577  2253  2375 E ANDR-PERF-UTIL: ANDR-PERF-UTIL: change_node_val() 319: Failed to update node /sys/class/kgsl/kgsl-3d0/touch_wake with value 1
12-13 17:21:16.577  2253  2375 E ANDR-PERF-RESOURCEQS: ANDR-PERF-RESOURCEQS: AddAndApply() 167: Failed to apply optimization [10, 13]
12-13 17:21:16.577  2510  2579 D HnMultiWindowAnimation: getDoingHnAnimType: 0
12-13 17:21:16.577  2510  2579 E HWMW_HwMagicWindowManagerImpl: service has not been started
12-13 17:21:16.577  2286  2426 I Scheduler: idleTimerCallback timer change to TimerState: Reset
12-13 17:21:16.578  2510  2783 V WindowManager: Finish Transition (#15983): created at 12-13 17:21:16.559 collect-started=0.768ms request-sent=0.977ms started=2.607ms ready=2.596ms sent=3.273ms finished=16.362ms
12-13 17:21:16.578  6493  6605 I WindowManagerShell: Track 0 became idle
12-13 17:21:16.578  6493  6605 I WindowManagerShell: All active transition animations finished
12-13 17:21:16.579  2510  7084 I BLASTSyncEngine: transaction commit callback: 15983
12-13 17:21:16.579  2510  7091 W ProcBatteryStats: timer is running , not start, name: com.android.phone, uid: 1001, tag: *telephony-radio*
12-13 17:21:16.581  2510  7087 W UserManagerService: Requested status bar icon for non-badged user 0
12-13 17:21:16.582  6822  7313 I NetworkQoe: sendWifiParaCollectCmdToKernel:wifiType = 21
12-13 17:21:16.585  6822  7313 E Booster_Jni: NetlinkInitCant:create netlink socket,error:Protocol not supported
12-13 17:21:16.585  6822  7313 E Booster_Jni: sendDataToKernel:socket open fail
12-13 17:21:16.585  6822  7313 E Booster_Jni: NetlinkInitCant:create netlink socket,error:Protocol not supported
12-13 17:21:16.586  6822  7313 E Booster_Jni: sendDataToKernel:socket open fail
12-13 17:21:16.586  6822  7313 E Booster_Jni: NetlinkInitCant:create netlink socket,error:Protocol not supported
12-13 17:21:16.586  6822  7313 E Booster_Jni: sendDataToKernel:socket open fail
12-13 17:21:16.586  6822  7313 I NetworkQoe: sendAppListToKernel, app cnt is 3
12-13 17:21:16.586  6822  7313 I FiQoeManager: stopAllFi. reason: 12
12-13 17:21:16.586  6822  7313 D NetworkQoeSample: onActivityStateChanged no info changed
12-13 17:21:16.586  6822  7313 E Booster_Jni: NetlinkInitCant:create netlink socket,error:Protocol not supported
12-13 17:21:16.586  6822  7313 E Booster_Jni: sendDataToKernel:socket open fail
12-13 17:21:16.586  6822  7313 I NetworkQoe: sendAppListToKernel, app cnt is 3
12-13 17:21:16.586  6822  7313 I FiQoeManager: stopAllFi. reason: 12
12-13 17:21:16.586  6822  7313 D NetworkQoeSample: onActivityStateChanged no info changed
12-13 17:21:16.587  6822  7313 I DataDecisionManager: handleQoeActiveStateChange, qoe active is idle.
12-13 17:21:16.588  2510  2579 W ProcBatteryStats: timer is not running , not stop, name: com.android.phone, uid: 1001, tag: *telephony-radio*
12-13 17:21:16.590  2510  2579 I PowerManagerService: need release WakeLockSuspendBlocker
12-13 17:21:16.590  2510  2579 I PowerManagerService: Releasing suspend blocker "PowerManagerService.WakeLocks".
12-13 17:21:16.591  2510  2579 I power   : release wakelock: PowerManagerService.WakeLocks
12-13 17:21:16.591  1242  7108 I android.system.suspend-service: decSuspendCounter-- success,name:PowerManagerService.WakeLocks mUseSuspendCounter:1 mSuspendCounter:1: Success
12-13 17:21:16.593  2286  2286 I Scheduler: applyPolicy: scored layer size: 1
12-13 17:21:16.593  6493  6493 W DisabledFeatureUtils: Dis-Feature : 0
12-13 17:21:16.593  2286  2286 I Scheduler: applyPolicy: layerName NotificationShade#213905, type Default, desiredRefreshRate 60.00
12-13 17:21:16.593  6493  6493 W LockIcon: getState 3 <-> 0; fp running true
12-13 17:21:16.594  6493  6493 E KgIndColor: color2:fg:f2ffffff, bg:66000000, shadow:0,textColor:ffffffff,mTextView:Use your fingerprint or swipe up to unlock
12-13 17:21:16.594  6493  6493 E ClockFileHelper: readJsonFromFile file not found:/data/themes/0/keyguard_clock_style.json
12-13 17:21:16.596  6493  6493 W LockIcon: update state from 3 -->. 3
12-13 17:21:16.596  6493  6493 W LockIcon: cancelSuccAnimation
12-13 17:21:16.597  6493  6493 E KgIndColor: mTextView:Use your fingerprint or swipe up to unlock
12-13 17:21:16.597  6493  6493 W DisabledFeatureUtils: Dis-Feature : 0
12-13 17:21:16.597  6493  6493 W LockIcon: getState 3 <-> 0; fp running true
12-13 17:21:16.603  2253  2375 E ANDR-PERF-UTIL: ANDR-PERF-UTIL: change_node_val() 319: Failed to update node /sys/class/kgsl/kgsl-3d0/touch_wake with value 0
12-13 17:21:16.604  2253  2375 E ANDR-PERF-RESOURCEQS: ANDR-PERF-RESOURCEQS: RemoveAndApply() 292: Failed to reset optimization here [10, 13]
12-13 17:21:16.640 26180 26180 D BoundBrokerSvc: onRebind: Intent { act=com.google.android.gms.libs.gmscorelogger.service.START dat=chimera-action:/... cmp=com.google.android.gms/.chimera.PersistentDirectBootAwareApiService }
12-13 17:21:16.779  2286  2426 I Scheduler: idleTimerCallback timer change to TimerState: Expired
12-13 17:21:16.820  2510  6210 E HwQoEJNI: sendQoeCmd. open monitor_fd error
12-13 17:21:16.853  2510  2784 I WifiEnhanceMonitor: notifyUidStateChanged
12-13 17:21:16.854  2278 13557 D AudioPolicyService: getUidState(10162) !cacheIter->second.first, return PROCESS_STATE_UNKNOWN
12-13 17:21:16.855  2278  2278 D AudioPolicyService: getUidState(10162) !cacheIter->second.first, return PROCESS_STATE_UNKNOWN
12-13 17:21:16.893  2141 18029 I vendor.qti.bluetooth@1.0-ibs_handler: DeviceSleep: TX Awake, Sending SLEEP_IND
12-13 17:21:16.894  2141 18029 D vendor.qti.bluetooth@1.0-ibs_handler: SerialClockVote: vote for UART CLK OFF
12-13 17:21:16.920  2253  2377 W ServiceManagerCppClient: Waited one second for vendor.qti.qhcp.IQHDC/default (is service started? Number of threads started in the threadpool: 2. Are binder threads started and available?)
12-13 17:21:16.925   983 19207 W libc    : Unable to set property "ctl.interface_start" to "aidl/vendor.qti.qhcp.IQHDC/default": PROP_ERROR_HANDLE_CONTROL_MESSAGE (0x20)
12-13 17:21:17.045  2141 18020 D vendor.qti.bluetooth@1.0-wake_lock: Release wakelock is released 
12-13 17:21:17.196  9043  9043 I wpa_supplicant: nl80211: vendor command vendor_id=4980, subcmd=13
12-13 17:21:17.203  2710  2710 I cnss-daemon: nl80211 response handler invoked
12-13 17:21:17.204  8927  8995 I WifiHAL : event received NL80211_CMD_VENDOR, vendor_id = 0x1374, subcmd = 0xd
12-13 17:21:17.204  2710  2710 I cnss-daemon: nl80211_response_handler: cmd 103, vendorID 4980, subcmd 13  received
12-13 17:21:17.206  9043  9043 I wpa_supplicant: nl80211: Ignore unsupported QCA vendor event 13
12-13 17:21:17.301  2152 15304 I sensors-hal: handle_sns_client_event:442, accel_sample(accelcal_available:0): ts=2205137564159077 ns; value = [0.210838, 0.223910, 9.594294], status=3
12-13 17:21:17.328  2510  2784 I WifiEnhanceMonitor: notifyUidStateChanged
12-13 17:21:17.330  2278  2278 D AudioPolicyService: getUidState(10121) cacheIter->second.first, return cacheIter->second.second(6)
12-13 17:21:17.332  2621 27202 I CameraService: onUidStateChanged: packageName: com.hihonor.android.launcher, uid: 10121, procState: 5
12-13 17:21:17.334  2510  2784 I WifiEnhanceMonitor: notifyUidStateChanged
12-13 17:21:17.339  2510  6343 I MR2ServiceImpl: Updating composite discovery preference | preference: RouteDiscoveryRequest{ preferredFeatures={}, activeScan=false }, active routers: []
12-13 17:21:17.341  2278  2278 D AudioPolicyService: getUidState(10090) cacheIter->second.first, return cacheIter->second.second(1)
12-13 17:21:17.344  2621 27202 I CameraService: onUidStateChanged: packageName: com.android.systemui, uid: 10090, procState: 5
12-13 17:21:17.373  6493  6600 W ExHandler: BgThread running too long, use 13 { when=-15ms callback=com.hihonor.keyguard.support.OucScreenOnCounter$OucTrigger target=com.hihonor.keyguard.basetype.ExHandler }
12-13 17:21:17.440  2510  2793 I AppEyeFwkBlock: do monitor
12-13 17:21:17.506  2143  4070 W ServiceManagerCppClient: Waited one second for vendor.qti.qhcp.IQHDC/default (is service started? Number of threads started in the threadpool: 3. Are binder threads started and available?)
12-13 17:21:17.509   983 19208 W libc    : Unable to set property "ctl.interface_start" to "aidl/vendor.qti.qhcp.IQHDC/default": PROP_ERROR_HANDLE_CONTROL_MESSAGE (0x20)
12-13 17:21:17.568  6647  6647 I AwareBitmapCacher: handleReleaseCache: pid=6647
12-13 17:21:17.568  6647  6647 I AwareBitmapCacher: init lrucache size: 2097152 pid=6647
12-13 17:21:17.792 19092 19092 I AwareBitmapCacher: init lrucache size: 2097152 pid=19092
12-13 17:21:17.793 19092 19092 V Resource: printErrorResource, maybe not an error because module has entative action to load resource.
12-13 17:21:17.836  2510  4794 D ActivityManager: freezing 18435 com.google.android.googlequicksearchbox:search
12-13 17:21:17.922  2253  2377 W ServiceManagerCppClient: Waited one second for vendor.qti.qhcp.IQHDC/default (is service started? Number of threads started in the threadpool: 2. Are binder threads started and available?)
12-13 17:21:17.928   983 19209 W libc    : Unable to set property "ctl.interface_start" to "aidl/vendor.qti.qhcp.IQHDC/default": PROP_ERROR_HANDLE_CONTROL_MESSAGE (0x20)
12-13 17:21:18.005  2510  8619 I DcUtils : handle msg, IdleState: MSG_SCREEN_OFF_CHECK
12-13 17:21:18.048  6822  7313 I Linkturbo_XEngineProc: handleScreenStatusChanged. type: 7
12-13 17:21:18.223 26180 26180 D BoundBrokerSvc: onUnbind: Intent { act=com.google.android.gms.common.telemetry.service.START dat=chimera-action:/... cmp=com.google.android.gms/.chimera.PersistentApiService }
12-13 17:21:18.225  2510  6242 D InetDiagMessage: Destroyed 0 sockets, proto=IPPROTO_TCP, family=AF_INET, states=14
12-13 17:21:18.229  2510  6242 D InetDiagMessage: Destroyed 0 sockets, proto=IPPROTO_TCP, family=AF_INET6, states=14
12-13 17:21:18.230  2510  6242 D InetDiagMessage: Destroyed live tcp sockets for uids={10296} in 10ms
12-13 17:21:18.234  2510  6242 D InetDiagMessage: Destroyed 0 sockets, proto=IPPROTO_TCP, family=AF_INET, states=14
12-13 17:21:18.238  2510  6242 D InetDiagMessage: Destroyed 0 sockets, proto=IPPROTO_TCP, family=AF_INET6, states=14
12-13 17:21:18.239  2510  6242 D InetDiagMessage: Destroyed live tcp sockets for uids={20296} in 8ms
12-13 17:21:18.486 24711 24741 E bms_file: file /sys/class/hw_power/charger/direct_charger/direct_charge_succ is invalid
12-13 17:21:18.487 24711 24741 E bms_file: file /sys/class/hw_power/charger/direct_charger_hsc/direct_charge_succ is invalid
12-13 17:21:18.489 24711 24741 E bms_file: file /sys/class/hw_power/charger/direct_charger/direct_charge_succ is invalid
12-13 17:21:18.490 24711 24741 E bms_file: file /sys/class/hw_power/charger/direct_charger_hsc/direct_charge_succ is invalid
12-13 17:21:18.491 24711 24741 E bms_file: file sys/class/hw_power/adsp_dts is invalid
12-13 17:21:18.492 24711 24741 E bms_file: file /sys/class/backlight/panel1-backlight/brightness is invalid
12-13 17:21:18.495 24711 24741 E bms_file: file /sys/class/hw_power/charger/direct_charger/direct_charge_succ is invalid
12-13 17:21:18.496 24711 24741 E bms_file: file /sys/class/hw_power/charger/direct_charger_hsc/direct_charge_succ is invalid
12-13 17:21:18.497 24711 24741 E bms_file: file /sys/class/hw_power/charger/direct_charger/direct_charge_succ is invalid
12-13 17:21:18.498 24711 24741 E bms_file: file /sys/class/hw_power/charger/direct_charger_hsc/direct_charge_succ is invalid
12-13 17:21:18.508  2143  4070 W ServiceManagerCppClient: Waited one second for vendor.qti.qhcp.IQHDC/default (is service started? Number of threads started in the threadpool: 3. Are binder threads started and available?)
12-13 17:21:18.509 24711 24741 E bms_file: file /sys/class/hw_power/charger/direct_charger/direct_charge_succ is invalid
12-13 17:21:18.510 24711 24741 E bms_file: file /sys/class/hw_power/charger/direct_charger_hsc/direct_charge_succ is invalid
12-13 17:21:18.510 24711 24741 E bms_file: file /sys/class/hw_power/charger/charge_data/iin_thermal is invalid
12-13 17:21:18.510 24711 24741 I bms_behavior: monitor interval count 646
12-13 17:21:18.514   983 19210 W libc    : Unable to set property "ctl.interface_start" to "aidl/vendor.qti.qhcp.IQHDC/default": PROP_ERROR_HANDLE_CONTROL_MESSAGE (0x20)
12-13 17:21:18.552  6777  7976 I InactiveClean: start clean inactive apps
12-13 17:21:18.559  6777  7976 I InactiveClean: cleanInactiveApp: frequentUsedApps: [com.whatsapp, com.facebook.katana, com.resultmarketing.whatscard, com.android.vending, com.instagram.android]
12-13 17:21:18.925  2253  2377 W ServiceManagerCppClient: Waited one second for vendor.qti.qhcp.IQHDC/default (is service started? Number of threads started in the threadpool: 2. Are binder threads started and available?)
12-13 17:21:18.930   983 19212 W libc    : Unable to set property "ctl.interface_start" to "aidl/vendor.qti.qhcp.IQHDC/default": PROP_ERROR_HANDLE_CONTROL_MESSAGE (0x20)
12-13 17:21:19.202  9043  9043 I wpa_supplicant: nl80211: vendor command vendor_id=4980, subcmd=13
12-13 17:21:19.208  8927  8995 I WifiHAL : event received NL80211_CMD_VENDOR, vendor_id = 0x1374, subcmd = 0xd
12-13 17:21:19.208  2710  2710 I cnss-daemon: nl80211 response handler invoked
12-13 17:21:19.209  2710  2710 I cnss-daemon: nl80211_response_handler: cmd 103, vendorID 4980, subcmd 13  received
12-13 17:21:19.209  9043  9043 I wpa_supplicant: nl80211: Ignore unsupported QCA vendor event 13
12-13 17:21:19.511  2143  4070 W ServiceManagerCppClient: Waited one second for vendor.qti.qhcp.IQHDC/default (is service started? Number of threads started in the threadpool: 3. Are binder threads started and available?)
12-13 17:21:19.523   983 19213 W libc    : Unable to set property "ctl.interface_start" to "aidl/vendor.qti.qhcp.IQHDC/default": PROP_ERROR_HANDLE_CONTROL_MESSAGE (0x20)
12-13 17:21:19.740  2510  4682 I HwBatteryService: power_ui state= 1 mQuickChargeStatus=1
12-13 17:21:19.741  2510  4682 I HwBatteryService: handleWirelessTxStatus
12-13 17:21:19.741  2510  4682 I HwBatteryService: switch not open, return, mWirelessTxFlag : 0
12-13 17:21:19.741  2510  4682 W HwBatteryService: need return. Invalid value: -1
12-13 17:21:19.741  2510  4682 D HwBatteryService: setHwChargeTimeRemaining, time = -1 String time: -1
12-13 17:21:19.753  2510  2579 I BatteryService: Processing new values: info={chargerAcOnline=false,chargerUsbOnline=true,chargerWirelessOnline=false,maxChargingCurrent=500000,maxChargingVoltage=5000000,batteryStatus=2=CHARGING,batteryHealth=2=GOOD,batteryPresent=true,batteryLevel=66,batteryVoltage=4086,batteryTemperature=323,batteryFullCharge=6590000,batteryChargeCounter=3500000,batteryTechnology=Unknown,batteryCapacityLevel=3=NORMAL,chargerDockOnline=false}, mBatteryLevelCritical=false, mPlugType=2, mLastPlugType=2
12-13 17:21:19.754  2510  2579 I BatteryService: check conditions changed
12-13 17:21:19.758  2510  2579 I BatteryService: Processing new values: info={chargerAcOnline=false,chargerUsbOnline=true,chargerWirelessOnline=false,maxChargingCurrent=500000,maxChargingVoltage=5000000,batteryStatus=2=CHARGING,batteryHealth=2=GOOD,batteryPresent=true,batteryLevel=66,batteryVoltage=4086,batteryTemperature=323,batteryFullCharge=6590000,batteryChargeCounter=3500000,batteryTechnology=Unknown,batteryCapacityLevel=3=NORMAL,chargerDockOnline=false}, mBatteryLevelCritical=false, mPlugType=2, mLastPlugType=2
12-13 17:21:19.758  2510  2579 I BatteryService: check conditions changed
12-13 17:21:19.835  2510  6210 E HwQoEJNI: sendQoeCmd. open monitor_fd error
12-13 17:21:19.928  2253  2377 W ServiceManagerCppClient: Waited one second for vendor.qti.qhcp.IQHDC/default (is service started? Number of threads started in the threadpool: 2. Are binder threads started and available?)
12-13 17:21:19.933   983 19214 W libc    : Unable to set property "ctl.interface_start" to "aidl/vendor.qti.qhcp.IQHDC/default": PROP_ERROR_HANDLE_CONTROL_MESSAGE (0x20)
12-13 17:21:20.212  2510  7087 I AlarmManager: remove alarm reason:1 alarms:[Alarm{e5b2c27 type 3 origWhen 317565133541 whenElapsed 317565133541 PendingIntent{341984f: PendingIntentRecord{b701bdc com.google.android.gms/com.google.android.gms.container startService}} com.google.android.gms procName com.google.android.gms.persistent}]
12-13 17:21:20.514  2143  4070 W ServiceManagerCppClient: Waited one second for vendor.qti.qhcp.IQHDC/default (is service started? Number of threads started in the threadpool: 3. Are binder threads started and available?)
12-13 17:21:20.521   983 19215 W libc    : Unable to set property "ctl.interface_start" to "aidl/vendor.qti.qhcp.IQHDC/default": PROP_ERROR_HANDLE_CONTROL_MESSAGE (0x20)
12-13 17:21:20.869  2652  2702 I hwpged  : ZRAM:ScreenOff screen off!
12-13 17:21:20.878  2652  2702 E AwareLog: iawared: ChangePropertyContent open /dev/cpuset/foreground/boost/cpus fail errno(2)!
12-13 17:21:20.881  2510  4859 W Process : Unable to open /proc/-1/status
12-13 17:21:20.884  2510  4859 D HwActivityManagerServiceEx: notifyAppToTop pid:6493, enable:0
12-13 17:21:20.888  6493  6493 I RmeSchedManager: init Rme, version is: v1.0
12-13 17:21:20.888  6493  6493 D RtgSched: resetRtgSchedHandle failed enable:0
12-13 17:21:20.928  2510  2853 D ZrHung.AppEyeTransparentWindow: handleMessage CHECK_TRANS_WINDOW_ERROR_MSG
12-13 17:21:20.931  2253  2377 W ServiceManagerCppClient: Waited one second for vendor.qti.qhcp.IQHDC/default (is service started? Number of threads started in the threadpool: 2. Are binder threads started and available?)
12-13 17:21:20.937   983 19216 W libc    : Unable to set property "ctl.interface_start" to "aidl/vendor.qti.qhcp.IQHDC/default": PROP_ERROR_HANDLE_CONTROL_MESSAGE (0x20)
12-13 17:21:21.050  6822  7313 I SmartDualCardTrafficManager: processScreenOffTimeOut, stop slave data flow check timer
12-13 17:21:21.050  6822  7313 I SmartDualCardSM: IdleState:got msg.what=EVENT_SCREEN_OFF_TIMEOUT
12-13 17:21:21.208  9043  9043 I wpa_supplicant: nl80211: vendor command vendor_id=4980, subcmd=13
12-13 17:21:21.210  2634  2634 E Thermal-daemon:hn_thermal: [shell_frame] tempNew :32  tempOld :33
12-13 17:21:21.216  2710  2710 I cnss-daemon: nl80211 response handler invoked
12-13 17:21:21.216  2710  2710 I cnss-daemon: nl80211_response_handler: cmd 103, vendorID 4980, subcmd 13  received
12-13 17:21:21.216  8927  8995 I WifiHAL : event received NL80211_CMD_VENDOR, vendor_id = 0x1374, subcmd = 0xd
12-13 17:21:21.218  9043  9043 I wpa_supplicant: nl80211: Ignore unsupported QCA vendor event 13
12-13 17:21:21.518  2143  4070 W ServiceManagerCppClient: Waited one second for vendor.qti.qhcp.IQHDC/default (is service started? Number of threads started in the threadpool: 3. Are binder threads started and available?)
12-13 17:21:21.524   983 19217 W libc    : Unable to set property "ctl.interface_start" to "aidl/vendor.qti.qhcp.IQHDC/default": PROP_ERROR_HANDLE_CONTROL_MESSAGE (0x20)
12-13 17:21:21.935  2253  2377 W ServiceManagerCppClient: Waited one second for vendor.qti.qhcp.IQHDC/default (is service started? Number of threads started in the threadpool: 2. Are binder threads started and available?)
12-13 17:21:21.941   983 19218 W libc    : Unable to set property "ctl.interface_start" to "aidl/vendor.qti.qhcp.IQHDC/default": PROP_ERROR_HANDLE_CONTROL_MESSAGE (0x20)
12-13 17:21:22.522  2143  4070 W ServiceManagerCppClient: Waited one second for vendor.qti.qhcp.IQHDC/default (is service started? Number of threads started in the threadpool: 3. Are binder threads started and available?)
12-13 17:21:22.525  2510  2795 W Watchdog: waitState=[0] waitedHalf=[false]
12-13 17:21:22.526  2510  2795 W Watchdog: watchdogKick kickCounter=[150]
12-13 17:21:22.526  2510  2795 I AES     : hangdetect userpet kick to kernel
12-13 17:21:22.527   983 19219 W libc    : Unable to set property "ctl.interface_start" to "aidl/vendor.qti.qhcp.IQHDC/default": PROP_ERROR_HANDLE_CONTROL_MESSAGE (0x20)
12-13 17:21:22.528  2510  2782 I InputReader: monitor lock
12-13 17:21:22.528  2510  2782 I EventHub: wake() called
12-13 17:21:22.529  2510  2782 I EventHub: monitor lock
12-13 17:21:22.848  2510  6210 E HwQoEJNI: sendQoeCmd. open monitor_fd error
12-13 17:21:22.938  2253  2377 W ServiceManagerCppClient: Waited one second for vendor.qti.qhcp.IQHDC/default (is service started? Number of threads started in the threadpool: 2. Are binder threads started and available?)
12-13 17:21:22.944   983 19220 W libc    : Unable to set property "ctl.interface_start" to "aidl/vendor.qti.qhcp.IQHDC/default": PROP_ERROR_HANDLE_CONTROL_MESSAGE (0x20)
12-13 17:21:23.195  2510  6210 I WifiNetworkStatsMonitor: total/0/0,unknown:0/0/0,com.autocountsoft.payroll/0/0,unknown:-5/0/0,com.hihonor.mediamaterial/0/0,authenticator.two.factor.authentication.otp/0/0,com.hihonor.android.launcher/0/0,com.openai.chatgpt/0/0,com.cimb.cimbocto/0/0,com.klikasia.klik.android/0/0,com.hihonor.securitypluginbase/0/0
12-13 17:21:23.196  2510  6210 D WifiEnhanceHomeFenceMonitor: registerHomeAwarenessFence, register back home fence.
12-13 17:21:23.196  2510  6210 I WifiEnhanceHomeFenceMonitor: processBackHomeFence, add back home fence , id : WifiEnhanceHomeFenceMonitor_backHomeFence
12-13 17:21:23.197  2510  6210 D WifiEnhanceHomeFenceMonitor: registerHomeAwarenessFence, register leave home fence.
12-13 17:21:23.197  2510  6210 I WifiEnhanceHomeFenceMonitor: processLeaveHomeFence, add leave home fence , id : WifiEnhanceHomeFenceMonitor_leaveHomeFence
12-13 17:21:23.197  2510  8336 I AwarenessClient: wait result,type=register_fence_by_listener,rId=5add5e98-c665-45f8-9f2e-76b9488f68f9,key=WifiEnhanceHomeFenceMonitor_backHomeFence,isNeedCache=true,sysApp=true
12-13 17:21:23.199 23707  2954 I AWARENESS_E_D_P: regByListener rId=5add5e98-c665-45f8-9f2e-76b9488f68f9,key=WifiEnhanceHomeFenceMonitor_backHomeFence
12-13 17:21:23.199 23707 23896 I AWARENESS_MFenceFF: c:LocationFence
12-13 17:21:23.200 23707 23896 I AWARENESS_MFenceFF: not support fence, LocationFence
12-13 17:21:23.200  2510  8336 I AwarenessClient: wait result,type=register_fence_by_listener,rId=70671573-cfa8-4a5f-9dcf-f8f4ddb1fbcb,key=WifiEnhanceHomeFenceMonitor_leaveHomeFence,isNeedCache=true,sysApp=true
12-13 17:21:23.200 23707 23896 E AWARENESS_ManagedFenceList: createFence fail, AwarenessFence{key='WifiEnhanceHomeFenceMonitor_backHomeFence', type='LocationFence}
12-13 17:21:23.200 23707  2954 I AWARENESS_E_D_P: regByListener rId=70671573-cfa8-4a5f-9dcf-f8f4ddb1fbcb,key=WifiEnhanceHomeFenceMonitor_leaveHomeFence
12-13 17:21:23.201 23707 23925 I AWARENESS_MFenceFF: c:LocationFence
12-13 17:21:23.201 23707 23925 I AWARENESS_MFenceFF: not support fence, LocationFence
12-13 17:21:23.201  2510  8336 I WifiEnhanceHomeFenceMonitor: mHomeFenceConnectListener, on result, key = WifiEnhanceHomeFenceMonitor_backHomeFence , code = 0
12-13 17:21:23.201 23707 23925 E AWARENESS_ManagedFenceList: createFence fail, AwarenessFence{key='WifiEnhanceHomeFenceMonitor_leaveHomeFence', type='LocationFence}
12-13 17:21:23.201  2510  8336 I AwarenessClient: handle wait rm for WifiEnhanceHomeFenceMonitor_backHomeFence
12-13 17:21:23.201  2510  8336 I AwarenessClient: dispatch no cached for WifiEnhanceHomeFenceMonitor_backHomeFence
12-13 17:21:23.201 23707 23896 I AWARENESS_D_P_InquiryProviderCallExecMethod: invoke begin, calling pkg name: com.hihonor.awareness
12-13 17:21:23.201  2510  8336 I WifiEnhanceHomeFenceMonitor: mHomeFenceConnectListener, on result, key = WifiEnhanceHomeFenceMonitor_leaveHomeFence , code = 0
12-13 17:21:23.201  2510  8336 I AwarenessClient: handle wait rm for WifiEnhanceHomeFenceMonitor_leaveHomeFence
12-13 17:21:23.202 23707 23896 W AWARENESS_D_P_DataQueryComponentContainer: null supplier for: queryCityCode
12-13 17:21:23.202  2510  8336 I AwarenessClient: dispatch no cached for WifiEnhanceHomeFenceMonitor_leaveHomeFence
12-13 17:21:23.202 23707 23896 I AWARENESS_D_P_InquiryProviderCallExecMethod: invoke duration is 1
12-13 17:21:23.202 23707 23896 W Intelli_Analytics_DpIQCacheHelper: inquiry value is null or invalid, refuse update cache
12-13 17:21:23.202 23707 23925 I AWARENESS_D_P_InquiryProviderCallExecMethod: invoke begin, calling pkg name: com.hihonor.awareness
12-13 17:21:23.202 23707 23925 W AWARENESS_D_P_DataQueryComponentContainer: null supplier for: queryCityCode
12-13 17:21:23.203 23707 23925 I AWARENESS_D_P_InquiryProviderCallExecMethod: invoke duration is 0
12-13 17:21:23.203 23707 23925 W Intelli_Analytics_DpIQCacheHelper: inquiry value is null or invalid, refuse update cache
12-13 17:21:23.212  9043  9043 I wpa_supplicant: nl80211: vendor command vendor_id=4980, subcmd=13
12-13 17:21:23.217  2710  2710 I cnss-daemon: nl80211 response handler invoked
12-13 17:21:23.217  8927  8995 I WifiHAL : event received NL80211_CMD_VENDOR, vendor_id = 0x1374, subcmd = 0xd
12-13 17:21:23.217  2710  2710 I cnss-daemon: nl80211_response_handler: cmd 103, vendorID 4980, subcmd 13  received
12-13 17:21:23.218  9043  9043 I wpa_supplicant: nl80211: Ignore unsupported QCA vendor event 13
12-13 17:21:23.223  2510  4794 D ActivityManager: freezing 19092 todolist.scheduleplanner.dailyplanner.todo.reminders
12-13 17:21:23.230  2510  6242 D InetDiagMessage: Destroyed 0 sockets, proto=IPPROTO_TCP, family=AF_INET, states=14
12-13 17:21:23.232  2510  6242 D InetDiagMessage: Destroyed 0 sockets, proto=IPPROTO_TCP, family=AF_INET6, states=14
12-13 17:21:23.232  2510  6242 D InetDiagMessage: Destroyed live tcp sockets for uids={10296} in 5ms
12-13 17:21:23.290  2152 15304 I sensors-hal: handle_sns_client_event:442, accel_sample(accelcal_available:0): ts=2205143552995900 ns; value = [0.246071, 0.211216, 9.583408], status=3
12-13 17:21:23.361  2510  2571 I system_server: Background young concurrent mark compact GC freed 23MB AllocSpace bytes, 76(1796KB) LOS objects, 18% free, 104MB/128MB, paused 2.194ms,12.222ms total 175.930ms
12-13 17:21:23.369  2510  2573 W System  : A resource failed to call HardwareBuffer.close. 
12-13 17:21:23.370  2510  2573 W System  : A resource failed to call HardwareBuffer.close. 
12-13 17:21:23.441  2510  2793 I AppEyeFwkBlock: do monitor
12-13 17:21:23.515 24711 24741 E bms_file: file /sys/class/hw_power/charger/direct_charger/direct_charge_succ is invalid
12-13 17:21:23.516 24711 24741 E bms_file: file /sys/class/hw_power/charger/direct_charger_hsc/direct_charge_succ is invalid
12-13 17:21:23.518 24711 24741 E bms_file: file /sys/class/hw_power/charger/direct_charger/direct_charge_succ is invalid
12-13 17:21:23.519 24711 24741 E bms_file: file /sys/class/hw_power/charger/direct_charger_hsc/direct_charge_succ is invalid
12-13 17:21:23.520 24711 24741 E bms_file: file sys/class/hw_power/adsp_dts is invalid
12-13 17:21:23.521 24711 24741 E bms_file: file /sys/class/backlight/panel1-backlight/brightness is invalid
12-13 17:21:23.524 24711 24741 E bms_file: file /sys/class/hw_power/charger/direct_charger/direct_charge_succ is invalid
12-13 17:21:23.524  2143  4070 W ServiceManagerCppClient: Waited one second for vendor.qti.qhcp.IQHDC/default (is service started? Number of threads started in the threadpool: 3. Are binder threads started and available?)
12-13 17:21:23.525 24711 24741 E bms_file: file /sys/class/hw_power/charger/direct_charger_hsc/direct_charge_succ is invalid
12-13 17:21:23.526 24711 24741 E bms_file: file /sys/class/hw_power/charger/direct_charger/direct_charge_succ is invalid
12-13 17:21:23.526 24711 24741 E bms_file: file /sys/class/hw_power/charger/direct_charger_hsc/direct_charge_succ is invalid
12-13 17:21:23.528 24711 24741 E bms_file: file /sys/class/hw_power/charger/direct_charger/direct_charge_succ is invalid
12-13 17:21:23.529 24711 24741 E bms_file: file /sys/class/hw_power/charger/direct_charger_hsc/direct_charge_succ is invalid
12-13 17:21:23.529 24711 24741 E bms_file: file /sys/class/hw_power/charger/charge_data/iin_thermal is invalid
12-13 17:21:23.530   983 19221 W libc    : Unable to set property "ctl.interface_start" to "aidl/vendor.qti.qhcp.IQHDC/default": PROP_ERROR_HANDLE_CONTROL_MESSAGE (0x20)
12-13 17:21:23.530 24711 24741 I bms_behavior: monitor interval count 647
12-13 17:21:23.941  2253  2377 W ServiceManagerCppClient: Waited one second for vendor.qti.qhcp.IQHDC/default (is service started? Number of threads started in the threadpool: 2. Are binder threads started and available?)
12-13 17:21:23.952   983 19222 W libc    : Unable to set property "ctl.interface_start" to "aidl/vendor.qti.qhcp.IQHDC/default": PROP_ERROR_HANDLE_CONTROL_MESSAGE (0x20)
12-13 17:21:24.528  2143  4070 W ServiceManagerCppClient: Waited one second for vendor.qti.qhcp.IQHDC/default (is service started? Number of threads started in the threadpool: 3. Are binder threads started and available?)
12-13 17:21:24.534   983 19223 W libc    : Unable to set property "ctl.interface_start" to "aidl/vendor.qti.qhcp.IQHDC/default": PROP_ERROR_HANDLE_CONTROL_MESSAGE (0x20)
12-13 17:21:24.944  2253  2377 W ServiceManagerCppClient: Waited one second for vendor.qti.qhcp.IQHDC/default (is service started? Number of threads started in the threadpool: 2. Are binder threads started and available?)
12-13 17:21:24.950   983 19225 W libc    : Unable to set property "ctl.interface_start" to "aidl/vendor.qti.qhcp.IQHDC/default": PROP_ERROR_HANDLE_CONTROL_MESSAGE (0x20)
12-13 17:21:25.216  9043  9043 I wpa_supplicant: nl80211: vendor command vendor_id=4980, subcmd=13
12-13 17:21:25.222  2710  2710 I cnss-daemon: nl80211 response handler invoked
12-13 17:21:25.222  2710  2710 I cnss-daemon: nl80211_response_handler: cmd 103, vendorID 4980, subcmd 13  received
12-13 17:21:25.224  8927  8995 I WifiHAL : event received NL80211_CMD_VENDOR, vendor_id = 0x1374, subcmd = 0xd
12-13 17:21:25.226  9043  9043 I wpa_supplicant: nl80211: Ignore unsupported QCA vendor event 13
12-13 17:21:25.531  2143  4070 W ServiceManagerCppClient: Waited one second for vendor.qti.qhcp.IQHDC/default (is service started? Number of threads started in the threadpool: 3. Are binder threads started and available?)
12-13 17:21:25.536   983 19228 W libc    : Unable to set property "ctl.interface_start" to "aidl/vendor.qti.qhcp.IQHDC/default": PROP_ERROR_HANDLE_CONTROL_MESSAGE (0x20)
12-13 17:21:25.671 26180 26201 I NearbyConnections: Client (177324165) 0p:com.google.android.gms.nearby.sharing disconnecting
12-13 17:21:25.672 26180 26201 I Nearby  : (REDACTED) Successfully shutdown executor %s.
12-13 17:21:25.673 26180 12867 I NearbyConnections: Because they unbound from our service, all state for client 177324165 will now be cleaned up.
12-13 17:21:25.689 26180 12867 I Nearby  : (REDACTED) Successfully shutdown executor %s.
12-13 17:21:25.706 26180 12867 I Nearby  : (REDACTED) Successfully shutdown executor %s.
12-13 17:21:25.724 26180 12867 I Nearby  : (REDACTED) Successfully shutdown executor %s.
12-13 17:21:25.726 26180 12867 I Nearby  : (REDACTED) Successfully shutdown executor %s.
12-13 17:21:25.726 26180 12867 I Nearby  : (REDACTED) Successfully shutdown executor %s.
12-13 17:21:25.727 26180 12867 I Nearby  : (REDACTED) Successfully shutdown executor %s.
12-13 17:21:25.728 26180 12867 I Nearby  : (REDACTED) Successfully shutdown executor %s.
12-13 17:21:25.728 26180 12867 I Nearby  : (REDACTED) Successfully shutdown executor %s.
12-13 17:21:25.729 26180 12867 I Nearby  : (REDACTED) Successfully shutdown executor %s.
12-13 17:21:25.743 26180 12867 I Nearby  : (REDACTED) Successfully shutdown executor %s.
12-13 17:21:25.814  6822  7313 I NetworkQoeChr: onQoeStatusEnd
12-13 17:21:25.862  2510  6210 E HwQoEJNI: sendQoeCmd. open monitor_fd error
12-13 17:21:25.947  2253  2377 W ServiceManagerCppClient: Waited one second for vendor.qti.qhcp.IQHDC/default (is service started? Number of threads started in the threadpool: 2. Are binder threads started and available?)
12-13 17:21:25.952   983 19229 W libc    : Unable to set property "ctl.interface_start" to "aidl/vendor.qti.qhcp.IQHDC/default": PROP_ERROR_HANDLE_CONTROL_MESSAGE (0x20)
12-13 17:21:26.025 26180 12867 I NearbyPresence: (REDACTED) %s verified [==] new request %s equals to the old request
12-13 17:21:26.211  2634  2634 E Thermal-daemon:hn_thermal: [ap] tempNew :32  tempOld :33
12-13 17:21:26.371  1247 19188 I keystore2: system/security/keystore2/watchdog/src/lib.rs:319 - Watchdog thread idle -> terminating. Have a great day.
12-13 17:21:26.534  2143  4070 W ServiceManagerCppClient: Waited one second for vendor.qti.qhcp.IQHDC/default (is service started? Number of threads started in the threadpool: 3. Are binder threads started and available?)
12-13 17:21:26.540   983 19230 W libc    : Unable to set property "ctl.interface_start" to "aidl/vendor.qti.qhcp.IQHDC/default": PROP_ERROR_HANDLE_CONTROL_MESSAGE (0x20)
12-13 17:21:26.950  2253  2377 W ServiceManagerCppClient: Waited one second for vendor.qti.qhcp.IQHDC/default (is service started? Number of threads started in the threadpool: 2. Are binder threads started and available?)
12-13 17:21:26.957   983 19231 W libc    : Unable to set property "ctl.interface_start" to "aidl/vendor.qti.qhcp.IQHDC/default": PROP_ERROR_HANDLE_CONTROL_MESSAGE (0x20)
12-13 17:21:27.220  9043  9043 I wpa_supplicant: nl80211: vendor command vendor_id=4980, subcmd=13
12-13 17:21:27.226  2710  2710 I cnss-daemon: nl80211 response handler invoked
12-13 17:21:27.226  8927  8995 I WifiHAL : event received NL80211_CMD_VENDOR, vendor_id = 0x1374, subcmd = 0xd
12-13 17:21:27.227  2710  2710 I cnss-daemon: nl80211_response_handler: cmd 103, vendorID 4980, subcmd 13  received
12-13 17:21:27.227  9043  9043 I wpa_supplicant: nl80211: Ignore unsupported QCA vendor event 13
12-13 17:21:27.538  2143  4070 W ServiceManagerCppClient: Waited one second for vendor.qti.qhcp.IQHDC/default (is service started? Number of threads started in the threadpool: 3. Are binder threads started and available?)
12-13 17:21:27.543   983 19232 W libc    : Unable to set property "ctl.interface_start" to "aidl/vendor.qti.qhcp.IQHDC/default": PROP_ERROR_HANDLE_CONTROL_MESSAGE (0x20)
12-13 17:21:27.911  2510  4682 I HwBatteryService: power_ui state= 1 mQuickChargeStatus=1
12-13 17:21:27.912  2510  4682 I HwBatteryService: handleWirelessTxStatus
12-13 17:21:27.912  2510  4682 I HwBatteryService: switch not open, return, mWirelessTxFlag : 0
12-13 17:21:27.912  2510  4682 W HwBatteryService: need return. Invalid value: -1
12-13 17:21:27.912  2510  4682 D HwBatteryService: setHwChargeTimeRemaining, time = -1 String time: -1
12-13 17:21:27.922  2510  2579 I BatteryService: Processing new values: info={chargerAcOnline=false,chargerUsbOnline=true,chargerWirelessOnline=false,maxChargingCurrent=500000,maxChargingVoltage=5000000,batteryStatus=2=CHARGING,batteryHealth=2=GOOD,batteryPresent=true,batteryLevel=66,batteryVoltage=4086,batteryTemperature=323,batteryFullCharge=6590000,batteryChargeCounter=3500000,batteryTechnology=Unknown,batteryCapacityLevel=3=NORMAL,chargerDockOnline=false}, mBatteryLevelCritical=false, mPlugType=2, mLastPlugType=2
12-13 17:21:27.922  2510  2579 I BatteryService: check conditions changed
12-13 17:21:27.927  2510  2579 I BatteryService: Processing new values: info={chargerAcOnline=false,chargerUsbOnline=true,chargerWirelessOnline=false,maxChargingCurrent=500000,maxChargingVoltage=5000000,batteryStatus=2=CHARGING,batteryHealth=2=GOOD,batteryPresent=true,batteryLevel=66,batteryVoltage=4086,batteryTemperature=323,batteryFullCharge=6590000,batteryChargeCounter=3500000,batteryTechnology=Unknown,batteryCapacityLevel=3=NORMAL,chargerDockOnline=false}, mBatteryLevelCritical=false, mPlugType=2, mLastPlugType=2
12-13 17:21:27.928  2510  2579 I BatteryService: check conditions changed
12-13 17:21:27.953  2253  2377 W ServiceManagerCppClient: Waited one second for vendor.qti.qhcp.IQHDC/default (is service started? Number of threads started in the threadpool: 2. Are binder threads started and available?)
12-13 17:21:27.957   983 19233 W libc    : Unable to set property "ctl.interface_start" to "aidl/vendor.qti.qhcp.IQHDC/default": PROP_ERROR_HANDLE_CONTROL_MESSAGE (0x20)
12-13 17:21:28.260 26180 26180 D BoundBrokerSvc: onUnbind: Intent { act=com.google.android.gms.presencemanager.service.START dat=chimera-action:/... cmp=com.google.android.gms/.chimera.PersistentApiService }
12-13 17:21:28.260  2510  2579 W ProcessStats: Tracking association SourceState{623040 com.android.vending/10154 Top #1946960} whose proc state 1 is better than process ProcessState{ef1210b com.google.android.gms/10045 pkg=com.google.android.gms} proc state 4 (113 skipped)
12-13 17:21:28.265 26180 26180 D BoundBrokerSvc: onUnbind: Intent { act=com.google.android.gms.presencemanager.service.INTERNAL_IDENTITY dat=chimera-action:/... cmp=com.google.android.gms/.chimera.PersistentApiService }
12-13 17:21:28.535 24711 24741 E bms_file: file /sys/class/hw_power/charger/direct_charger/direct_charge_succ is invalid
12-13 17:21:28.536 24711 24741 E bms_file: file /sys/class/hw_power/charger/direct_charger_hsc/direct_charge_succ is invalid
12-13 17:21:28.537 24711 24741 E bms_file: file /sys/class/hw_power/charger/direct_charger/direct_charge_succ is invalid
12-13 17:21:28.538 24711 24741 E bms_file: file /sys/class/hw_power/charger/direct_charger_hsc/direct_charge_succ is invalid
12-13 17:21:28.539 24711 24741 E bms_file: file sys/class/hw_power/adsp_dts is invalid
12-13 17:21:28.540 24711 24741 E bms_file: file /sys/class/backlight/panel1-backlight/brightness is invalid
12-13 17:21:28.541  2143  4070 W ServiceManagerCppClient: Waited one second for vendor.qti.qhcp.IQHDC/default (is service started? Number of threads started in the threadpool: 3. Are binder threads started and available?)
12-13 17:21:28.543 24711 24741 E bms_file: file /sys/class/hw_power/charger/direct_charger/direct_charge_succ is invalid
12-13 17:21:28.544 24711 24741 E bms_file: file /sys/class/hw_power/charger/direct_charger_hsc/direct_charge_succ is invalid
12-13 17:21:28.545 24711 24741 E bms_file: file /sys/class/hw_power/charger/direct_charger/direct_charge_succ is invalid
12-13 17:21:28.546 24711 24741 E bms_file: file /sys/class/hw_power/charger/direct_charger_hsc/direct_charge_succ is invalid
12-13 17:21:28.547 24711 24741 E bms_file: file /sys/class/hw_power/charger/direct_charger/direct_charge_succ is invalid
12-13 17:21:28.548 24711 24741 E bms_file: file /sys/class/hw_power/charger/direct_charger_hsc/direct_charge_succ is invalid
12-13 17:21:28.549 24711 24741 E bms_file: file /sys/class/hw_power/charger/charge_data/iin_thermal is invalid
12-13 17:21:28.550 24711 24741 I bms_behavior: monitor interval count 648
12-13 17:21:28.550   983 19238 W libc    : Unable to set property "ctl.interface_start" to "aidl/vendor.qti.qhcp.IQHDC/default": PROP_ERROR_HANDLE_CONTROL_MESSAGE (0x20)
12-13 17:21:28.877  2510  6210 E HwQoEJNI: sendQoeCmd. open monitor_fd error
12-13 17:21:28.956  2253  2377 W ServiceManagerCppClient: Waited one second for vendor.qti.qhcp.IQHDC/default (is service started? Number of threads started in the threadpool: 2. Are binder threads started and available?)
12-13 17:21:28.962   983 19239 W libc    : Unable to set property "ctl.interface_start" to "aidl/vendor.qti.qhcp.IQHDC/default": PROP_ERROR_HANDLE_CONTROL_MESSAGE (0x20)
12-13 17:21:29.224  9043  9043 I wpa_supplicant: nl80211: vendor command vendor_id=4980, subcmd=13
12-13 17:21:29.230  8927  8995 I WifiHAL : event received NL80211_CMD_VENDOR, vendor_id = 0x1374, subcmd = 0xd
12-13 17:21:29.230  2710  2710 I cnss-daemon: nl80211 response handler invoked
12-13 17:21:29.231  2710  2710 I cnss-daemon: nl80211_response_handler: cmd 103, vendorID 4980, subcmd 13  received
12-13 17:21:29.233  9043  9043 I wpa_supplicant: nl80211: Ignore unsupported QCA vendor event 13
12-13 17:21:29.279  2152 15304 I sensors-hal: handle_sns_client_event:442, accel_sample(accelcal_available:0): ts=2205149541591629 ns; value = [0.220036, 0.210527, 9.589240], status=3
12-13 17:21:29.442  2510  2793 I AppEyeFwkBlock: do monitor
12-13 17:21:29.543  2143  4070 W ServiceManagerCppClient: Waited one second for vendor.qti.qhcp.IQHDC/default (is service started? Number of threads started in the threadpool: 3. Are binder threads started and available?)
12-13 17:21:29.548   983 19240 W libc    : Unable to set property "ctl.interface_start" to "aidl/vendor.qti.qhcp.IQHDC/default": PROP_ERROR_HANDLE_CONTROL_MESSAGE (0x20)
12-13 17:21:29.958  2253  2377 W ServiceManagerCppClient: Waited one second for vendor.qti.qhcp.IQHDC/default (is service started? Number of threads started in the threadpool: 2. Are binder threads started and available?)
12-13 17:21:29.962   983 19241 W libc    : Unable to set property "ctl.interface_start" to "aidl/vendor.qti.qhcp.IQHDC/default": PROP_ERROR_HANDLE_CONTROL_MESSAGE (0x20)
12-13 17:21:30.546  2143  4070 W ServiceManagerCppClient: Waited one second for vendor.qti.qhcp.IQHDC/default (is service started? Number of threads started in the threadpool: 3. Are binder threads started and available?)
12-13 17:21:30.551   983 19242 W libc    : Unable to set property "ctl.interface_start" to "aidl/vendor.qti.qhcp.IQHDC/default": PROP_ERROR_HANDLE_CONTROL_MESSAGE (0x20)
12-13 17:21:30.649 26029 26029 D BoundBrokerSvc: onUnbind: Intent { act=com.google.android.gms.inappreach.service.START dat=chimera-action:/... cmp=com.google.android.gms/.chimera.GmsApiService }
12-13 17:21:30.657  2510  2579 E PowerLogWrite: event count: [
12-13 17:21:30.657  2510  2579 E PowerLogWrite: 111:46,
12-13 17:21:30.657  2510  2579 E PowerLogWrite: 121:195,
12-13 17:21:30.657  2510  2579 E PowerLogWrite: 125:130,
12-13 17:21:30.658  2510  2579 E PowerLogWrite: 126:130,
12-13 17:21:30.658  2510  2579 E PowerLogWrite: 148:258,
12-13 17:21:30.658  2510  2579 E PowerLogWrite: 160:876,
12-13 17:21:30.658  2510  2579 E PowerLogWrite: 161:878,
12-13 17:21:30.658  2510  2579 E PowerLogWrite: 166:325,
12-13 17:21:30.658  2510  2579 E PowerLogWrite: 167:277,
12-13 17:21:30.658  2510  2579 E PowerLogWrite: 192:100,
12-13 17:21:30.658  2510  2579 E PowerLogWrite: 193:293,
12-13 17:21:30.658  2510  2579 E PowerLogWrite: 254:92,
12-13 17:21:30.658  2510  2579 E PowerLogWrite: 255:91,
12-13 17:21:30.658  2510  2579 E PowerLogWrite: 256:55,
12-13 17:21:30.658  2510  2579 E PowerLogWrite: 293:46,
12-13 17:21:30.658  2510  2579 E PowerLogWrite: ]
12-13 17:21:30.661 26029 26029 D BoundBrokerSvc: onUnbind: Intent { act=com.google.android.gms.safetynet.service.START pkg=com.google.android.gms }
12-13 17:21:30.664  2510  7084 E PowerLogWrite: write new power event, from uid:1000,tag:167,msg:com.google.android.gms|23710|26029|service
12-13 17:21:30.666 26029 26029 D BoundBrokerSvc: onUnbind: Intent { act=com.google.android.gms.ocr.service.START dat=chimera-action:/... cmp=com.google.android.gms/.chimera.GmsApiService }
12-13 17:21:30.668  2510  7087 E PowerLogWrite: write new power event, from uid:1000,tag:167,msg:com.google.android.gms.persistent|23710|26180|service
12-13 17:21:30.673  2510  7084 E PowerLogWrite: write new power event, from uid:1000,tag:167,msg:com.google.android.gms.persistent|23710|26180|service
12-13 17:21:30.676  2510  7084 E PowerLogWrite: write new power event, from uid:1000,tag:167,msg:com.google.android.gms|23710|26029|service
12-13 17:21:30.678  2510  7084 E PowerLogWrite: write new power event, from uid:1000,tag:167,msg:com.google.android.gms|23710|26029|service
12-13 17:21:30.680 26029 26029 D BoundBrokerSvc: onUnbind: Intent { act=com.google.android.gms.potokens.service.START dat=chimera-action:/... cmp=com.google.android.gms/.chimera.GmsApiService }
12-13 17:21:30.683  2510  7084 E PowerLogWrite: write new power event, from uid:1000,tag:167,msg:com.google.android.gms|23710|26029|service
12-13 17:21:30.685 26029 26029 D BoundBrokerSvc: onUnbind: Intent { act=com.google.android.gms.mdisync.service.START dat=chimera-action:/... cmp=com.google.android.gms/.chimera.GmsApiService }
12-13 17:21:30.687  2510  2579 E PowerLogWrite: write new power event, from uid:1000,tag:167,msg:com.google.android.gms.persistent|23710|26180|service
12-13 17:21:30.961  2253  2377 W ServiceManagerCppClient: Waited one second for vendor.qti.qhcp.IQHDC/default (is service started? Number of threads started in the threadpool: 2. Are binder threads started and available?)
12-13 17:21:30.967   983 19243 W libc    : Unable to set property "ctl.interface_start" to "aidl/vendor.qti.qhcp.IQHDC/default": PROP_ERROR_HANDLE_CONTROL_MESSAGE (0x20)
12-13 17:21:31.212  2634  2634 E Thermal-daemon:hn_thermal: [charger_ic] tempNew :32  tempOld :33
12-13 17:21:31.228  9043  9043 I wpa_supplicant: nl80211: vendor command vendor_id=4980, subcmd=13
12-13 17:21:31.233  2710  2710 I cnss-daemon: nl80211 response handler invoked
12-13 17:21:31.233  2710  2710 I cnss-daemon: nl80211_response_handler: cmd 103, vendorID 4980, subcmd 13  received
12-13 17:21:31.233  8927  8995 I WifiHAL : event received NL80211_CMD_VENDOR, vendor_id = 0x1374, subcmd = 0xd
12-13 17:21:31.233  9043  9043 I wpa_supplicant: nl80211: Ignore unsupported QCA vendor event 13
12-13 17:21:31.441 26029 26042 W gle.android.gms: ApkAssets: Deleting an ApkAssets object '<empty> and /data/app/~~Ww0CTe23oS-5x2mh-U052w==/com.resultmarketing.whatscard-izG54sQQjKJLLga08-NPfg==/base.apk' with 1 weak references
12-13 17:21:31.442 26029 26042 W gle.android.gms: ApkAssets: Deleting an ApkAssets object '<empty> and /data/app/~~Ww0CTe23oS-5x2mh-U052w==/com.resultmarketing.whatscard-izG54sQQjKJLLga08-NPfg==/split_config.arm64_v8a.apk' with 1 weak references
12-13 17:21:31.442 26029 26042 W gle.android.gms: ApkAssets: Deleting an ApkAssets object '<empty> and /data/app/~~Ww0CTe23oS-5x2mh-U052w==/com.resultmarketing.whatscard-izG54sQQjKJLLga08-NPfg==/split_config.en.apk' with 1 weak references
12-13 17:21:31.442 26029 26042 W gle.android.gms: ApkAssets: Deleting an ApkAssets object '<empty> and /data/app/~~Ww0CTe23oS-5x2mh-U052w==/com.resultmarketing.whatscard-izG54sQQjKJLLga08-NPfg==/split_config.in.apk' with 1 weak references
12-13 17:21:31.442 26029 26042 W gle.android.gms: ApkAssets: Deleting an ApkAssets object '<empty> and /data/app/~~Ww0CTe23oS-5x2mh-U052w==/com.resultmarketing.whatscard-izG54sQQjKJLLga08-NPfg==/split_config.xhdpi.apk' with 1 weak references
12-13 17:21:31.444 26029 26042 W gle.android.gms: ApkAssets: Deleting an ApkAssets object '<empty> and /data/app/~~px3-1OenWPY0GxD-iOebJg==/com.android.vending-CiBGQ9ObPInpk4qMWBtjrw==/base.apk' with 1 weak references
12-13 17:21:31.444 26029 26042 W gle.android.gms: ApkAssets: Deleting an ApkAssets object '<empty> and /data/app/~~px3-1OenWPY0GxD-iOebJg==/com.android.vending-CiBGQ9ObPInpk4qMWBtjrw==/split_config.arm64_v8a.apk' with 1 weak references
12-13 17:21:31.444 26029 26042 W gle.android.gms: ApkAssets: Deleting an ApkAssets object '<empty> and /data/app/~~px3-1OenWPY0GxD-iOebJg==/com.android.vending-CiBGQ9ObPInpk4qMWBtjrw==/split_config.en.apk' with 1 weak references
12-13 17:21:31.444 26029 26042 W gle.android.gms: ApkAssets: Deleting an ApkAssets object '<empty> and /data/app/~~px3-1OenWPY0GxD-iOebJg==/com.android.vending-CiBGQ9ObPInpk4qMWBtjrw==/split_phonesky_data_loader.apk' with 1 weak references
12-13 17:21:31.444 26029 26042 W gle.android.gms: ApkAssets: Deleting an ApkAssets object '<empty> and /data/app/~~px3-1OenWPY0GxD-iOebJg==/com.android.vending-CiBGQ9ObPInpk4qMWBtjrw==/split_phonesky_data_loader.config.arm64_v8a.apk' with 1 weak references
