12-13 23:14:10.545  2141 18020 D vendor.qti.bluetooth@1.0-wake_lock: Release wakelock is released 
12-13 23:14:10.619  2152 14116 I sensors-hal: handle_sns_std_sensor_event:150, ambient_light_event: ts=2226310978090835, lux = 73, raw_adc=122, raw_2=1542
12-13 23:14:10.667  2359  2359 E afehal  : to enter IDLE mode , Interval=120/2800/0/1
12-13 23:14:10.667  2359  2359 I aptouch_daemon: change_to_idlemode, enter idle, ret=0x0000
12-13 23:14:10.678  2359  2359 I aptouch_daemon: check_idle_status, idle in. 300
12-13 23:14:10.722  2359  2359 I aptouch_daemon: check_idle_status, idle out.
12-13 23:14:10.784  2253  2377 W ServiceManagerCppClient: Waited one second for vendor.qti.qhcp.IQHDC/default (is service started? Number of threads started in the threadpool: 2. Are binder threads started and available?)
12-13 23:14:10.785  2152 14116 I sensors-hal: handle_sns_std_sensor_event:150, ambient_light_event: ts=2226311144089429, lux = 73, raw_adc=121, raw_2=1542
12-13 23:14:10.790   983 20377 W libc    : Unable to set property "ctl.interface_start" to "aidl/vendor.qti.qhcp.IQHDC/default": PROP_ERROR_HANDLE_CONTROL_MESSAGE (0x20)
12-13 23:14:10.794  2510  3143 I HwAod   : isStandbyPosture: false
12-13 23:14:10.794  2510  3143 I PowerManagerService: dozePowerGroup: eventTime=952426221, groupId=0, reason=timeout, uid=1000
12-13 23:14:10.802  2510  3143 I PowerGroup: Powering off display group due to timeout (groupId= 0, uid= 1000, millisSinceLastUserActivity=30001, lastUserActivityEvent=touch)...
12-13 23:14:10.802  2510  3143 I PowerManagerService: Going to sleep due to timeout (uid 1000, screenOffTimeout=30000, activityTimeoutWM=-1, maxDimRatio=0.20000005, maxDimDur=7000)...
12-13 23:14:10.803  2510  2510 I WindowManager: UL_PowerStarted going to sleep... (groupId=0 why=OFF_BECAUSE_OF_TIMEOUT)
12-13 23:14:10.808  2510  4990 D InputMethodManagerService: IME window vis: 0 active: 0 inv: 0 displayId: 0
12-13 23:14:10.808  2510  4990 I InputMethodManagerService: handleSetInteractive:interactive=false,mIsAodExist=true
12-13 23:14:10.809  2510  3143 I HwPowerManagerService: configTpWhenScreenOffIfNeed IS_SUPPORT_AP: true
12-13 23:14:10.809  2510  3143 I HwPowerManagerService: Notify aod screen off mProximityPositive :false
12-13 23:14:10.811  2510  3143 I HwAodManagerService: configTpInApMode aodState:101
12-13 23:14:10.811  2510  3143 I TpController: configTpInApMode:101,isInwardFoldDevice :false,isFoldDevice :false,displayMode :1,mLastAodState =102, aodState :101
12-13 23:14:10.811  2510  3143 I TpController: Begin to set TP lmt switch
12-13 23:14:10.812  2510  3143 I TpController: product model=LGN-NX1
12-13 23:14:10.812  2510  3143 I TpController: isVeyron=false
12-13 23:14:10.812  2510  3143 I TpController: Set tp state isAodEnable:false,isStandbyEnable:false,isFpEnable:trueisPowerFp:true,isOnlyAod:true
12-13 23:14:10.812  2510  3143 I TpController: sendCommandToTp featureFlag:6,cmdStr0
12-13 23:14:10.812  3830  3830 I InputMethodManager: handleMessage: MSG_SET_INTERACTIVE false, was true
12-13 23:14:10.812  2510  3143 I TpController: sendCmdToTpAIDL:	(feature: 6,  cmd: 0)
12-13 23:14:10.813  2191  2191 I TS_AIDL_Service: hwSetFeatureConfig
12-13 23:14:10.813  2191  2191 I TS_HAL  : ts_set_feature_config:feature =6,config = 0
12-13 23:14:10.813  2191  2191 I TS_HAL  : aod_touch_switch_ctrl: write /sys/touchscreen/aod_touch_switch_ctrl 0
12-13 23:14:10.813 16140 16140 V InputMethodService: finishInput() in android.inputmethodservice.InputMethodService$InputMethodSessionImpl@b89a029
12-13 23:14:10.814 16140 16140 D InlineSuggestionSessionController: notifyOnFinishInput
12-13 23:14:10.814 16140 16140 V InputMethodService: CALL: onFinishInput
12-13 23:14:10.815  2510  3143 I TpController: aidl send command result:	1
12-13 23:14:10.815 16140 16140 V InputMethodService: finishStylusHandwriting()
12-13 23:14:10.816  2510  3143 I TpController: Set tp state isAodEnable:false,isStandbyEnable:false,isFpEnable:trueisPowerFp:true,isOnlyAod:false
12-13 23:14:10.816  2510  3143 I TpController: suspendIfNeed cmd=0, foldState=0
12-13 23:14:10.816  2510  3143 I TpController: sendCommandToTp featureFlag:11,cmdStr0
12-13 23:14:10.817  2510  3143 I TpController: sendCmdToTpAIDL:	(feature: 11,  cmd: 0)
12-13 23:14:10.817  2191  2191 I TS_AIDL_Service: hwSetFeatureConfig
12-13 23:14:10.817  2191  2191 I TS_HAL  : ts_set_feature_config:feature =11,config = 0
12-13 23:14:10.818  2510  3143 I TpController: aidl send command result:	1
12-13 23:14:10.819  2510  3143 I DisplayPowerController[0]: LightSensorEnable change true -> false
12-13 23:14:10.819  6493  6707 I KeyguardService: KGSvcCall onStartedGoingToSleep. reason:2
12-13 23:14:10.821  2152  2152 I sensors-hal: batch:314, android.sensor.light/51, period=325000000, max_latency=0
12-13 23:14:10.821  2152  2152 I sensors-hal: set_config:62, sample_period_ns is adjusted to 0 based on min/max delay_ns
12-13 23:14:10.821  6493  6707 W FullScreenAodAnimationStateMediator: onPreStartedGoingToSleep
12-13 23:14:10.821  2152  2152 I sensors-hal: set_config:74, send_ap_value_to_cp: SNS_AP_VALUE_TYPE_BATCH_REQUEST
12-13 23:14:10.821  2152  2152 I sensors-hal: batch:327, android.sensor.light/51, period=325000000, max_latency=0 request completed
12-13 23:14:10.822  2510  2784 I WifiEnhanceMonitor: notifyUidStateChanged
12-13 23:14:10.822  2152 14115 I sensors-hal: ssc_conn_resp_cb:727, resp_value = 0
12-13 23:14:10.824  2278 20015 D AudioPolicyService: getUidState(10121) cacheIter->second.first, return cacheIter->second.second(5)
12-13 23:14:10.824  2510  3143 I SensorService: disableSensor handle:51, packageName:com.android.server.display.HwLightSensorListener
12-13 23:14:10.825  2510  3143 I HwNormalizedManualBrightnessThresholdDetector: clearAmbientLightRingBuffer
12-13 23:14:10.825  2621 20787 I CameraService: onUidStateChanged: packageName: com.hihonor.android.launcher, uid: 10121, procState: 6
12-13 23:14:10.825  2510  3143 I DisplayPowerController[0]: ScreenState change 1 -> 0
12-13 23:14:10.825  2510  3143 I DE J DES: [effect] PowerMode status is: false ProximityPowerStatus is: false
12-13 23:14:10.825  6493  6707 W KgMediator: isKeyguardGoingAway: false, false
12-13 23:14:10.832  6493  6493 I MagicLockscreenController: resetAlpha skip MagazineSwitchViewPagerForeground
12-13 23:14:10.835  2152  2152 I sensors-hal: batch:314, android.sensor.light/51, period=500000000, max_latency=0
12-13 23:14:10.835  2152  2152 I sensors-hal: set_config:62, sample_period_ns is adjusted to 0 based on min/max delay_ns
12-13 23:14:10.836  2152  2152 I sensors-hal: set_config:74, send_ap_value_to_cp: SNS_AP_VALUE_TYPE_BATCH_REQUEST
12-13 23:14:10.836  2152  2152 I sensors-hal: batch:327, android.sensor.light/51, period=500000000, max_latency=0 request completed
12-13 23:14:10.829  2510  6330 I DE J DES: [effect] setScene(24, 17
12-13 23:14:10.838  2510  7091 I KeyguardStateMonitor: onPendingLock pendingLock: true
12-13 23:14:10.839  6493  6493 I MagicLockscreenController: set backDropView alpha: 1.0
12-13 23:14:10.839  6493  6493 I NavigationBar: dis:0,vis:0,bD:0,hints:0,sIs:false
12-13 23:14:10.839  2621 20787 I CameraService: onUidStateChanged: packageName: com.preff.kb.hr, uid: 10222, procState: 7
12-13 23:14:10.839  2621 20787 I CameraService: onUidStateChanged: packageName: com.google.android.googlequicksearchbox, uid: 10157, procState: 5
12-13 23:14:10.840  2152 14115 I sensors-hal: ssc_conn_resp_cb:727, resp_value = 0
12-13 23:14:10.840  2510  6330 I DE J HwBrightnessSceneRecognition: [effect] notifyScreenStatus = false
12-13 23:14:10.840  2621  2665 I CameraService: onUidStateChanged: packageName: com.google.android.gms, uid: 10045, procState: 3
12-13 23:14:10.841  2510  9639 I DE J HwBrightnessSceneRecognition: [effect] disableArs failed, mIsArConnected||mHwMsdpMovementManager||mArActivities is null!
12-13 23:14:10.841  2510  6331 I SensorService: disableSensor handle:51, packageName:com.android.server.display.HwLightSensorListener
12-13 23:14:10.842  2510  3143 E HwAodManagerService: with invaild deviceid
12-13 23:14:10.842  6493  6493 I MusicMonitor: getInst stack trace: <private>
12-13 23:14:10.843  2510  7025 E HwResolverManager: Could not found app: com.hihonor.pcassistant
12-13 23:14:10.843  2510  3143 D DisplayPowerState: prepareColorFade
12-13 23:14:10.843  2510  3143 D HwColorFadeEx: mContext =android.app.ContextImpl@a1a3d31
12-13 23:14:10.844  2510  6331 I DE J DES: [effect] LightSensorEnable=false
12-13 23:14:10.845  6493  6707 W FullScreenAodAnimationStateMediator: onStartedGoingToSleep
12-13 23:14:10.845  2510  3143 D ScreenCapture: ScreenshotHardwareBuffer captureDisplay
12-13 23:14:10.846  6493  6600 W ExHandler: BgThread running too long, use 16 { when=-17ms callback=com.android.systemui.keyguard.KeyguardViewMediator$$ExternalSyntheticLambda9 target=com.hihonor.keyguard.basetype.ExHandler }
12-13 23:14:10.846  6493  6707 W FSAController: Set BokehDrawable Transparent
12-13 23:14:10.846  2172  2172 I DE H =STC: setStcParam:93: setStcParam, config = 13
12-13 23:14:10.847  2286  2403 D CompositionEngine: StrategyPredicter: enable:1 isBeta:0 debug:0
12-13 23:14:10.848  2286  2403 I CompositionEngine: setCompositionEnabled id: displayIdOpt is invalid enable: 1
12-13 23:14:10.848  2286  2403 I CompositionEngine: setLayerFilter id: displayIdOpt is invalid, layerStackId: 0, 0
12-13 23:14:10.848  2286  2403 I SurfaceFlinger: output usage:4
12-13 23:14:10.848  2172  2830 I DE H =STC: repeat:286: waitTrigger
12-13 23:14:10.848  2172  2830 I DE H =STC: dispatchStcParam:181: displayMode = 0, config = 13
12-13 23:14:10.850  2286  2403 I SurfaceFlinger: SurfaceComposerAIDL::captureDisplay, doBlur/radius (0/0)
12-13 23:14:10.850  2246  2407 E DE H OEMService: dispatch: Dispatching command: 13
12-13 23:14:10.851  6493  6493 W KGWpp   : isMCEnable is  false
12-13 23:14:10.853  2143  4070 W ServiceManagerCppClient: Waited one second for vendor.qti.qhcp.IQHDC/default (is service started? Number of threads started in the threadpool: 3. Are binder threads started and available?)
12-13 23:14:10.853  2286  2403 W SurfaceFlinger: captureLayers: layer is null, parent layer name Task=5175#215747
12-13 23:14:10.856   983 20378 W libc    : Unable to set property "ctl.interface_start" to "aidl/vendor.qti.qhcp.IQHDC/default": PROP_ERROR_HANDLE_CONTROL_MESSAGE (0x20)
12-13 23:14:10.857  2286  2426 I Scheduler: idleTimerCallback timer change to TimerState: Reset
12-13 23:14:10.857  2286  2298 I SurfaceFlinger: createLayer layername: ColorFade type: Layer address = 0xb4000071b3093310
12-13 23:14:10.857  2253  2375 E ANDR-PERF-UTIL: ANDR-PERF-UTIL: change_node_val() 319: Failed to update node /sys/class/kgsl/kgsl-3d0/touch_wake with value 1
12-13 23:14:10.858  2253  2375 E ANDR-PERF-RESOURCEQS: ANDR-PERF-RESOURCEQS: AddAndApply() 167: Failed to apply optimization [10, 13]
12-13 23:14:10.858  2510  3143 I DisplayPowerController[0]: Need to perform color fade off animation. superWallAndTimeoutOff: false
12-13 23:14:10.858  2510  3143 I HwNormalizedAutomaticBrightnessController: change powerWakeUpReason from65537to2
12-13 23:14:10.859  2510  3143 I HwNormalizedAutomaticBrightnessController: isLightSensorEnabled=falsemLightSensorEnabledfalse
12-13 23:14:10.859  2510  3143 I DisplayPowerController[0]: mAutomaticBrightnessController.configure start enter from there.brightnessState=NaN
12-13 23:14:10.859  2510  3143 I HwNormalizedRampAnimator: useHealthEyeAnimationTimeEnable=false
12-13 23:14:10.859  2510  3143 E HwNormalizedAutomaticBrightnessController: mDarkAdaptDetector is null, dark adapt may not enable
12-13 23:14:10.859  2510  3143 D HwNormalizedRampAnimator: darkAdaptDimmingMode: 0
12-13 23:14:10.860  2286  2286 I Scheduler: applyPolicy: scored layer size: 0
12-13 23:14:10.860  2510  3143 I DisplayPowerController[0]: set brightness to DIM brightness:0.05
12-13 23:14:10.860  2510  3143 V DisplayPowerController[0]: Brightness [0.05] reason changing to: 'dimming', previous reason: 'manual [ dim ]'.
12-13 23:14:10.860  2510  3143 I DisplayPowerController[0]: BrightnessEvent: disp=0, physDisp=local:4630946507567894145, displayState=ON, displayPolicy=OFF, brt=0.05, initBrt=0.05, rcmdBrt=NaN, preBrt=NaN, lux=0.0, preLux=0.0, hbmMax=1.0, hbmMode=off, rbcStrength=50, thrmMax=1.0, powerFactor=1.0, wasShortTermModelActive=true, flags=, reason=dimming, autoBrightness=false, strategy=InvalidBrightnessStrategy, autoBrightnessMode=default
12-13 23:14:10.861  2286  8282 I SurfaceFlinger: reportLayerInfo: mLayersWithBufferCount:3, mNumLayers:152
12-13 23:14:10.861  2286  2403 D CompositionEngine: StrategyPredicter: enable:1 isBeta:0 debug:0
12-13 23:14:10.861  2286  2403 I CompositionEngine: setCompositionEnabled id: displayIdOpt is invalid enable: 1
12-13 23:14:10.861  2286  2403 I CompositionEngine: setLayerFilter id: displayIdOpt is invalid, layerStackId: 0, 0
12-13 23:14:10.861  2286  2403 I SurfaceFlinger: output usage:4
12-13 23:14:10.863  2510  2787 D DisplayManagerService: Ignore redundant display event 0/4 to 10162/3759
12-13 23:14:10.864  2510  2787 D DisplayManagerService: Ignore redundant display event 0/4 to 10287/14611
12-13 23:14:10.865  2510  2787 D DisplayManagerService: Ignore redundant display event 0/4 to 10216/16096
12-13 23:14:10.865  2510  2787 D DisplayManagerService: Ignore redundant display event 0/4 to 10162/17292
12-13 23:14:10.865  2510  2787 D DisplayManagerService: Ignore redundant display event 0/4 to 10232/19053
12-13 23:14:10.865  2510  2787 D DisplayManagerService: Ignore redundant display event 0/4 to 10258/23428
12-13 23:14:10.865  2510  2787 D DisplayManagerService: Ignore redundant display event 0/4 to 10209/32081
12-13 23:14:10.866  2510  7025 I WindowManager: EHDR real capture,task: Task{1dce1c #5175 type=standard A=10366:com.resultmarketing.whatscard} ,snapshot: TaskSnapshot{ mId=1765638850852 mCaptureTime=2226311226784824 mTopActivityComponent=com.resultmarketing.whatscard/.MainActivity mSnapshot=android.hardware.HardwareBuffer@4e3d843 (720x1610) mColorSpace=sRGB IEC61966-2.1 (id=0, model=RGB) mOrientation=1 mRotation=0 mTaskSize=Point(720, 1610) mContentInsets=[0,74][0,78] mLetterboxInsets=[0,0][0,0] mIsLowResolution=false mIsRealSnapshot=true mWindowingMode=1 mAppearance=0 mIsTranslucent=true mHasImeSurface=false mIsForceRotate=false mInternalReferences=0
12-13 23:14:10.867  2510  4885 I HwWindowManagerServiceEx: com.resultmarketing.whatscard blur level: -1
12-13 23:14:10.867  2510  4885 I HwWindowManagerServiceEx: getBlurLevel: 0
12-13 23:14:10.867  6493  6600 W ExHandler: BgThread running too long, use 21 { when=-31ms callback=com.android.systemui.keyguard.HwKeyguardViewMediator$17 target=com.hihonor.keyguard.basetype.ExHandler }
12-13 23:14:10.868  6493  6738 D TaskStackChangeListeners: sendMsg, onTaskSnapshotChanged: 3365498
12-13 23:14:10.868 23445 23484 D TaskStackChangeListeners: sendMsg, onTaskSnapshotChanged: 188881362
12-13 23:14:10.868  6493  6493 W MgzUtils: is user customed wpp8 <--> 8
12-13 23:14:10.868 23445 23445 D TaskStackChangeListeners: startHandle, onTaskSnapshotChanged: 188881362
12-13 23:14:10.868  6493  6493 W MgzUtils: is user customed wpp8 <--> 8
12-13 23:14:10.868  6493  6493 W MgzUtils: is user customed wpp8 <--> 8
12-13 23:14:10.868 23445 23445 D TaskStackChangeListeners: endHandle, onTaskSnapshotChanged: 188881362 ,cost: 0
12-13 23:14:10.868  6493  6738 D TaskStackListener: destory snapshot binder pid 0 myPid 6493 taskId=5175
12-13 23:14:10.868  6493  6493 W MgzUtils: is user customed wpp8 <--> 8
12-13 23:14:10.869  6493  6493 W KGWpp   : Load simple wpp as default
12-13 23:14:10.869  6493  6493 W MgzUtils: is user customed wpp8 <--> 8
12-13 23:14:10.869  6493  6493 W KGWpp   : onStartedGoingToSleep skip switch Magazine
12-13 23:14:10.869  6493  6600 W MgzUtils: is user customed wpp8 <--> 8
12-13 23:14:10.869  6493  6493 W KG_OsUtils: multi_user selector disable as not support multiusers.
12-13 23:14:10.869  6493  6600 W KGWpp_Utils: getThemeWallpaperPath:/data/themes/0//wallpaper/unlock_wallpaper_0.jpg
12-13 23:14:10.869  6493  6493 W DisabledFeatureUtils: Dis-Feature : 0
12-13 23:14:10.870  6493  6600 W BitmapUtils: non-needed cache
12-13 23:14:10.870  6493  6600 I WallpaperChangedUtils: isEnableLockscreenWallpapeTransparent: false
12-13 23:14:10.870  6493  6493 W DisabledFeatureUtils: Dis-Feature : 0
12-13 23:14:10.870  2510  7091 D HwStorageManagerService: setScreenStateFlag
12-13 23:14:10.871  1111  1155 D vold    : begin lockScreenPrepare
12-13 23:14:10.871  1111  1155 D vold    : FscryptLockScreenPrepare flag is: 1 userId:0
12-13 23:14:10.872  2510  7025 I HwFingerprintService: isHardwareDetectedDeprecated: true
12-13 23:14:10.873  6493  6493 W DisabledFeatureUtils: Dis-Feature : 0
12-13 23:14:10.874  2286  2286 I SurfaceFlinger: [ColorFade#215893] apply visible 1 transactionId 835712
12-13 23:14:10.875  6493  6493 W KG_FP.KUM: startListening ForFingerprint use up-waiting false  0
12-13 23:14:10.876  2510  7025 I HwFingerprintService: Init FingerprintStateNotifierEx before authenticate
12-13 23:14:10.877  2510  7025 W HwFingerprintService: setLivenessSwitch:start
12-13 23:14:10.877  2510  6347 I FingerprintStateNotifierEx: Init
12-13 23:14:10.878  2510  6347 I FingerprintStateNotifierEx: unInit
12-13 23:14:10.878  2510  7025 W HwFingerprintService: checkNeedLivenessList:start
12-13 23:14:10.878  2510  7025 W HwFingerprintService: needLivenessAuthentication = 0
12-13 23:14:10.879  2774  2774 I vendor.honor.hardware.biometrics.fingerprint-service: Session::setLivenessSwitch enter
12-13 23:14:10.879  2774  2774 I vendor.honor.hardware.biometrics.fingerprint-service: setLivenessSwitch
12-13 23:14:10.879  2774  2774 I FingerprintDevice: setLivenessSwitch
12-13 23:14:10.879  2774  2774 I FingerprintDevice: FingerprintDevice--dev->need_liveness_authentication = false;
12-13 23:14:10.879  2510  7025 I HnFingerprintProvider/default: sendDataToHal cmdId: 300
12-13 23:14:10.880  2774  2774 I vendor.honor.hardware.biometrics.fingerprint-service: Session::sendDataToHal enter
12-13 23:14:10.880  2774  2774 I vendor.honor.hardware.biometrics.fingerprint-service: FingerprintEngine::sendDataToHal 300 
12-13 23:14:10.880  2774  2774 I FingerprintDevice: FingerprintDevice::sendDataToHal 300
12-13 23:14:10.880  2774  2774 I fpc_fingerprint_hal: virtual_data_server_handle_all_cmd cmd = 300, data_length = 20
12-13 23:14:10.880  2774  2774 I FingerprintDevice: FingerprintDevice::sendDataToHal ret 0 
12-13 23:14:10.880  2510  7025 I HnFingerprintProvider/default: sendDataToHal result: 0, paramSize: 20
12-13 23:14:10.880  2510  7025 W HwFingerprintService: framework setLivenessSwitch is ok ---end
12-13 23:14:10.880  2510  7025 I FingerprintService: in authenticate, restricted value is false, and userid is 0.
12-13 23:14:10.881  2510  7025 I FingerprintService: begin scheduleAuthenticate in FingerprintService
12-13 23:14:10.881  2510  7025 I FingerprintServiceEx: mCurrentClientPackageName  = com.android.systemui
12-13 23:14:10.881  6493  6493 W KG_FP.KUM: Fingerprint RunningStateChanged. 1
12-13 23:14:10.882  6493  6493 D Choreographer: still have 1994 traversal callbacks
12-13 23:14:10.883  2510  6347 W FingerprintStateNotifierEx: fetchRemoteListenerLocked isFullStyle:false, isAodEnable : false
12-13 23:14:10.883  6493  6493 E HnBlurSwitch: Error HnLogger : FailureThe device is not configured with blur parameters
12-13 23:14:10.883  6493  6493 E HnBlurSwitch: Error HnLogger : FailureThe device is not configured with blur parameters
12-13 23:14:10.884  2510  6344 D HnVibratorManagerService: checkHwVibrator: Using Aidl Interface
12-13 23:14:10.884  2262  2262 D honor_custvibrator: checkHwVibrator haptic.common.success_continue
12-13 23:14:10.885  2286  2403 I VSyncReactor: addHwVsyncTimestamp periodConfirmed. hwcVsyncPeriod:16666666
12-13 23:14:10.885  2510  6347 E ProcessInfoCollector: getProcessInfo: failed to find this proc: 2510
12-13 23:14:10.885  2253  2375 E ANDR-PERF-UTIL: ANDR-PERF-UTIL: change_node_val() 319: Failed to update node /sys/class/kgsl/kgsl-3d0/touch_wake with value 0
12-13 23:14:10.885  2253  2375 E ANDR-PERF-RESOURCEQS: ANDR-PERF-RESOURCEQS: RemoveAndApply() 292: Failed to reset optimization here [10, 13]
12-13 23:14:10.885  2510  6344 I HnVibratorManagerService: isSupportHwVibrator type:haptic.common.success_continue, isSupport:0
12-13 23:14:10.885  2510  6344 D BiometricScheduler: [Added] {[3851] com.hihonor.server.fingerprint.aidl.HnFingerprintAuthClient, proto=3, owner=com.android.systemui, cookie=0, requestId=2933, userId=0}, new queue size: 1
12-13 23:14:10.886  2510  6344 D BiometricScheduler: [Polled] {[3851] com.hihonor.server.fingerprint.aidl.HnFingerprintAuthClient, proto=3, owner=com.android.systemui, cookie=0, requestId=2933, userId=0}, State: 0
12-13 23:14:10.886  2510  6344 D GestureAvailabilityTracker: Notifying gesture availability, active=false
12-13 23:14:10.886  2510  6344 I HwFingerprintService: FingerprintType do not support inscreen fingerprint
12-13 23:14:10.886  2510  6344 I HwFingerprintService: sendFaceStatusToHal:mIsFaceDetectEnabled false,mIsSuperPowerEnabled false,mIsPrimaryUser true,mIsTrustUnlock false,isFaceStatus false,mIsfaceStatus false,isBooting false
12-13 23:14:10.886  2510  6344 I HnFingerprintAuthClient: start mHasReceiverOnError true
12-13 23:14:10.886  2510  6344 I HnFingerprintAuthClient: [startCurrentClient] {[3851] com.hihonor.server.fingerprint.aidl.HnFingerprintAuthClient, proto=3, owner=com.android.systemui, cookie=0, requestId=2933, userId=0}
12-13 23:14:10.886  2510  6344 E HnSensorProperties: getScreenRefreshState prop empty
12-13 23:14:10.886  2510  6344 D BiometricScheduler: [Started] {[3851] com.hihonor.server.fingerprint.aidl.HnFingerprintAuthClient, proto=3, owner=com.android.systemui, cookie=0, requestId=2933, userId=0}
12-13 23:14:10.886  2510  6344 I FingerprintServiceEx: startCurrentClient with cookie = 0, client = HnFingerprintAuthClient
12-13 23:14:10.886  2510  6344 I HwFingerprintService: sendCmdToTpHal config = 1
12-13 23:14:10.886  2510  6344 I HwFingerprintService: sendCmdToTpHal start config = 1
12-13 23:14:10.886  2191  2191 I TS_AIDL_Service: hwSetFeatureConfig
12-13 23:14:10.886  2191  2191 I TS_HAL  : ts_set_feature_config:feature =2,config = 1,1
12-13 23:14:10.886  2191  2191 I TS_HAL  : fingerprint_switch_ctrl:write /sys/touchscreen/fingerprint_switch_ctrl 1,1
12-13 23:14:10.886  2359  2395 I aptouch_daemon: update_switch, m_udfp_switch: 1
12-13 23:14:10.887  2359  2395 I aptouch_daemon: get_uevent, status is 0x0008c5
12-13 23:14:10.887  2510  6344 I HwFingerprintService: sendCmdToTpHal success
12-13 23:14:10.887  2510  6344 I FingerprintController: setForbidGotoSleepFlag not set
12-13 23:14:10.887  2510  6344 W FaceViewController: mFaceRecognizeManager is null
12-13 23:14:10.887  2510  6344 I FingerprintController: startCurrentClient cookie 0
12-13 23:14:10.887  2510  6344 D BiometricStateCallback: State updated from 0 to 2, client {[3851] com.hihonor.server.fingerprint.aidl.HnFingerprintAuthClient, proto=3, owner=com.android.systemui, cookie=0, requestId=2933, userId=0}
12-13 23:14:10.887  2510  7091 I WallpaperManagerService: getAbnormalExitWallpaperInfo userId = 0; exitStr = ; key = abnormal_exit_system_wallpaper_info
12-13 23:14:10.887  2510  7091 I WallpaperManagerService: getAbnormalExitWallpaperInfo userId = 0; exitStr = ; key = abnormal_exit_lock_wallpaper_info
12-13 23:14:10.887  2510  6344 D Biometrics/AuthenticationClient: Requesting auth for com.android.systemui
12-13 23:14:10.887  2510  6344 I HnFingerprintAuthClient: authenticate startHalOperation
12-13 23:14:10.887  6493  6493 D SysUiState: SysUiState changed: old=268566528 new=537001984
12-13 23:14:10.887  6493  6493 D OverviewProxyService: Notifying sysui state change to overview service: proxy=com.android.systemui.shared.recents.IOverviewProxy$Stub$Proxy@70c0f41 flags=537001984
12-13 23:14:10.887  6493  6493 I OverviewProxyService: notifySystemUiStateFlags begin, flags:537001984
12-13 23:14:10.888  2774  2774 I vendor.honor.hardware.biometrics.fingerprint-service: Session::authenticate enter
12-13 23:14:10.888  6493  6521 D BiometricStatusRepositoryImpl: authenticationState updated: Started(biometricSourceType=FINGERPRINT, requestReason=DeviceEntryAuthentication)
12-13 23:14:10.888  2774  2839 I fpc_fingerprint_hal: fpc_authenticate_impl, operation_id = 0, gid = 0
12-13 23:14:10.889  2774  6472 I fpc_fingerprint_hal: worker_state_authenticate STATE_AUTHENTICATE
12-13 23:14:10.889  2774  6472 D fpc_tac : HAL Invokecommand = 101
12-13 23:14:10.889  2774  6472 D GPQTEEC : [QTEEC.cpp:47 dumpHex] Operation IN (112 bytes @ 0x0x722147a9e0)
12-13 23:14:10.889  2774  6472 D GPQTEEC : [QTEEC.cpp:54 dumpHex] 01 00 00 00 03 70 00 00 00 00 00 00 09 00 00 00 
12-13 23:14:10.889  2774  6472 D GPQTEEC : [QTEEC.cpp:54 dumpHex] 00 00 00 00 00 00 00 00 00 00 00 00 00 00 00 00 
12-13 23:14:10.889  2774  6472 D GPQTEEC : [QTEEC.cpp:54 dumpHex] 00 00 00 00 00 00 00 00 00 00 00 00 00 00 00 00 
12-13 23:14:10.889  2774  6472 D GPQTEEC : [QTEEC.cpp:54 dumpHex] 00 00 00 00 00 00 00 00 00 00 00 00 00 00 00 00 
12-13 23:14:10.889  2774  6472 D GPQTEEC : [QTEEC.cpp:54 dumpHex] 00 00 00 00 00 00 00 00 00 00 00 00 00 00 00 00 
12-13 23:14:10.889  2774  6472 D GPQTEEC : [QTEEC.cpp:54 dumpHex] 20 A9 47 21 72 00 00 00 4C 00 00 00 00 00 00 00 
12-13 23:14:10.889  2774  6472 D GPQTEEC : [QTEEC.cpp:54 dumpHex] 00 00 00 00 00 00 00 00 00 00 00 00 00 00 00 00 
12-13 23:14:10.889  2510  6344 D SensorPermission: checkSensorOp android, uid 1000, sensorType = 5, isBlockSensorType = false
12-13 23:14:10.889  2774  6472 D GPQTEEC : [QTEEC.cpp:425 __ConvertTempMemToRegisteredMem] Saved op tmpref.buffer = 0x722147a920, Op memref.parent->buffer = 0x722147a920 (76 bytes)
12-13 23:14:10.889  2510  6344 D SensorManager: 0xb400007df0f789b0 addFd fd=762
12-13 23:14:10.889  2774  6472 D GPQTEEC : [QTEEC.cpp:111 __SharedMem_Alloc] mmap(0x74d2564000, 76)
12-13 23:14:10.889  2774  6472 D GPQTEEC : [QTEEC.cpp:230 TEEC_QTEE_RegisterSharedMemory] qsmem buffer allocated @ 0x74d2564000 76 bytes, registered buffer @ 0x722147a920
12-13 23:14:10.889  2774  6472 D GPQTEEC : [QTEEC.cpp:444 __ConvertTempMemToRegisteredMem] Temp op buffer set @ 0x722147a920
12-13 23:14:10.889  2774  6472 D GPQTEEC : [QTEEC.cpp:1182 TEEC_QTEE_InvokeCommand] Operation is not NULL
12-13 23:14:10.889  2774  6472 D GPQTEEC : [QTEEC.cpp:47 dumpHex] param[] (16 bytes @ 0x0x722147a85c)
12-13 23:14:10.889  2510  6344 I SensorService: OnChangeMode, send history data to : android, handleID : 51
12-13 23:14:10.889  2774  6472 D GPQTEEC : [QTEEC.cpp:54 dumpHex] 00 00 00 00 09 00 00 00 00 00 00 00 00 00 00 00 
12-13 23:14:10.889  2774  6472 D GPQTEEC : [QTEEC.cpp:47 dumpHex] param[] (16 bytes @ 0x0x722147a86c)
12-13 23:14:10.889  2774  6472 D GPQTEEC : [QTEEC.cpp:54 dumpHex] 00 00 00 00 00 00 00 00 00 00 00 00 00 00 00 00 
12-13 23:14:10.889  2774  6472 D GPQTEEC : [QTEEC.cpp:47 dumpHex] param[] (16 bytes @ 0x0x722147a87c)
12-13 23:14:10.889  2774  6472 D GPQTEEC : [QTEEC.cpp:54 dumpHex] 00 00 00 00 00 00 00 00 00 00 00 00 00 00 00 00 
12-13 23:14:10.889  2774  6472 D GPQTEEC : [QTEEC.cpp:514 __convertParamsIn] param[3] size=76, offset=0
12-13 23:14:10.889  2774  6472 D GPQTEEC : [QTEEC.cpp:524 __convertParamsIn] Real backed buffer (76 bytes)
12-13 23:14:10.889  2774  6472 D GPQTEEC : [QTEEC.cpp:529 __convertParamsIn] Copy into qsmem->ashmem_buffer @ 0x74d2564000 (76 bytes)
12-13 23:14:10.889  2774  6472 D GPQTEEC : [QTEEC.cpp:47 dumpHex] param[] (16 bytes @ 0x0x722147a88c)
12-13 23:14:10.889  2774  6472 D GPQTEEC : [QTEEC.cpp:54 dumpHex] FF FF FF FF 00 00 00 00 4C 00 00 00 00 00 00 00 
12-13 23:14:10.889  2774  6472 D GPQTEEC : [QTEEC.cpp:1193 TEEC_QTEE_InvokeCommand] operation->paramTypes = 0x0000F003, req->param_types = 0x00007003
12-13 23:14:10.890  2152  2152 I sensors-hal: batch:314, android.sensor.light/51, period=200000000, max_latency=0
12-13 23:14:10.890  2152  2152 I sensors-hal: set_config:62, sample_period_ns is adjusted to 0 based on min/max delay_ns
12-13 23:14:10.890  7663  7663 W HnAOD   : AODService:onDestroy stop self now.
12-13 23:14:10.890  6493  6493 I OverviewProxyService: notifySystemUiStateFlags end, flags:537001984
12-13 23:14:10.890  2152  2152 I sensors-hal: set_config:74, send_ap_value_to_cp: SNS_AP_VALUE_TYPE_BATCH_REQUEST
12-13 23:14:10.890  2152  2152 I sensors-hal: batch:327, android.sensor.light/51, period=200000000, max_latency=0 request completed
12-13 23:14:10.890  1250  1265 I DMABUFHEAPS: Using DMA-BUF heap named: qcom,qseecom-ta
12-13 23:14:10.890  6493  6493 E DynamicCardClusterHp: onStartedGoingToSleep::run card dismiss.
12-13 23:14:10.891  6493  6493 D TaskStackChangeListeners: startHandle, onTaskSnapshotChanged: 3365498
12-13 23:14:10.891  6493  6493 D TaskStackChangeListeners: endHandle, onTaskSnapshotChanged: 3365498 ,cost: 1
12-13 23:14:10.891  6493  6493 W vol.VolumeDialogImpl: dismissH reason : 2
12-13 23:14:10.891  6493  6493 D vol.VolumeDialogImpl: dismissH: skipping dismiss because isAnimatingDismiss is true and showingStateInconsistent is false
12-13 23:14:10.892  2510  6344 I SensorService: enableSensor handle:51, packageName:com.android.server.biometrics.log.ALSProbe, opPackageName:android , rate=200000000
12-13 23:14:10.892  2510  6344 V ALSProbe: Enable ALS: 241400854
12-13 23:14:10.892  2510  6344 I HnFingerprintAuthClient: startHalOperation over and send code KEYGUARD_AUTHENTICAING_MESSAGE to keyguard
12-13 23:14:10.892  6493  6605 I StageCoordinator: setGestureToPartialSplitScreenAnimationScreenListenerStatus true
12-13 23:14:10.892  6493  6605 D StageCoordinator: onStartedGoingToSleep: false
12-13 23:14:10.892  6493  6605 W StageCoordinatorEx: Attempted to release HnInputInterceptorLeash but it was not initialized.
12-13 23:14:10.892  2510  6344 V BiometricSchedulerOperation: started: {[3851] com.hihonor.server.fingerprint.aidl.HnFingerprintAuthClient, proto=3, owner=com.android.systemui, cookie=0, requestId=2933, userId=0}, State: 2
12-13 23:14:10.893  6493  6493 W FingerprintManager: Invalid acquired message: 10000, -1
12-13 23:14:10.893  2152 14115 I sensors-hal: ssc_conn_resp_cb:727, resp_value = 0
12-13 23:14:10.893  7663  7663 W HnAOD   : AODService:onCreate in AP solution, do noting.
12-13 23:14:10.894  7663  7663 I HnAOD   : AODService:mFingerprintStateListener onBind
12-13 23:14:10.893  2510  7091 D ActivityTaskManager: syncSemSplitStatusToLauncher 
12-13 23:14:10.895  6493  6605 I StageCoordinator: sendSemSplitStatusToLaunch: false semSplitPosition 0
12-13 23:14:10.896  2359  2359 I aptouch_daemon: tsa_set_ctrlflag, set TSA_CTRL_UDFP_ON
12-13 23:14:10.896  2359  2359 I aptouch_daemon: update_udfp_switch_status, the ud fingerprint state is 1
12-13 23:14:10.897  6493  6600 I WallpaperChangedUtils: isEnableLockscreenWallpapeTransparent: false
12-13 23:14:10.897  6493  6600 W KGWpp_Utils: get theme Wallpaper SUCC
12-13 23:14:10.897  6493  6600 W MgzUtils: is user customed wpp8 <--> 8
12-13 23:14:10.898  2510  2510 W FingerprintStateNotifierEx: AODService connected success
12-13 23:14:10.898  1250  1265 D vendor.qti.hardware.qteeconnector@1.0-gp: prepareMemoryObjs param[3].memref.size=76, .memref.offset=0, memSize=76
12-13 23:14:10.898  2152 14128 I sensors-hal: handle_sns_client_event:442, accel_sample(accelcal_available:0): ts=2226311234603700 ns; value = [0.258391, 0.222227, 9.609569], status=3
12-13 23:14:10.905  6493  6600 W CpMgr   : computeColorType PK:8 183 ffeb6b4c; 159 fffcf9f7; 75 fffae1b2
12-13 23:14:10.907  6493  6600 W CpMgr   : computeColorType PK:8 368 ffed7043; 158 fffce0ac; 29 fff6bdb4
12-13 23:14:10.907  6493  6600 W CpMgr   : RECT_TOP_MASK_AREA PK:8 TYPE: 0
12-13 23:14:10.912  2510  7022 I WallpaperManagerService: getWallpaperInfoWithFlags which:1
12-13 23:14:10.912  2510  7022 I WallpaperManagerService: getWallpaperInfoWithFlags wallpaper is null
12-13 23:14:10.913  6493  6600 W KGWpp   : update Wallpaper and send update message.type:100 >>> BokehDrawable@fb08082K:8; F:1
12-13 23:14:10.913  6493  6600 W KGWpp   : update Wallpaper mCurrentWallPaper:android.graphics.Bitmap@137607
12-13 23:14:10.914  6493  6600 W KGWpp   : set wpp index:false;8;100
12-13 23:14:10.914  6493  6600 W ExHandler: BgThread running too long, use 45 { when=-45ms callback=com.hihonor.keyguard.wallpaper.KeyguardWallpaper$6 target=com.hihonor.keyguard.basetype.ExHandler }
12-13 23:14:10.915  2359  2359 E afehal  : to enter IDLE mode , Interval=120/2800/0/1
12-13 23:14:10.915  2359  2359 I aptouch_daemon: change_to_idlemode, enter idle, ret=0x0000
12-13 23:14:10.919  1250  2600 E SmcInvoke_MinkDescriptor: mem obj with id :19 not found in list
12-13 23:14:10.919  2774  6472 D GPQTEEC : [QTEEC.cpp:592 __convertParamsOut] paramTypes[0]=3
12-13 23:14:10.920  2774  6472 D GPQTEEC : [QTEEC.cpp:594 __convertParamsOut] Type is output
12-13 23:14:10.920  2774  6472 D GPQTEEC : [QTEEC.cpp:592 __convertParamsOut] paramTypes[1]=0
12-13 23:14:10.920  2774  6472 D GPQTEEC : [QTEEC.cpp:592 __convertParamsOut] paramTypes[2]=0
12-13 23:14:10.920  2774  6472 D GPQTEEC : [QTEEC.cpp:592 __convertParamsOut] paramTypes[3]=f
12-13 23:14:10.920  2774  6472 D GPQTEEC : [QTEEC.cpp:594 __convertParamsOut] Type is output
12-13 23:14:10.920  2774  6472 D GPQTEEC : [QTEEC.cpp:605 __convertParamsOut] SizeIn/SizeOut = 76/76
12-13 23:14:10.920  2774  6472 D GPQTEEC : [QTEEC.cpp:621 __convertParamsOut] Copy back from qsmem->ion_sbuf @ 0x74d2564000 (76 bytes)
12-13 23:14:10.920  2774  6472 D GPQTEEC : [QTEEC.cpp:470 __RevertRegisteredMemToTempMem] Saved op buffer @ 0x722147a920, Temp op @ 0x722147a920
12-13 23:14:10.920  2774  6472 D GPQTEEC : [QTEEC.cpp:382 TEEC_QTEE_ReleaseSharedMemory] Releasing qsmem buffer @ 0x74d2564000
12-13 23:14:10.920  2774  6472 D GPQTEEC : [QTEEC.cpp:131 __SharedMem_Free] munmap(0x74d2564000, 76)
12-13 23:14:10.921  2774  6472 D GPQTEEC : [QTEEC.cpp:479 __RevertRegisteredMemToTempMem] Returned op->params[i].tmpref.size 76
12-13 23:14:10.921  2774  6472 D GPQTEEC : [QTEEC.cpp:481 __RevertRegisteredMemToTempMem] Restored op buffer @ 0x722147a920
12-13 23:14:10.921  2774  6472 D GPQTEEC : [QTEEC.cpp:47 dumpHex] Operation OUT (112 bytes @ 0x0x722147a9e0)
12-13 23:14:10.921  2774  6472 D GPQTEEC : [QTEEC.cpp:54 dumpHex] 01 00 00 00 03 70 00 00 00 00 00 00 00 00 00 00 
12-13 23:14:10.921  2774  6472 D GPQTEEC : [QTEEC.cpp:54 dumpHex] 00 00 00 00 00 00 00 00 00 00 00 00 00 00 00 00 
12-13 23:14:10.921  2774  6472 D GPQTEEC : [QTEEC.cpp:54 dumpHex] 00 00 00 00 00 00 00 00 00 00 00 00 00 00 00 00 
12-13 23:14:10.921  2774  6472 D GPQTEEC : [QTEEC.cpp:54 dumpHex] 00 00 00 00 00 00 00 00 00 00 00 00 00 00 00 00 
12-13 23:14:10.921  2774  6472 D GPQTEEC : [QTEEC.cpp:54 dumpHex] 00 00 00 00 00 00 00 00 00 00 00 00 00 00 00 00 
12-13 23:14:10.921  2774  6472 D GPQTEEC : [QTEEC.cpp:54 dumpHex] 20 A9 47 21 72 00 00 00 4C 00 00 00 00 00 00 00 
12-13 23:14:10.921  2774  6472 D GPQTEEC : [QTEEC.cpp:54 dumpHex] 00 00 00 00 00 00 00 00 A0 DD B4 67 73 00 00 B4 
12-13 23:14:10.921  2774  6472 D fpc_tac : HAL Invokecommand = 101 out, result = 0, retry_times = 1
12-13 23:14:10.922  2774  6472 D fpc_tac : HAL Invokecommand = 10
12-13 23:14:10.922  2774  6472 D GPQTEEC : [QTEEC.cpp:47 dumpHex] Operation IN (112 bytes @ 0x0x722147a850)
12-13 23:14:10.922  2774  6472 D GPQTEEC : [QTEEC.cpp:54 dumpHex] 01 00 00 00 03 70 00 00 00 00 00 00 09 00 00 00 
12-13 23:14:10.922  2774  6472 D GPQTEEC : [QTEEC.cpp:54 dumpHex] 00 00 00 00 00 00 00 00 00 00 00 00 00 00 00 00 
12-13 23:14:10.922  2774  6472 D GPQTEEC : [QTEEC.cpp:54 dumpHex] 00 00 00 00 00 00 00 00 00 00 00 00 00 00 00 00 
12-13 23:14:10.922  2774  6472 D GPQTEEC : [QTEEC.cpp:54 dumpHex] 00 00 00 00 00 00 00 00 00 00 00 00 00 00 00 00 
12-13 23:14:10.922  2774  6472 D GPQTEEC : [QTEEC.cpp:54 dumpHex] 00 00 00 00 00 00 00 00 00 00 00 00 00 00 00 00 
12-13 23:14:10.922  2774  6472 D GPQTEEC : [QTEEC.cpp:54 dumpHex] 90 A7 47 21 72 00 00 00 4C 00 00 00 00 00 00 00 
12-13 23:14:10.922  2774  6472 D GPQTEEC : [QTEEC.cpp:54 dumpHex] 00 00 00 00 00 00 00 00 00 00 00 00 00 00 00 00 
12-13 23:14:10.922  2774  6472 D GPQTEEC : [QTEEC.cpp:425 __ConvertTempMemToRegisteredMem] Saved op tmpref.buffer = 0x722147a790, Op memref.parent->buffer = 0x722147a790 (76 bytes)
12-13 23:14:10.923  2774  6472 D GPQTEEC : [QTEEC.cpp:111 __SharedMem_Alloc] mmap(0x74d2564000, 76)
12-13 23:14:10.923  2774  6472 D GPQTEEC : [QTEEC.cpp:230 TEEC_QTEE_RegisterSharedMemory] qsmem buffer allocated @ 0x74d2564000 76 bytes, registered buffer @ 0x722147a790
12-13 23:14:10.923  2774  6472 D GPQTEEC : [QTEEC.cpp:444 __ConvertTempMemToRegisteredMem] Temp op buffer set @ 0x722147a790
12-13 23:14:10.923  2774  6472 D GPQTEEC : [QTEEC.cpp:1182 TEEC_QTEE_InvokeCommand] Operation is not NULL
12-13 23:14:10.923  2774  6472 D GPQTEEC : [QTEEC.cpp:47 dumpHex] param[] (16 bytes @ 0x0x722147a6cc)
12-13 23:14:10.923  2774  6472 D GPQTEEC : [QTEEC.cpp:54 dumpHex] 00 00 00 00 09 00 00 00 00 00 00 00 00 00 00 00 
12-13 23:14:10.923  2774  6472 D GPQTEEC : [QTEEC.cpp:47 dumpHex] param[] (16 bytes @ 0x0x722147a6dc)
12-13 23:14:10.923  2774  6472 D GPQTEEC : [QTEEC.cpp:54 dumpHex] 00 00 00 00 00 00 00 00 00 00 00 00 00 00 00 00 
12-13 23:14:10.923  2774  6472 D GPQTEEC : [QTEEC.cpp:47 dumpHex] param[] (16 bytes @ 0x0x722147a6ec)
12-13 23:14:10.923  2774  6472 D GPQTEEC : [QTEEC.cpp:54 dumpHex] 00 00 00 00 00 00 00 00 00 00 00 00 00 00 00 00 
12-13 23:14:10.923  2774  6472 D GPQTEEC : [QTEEC.cpp:514 __convertParamsIn] param[3] size=76, offset=0
12-13 23:14:10.923  2774  6472 D GPQTEEC : [QTEEC.cpp:524 __convertParamsIn] Real backed buffer (76 bytes)
12-13 23:14:10.923  2774  6472 D GPQTEEC : [QTEEC.cpp:529 __convertParamsIn] Copy into qsmem->ashmem_buffer @ 0x74d2564000 (76 bytes)
12-13 23:14:10.924  2774  6472 D GPQTEEC : [QTEEC.cpp:47 dumpHex] param[] (16 bytes @ 0x0x722147a6fc)
12-13 23:14:10.924  2774  6472 D GPQTEEC : [QTEEC.cpp:54 dumpHex] FF FF FF FF 00 00 00 00 4C 00 00 00 00 00 00 00 
12-13 23:14:10.924  2774  6472 D GPQTEEC : [QTEEC.cpp:1193 TEEC_QTEE_InvokeCommand] operation->paramTypes = 0x0000F003, req->param_types = 0x00007003
12-13 23:14:10.928  1250  1265 I DMABUFHEAPS: Using DMA-BUF heap named: qcom,qseecom-ta
12-13 23:14:10.928  2359  2359 I aptouch_daemon: check_idle_status, idle in. 300
12-13 23:14:10.932  1250  1265 D vendor.qti.hardware.qteeconnector@1.0-gp: prepareMemoryObjs param[3].memref.size=76, .memref.offset=0, memSize=76
12-13 23:14:10.951  2152 14116 I sensors-hal: handle_sns_std_sensor_event:150, ambient_light_event: ts=2226311310092137, lux = 72, raw_adc=118, raw_2=1542
12-13 23:14:10.967  2359  2359 I aptouch_daemon: check_idle_status, idle out.
12-13 23:14:10.975  2510  2793 I AppEyeFwkBlock: do monitor
12-13 23:14:11.004  2510  6210 I WifiEnhanceMonitor: getPrimaryWifiInfo: primaryWifiInfo from WifiManager
12-13 23:14:11.008  2510  4709 W SettingsState: writeSingleSetting() get invalid item. version: 226, id: 139831, name: single_hand_switch
12-13 23:14:11.015  2510  6385 I DisplayManagerService: state: 2, currentState: 2
12-13 23:14:11.015  2510  3143 I DisplayPowerController[0]: Screen state change begin.
12-13 23:14:11.016  2286  2403 I SurfaceFlinger: AIDL set brightness to DisplayBrightness{sdrWhitePoint: -1.000000, sdrWhitePointNits: -1.000000, displayBrightness: -1.000000, displayBrightnessNits: -1.000000, localBrightness: -1.000000, localBrightnessNits: -1.000000} from pid = 2510
12-13 23:14:11.017  2286  2286 I SurfaceFlinger: hnConfirmBrightnessLeap: display off and brightness down to zero
12-13 23:14:11.017  2510  3143 I WindowManager: onScreenStateChanged from display: 1
12-13 23:14:11.017  2286  2286 D SurfaceFlinger: Before Extend DC Nits is -1.000000, Brightness is -1.000000
12-13 23:14:11.017  2286  2286 D SurfaceFlinger: After Extend DC Nits is -1.000000, Brightness is -1.000000
12-13 23:14:11.018  2510  3143 I DisplayPowerController[0]: Screen state change end.
12-13 23:14:11.018  2510  3143 I DisplayPowerController[0]: setReportedScreenState=3
12-13 23:14:11.018  2510  3143 I DisplayPowerController[0]: UL_Power screenTurningOff: setScreenState
12-13 23:14:11.019  6493  6521 I KeyguardService: KGSvcCall sendScreenState. 1
12-13 23:14:11.018  2510  6385 I DisplayDeviceConfig: hasSdrToHdrRatioSpline = false
12-13 23:14:11.022  2510  3143 I DisplayPowerController[0]: setReportedScreenState=0
12-13 23:14:11.023  6777  9146 I ApsAGPAdapter: APS: APK: ApsAGPAdapter: isScreenOn = false
12-13 23:14:11.023  2510  3143 I DisplayPowerController[0]: UL_Power screenTurnedOff: setScreenState: isOff
12-13 23:14:11.023  6777  9146 I ApsAGPAdapter: APS: APK: ApsAGPAdapter: updateSensorState: mIsSupportDynamicBaseBrightness = false; mIsScreenOn = false; mFreqMode = 2; mIsPowerMode = true
12-13 23:14:11.024  2286  2403 W SurfaceFlinger: captureLayers: layer is null, parent layer name Task=5175#215747
12-13 23:14:11.024  6777  7481 I DeviceStateService: update screen state: 1
12-13 23:14:11.025  6777  7976 D BoostCtrlManager: prop off
12-13 23:14:11.025  2620  3473 D ITouchService: GetTpService itouch has already get atp service.
12-13 23:14:11.026  2191  2191 I TS_AIDL_Service: hwTsRunCommand
12-13 23:14:11.026  2191  2191 E TS_HAL  : honor_tp_run_command: call
12-13 23:14:11.030  2286  2286 I HwcComposer: AidlComposer set brightness to -1.000000, set brightnessNits to -1.000000
12-13 23:14:11.037  6777  7976 I Network_Policy: device is charging
12-13 23:14:11.038  2152  2152 I sensors-hal: batch:314, android.sensor.light/51, period=200000000, max_latency=0
12-13 23:14:11.038  2152  2152 I sensors-hal: set_config:62, sample_period_ns is adjusted to 0 based on min/max delay_ns
12-13 23:14:11.038  2152  2152 I sensors-hal: set_config:74, send_ap_value_to_cp: SNS_AP_VALUE_TYPE_BATCH_REQUEST
12-13 23:14:11.038  2152  2152 I sensors-hal: batch:327, android.sensor.light/51, period=200000000, max_latency=0 request completed
12-13 23:14:11.039  2510  7025 I SensorService: disableSensor handle:51, packageName:com.hihonor.thermal.device.ThermalOutdoorDetector
12-13 23:14:11.040  6493  6493 W MaskViewContainer: updateDescriptionMaskView 0, height 0; color:0 null
12-13 23:14:11.041  6493  6493 W MagicLockscreenController: callbackCount: 0
12-13 23:14:11.043  2286  2403 D CompositionEngine: StrategyPredicter: enable:1 isBeta:0 debug:0
12-13 23:14:11.043  2286  2403 I CompositionEngine: setCompositionEnabled id: displayIdOpt is invalid enable: 1
12-13 23:14:11.043  2286  2403 I CompositionEngine: setLayerFilter id: displayIdOpt is invalid, layerStackId: 0, 0
12-13 23:14:11.043  2286  2403 I SurfaceFlinger: output usage:4
12-13 23:14:11.044  1250  2600 E SmcInvoke_MinkDescriptor: mem obj with id :19 not found in list
12-13 23:14:11.045  6493  6493 W GradientShadow: setH for mask_top (PK:8 S:2) 800 top
12-13 23:14:11.045  6493  6493 W GradientShadow: set color T[mask_top (PK:8 S:2)]: 4d000000; ffffff; 
12-13 23:14:11.045  2152 14115 I sensors-hal: ssc_conn_resp_cb:727, resp_value = 0
12-13 23:14:11.045  2774  6472 D GPQTEEC : [QTEEC.cpp:592 __convertParamsOut] paramTypes[0]=3
12-13 23:14:11.045  2774  6472 D GPQTEEC : [QTEEC.cpp:594 __convertParamsOut] Type is output
12-13 23:14:11.045  2774  6472 D GPQTEEC : [QTEEC.cpp:592 __convertParamsOut] paramTypes[1]=0
12-13 23:14:11.045  2774  6472 D GPQTEEC : [QTEEC.cpp:592 __convertParamsOut] paramTypes[2]=0
12-13 23:14:11.045  2774  6472 D GPQTEEC : [QTEEC.cpp:592 __convertParamsOut] paramTypes[3]=f
12-13 23:14:11.045  2774  6472 D GPQTEEC : [QTEEC.cpp:594 __convertParamsOut] Type is output
12-13 23:14:11.045  2774  6472 D GPQTEEC : [QTEEC.cpp:605 __convertParamsOut] SizeIn/SizeOut = 76/76
12-13 23:14:11.045  6493  6493 W GradientShadow: setH for mask_bottom (PK:8 S:2) 320 bottom
12-13 23:14:11.045  2774  6472 D GPQTEEC : [QTEEC.cpp:621 __convertParamsOut] Copy back from qsmem->ion_sbuf @ 0x74d2564000 (76 bytes)
12-13 23:14:11.045  2774  6472 D GPQTEEC : [QTEEC.cpp:470 __RevertRegisteredMemToTempMem] Saved op buffer @ 0x722147a790, Temp op @ 0x722147a790
12-13 23:14:11.045  2774  6472 D GPQTEEC : [QTEEC.cpp:382 TEEC_QTEE_ReleaseSharedMemory] Releasing qsmem buffer @ 0x74d2564000
12-13 23:14:11.045  6493  6493 W GradientShadow: set color B[mask_bottom (PK:8 S:2)]: f9f9f9; 7ff9f9f9; 
12-13 23:14:11.045  2774  6472 D GPQTEEC : [QTEEC.cpp:131 __SharedMem_Free] munmap(0x74d2564000, 76)
12-13 23:14:11.046  2774  6472 D GPQTEEC : [QTEEC.cpp:479 __RevertRegisteredMemToTempMem] Returned op->params[i].tmpref.size 76
12-13 23:14:11.046  2774  6472 D GPQTEEC : [QTEEC.cpp:481 __RevertRegisteredMemToTempMem] Restored op buffer @ 0x722147a790
12-13 23:14:11.046  2774  6472 D GPQTEEC : [QTEEC.cpp:47 dumpHex] Operation OUT (112 bytes @ 0x0x722147a850)
12-13 23:14:11.046  2774  6472 D GPQTEEC : [QTEEC.cpp:54 dumpHex] 01 00 00 00 03 70 00 00 00 00 00 00 06 00 00 00 
12-13 23:14:11.046  2774  6472 D GPQTEEC : [QTEEC.cpp:54 dumpHex] 00 00 00 00 00 00 00 00 00 00 00 00 00 00 00 00 
12-13 23:14:11.046  2774  6472 D GPQTEEC : [QTEEC.cpp:54 dumpHex] 00 00 00 00 00 00 00 00 00 00 00 00 00 00 00 00 
12-13 23:14:11.046  2774  6472 D GPQTEEC : [QTEEC.cpp:54 dumpHex] 00 00 00 00 00 00 00 00 00 00 00 00 00 00 00 00 
12-13 23:14:11.046  2774  6472 D GPQTEEC : [QTEEC.cpp:54 dumpHex] 00 00 00 00 00 00 00 00 00 00 00 00 00 00 00 00 
12-13 23:14:11.046  2774  6472 D GPQTEEC : [QTEEC.cpp:54 dumpHex] 90 A7 47 21 72 00 00 00 4C 00 00 00 00 00 00 00 
12-13 23:14:11.046  2774  6472 D GPQTEEC : [QTEEC.cpp:54 dumpHex] 00 00 00 00 00 00 00 00 A0 DD B4 67 73 00 00 B4 
12-13 23:14:11.046  2774  6472 D fpc_tac : HAL Invokecommand = 10 out, result = 0, retry_times = 1
12-13 23:14:11.046  2774  6472 I fpc_fingerprint_hal: fpc FP_IOC_CMD_DISABLE_IRQ is already disabled
12-13 23:14:11.046  2774  6472 D fpc_tac : HAL Invokecommand = 20
12-13 23:14:11.046  2774  6472 D GPQTEEC : [QTEEC.cpp:47 dumpHex] Operation IN (112 bytes @ 0x0x722147a5d0)
12-13 23:14:11.046  2774  6472 D GPQTEEC : [QTEEC.cpp:54 dumpHex] 01 00 00 00 03 70 00 00 04 00 00 00 09 00 00 00 
12-13 23:14:11.046  2774  6472 D GPQTEEC : [QTEEC.cpp:54 dumpHex] 00 00 00 00 00 00 00 00 00 00 00 00 00 00 00 00 
12-13 23:14:11.046  2774  6472 D GPQTEEC : [QTEEC.cpp:54 dumpHex] 00 00 00 00 00 00 00 00 00 00 00 00 00 00 00 00 
12-13 23:14:11.046  2774  6472 D GPQTEEC : [QTEEC.cpp:54 dumpHex] 00 00 00 00 00 00 00 00 00 00 00 00 00 00 00 00 
12-13 23:14:11.046  2774  6472 D GPQTEEC : [QTEEC.cpp:54 dumpHex] 00 00 00 00 00 00 00 00 00 00 00 00 00 00 00 00 
12-13 23:14:11.046  2774  6472 D GPQTEEC : [QTEEC.cpp:54 dumpHex] 10 A5 47 21 72 00 00 00 4C 00 00 00 00 00 00 00 
12-13 23:14:11.046  2774  6472 D GPQTEEC : [QTEEC.cpp:54 dumpHex] 00 00 00 00 00 00 00 00 00 00 00 00 00 00 00 00 
12-13 23:14:11.046  2774  6472 D GPQTEEC : [QTEEC.cpp:425 __ConvertTempMemToRegisteredMem] Saved op tmpref.buffer = 0x722147a510, Op memref.parent->buffer = 0x722147a510 (76 bytes)
12-13 23:14:11.046  2359  5015 I aptouch_daemon: begin, cmd[0], flag[16]
12-13 23:14:11.046  2359  5015 I aptouch_daemon: Excute:84: cmd=power_time, param=
12-13 23:14:11.046  6493  6493 E ClockFileHelper: readJsonFromFile file not found:/data/themes/0/keyguard_clock_style.json
12-13 23:14:11.046  2774  6472 D GPQTEEC : [QTEEC.cpp:111 __SharedMem_Alloc] mmap(0x74d2564000, 76)
12-13 23:14:11.046  2774  6472 D GPQTEEC : [QTEEC.cpp:230 TEEC_QTEE_RegisterSharedMemory] qsmem buffer allocated @ 0x74d2564000 76 bytes, registered buffer @ 0x722147a510
12-13 23:14:11.046  2359  5015 I aptouch_daemon: get_cmd, power_time
12-13 23:14:11.046  2774  6472 D GPQTEEC : [QTEEC.cpp:444 __ConvertTempMemToRegisteredMem] Temp op buffer set @ 0x722147a510
12-13 23:14:11.046  2774  6472 D GPQTEEC : [QTEEC.cpp:1182 TEEC_QTEE_InvokeCommand] Operation is not NULL
12-13 23:14:11.046  2774  6472 D GPQTEEC : [QTEEC.cpp:47 dumpHex] param[] (16 bytes @ 0x0x722147a44c)
12-13 23:14:11.046  6493  6493 I WallpaperChangedUtils: isEnableLockscreenWallpapeTransparent: false
12-13 23:14:11.046  2774  6472 D GPQTEEC : [QTEEC.cpp:54 dumpHex] 04 00 00 00 09 00 00 00 00 00 00 00 00 00 00 00 
12-13 23:14:11.046  2774  6472 D GPQTEEC : [QTEEC.cpp:47 dumpHex] param[] (16 bytes @ 0x0x722147a45c)
12-13 23:14:11.046  2774  6472 D GPQTEEC : [QTEEC.cpp:54 dumpHex] 00 00 00 00 00 00 00 00 00 00 00 00 00 00 00 00 
12-13 23:14:11.046  2774  6472 D GPQTEEC : [QTEEC.cpp:47 dumpHex] param[] (16 bytes @ 0x0x722147a46c)
12-13 23:14:11.046  2774  6472 D GPQTEEC : [QTEEC.cpp:54 dumpHex] 00 00 00 00 00 00 00 00 00 00 00 00 00 00 00 00 
12-13 23:14:11.046  2774  6472 D GPQTEEC : [QTEEC.cpp:514 __convertParamsIn] param[3] size=76, offset=0
12-13 23:14:11.046  2774  6472 D GPQTEEC : [QTEEC.cpp:524 __convertParamsIn] Real backed buffer (76 bytes)
12-13 23:14:11.046  2774  6472 D GPQTEEC : [QTEEC.cpp:529 __convertParamsIn] Copy into qsmem->ashmem_buffer @ 0x74d2564000 (76 bytes)
12-13 23:14:11.046  2190  2190 I vendor.honor.hardware.power-service: [HnSetChargeControlNodeInfo] user: thermal nodeName: screen_state
12-13 23:14:11.047  2359  5015 I aptouch_daemon: excute_cmd_end, cmd: power_time.
12-13 23:14:11.047  2359  2359 I aptouch_daemon: request_lock_timed, + LockStatus 0x00000021
12-13 23:14:11.047  2359  2359 I aptouch_daemon: request_lock_timed, -, 0 ms, 0
12-13 23:14:11.047  6493  6493 W MgzDetailView: Skip update drawable as pic is mismatch
12-13 23:14:11.047  2774  6472 D GPQTEEC : [QTEEC.cpp:47 dumpHex] param[] (16 bytes @ 0x0x722147a47c)
12-13 23:14:11.047  2774  6472 D GPQTEEC : [QTEEC.cpp:54 dumpHex] FF FF FF FF 00 00 00 00 4C 00 00 00 00 00 00 00 
12-13 23:14:11.047  2774  6472 D GPQTEEC : [QTEEC.cpp:1193 TEEC_QTEE_InvokeCommand] operation->paramTypes = 0x0000F003, req->param_types = 0x00007003
12-13 23:14:11.047  6493  6493 W MgzUtils: is user customed wpp8 <--> 8
12-13 23:14:11.047  2359  5015 I aptouch_daemon: Excute:88: m_result=Active=151959023 Idle=303229643
