--------- beginning of system
12-13 17:20:52.522  2510  2795 W Watchdog: waitState=[0] waitedHalf=[false]
12-13 17:20:52.523  2510  2795 W Watchdog: watchdogKick kickCounter=[150]
12-13 17:20:53.437  2510  2793 I AppEyeFwkBlock: do monitor
12-13 17:20:55.189  2510  4794 D ActivityManager: freezing 21135 com.hihonor.brain
12-13 17:20:55.218  2510  4682 I HwBatteryService: power_ui state= 1 mQuickChargeStatus=1
12-13 17:20:55.218  2510  4682 I HwBatteryService: handleWirelessTxStatus
12-13 17:20:55.218  2510  4682 I HwBatteryService: switch not open, return, mWirelessTxFlag : 0
12-13 17:20:55.218  2510  4682 W HwBatteryService: need return. Invalid value: -1
12-13 17:20:55.218  2510  4682 D HwBatteryService: setHwChargeTimeRemaining, time = -1 String time: -1
12-13 17:20:55.228  2510  7083 I BatteryService: Processing new values: info={chargerAcOnline=false,chargerUsbOnline=true,chargerWirelessOnline=false,maxChargingCurrent=500000,maxChargingVoltage=5000000,batteryStatus=2=CHARGING,batteryHealth=2=GOOD,batteryPresent=true,batteryLevel=66,batteryVoltage=4076,batteryTemperature=324,batteryFullCharge=6590000,batteryChargeCounter=3500000,batteryTechnology=Unknown,batteryCapacityLevel=3=NORMAL,chargerDockOnline=false}, mBatteryLevelCritical=false, mPlugType=2, mLastPlugType=2
12-13 17:20:55.229  2510  7083 I BatteryService: check conditions changed
12-13 17:20:55.233  2510  7083 I BatteryService: Processing new values: info={chargerAcOnline=false,chargerUsbOnline=true,chargerWirelessOnline=false,maxChargingCurrent=500000,maxChargingVoltage=5000000,batteryStatus=2=CHARGING,batteryHealth=2=GOOD,batteryPresent=true,batteryLevel=66,batteryVoltage=4076,batteryTemperature=324,batteryFullCharge=6590000,batteryChargeCounter=3500000,batteryTechnology=Unknown,batteryCapacityLevel=3=NORMAL,chargerDockOnline=false}, mBatteryLevelCritical=false, mPlugType=2, mLastPlugType=2
12-13 17:20:55.234  2510  7083 I BatteryService: check conditions changed
12-13 17:20:56.674  2510  4794 D ActivityManager: freezing 16638 com.hihonor.searchservice
12-13 17:20:56.680  2510  4794 D ActivityManager: freezing 16767 com.hihonor.systemmanager:security_scan
12-13 17:20:56.684  2510  4794 D ActivityManager: freezing 16879 com.hihonor.securitypluginbase:service
12-13 17:20:56.686  2510  4794 D ActivityManager: freezing 16843 com.hihonor.systemmanager
12-13 17:20:56.689  2510  4794 D ActivityManager: freezing 16576 com.android.keychain
12-13 17:20:58.667  2510  7091 I PowerManagerService: wakeLock.mDisabled:false, mDeviceIdleMode:false, mProcState:0
12-13 17:20:58.668  2510  7091 I PowerManagerService: need acquire WakeLockSuspendBlocker
12-13 17:20:58.669  2510  7091 I PowerManagerService: Acquiring suspend blocker "PowerManagerService.WakeLocks".
12-13 17:20:58.736  2510  7091 I PowerManagerService: need release WakeLockSuspendBlocker
12-13 17:20:58.737  2510  7091 I PowerManagerService: Releasing suspend blocker "PowerManagerService.WakeLocks".
12-13 17:20:59.438  2510  2793 I AppEyeFwkBlock: do monitor
12-13 17:21:00.004  2510  4823 I PowerManagerService: wakeLock.mDisabled:false, mDeviceIdleMode:false, mProcState:0
12-13 17:21:00.005  2510  4823 I PowerManagerService: need acquire WakeLockSuspendBlocker
12-13 17:21:00.008  2510  4823 I PowerManagerService: Acquiring suspend blocker "PowerManagerService.WakeLocks".
12-13 17:21:00.014  2510  2510 I PowerManagerService: need release WakeLockSuspendBlocker
12-13 17:21:00.015  2510  2510 I PowerManagerService: Releasing suspend blocker "PowerManagerService.WakeLocks".
12-13 17:21:03.392  2510  4682 I HwBatteryService: power_ui state= 1 mQuickChargeStatus=1
12-13 17:21:03.392  2510  4682 I HwBatteryService: handleWirelessTxStatus
12-13 17:21:03.392  2510  4682 I HwBatteryService: switch not open, return, mWirelessTxFlag : 0
12-13 17:21:03.392  2510  4682 W HwBatteryService: need return. Invalid value: -1
12-13 17:21:03.392  2510  4682 D HwBatteryService: setHwChargeTimeRemaining, time = -1 String time: -1
12-13 17:21:03.402  2510  7090 I BatteryService: Processing new values: info={chargerAcOnline=false,chargerUsbOnline=true,chargerWirelessOnline=false,maxChargingCurrent=500000,maxChargingVoltage=5000000,batteryStatus=2=CHARGING,batteryHealth=2=GOOD,batteryPresent=true,batteryLevel=66,batteryVoltage=4079,batteryTemperature=324,batteryFullCharge=6590000,batteryChargeCounter=3500000,batteryTechnology=Unknown,batteryCapacityLevel=3=NORMAL,chargerDockOnline=false}, mBatteryLevelCritical=false, mPlugType=2, mLastPlugType=2
12-13 17:21:03.402  2510  7090 I BatteryService: check conditions changed
12-13 17:21:03.408  2510  7090 I BatteryService: Processing new values: info={chargerAcOnline=false,chargerUsbOnline=true,chargerWirelessOnline=false,maxChargingCurrent=500000,maxChargingVoltage=5000000,batteryStatus=2=CHARGING,batteryHealth=2=GOOD,batteryPresent=true,batteryLevel=66,batteryVoltage=4081,batteryTemperature=324,batteryFullCharge=6590000,batteryChargeCounter=3500000,batteryTechnology=Unknown,batteryCapacityLevel=3=NORMAL,chargerDockOnline=false}, mBatteryLevelCritical=false, mPlugType=2, mLastPlugType=2
12-13 17:21:03.408  2510  7090 I BatteryService: check conditions changed
12-13 17:21:03.592  2510  6266 D DeviceStorageMonitorService: Start to check the low storage threshold
12-13 17:21:03.594  2510  6266 I DeviceStorageMonitorService: totalBytes:237548601344; usableBytes: 192530288640
12-13 17:21:03.594  2510  6266 D DeviceStorageMonitorService: updateNotifications  oldLevel:0,newLevel0
12-13 17:21:05.438  2510  2793 I AppEyeFwkBlock: do monitor
12-13 17:21:05.727  2510  4823 I PowerManagerService: wakeLock.mDisabled:false, mDeviceIdleMode:false, mProcState:0
12-13 17:21:05.727  2510  4823 I PowerManagerService: need acquire WakeLockSuspendBlocker
12-13 17:21:05.728  2510  4823 I PowerManagerService: Acquiring suspend blocker "PowerManagerService.WakeLocks".
12-13 17:21:05.732  2510  4823 I ActivityManager: sendIntentSender target:PendingIntentRecord{3d8bc08 com.tencent.mm broadcastIntent}, intent:flg=0x4 hwFlg=0x110
12-13 17:21:05.739  2510  4690 I JobScheduler.Time: realNextDelayExpiredElapsedMillis: 2205156087 mNextDelayExpiredElapsedMillis:2205156087
12-13 17:21:05.741  2510  4690 I PowerManagerService: need release WakeLockSuspendBlocker
12-13 17:21:05.741  2510  4690 I PowerManagerService: Releasing suspend blocker "PowerManagerService.WakeLocks".
12-13 17:21:05.744  2510  4690 E ProcessInfoCollector: getProcessInfo: proc should not less than zero.
12-13 17:21:05.745  2510  4690 E ProcessInfoCollector: getProcessInfo: proc should not less than zero.
12-13 17:21:05.746  2510  4690 I PowerManagerService: wakeLock.mDisabled:false, mDeviceIdleMode:false, mProcState:0
12-13 17:21:05.747  2510  4690 I PowerManagerService: need acquire WakeLockSuspendBlocker
12-13 17:21:05.748  2510  4690 I PowerManagerService: Acquiring suspend blocker "PowerManagerService.WakeLocks".
12-13 17:21:05.754  2510  4690 I PowerManagerService: wakeLock.mDisabled:false, mDeviceIdleMode:false, mProcState:0
12-13 17:21:05.756  2510  4690 W ProcBatteryStats: timer is running , not start, name: com.google.android.googlequicksearchbox, uid: 10157, tag: *job*/@androidx.work.systemjobscheduler@com.google.android.googlequicksearchbox/androidx.work.impl.background.systemjob.SystemJobService
12-13 17:21:05.758  2510  4690 E ProcessInfoCollector: getProcessInfo: failed to find this proc: 2510
12-13 17:21:05.761  2510  4690 V ActivityManager: startProcess: name=com.google.android.googlequicksearchbox:search app=null knownToBeDead=true thread=null pid=-1 preloadStatus=-1
12-13 17:21:05.769  2510  2879 I NotificationService: pag com.google.android.googlequicksearchbox dosen't have notification permission
12-13 17:21:05.774  2510  4690 I PowerManagerService: wakeLock.mDisabled:false, mDeviceIdleMode:false, mProcState:0
12-13 17:21:05.777  2510  4690 I PowerManagerService: wakeLock.mDisabled:false, mDeviceIdleMode:false, mProcState:0
12-13 17:21:05.777  2510  4690 W ProcBatteryStats: timer is running , not start, name: com.resultmarketing.whatscard, uid: 10366, tag: *job*/com.resultmarketing.whatscard/com.google.android.datatransport.runtime.scheduling.jobscheduling.JobInfoSchedulerService
12-13 17:21:05.779  2510  4690 E ProcessInfoCollector: getProcessInfo: failed to find this proc: 2510
12-13 17:21:05.780  2510  2879 I NotificationService: pag com.resultmarketing.whatscard dosen't have notification permission
12-13 17:21:05.813  2510  2880 I ActivityManager: Start proc 18435:com.google.android.googlequicksearchbox:search/u0a157 for service {com.google.android.googlequicksearchbox/androidx.work.impl.background.systemjob.SystemJobService}
12-13 17:21:05.814  2510  2880 I SWAP_SCENE: Entering notifySceneData notifySceneData. EventType:PROCESS_CREATE para:com.google.android.googlequicksearchbox
12-13 17:21:05.814  2510  2880 I HwActivityManagerServiceEx: notifyProcessStatusChange::pkg:com.google.android.googlequicksearchbox pid:18435 uid:10157
12-13 17:21:05.815  2510  8271 I SWAP_GkiKernelInterface: addToProcs:subProcess pid:18435
12-13 17:21:05.851 18435 18435 D ActivityThread: Attach thread to application
12-13 17:21:05.867 18435 18455 I ActivityThread: Init compatible state: true
12-13 17:21:05.962  2510  7091 W ProcBatteryStats: timer is not running , not stop, name: com.resultmarketing.whatscard, uid: 10366, tag: *job*/com.resultmarketing.whatscard/com.google.android.datatransport.runtime.scheduling.jobscheduling.JobInfoSchedulerService
12-13 17:21:05.965  2510  7091 D CompatChangeReporter: Compat change id reported: 311208629; UID 10366; state: ENABLED
12-13 17:21:06.033  2510  7090 D HwActivityManagerServiceEx: finishPreloaded callingPid 18435
12-13 17:21:06.033  2510  7090 D HwActivityManagerServiceEx: finishPreloaded preloadStatus: 0 app: ProcessRecord{f389615 18435:com.google.android.googlequicksearchbox:search/u0a157} uidRec.isPreload: false
12-13 17:21:06.036 18435 18435 I ActivityThread: finishPreloaded preloadStatus 0
12-13 17:21:06.218  2510  7090 E ProcessInfoCollector: getProcessInfo: proc should not less than zero.
12-13 17:21:06.219  2510  7090 I PowerManagerService: wakeLock.mDisabled:false, mDeviceIdleMode:false, mProcState:0
12-13 17:21:06.221  2510  7090 I PowerManagerService: wakeLock.mDisabled:false, mDeviceIdleMode:false, mProcState:0
12-13 17:21:06.222  2510  7090 W ProcBatteryStats: timer is running , not start, name: com.google.android.googlequicksearchbox, uid: 10157, tag: *job*/@androidx.work.systemjobscheduler@com.google.android.googlequicksearchbox/androidx.work.impl.background.systemjob.SystemJobService
12-13 17:21:06.226  2510  7080 W ProcBatteryStats: timer is not running , not stop, name: com.google.android.googlequicksearchbox, uid: 10157, tag: *job*/@androidx.work.systemjobscheduler@com.google.android.googlequicksearchbox/androidx.work.impl.background.systemjob.SystemJobService
12-13 17:21:06.228  2510  7080 W JobScheduler: Job didn't exist in JobStore: c71907e {androidx.work.systemjobscheduler} #u0a157/19865 @androidx.work.systemjobscheduler@com.google.android.googlequicksearchbox/androidx.work.impl.background.systemjob.SystemJobService
12-13 17:21:06.321  2510  7080 W ProcBatteryStats: timer is not running , not stop, name: com.google.android.googlequicksearchbox, uid: 10157, tag: *job*/@androidx.work.systemjobscheduler@com.google.android.googlequicksearchbox/androidx.work.impl.background.systemjob.SystemJobService
12-13 17:21:06.323  2510  7080 I PowerManagerService: need release WakeLockSuspendBlocker
12-13 17:21:06.323  2510  7080 I PowerManagerService: Releasing suspend blocker "PowerManagerService.WakeLocks".
12-13 17:21:06.338  2510  2879 I NotificationService: pag com.google.android.googlequicksearchbox dosen't have notification permission
12-13 17:21:06.440  2510  7080 I PackageManager: setEnabledSetting pkg:com.google.android.googlequicksearchbox, className:com.google.android.apps.search.assistant.verticals.familyshare.FamilyShareActivity, newState:2, flags:1, userId:0, CallingPid:18435, CallingUid:10157
12-13 17:21:06.526  2510  7090 I AppWidgetServiceImpl: getInstalledProvidersForProfile: flip_sub_display widget, continue
12-13 17:21:06.527  2510  7090 I AppWidgetServiceImpl: getInstalledProvidersForProfile: widget clip only can be bind to hnsystemserver
12-13 17:21:06.527  2510  7090 I AppWidgetServiceImpl: getInstalledProvidersForProfile: flip_sub_display widget, continue
12-13 17:21:06.527  2510  7090 I AppWidgetServiceImpl: getInstalledProvidersForProfile: flip_sub_display widget, continue
12-13 17:21:06.527  2510  7090 I AppWidgetServiceImpl: getInstalledProvidersForProfile: standby widget, continue
12-13 17:21:06.527  2510  7090 I AppWidgetServiceImpl: getInstalledProvidersForProfile: flip_sub_display widget, continue
12-13 17:21:06.527  2510  7090 I AppWidgetServiceImpl: getInstalledProvidersForProfile: widget clip only can be bind to hnsystemserver
12-13 17:21:06.585  2510  7090 I PowerManagerService: wakeLock.mDisabled:false, mDeviceIdleMode:false, mProcState:5
12-13 17:21:06.586  2510  7090 I PowerManagerService: need acquire WakeLockSuspendBlocker
12-13 17:21:06.586  2510  7090 I PowerManagerService: Acquiring suspend blocker "PowerManagerService.WakeLocks".
12-13 17:21:06.788  2510  7080 I NotificationService: pag com.google.android.googlequicksearchbox dosen't have notification permission
12-13 17:21:06.789  2510  7080 I NotificationService: pag com.google.android.googlequicksearchbox dosen't have notification permission
12-13 17:21:06.790  2510  7080 I NotificationService: pag com.google.android.googlequicksearchbox dosen't have notification permission
12-13 17:21:06.790  2510  7080 I NotificationService: pag com.google.android.googlequicksearchbox dosen't have notification permission
12-13 17:21:06.790  2510  7080 I NotificationService: pag com.google.android.googlequicksearchbox dosen't have notification permission
12-13 17:21:06.791  2510  7080 I NotificationService: pag com.google.android.googlequicksearchbox dosen't have notification permission
12-13 17:21:06.791  2510  7080 I NotificationService: pag com.google.android.googlequicksearchbox dosen't have notification permission
12-13 17:21:07.524  2510  2795 W Watchdog: waitState=[0] waitedHalf=[false]
12-13 17:21:07.524  2510  2795 W Watchdog: watchdogKick kickCounter=[150]
12-13 17:21:07.671  2510  2879 I NotificationService: pag com.google.android.googlequicksearchbox dosen't have notification permission
12-13 17:21:07.681  2510  7080 E ProcessInfoCollector: getProcessInfo: failed to find this proc: 2510
12-13 17:21:07.701  2510  7022 I PowerManagerService: need release WakeLockSuspendBlocker
12-13 17:21:07.701  2510  7022 I PowerManagerService: Releasing suspend blocker "PowerManagerService.WakeLocks".
12-13 17:21:07.704  2510  7022 I PowerManagerService: wakeLock.mDisabled:false, mDeviceIdleMode:false, mProcState:5
12-13 17:21:07.704  2510  7022 I PowerManagerService: need acquire WakeLockSuspendBlocker
12-13 17:21:07.704  2510  7022 I PowerManagerService: Acquiring suspend blocker "PowerManagerService.WakeLocks".
12-13 17:21:07.803  2510  7022 I PowerManagerService: need release WakeLockSuspendBlocker
12-13 17:21:07.803  2510  7022 I PowerManagerService: Releasing suspend blocker "PowerManagerService.WakeLocks".
12-13 17:21:09.029  2510  7083 I PowerManagerService: wakeLock.mDisabled:false, mDeviceIdleMode:false, mProcState:0
12-13 17:21:09.030  2510  7083 I PowerManagerService: need acquire WakeLockSuspendBlocker
12-13 17:21:09.030  2510  7083 I PowerManagerService: Acquiring suspend blocker "PowerManagerService.WakeLocks".
12-13 17:21:09.050  2510  7080 I PowerManagerService: need release WakeLockSuspendBlocker
12-13 17:21:09.050  2510  7080 I PowerManagerService: Releasing suspend blocker "PowerManagerService.WakeLocks".
12-13 17:21:09.291  2510  3143 I PowerManagerService: UL_Power mReadyToBgReport: true
12-13 17:21:09.291  2510  3143 I HwPowerManagerService: UL_Power Screen timeout occured. mStayOn = false, mProximityPositive = false, mWakeLockSummary = 0x0, mUserActivitySummary = 0x0, powerGroupWakeLockSummary = 0x0, powerGroupUserActivitySummary = 0x2, mScreenBrightnessBoostInProgress = false
12-13 17:21:09.292  2510  3143 I DisplayPowerController[0]: Want screen on.
12-13 17:21:09.292  2510  3143 I HwNormalizedAutomaticBrightnessController: isLightSensorEnabled=falsemLightSensorEnabledfalse
12-13 17:21:09.292  2510  3143 I DisplayPowerController[0]: mAutomaticBrightnessController.configure start enter from there.brightnessState=NaN
12-13 17:21:09.292  2510  3143 I HwNormalizedRampAnimator: useHealthEyeAnimationTimeEnable=true
12-13 17:21:09.293  2510  3143 E HwNormalizedAutomaticBrightnessController: mDarkAdaptDetector is null, dark adapt may not enable
12-13 17:21:09.293  2510  3143 D HwNormalizedRampAnimator: darkAdaptDimmingMode: 0
12-13 17:21:09.293  2510  3143 I DisplayDimModifier: Dim brightness= 0.05
12-13 17:21:09.293  2510  3143 I HwNormalizedManualBrightnessController[0]: sdr brightness =12.75
12-13 17:21:09.294  2510  3143 I DisplayPowerController[0]: Animating brightness: target=0.05, rate=0.7058824, newTarget=0.05, newSdrTarget=0.05, newLocalTarget=0.05, brightnessFloat255=12.75, AutoBrightnessEnable=false, mDisplayStatePolicy: 2
12-13 17:21:09.298  2510  3143 V DisplayPowerController[0]: Brightness [0.05] reason changing to: 'manual [ dim ]', previous reason: 'manual'.
12-13 17:21:09.298  2510  3143 I DisplayPowerController[0]: BrightnessEvent: disp=0, physDisp=local:4630946507567894145, displayState=ON, displayPolicy=DIM, brt=0.05, initBrt=0.26624122, rcmdBrt=NaN, preBrt=NaN, lux=0.0, preLux=0.0, hbmMax=1.0, hbmMode=off, rbcStrength=50, thrmMax=1.0, powerFactor=1.0, wasShortTermModelActive=true, flags=, reason=manual [ dim ], autoBrightness=false, strategy=InvalidBrightnessStrategy, autoBrightnessMode=default
12-13 17:21:09.313  2510  3143 I HwNormalizedRampAnimator: hbm_dimming target=500 rate=180 duration=3.0
12-13 17:21:09.313  2510  3143 I HwNormalizedRampAnimator: hbm_dimming target=500 rate=180 duration=3.0
12-13 17:21:09.313  2510  3143 I HwNormalizedRampAnimator: hbm_dimming target=500 rate=180 duration=3.0
12-13 17:21:09.331  2510  6385 I DisplayManagerService: state: 2, currentState: 2
12-13 17:21:09.333  2510  6385 I DisplayDeviceConfig: hasSdrToHdrRatioSpline = false
12-13 17:21:09.347  2510  6385 I DisplayManagerService: state: 2, currentState: 2
12-13 17:21:09.349  2510  6385 I DisplayDeviceConfig: hasSdrToHdrRatioSpline = false
12-13 17:21:09.365  2510  6385 I DisplayManagerService: state: 2, currentState: 2
12-13 17:21:09.367  2510  6385 I DisplayDeviceConfig: hasSdrToHdrRatioSpline = false
12-13 17:21:09.381  2510  6385 I DisplayManagerService: state: 2, currentState: 2
12-13 17:21:09.383  2510  6385 I DisplayDeviceConfig: hasSdrToHdrRatioSpline = false
12-13 17:21:09.398  2510  6385 I DisplayManagerService: state: 2, currentState: 2
12-13 17:21:09.401  2510  6385 I DisplayDeviceConfig: hasSdrToHdrRatioSpline = false
12-13 17:21:09.415  2510  6385 I DisplayManagerService: state: 2, currentState: 2
12-13 17:21:09.417  2510  6385 I DisplayDeviceConfig: hasSdrToHdrRatioSpline = false
12-13 17:21:09.431  2510  6385 I DisplayManagerService: state: 2, currentState: 2
12-13 17:21:09.433  2510  6385 I DisplayDeviceConfig: hasSdrToHdrRatioSpline = false
12-13 17:21:09.448  2510  6385 I DisplayManagerService: state: 2, currentState: 2
12-13 17:21:09.450  2510  6385 I DisplayDeviceConfig: hasSdrToHdrRatioSpline = false
12-13 17:21:09.480  2510  6385 I DisplayManagerService: state: 2, currentState: 2
12-13 17:21:09.487  2510  6385 I DisplayDeviceConfig: hasSdrToHdrRatioSpline = false
12-13 17:21:09.496  2510  6385 I DisplayManagerService: state: 2, currentState: 2
12-13 17:21:09.499  2510  6385 I DisplayDeviceConfig: hasSdrToHdrRatioSpline = false
12-13 17:21:09.515  2510  6385 I DisplayManagerService: state: 2, currentState: 2
12-13 17:21:09.518  2510  6385 I DisplayDeviceConfig: hasSdrToHdrRatioSpline = false
12-13 17:21:09.532  2510  6385 I DisplayManagerService: state: 2, currentState: 2
12-13 17:21:09.535  2510  6385 I DisplayDeviceConfig: hasSdrToHdrRatioSpline = false
12-13 17:21:09.549  2510  6385 I DisplayManagerService: state: 2, currentState: 2
12-13 17:21:09.551  2510  6385 I DisplayDeviceConfig: hasSdrToHdrRatioSpline = false
12-13 17:21:09.564  2510  6385 I DisplayManagerService: state: 2, currentState: 2
12-13 17:21:09.567  2510  6385 I DisplayDeviceConfig: hasSdrToHdrRatioSpline = false
12-13 17:21:09.581  2510  6385 I DisplayManagerService: state: 2, currentState: 2
12-13 17:21:09.583  2510  6385 I DisplayDeviceConfig: hasSdrToHdrRatioSpline = false
12-13 17:21:09.598  2510  6385 I DisplayManagerService: state: 2, currentState: 2
12-13 17:21:09.601  2510  6385 I DisplayDeviceConfig: hasSdrToHdrRatioSpline = false
12-13 17:21:09.615  2510  6385 I DisplayManagerService: state: 2, currentState: 2
12-13 17:21:09.617  2510  6385 I DisplayDeviceConfig: hasSdrToHdrRatioSpline = false
12-13 17:21:09.631  2510  6385 I DisplayManagerService: state: 2, currentState: 2
12-13 17:21:09.633  2510  6385 I DisplayDeviceConfig: hasSdrToHdrRatioSpline = false
12-13 17:21:09.649  2510  6385 I DisplayManagerService: state: 2, currentState: 2
12-13 17:21:09.651  2510  6385 I DisplayDeviceConfig: hasSdrToHdrRatioSpline = false
12-13 17:21:09.666  2510  6385 I DisplayManagerService: state: 2, currentState: 2
12-13 17:21:09.670  2510  6385 I DisplayDeviceConfig: hasSdrToHdrRatioSpline = false
12-13 17:21:09.682  2510  6385 I DisplayManagerService: state: 2, currentState: 2
12-13 17:21:09.685  2510  6385 I DisplayDeviceConfig: hasSdrToHdrRatioSpline = false
12-13 17:21:09.699  2510  6385 I DisplayManagerService: state: 2, currentState: 2
12-13 17:21:09.701  2510  6385 I DisplayDeviceConfig: hasSdrToHdrRatioSpline = false
12-13 17:21:09.716  2510  6385 I DisplayManagerService: state: 2, currentState: 2
12-13 17:21:09.718  2510  6385 I DisplayDeviceConfig: hasSdrToHdrRatioSpline = false
12-13 17:21:09.732  2510  6385 I DisplayManagerService: state: 2, currentState: 2
12-13 17:21:09.735  2510  6385 I DisplayDeviceConfig: hasSdrToHdrRatioSpline = false
12-13 17:21:09.751  2510  6385 I DisplayManagerService: state: 2, currentState: 2
12-13 17:21:09.754  2510  6385 I DisplayDeviceConfig: hasSdrToHdrRatioSpline = false
12-13 17:21:09.766  2510  6385 I DisplayManagerService: state: 2, currentState: 2
12-13 17:21:09.769  2510  6385 I DisplayDeviceConfig: hasSdrToHdrRatioSpline = false
12-13 17:21:09.783  2510  6385 I DisplayManagerService: state: 2, currentState: 2
12-13 17:21:09.786  2510  6385 I DisplayDeviceConfig: hasSdrToHdrRatioSpline = false
12-13 17:21:09.800  2510  6385 I DisplayManagerService: state: 2, currentState: 2
12-13 17:21:09.803  2510  6385 I DisplayDeviceConfig: hasSdrToHdrRatioSpline = false
12-13 17:21:09.816  2510  6385 I DisplayManagerService: state: 2, currentState: 2
12-13 17:21:09.819  2510  6385 I DisplayDeviceConfig: hasSdrToHdrRatioSpline = false
12-13 17:21:09.833  2510  6385 I DisplayManagerService: state: 2, currentState: 2
12-13 17:21:09.836  2510  6385 I DisplayDeviceConfig: hasSdrToHdrRatioSpline = false
12-13 17:21:09.851  2510  6385 I DisplayManagerService: state: 2, currentState: 2
12-13 17:21:09.853  2510  6385 I DisplayDeviceConfig: hasSdrToHdrRatioSpline = false
12-13 17:21:09.865  2510  6385 I DisplayManagerService: state: 2, currentState: 2
12-13 17:21:09.868  2510  6385 I DisplayDeviceConfig: hasSdrToHdrRatioSpline = false
12-13 17:21:09.883  2510  6385 I DisplayManagerService: state: 2, currentState: 2
12-13 17:21:09.886  2510  6385 I DisplayDeviceConfig: hasSdrToHdrRatioSpline = false
12-13 17:21:09.901  2510  6385 I DisplayManagerService: state: 2, currentState: 2
12-13 17:21:09.903  2510  6385 I DisplayDeviceConfig: hasSdrToHdrRatioSpline = false
12-13 17:21:09.917  2510  6385 I DisplayManagerService: state: 2, currentState: 2
12-13 17:21:09.920  2510  6385 I DisplayDeviceConfig: hasSdrToHdrRatioSpline = false
12-13 17:21:09.934  2510  6385 I DisplayManagerService: state: 2, currentState: 2
12-13 17:21:09.937  2510  6385 I DisplayDeviceConfig: hasSdrToHdrRatioSpline = false
12-13 17:21:09.950  2510  6385 I DisplayManagerService: state: 2, currentState: 2
12-13 17:21:09.954  2510  6385 I DisplayDeviceConfig: hasSdrToHdrRatioSpline = false
12-13 17:21:09.966  2510  6385 I DisplayManagerService: state: 2, currentState: 2
12-13 17:21:09.969  2510  6385 I DisplayDeviceConfig: hasSdrToHdrRatioSpline = false
12-13 17:21:09.982  2510  6385 I DisplayManagerService: state: 2, currentState: 2
12-13 17:21:09.986  2510  6385 I DisplayDeviceConfig: hasSdrToHdrRatioSpline = false
12-13 17:21:10.001  2510  6385 I DisplayManagerService: state: 2, currentState: 2
12-13 17:21:10.004  2510  6385 I DisplayDeviceConfig: hasSdrToHdrRatioSpline = false
12-13 17:21:10.017  2510  6385 I DisplayManagerService: state: 2, currentState: 2
12-13 17:21:10.021  2510  6385 I DisplayDeviceConfig: hasSdrToHdrRatioSpline = false
12-13 17:21:10.033  2510  6385 I DisplayManagerService: state: 2, currentState: 2
12-13 17:21:10.035  2510  6385 I DisplayDeviceConfig: hasSdrToHdrRatioSpline = false
12-13 17:21:10.050  2510  6385 I DisplayManagerService: state: 2, currentState: 2
12-13 17:21:10.053  2510  6385 I DisplayDeviceConfig: hasSdrToHdrRatioSpline = false
12-13 17:21:10.067  2510  6385 I DisplayManagerService: state: 2, currentState: 2
12-13 17:21:10.070  2510  6385 I DisplayDeviceConfig: hasSdrToHdrRatioSpline = false
12-13 17:21:10.084  2510  6385 I DisplayManagerService: state: 2, currentState: 2
12-13 17:21:10.087  2510  6385 I DisplayDeviceConfig: hasSdrToHdrRatioSpline = false
12-13 17:21:10.100  2510  6385 I DisplayManagerService: state: 2, currentState: 2
12-13 17:21:10.103  2510  6385 I DisplayDeviceConfig: hasSdrToHdrRatioSpline = false
12-13 17:21:10.117  2510  6385 I DisplayManagerService: state: 2, currentState: 2
12-13 17:21:10.121  2510  6385 I DisplayDeviceConfig: hasSdrToHdrRatioSpline = false
12-13 17:21:10.133  2510  6385 I DisplayManagerService: state: 2, currentState: 2
12-13 17:21:10.135  2510  6385 I DisplayDeviceConfig: hasSdrToHdrRatioSpline = false
12-13 17:21:10.152  2510  6385 I DisplayManagerService: state: 2, currentState: 2
12-13 17:21:10.154  2510  6385 I DisplayDeviceConfig: hasSdrToHdrRatioSpline = false
12-13 17:21:10.167  2510  6385 I DisplayManagerService: state: 2, currentState: 2
12-13 17:21:10.170  2510  6385 I DisplayDeviceConfig: hasSdrToHdrRatioSpline = false
12-13 17:21:10.184  2510  6385 I DisplayManagerService: state: 2, currentState: 2
12-13 17:21:10.187  2510  6385 I DisplayDeviceConfig: hasSdrToHdrRatioSpline = false
12-13 17:21:10.201  2510  6385 I DisplayManagerService: state: 2, currentState: 2
12-13 17:21:10.204  2510  6385 I DisplayDeviceConfig: hasSdrToHdrRatioSpline = false
12-13 17:21:10.218  2510  6385 I DisplayManagerService: state: 2, currentState: 2
12-13 17:21:10.220  2510  6385 I DisplayDeviceConfig: hasSdrToHdrRatioSpline = false
12-13 17:21:10.235  2510  6385 I DisplayManagerService: state: 2, currentState: 2
12-13 17:21:10.237  2510  6385 I DisplayDeviceConfig: hasSdrToHdrRatioSpline = false
12-13 17:21:10.250  2510  6385 I DisplayManagerService: state: 2, currentState: 2
12-13 17:21:10.253  2510  6385 I DisplayDeviceConfig: hasSdrToHdrRatioSpline = false
12-13 17:21:10.269  2510  6385 I DisplayManagerService: state: 2, currentState: 2
12-13 17:21:10.272  2510  6385 I DisplayDeviceConfig: hasSdrToHdrRatioSpline = false
12-13 17:21:10.287  2510  6385 I DisplayManagerService: state: 2, currentState: 2
12-13 17:21:10.289  2510  6385 I DisplayDeviceConfig: hasSdrToHdrRatioSpline = false
12-13 17:21:10.299  2510  6385 I DisplayManagerService: state: 2, currentState: 2
12-13 17:21:10.300  2510  6385 I DisplayDeviceConfig: hasSdrToHdrRatioSpline = false
12-13 17:21:10.317  2510  6385 I DisplayManagerService: state: 2, currentState: 2
12-13 17:21:10.319  2510  6385 I DisplayDeviceConfig: hasSdrToHdrRatioSpline = false
12-13 17:21:10.333  2510  6385 I DisplayManagerService: state: 2, currentState: 2
12-13 17:21:10.336  2510  6385 I DisplayDeviceConfig: hasSdrToHdrRatioSpline = false
12-13 17:21:10.349  2510  6385 I DisplayManagerService: state: 2, currentState: 2
12-13 17:21:10.351  2510  6385 I DisplayDeviceConfig: hasSdrToHdrRatioSpline = false
12-13 17:21:10.366  2510  6385 I DisplayManagerService: state: 2, currentState: 2
12-13 17:21:10.369  2510  6385 I DisplayDeviceConfig: hasSdrToHdrRatioSpline = false
12-13 17:21:10.384  2510  6385 I DisplayManagerService: state: 2, currentState: 2
12-13 17:21:10.387  2510  6385 I DisplayDeviceConfig: hasSdrToHdrRatioSpline = false
12-13 17:21:10.404  2510  6385 I DisplayManagerService: state: 2, currentState: 2
12-13 17:21:10.406  2510  6385 I DisplayDeviceConfig: hasSdrToHdrRatioSpline = false
12-13 17:21:10.418  2510  6385 I DisplayManagerService: state: 2, currentState: 2
12-13 17:21:10.422  2510  6385 I DisplayDeviceConfig: hasSdrToHdrRatioSpline = false
12-13 17:21:10.434  2510  6385 I DisplayManagerService: state: 2, currentState: 2
12-13 17:21:10.438  2510  6385 I DisplayDeviceConfig: hasSdrToHdrRatioSpline = false
12-13 17:21:10.452  2510  6385 I DisplayManagerService: state: 2, currentState: 2
12-13 17:21:10.455  2510  6385 I DisplayDeviceConfig: hasSdrToHdrRatioSpline = false
12-13 17:21:10.468  2510  6385 I DisplayManagerService: state: 2, currentState: 2
12-13 17:21:10.471  2510  6385 I DisplayDeviceConfig: hasSdrToHdrRatioSpline = false
12-13 17:21:10.485  2510  6385 I DisplayManagerService: state: 2, currentState: 2
12-13 17:21:10.488  2510  6385 I DisplayDeviceConfig: hasSdrToHdrRatioSpline = false
12-13 17:21:10.502  2510  6385 I DisplayManagerService: state: 2, currentState: 2
12-13 17:21:10.506  2510  6385 I DisplayDeviceConfig: hasSdrToHdrRatioSpline = false
12-13 17:21:10.517  2510  6385 I DisplayManagerService: state: 2, currentState: 2
12-13 17:21:10.519  2510  6385 I DisplayDeviceConfig: hasSdrToHdrRatioSpline = false
12-13 17:21:10.534  2510  6385 I DisplayManagerService: state: 2, currentState: 2
12-13 17:21:10.536  2510  6385 I DisplayDeviceConfig: hasSdrToHdrRatioSpline = false
12-13 17:21:10.549  2510  6385 I DisplayManagerService: state: 2, currentState: 2
12-13 17:21:10.551  2510  6385 I DisplayDeviceConfig: hasSdrToHdrRatioSpline = false
12-13 17:21:10.570  2510  6385 I DisplayManagerService: state: 2, currentState: 2
12-13 17:21:10.573  2510  6385 I DisplayDeviceConfig: hasSdrToHdrRatioSpline = false
12-13 17:21:10.585  2510  6385 I DisplayManagerService: state: 2, currentState: 2
12-13 17:21:10.587  2510  6385 I DisplayDeviceConfig: hasSdrToHdrRatioSpline = false
12-13 17:21:10.601  2510  6385 I DisplayManagerService: state: 2, currentState: 2
12-13 17:21:10.604  2510  6385 I DisplayDeviceConfig: hasSdrToHdrRatioSpline = false
12-13 17:21:10.621  2510  6385 I DisplayManagerService: state: 2, currentState: 2
12-13 17:21:10.624  2510  6385 I DisplayDeviceConfig: hasSdrToHdrRatioSpline = false
12-13 17:21:10.636  2510  6385 I DisplayManagerService: state: 2, currentState: 2
12-13 17:21:10.638  2510  6385 I DisplayDeviceConfig: hasSdrToHdrRatioSpline = false
12-13 17:21:10.652  2510  6385 I DisplayManagerService: state: 2, currentState: 2
12-13 17:21:10.655  2510  6385 I DisplayDeviceConfig: hasSdrToHdrRatioSpline = false
12-13 17:21:10.668  2510  6385 I DisplayManagerService: state: 2, currentState: 2
12-13 17:21:10.671  2510  6385 I DisplayDeviceConfig: hasSdrToHdrRatioSpline = false
12-13 17:21:10.685  2510  6385 I DisplayManagerService: state: 2, currentState: 2
12-13 17:21:10.688  2510  6385 I DisplayDeviceConfig: hasSdrToHdrRatioSpline = false
12-13 17:21:10.702  2510  6385 I DisplayManagerService: state: 2, currentState: 2
12-13 17:21:10.704  2510  6385 I DisplayDeviceConfig: hasSdrToHdrRatioSpline = false
12-13 17:21:10.721  2510  6385 I DisplayManagerService: state: 2, currentState: 2
12-13 17:21:10.724  2510  6385 I DisplayDeviceConfig: hasSdrToHdrRatioSpline = false
12-13 17:21:10.736  2510  6385 I DisplayManagerService: state: 2, currentState: 2
12-13 17:21:10.738  2510  6385 I DisplayDeviceConfig: hasSdrToHdrRatioSpline = false
12-13 17:21:10.752  2510  6385 I DisplayManagerService: state: 2, currentState: 2
12-13 17:21:10.754  2510  6385 I DisplayDeviceConfig: hasSdrToHdrRatioSpline = false
12-13 17:21:10.770  2510  6385 I DisplayManagerService: state: 2, currentState: 2
12-13 17:21:10.773  2510  6385 I DisplayDeviceConfig: hasSdrToHdrRatioSpline = false
12-13 17:21:10.786  2510  6385 I DisplayManagerService: state: 2, currentState: 2
12-13 17:21:10.789  2510  6385 I DisplayDeviceConfig: hasSdrToHdrRatioSpline = false
12-13 17:21:10.804  2510  6385 I DisplayManagerService: state: 2, currentState: 2
12-13 17:21:10.806  2510  6385 I DisplayDeviceConfig: hasSdrToHdrRatioSpline = false
12-13 17:21:10.819  2510  6385 I DisplayManagerService: state: 2, currentState: 2
12-13 17:21:10.822  2510  6385 I DisplayDeviceConfig: hasSdrToHdrRatioSpline = false
12-13 17:21:10.833  2510  6385 I DisplayManagerService: state: 2, currentState: 2
12-13 17:21:10.837  2510  6385 I DisplayDeviceConfig: hasSdrToHdrRatioSpline = false
12-13 17:21:10.853  2510  6385 I DisplayManagerService: state: 2, currentState: 2
12-13 17:21:10.855  2510  6385 I DisplayDeviceConfig: hasSdrToHdrRatioSpline = false
12-13 17:21:10.870  2510  6385 I DisplayManagerService: state: 2, currentState: 2
12-13 17:21:10.872  2510  6385 I DisplayDeviceConfig: hasSdrToHdrRatioSpline = false
12-13 17:21:10.884  2510  6385 I DisplayManagerService: state: 2, currentState: 2
12-13 17:21:10.886  2510  6385 I DisplayDeviceConfig: hasSdrToHdrRatioSpline = false
12-13 17:21:10.900  2510  6385 I DisplayManagerService: state: 2, currentState: 2
12-13 17:21:10.902  2510  6385 I DisplayDeviceConfig: hasSdrToHdrRatioSpline = false
12-13 17:21:10.917  2510  6385 I DisplayManagerService: state: 2, currentState: 2
12-13 17:21:10.919  2510  6385 I DisplayDeviceConfig: hasSdrToHdrRatioSpline = false
12-13 17:21:10.935  2510  6385 I DisplayManagerService: state: 2, currentState: 2
12-13 17:21:10.937  2510  6385 I DisplayDeviceConfig: hasSdrToHdrRatioSpline = false
12-13 17:21:10.951  2510  6385 I DisplayManagerService: state: 2, currentState: 2
12-13 17:21:10.953  2510  6385 I DisplayDeviceConfig: hasSdrToHdrRatioSpline = false
12-13 17:21:10.968  2510  6385 I DisplayManagerService: state: 2, currentState: 2
12-13 17:21:10.971  2510  6385 I DisplayDeviceConfig: hasSdrToHdrRatioSpline = false
12-13 17:21:10.986  2510  6385 I DisplayManagerService: state: 2, currentState: 2
12-13 17:21:10.989  2510  6385 I DisplayDeviceConfig: hasSdrToHdrRatioSpline = false
12-13 17:21:11.001  2510  6385 I DisplayManagerService: state: 2, currentState: 2
12-13 17:21:11.005  2510  6385 I DisplayDeviceConfig: hasSdrToHdrRatioSpline = false
12-13 17:21:11.018  2510  6385 I DisplayManagerService: state: 2, currentState: 2
12-13 17:21:11.021  2510  6385 I DisplayDeviceConfig: hasSdrToHdrRatioSpline = false
12-13 17:21:11.036  2510  6385 I DisplayManagerService: state: 2, currentState: 2
12-13 17:21:11.039  2510  6385 I DisplayDeviceConfig: hasSdrToHdrRatioSpline = false
12-13 17:21:11.053  2510  6385 I DisplayManagerService: state: 2, currentState: 2
12-13 17:21:11.057  2510  6385 I DisplayDeviceConfig: hasSdrToHdrRatioSpline = false
12-13 17:21:11.070  2510  6385 I DisplayManagerService: state: 2, currentState: 2
12-13 17:21:11.072  2510  6385 I DisplayDeviceConfig: hasSdrToHdrRatioSpline = false
12-13 17:21:11.086  2510  6385 I DisplayManagerService: state: 2, currentState: 2
12-13 17:21:11.089  2510  6385 I DisplayDeviceConfig: hasSdrToHdrRatioSpline = false
12-13 17:21:11.102  2510  6385 I DisplayManagerService: state: 2, currentState: 2
12-13 17:21:11.104  2510  6385 I DisplayDeviceConfig: hasSdrToHdrRatioSpline = false
12-13 17:21:11.118  2510  6385 I DisplayManagerService: state: 2, currentState: 2
12-13 17:21:11.121  2510  6385 I DisplayDeviceConfig: hasSdrToHdrRatioSpline = false
12-13 17:21:11.136  2510  6385 I DisplayManagerService: state: 2, currentState: 2
12-13 17:21:11.139  2510  6385 I DisplayDeviceConfig: hasSdrToHdrRatioSpline = false
12-13 17:21:11.152  2510  6385 I DisplayManagerService: state: 2, currentState: 2
12-13 17:21:11.155  2510  6385 I DisplayDeviceConfig: hasSdrToHdrRatioSpline = false
12-13 17:21:11.168  2510  6385 I DisplayManagerService: state: 2, currentState: 2
12-13 17:21:11.170  2510  6385 I DisplayDeviceConfig: hasSdrToHdrRatioSpline = false
12-13 17:21:11.185  2510  6385 I DisplayManagerService: state: 2, currentState: 2
12-13 17:21:11.186  2510  6385 I DisplayDeviceConfig: hasSdrToHdrRatioSpline = false
12-13 17:21:11.200  2510  6385 I DisplayManagerService: state: 2, currentState: 2
12-13 17:21:11.202  2510  6385 I DisplayDeviceConfig: hasSdrToHdrRatioSpline = false
12-13 17:21:11.217  2510  6385 I DisplayManagerService: state: 2, currentState: 2
12-13 17:21:11.219  2510  6385 I DisplayDeviceConfig: hasSdrToHdrRatioSpline = false
12-13 17:21:11.234  2510  6385 I DisplayManagerService: state: 2, currentState: 2
12-13 17:21:11.236  2510  6385 I DisplayDeviceConfig: hasSdrToHdrRatioSpline = false
12-13 17:21:11.251  2510  6385 I DisplayManagerService: state: 2, currentState: 2
12-13 17:21:11.253  2510  6385 I DisplayDeviceConfig: hasSdrToHdrRatioSpline = false
12-13 17:21:11.269  2510  6385 I DisplayManagerService: state: 2, currentState: 2
12-13 17:21:11.272  2510  6385 I DisplayDeviceConfig: hasSdrToHdrRatioSpline = false
12-13 17:21:11.285  2510  6385 I DisplayManagerService: state: 2, currentState: 2
12-13 17:21:11.288  2510  6385 I DisplayDeviceConfig: hasSdrToHdrRatioSpline = false
12-13 17:21:11.303  2510  6385 I DisplayManagerService: state: 2, currentState: 2
12-13 17:21:11.305  2510  6385 I DisplayDeviceConfig: hasSdrToHdrRatioSpline = false
12-13 17:21:11.319  2510  6385 I DisplayManagerService: state: 2, currentState: 2
12-13 17:21:11.322  2510  6385 I DisplayDeviceConfig: hasSdrToHdrRatioSpline = false
12-13 17:21:11.337  2510  6385 I DisplayManagerService: state: 2, currentState: 2
12-13 17:21:11.341  2510  6385 I DisplayDeviceConfig: hasSdrToHdrRatioSpline = false
12-13 17:21:11.352  2510  6385 I DisplayManagerService: state: 2, currentState: 2
12-13 17:21:11.355  2510  6385 I DisplayDeviceConfig: hasSdrToHdrRatioSpline = false
12-13 17:21:11.369  2510  6385 I DisplayManagerService: state: 2, currentState: 2
12-13 17:21:11.372  2510  6385 I DisplayDeviceConfig: hasSdrToHdrRatioSpline = false
12-13 17:21:11.387  2510  6385 I DisplayManagerService: state: 2, currentState: 2
12-13 17:21:11.390  2510  6385 I DisplayDeviceConfig: hasSdrToHdrRatioSpline = false
12-13 17:21:11.402  2510  6385 I DisplayManagerService: state: 2, currentState: 2
12-13 17:21:11.405  2510  6385 I DisplayDeviceConfig: hasSdrToHdrRatioSpline = false
12-13 17:21:11.420  2510  6385 I DisplayManagerService: state: 2, currentState: 2
12-13 17:21:11.422  2510  6385 I DisplayDeviceConfig: hasSdrToHdrRatioSpline = false
12-13 17:21:11.437  2510  6385 I DisplayManagerService: state: 2, currentState: 2
12-13 17:21:11.439  2510  2793 I AppEyeFwkBlock: do monitor
12-13 17:21:11.441  2510  6385 I DisplayDeviceConfig: hasSdrToHdrRatioSpline = false
12-13 17:21:11.453  2510  6385 I DisplayManagerService: state: 2, currentState: 2
12-13 17:21:11.457  2510  6385 I DisplayDeviceConfig: hasSdrToHdrRatioSpline = false
12-13 17:21:11.469  2510  6385 I DisplayManagerService: state: 2, currentState: 2
12-13 17:21:11.472  2510  6385 I DisplayDeviceConfig: hasSdrToHdrRatioSpline = false
12-13 17:21:11.487  2510  6385 I DisplayManagerService: state: 2, currentState: 2
12-13 17:21:11.489  2510  6385 I DisplayDeviceConfig: hasSdrToHdrRatioSpline = false
12-13 17:21:11.503  2510  6385 I DisplayManagerService: state: 2, currentState: 2
12-13 17:21:11.506  2510  6385 I DisplayDeviceConfig: hasSdrToHdrRatioSpline = false
12-13 17:21:11.520  2510  6385 I DisplayManagerService: state: 2, currentState: 2
12-13 17:21:11.523  2510  6385 I DisplayDeviceConfig: hasSdrToHdrRatioSpline = false
12-13 17:21:11.536  2510  6385 I DisplayManagerService: state: 2, currentState: 2
12-13 17:21:11.539  2510  6385 I DisplayDeviceConfig: hasSdrToHdrRatioSpline = false
12-13 17:21:11.553  2510  6385 I DisplayManagerService: state: 2, currentState: 2
12-13 17:21:11.556  2510  6385 I DisplayDeviceConfig: hasSdrToHdrRatioSpline = false
12-13 17:21:11.572  2510  6385 I DisplayManagerService: state: 2, currentState: 2
12-13 17:21:11.575  2510  6385 I DisplayDeviceConfig: hasSdrToHdrRatioSpline = false
12-13 17:21:11.576  2510  7080 I BatteryService: Processing new values: info={chargerAcOnline=false,chargerUsbOnline=true,chargerWirelessOnline=false,maxChargingCurrent=500000,maxChargingVoltage=5000000,batteryStatus=2=CHARGING,batteryHealth=2=GOOD,batteryPresent=true,batteryLevel=66,batteryVoltage=4080,batteryTemperature=323,batteryFullCharge=6590000,batteryChargeCounter=3500000,batteryTechnology=Unknown,batteryCapacityLevel=3=NORMAL,chargerDockOnline=false}, mBatteryLevelCritical=false, mPlugType=2, mLastPlugType=2
12-13 17:21:11.576  2510  4682 I HwBatteryService: power_ui state= 1 mQuickChargeStatus=1
12-13 17:21:11.576  2510  4682 I HwBatteryService: handleWirelessTxStatus
12-13 17:21:11.577  2510  7080 I BatteryService: check conditions changed
12-13 17:21:11.577  2510  4682 I HwBatteryService: switch not open, return, mWirelessTxFlag : 0
12-13 17:21:11.577  2510  4682 W HwBatteryService: need return. Invalid value: -1
12-13 17:21:11.577  2510  4682 D HwBatteryService: setHwChargeTimeRemaining, time = -1 String time: -1
12-13 17:21:11.579  2510  7080 I BatteryService: Processing new values: info={chargerAcOnline=false,chargerUsbOnline=true,chargerWirelessOnline=false,maxChargingCurrent=500000,maxChargingVoltage=5000000,batteryStatus=2=CHARGING,batteryHealth=2=GOOD,batteryPresent=true,batteryLevel=66,batteryVoltage=4080,batteryTemperature=323,batteryFullCharge=6590000,batteryChargeCounter=3500000,batteryTechnology=Unknown,batteryCapacityLevel=3=NORMAL,chargerDockOnline=false}, mBatteryLevelCritical=false, mPlugType=2, mLastPlugType=2
12-13 17:21:11.579  2510  7080 I BatteryService: check conditions changed
12-13 17:21:11.585  2510  6385 I DisplayManagerService: state: 2, currentState: 2
12-13 17:21:11.587  2510  6385 I DisplayDeviceConfig: hasSdrToHdrRatioSpline = false
12-13 17:21:11.602  2510  6385 I DisplayManagerService: state: 2, currentState: 2
12-13 17:21:11.605  2510  6385 I DisplayDeviceConfig: hasSdrToHdrRatioSpline = false
12-13 17:21:11.619  2510  6385 I DisplayManagerService: state: 2, currentState: 2
12-13 17:21:11.621  2510  6385 I DisplayDeviceConfig: hasSdrToHdrRatioSpline = false
12-13 17:21:11.637  2510  6385 I DisplayManagerService: state: 2, currentState: 2
12-13 17:21:11.640  2510  6385 I DisplayDeviceConfig: hasSdrToHdrRatioSpline = false
12-13 17:21:11.653  2510  6385 I DisplayManagerService: state: 2, currentState: 2
12-13 17:21:11.656  2510  6385 I DisplayDeviceConfig: hasSdrToHdrRatioSpline = false
12-13 17:21:11.670  2510  6385 I DisplayManagerService: state: 2, currentState: 2
12-13 17:21:11.673  2510  6385 I DisplayDeviceConfig: hasSdrToHdrRatioSpline = false
12-13 17:21:11.686  2510  6385 I DisplayManagerService: state: 2, currentState: 2
12-13 17:21:11.688  2510  6385 I DisplayDeviceConfig: hasSdrToHdrRatioSpline = false
12-13 17:21:11.704  2510  6385 I DisplayManagerService: state: 2, currentState: 2
12-13 17:21:11.706  2510  6385 I DisplayDeviceConfig: hasSdrToHdrRatioSpline = false
12-13 17:21:11.721  2510  6385 I DisplayManagerService: state: 2, currentState: 2
12-13 17:21:11.724  2510  6385 I DisplayDeviceConfig: hasSdrToHdrRatioSpline = false
12-13 17:21:11.737  2510  6385 I DisplayManagerService: state: 2, currentState: 2
12-13 17:21:11.741  2510  6385 I DisplayDeviceConfig: hasSdrToHdrRatioSpline = false
12-13 17:21:11.754  2510  6385 I DisplayManagerService: state: 2, currentState: 2
12-13 17:21:11.758  2510  6385 I DisplayDeviceConfig: hasSdrToHdrRatioSpline = false
12-13 17:21:11.770  2510  6385 I DisplayManagerService: state: 2, currentState: 2
12-13 17:21:11.773  2510  6385 I DisplayDeviceConfig: hasSdrToHdrRatioSpline = false
12-13 17:21:11.787  2510  6385 I DisplayManagerService: state: 2, currentState: 2
12-13 17:21:11.789  2510  6385 I DisplayDeviceConfig: hasSdrToHdrRatioSpline = false
12-13 17:21:11.804  2510  6385 I DisplayManagerService: state: 2, currentState: 2
12-13 17:21:11.806  2510  6385 I DisplayDeviceConfig: hasSdrToHdrRatioSpline = false
12-13 17:21:11.821  2510  6385 I DisplayManagerService: state: 2, currentState: 2
12-13 17:21:11.824  2510  6385 I DisplayDeviceConfig: hasSdrToHdrRatioSpline = false
12-13 17:21:11.838  2510  6385 I DisplayManagerService: state: 2, currentState: 2
12-13 17:21:11.841  2510  6385 I DisplayDeviceConfig: hasSdrToHdrRatioSpline = false
12-13 17:21:11.853  2510  6385 I DisplayManagerService: state: 2, currentState: 2
12-13 17:21:11.857  2510  6385 I DisplayDeviceConfig: hasSdrToHdrRatioSpline = false
12-13 17:21:11.870  2510  6385 I DisplayManagerService: state: 2, currentState: 2
12-13 17:21:11.872  2510  6385 I DisplayDeviceConfig: hasSdrToHdrRatioSpline = false
12-13 17:21:11.886  2510  6385 I DisplayManagerService: state: 2, currentState: 2
12-13 17:21:11.889  2510  6385 I DisplayDeviceConfig: hasSdrToHdrRatioSpline = false
12-13 17:21:11.904  2510  6385 I DisplayManagerService: state: 2, currentState: 2
12-13 17:21:11.908  2510  6385 I DisplayDeviceConfig: hasSdrToHdrRatioSpline = false
12-13 17:21:11.920  2510  6385 I DisplayManagerService: state: 2, currentState: 2
12-13 17:21:11.922  2510  6385 I DisplayDeviceConfig: hasSdrToHdrRatioSpline = false
12-13 17:21:11.938  2510  6385 I DisplayManagerService: state: 2, currentState: 2
12-13 17:21:11.941  2510  6385 I DisplayDeviceConfig: hasSdrToHdrRatioSpline = false
12-13 17:21:11.956  2510  6385 I DisplayManagerService: state: 2, currentState: 2
12-13 17:21:11.959  2510  6385 I DisplayDeviceConfig: hasSdrToHdrRatioSpline = false
12-13 17:21:11.970  2510  6385 I DisplayManagerService: state: 2, currentState: 2
12-13 17:21:11.973  2510  6385 I DisplayDeviceConfig: hasSdrToHdrRatioSpline = false
12-13 17:21:11.987  2510  6385 I DisplayManagerService: state: 2, currentState: 2
12-13 17:21:11.990  2510  6385 I DisplayDeviceConfig: hasSdrToHdrRatioSpline = false
12-13 17:21:12.004  2510  6385 I DisplayManagerService: state: 2, currentState: 2
12-13 17:21:12.006  2510  6385 I DisplayDeviceConfig: hasSdrToHdrRatioSpline = false
12-13 17:21:12.021  2510  6385 I DisplayManagerService: state: 2, currentState: 2
12-13 17:21:12.025  2510  6385 I DisplayDeviceConfig: hasSdrToHdrRatioSpline = false
12-13 17:21:12.037  2510  6385 I DisplayManagerService: state: 2, currentState: 2
12-13 17:21:12.040  2510  6385 I DisplayDeviceConfig: hasSdrToHdrRatioSpline = false
12-13 17:21:12.054  2510  6385 I DisplayManagerService: state: 2, currentState: 2
12-13 17:21:12.057  2510  6385 I DisplayDeviceConfig: hasSdrToHdrRatioSpline = false
12-13 17:21:12.072  2510  6385 I DisplayManagerService: state: 2, currentState: 2
12-13 17:21:12.074  2510  6385 I DisplayDeviceConfig: hasSdrToHdrRatioSpline = false
12-13 17:21:12.088  2510  6385 I DisplayManagerService: state: 2, currentState: 2
12-13 17:21:12.090  2510  6385 I DisplayDeviceConfig: hasSdrToHdrRatioSpline = false
12-13 17:21:12.104  2510  6385 I DisplayManagerService: state: 2, currentState: 2
12-13 17:21:12.106  2510  6385 I DisplayDeviceConfig: hasSdrToHdrRatioSpline = false
12-13 17:21:12.122  2510  6385 I DisplayManagerService: state: 2, currentState: 2
12-13 17:21:12.124  2510  6385 I DisplayDeviceConfig: hasSdrToHdrRatioSpline = false
12-13 17:21:12.138  2510  6385 I DisplayManagerService: state: 2, currentState: 2
12-13 17:21:12.141  2510  6385 I DisplayDeviceConfig: hasSdrToHdrRatioSpline = false
12-13 17:21:12.155  2510  6385 I DisplayManagerService: state: 2, currentState: 2
12-13 17:21:12.157  2510  6385 I DisplayDeviceConfig: hasSdrToHdrRatioSpline = false
12-13 17:21:12.171  2510  6385 I DisplayManagerService: state: 2, currentState: 2
12-13 17:21:12.174  2510  6385 I DisplayDeviceConfig: hasSdrToHdrRatioSpline = false
12-13 17:21:12.188  2510  6385 I DisplayManagerService: state: 2, currentState: 2
12-13 17:21:12.190  2510  6385 I DisplayDeviceConfig: hasSdrToHdrRatioSpline = false
12-13 17:21:12.205  2510  6385 I DisplayManagerService: state: 2, currentState: 2
12-13 17:21:12.207  2510  6385 I DisplayDeviceConfig: hasSdrToHdrRatioSpline = false
12-13 17:21:12.221  2510  6385 I DisplayManagerService: state: 2, currentState: 2
12-13 17:21:12.224  2510  6385 I DisplayDeviceConfig: hasSdrToHdrRatioSpline = false
12-13 17:21:12.238  2510  6385 I DisplayManagerService: state: 2, currentState: 2
12-13 17:21:12.241  2510  6385 I DisplayDeviceConfig: hasSdrToHdrRatioSpline = false
12-13 17:21:12.254  2510  6385 I DisplayManagerService: state: 2, currentState: 2
12-13 17:21:12.256  2510  6385 I DisplayDeviceConfig: hasSdrToHdrRatioSpline = false
12-13 17:21:12.272  2510  6385 I DisplayManagerService: state: 2, currentState: 2
12-13 17:21:12.275  2510  6385 I DisplayDeviceConfig: hasSdrToHdrRatioSpline = false
12-13 17:21:12.288  2510  6385 I DisplayManagerService: state: 2, currentState: 2
12-13 17:21:12.290  2510  6385 I DisplayDeviceConfig: hasSdrToHdrRatioSpline = false
12-13 17:21:12.305  2510  6385 I DisplayManagerService: state: 2, currentState: 2
12-13 17:21:12.308  2510  6385 I DisplayDeviceConfig: hasSdrToHdrRatioSpline = false
12-13 17:21:12.322  2510  6385 I DisplayManagerService: state: 2, currentState: 2
12-13 17:21:12.325  2510  6385 I DisplayDeviceConfig: hasSdrToHdrRatioSpline = false
12-13 17:21:12.338  2510  6385 I DisplayManagerService: state: 2, currentState: 2
12-13 17:21:12.338  2510  3143 I DisplayPowerController[0]: Want screen on.
