12-13 23:19:06.962  6777  7481 I PassThroughStats: pkg=com.whatsapp service=com.whatsapp/.messaging.service.GcmFGService type=1 fg_duration=0 bg_duration=2641
12-13 23:19:06.982  2510  2784 I WifiEnhanceMonitor: notifyUidStateChanged
12-13 23:19:06.985  2278  2310 D AudioPolicyService: getUidState(10301) cacheIter->second.first, return cacheIter->second.second(4)
12-13 23:19:07.190  2152 14128 I sensors-hal: handle_sns_client_event:442, accel_sample(accelcal_available:0): ts=2226607541445704 ns; value = [0.430861, 0.165430, 9.589959], status=3
12-13 23:19:07.768  2253  2377 W ServiceManagerCppClient: Waited one second for vendor.qti.qhcp.IQHDC/default (is service started? Number of threads started in the threadpool: 2. Are binder threads started and available?)
12-13 23:19:07.770  2143  4070 W ServiceManagerCppClient: Waited one second for vendor.qti.qhcp.IQHDC/default (is service started? Number of threads started in the threadpool: 3. Are binder threads started and available?)
12-13 23:19:07.774   983 23041 W libc    : Unable to set property "ctl.interface_start" to "aidl/vendor.qti.qhcp.IQHDC/default": PROP_ERROR_HANDLE_CONTROL_MESSAGE (0x20)
12-13 23:19:07.775   983 23042 W libc    : Unable to set property "ctl.interface_start" to "aidl/vendor.qti.qhcp.IQHDC/default": PROP_ERROR_HANDLE_CONTROL_MESSAGE (0x20)
12-13 23:19:07.789  2152 14128 I sensors-hal: handle_sns_client_event:442, accel_sample(accelcal_available:0): ts=2226608141825287 ns; value = [0.453797, 0.202780, 9.614960], status=3
12-13 23:19:08.014  2510  4794 D ActivityManager: freezing 20647 com.hihonor.awareness:dp.ofdb
12-13 23:19:08.194  9043  9043 I wpa_supplicant: nl80211: vendor command vendor_id=4980, subcmd=13
12-13 23:19:08.201  2710  2710 I cnss-daemon: nl80211 response handler invoked
12-13 23:19:08.201  2710  2710 I cnss-daemon: nl80211_response_handler: cmd 103, vendorID 4980, subcmd 13  received
12-13 23:19:08.201  8927  8995 I WifiHAL : event received NL80211_CMD_VENDOR, vendor_id = 0x1374, subcmd = 0xd
12-13 23:19:08.203  9043  9043 I wpa_supplicant: nl80211: Ignore unsupported QCA vendor event 13
12-13 23:19:08.388  2152 14128 I sensors-hal: handle_sns_client_event:442, accel_sample(accelcal_available:0): ts=2226608739822787 ns; value = [0.464619, 0.220976, 9.592266], status=3
12-13 23:19:08.436  2510  6210 E HwQoEJNI: sendQoeCmd. open monitor_fd error
12-13 23:19:08.436  2510  6210 I HnDualBandManager: handle2gApStrongWifiRssiChange
12-13 23:19:08.772  2143  4070 W ServiceManagerCppClient: Waited one second for vendor.qti.qhcp.IQHDC/default (is service started? Number of threads started in the threadpool: 3. Are binder threads started and available?)
12-13 23:19:08.772  2253  2377 W ServiceManagerCppClient: Waited one second for vendor.qti.qhcp.IQHDC/default (is service started? Number of threads started in the threadpool: 2. Are binder threads started and available?)
12-13 23:19:08.778   983 23043 W libc    : Unable to set property "ctl.interface_start" to "aidl/vendor.qti.qhcp.IQHDC/default": PROP_ERROR_HANDLE_CONTROL_MESSAGE (0x20)
12-13 23:19:08.779   983 23044 W libc    : Unable to set property "ctl.interface_start" to "aidl/vendor.qti.qhcp.IQHDC/default": PROP_ERROR_HANDLE_CONTROL_MESSAGE (0x20)
12-13 23:19:08.989  2152 14128 I sensors-hal: handle_sns_client_event:442, accel_sample(accelcal_available:0): ts=2226609341016693 ns; value = [0.429041, 0.182812, 9.600173], status=3
12-13 23:19:09.215  2634  2634 E Thermal-daemon:hn_thermal: [ambient_temp_v2] tempNew :33  tempOld :32
12-13 23:19:09.589  2152 14128 I sensors-hal: handle_sns_client_event:442, accel_sample(accelcal_available:0): ts=2226609941811224 ns; value = [0.430286, 0.194113, 9.578864], status=3
12-13 23:19:09.631  2510  6210 I WifiNetworkStatsMonitor: total/5791/3639,com.whatsapp/4995/3141,com.google.uid.shared:10045/652/354,unknown:0/0/144,android.uid.system:1000/144/0,com.autocountsoft.payroll/0/0,unknown:-5/0/0,com.hihonor.mediamaterial/0/0,authenticator.two.factor.authentication.otp/0/0,com.hihonor.android.launcher/0/0,com.openai.chatgpt/0/0
12-13 23:19:09.678  2510  4690 W ProcessStats: Tracking association SourceState{e2f3c21 com.hihonor.systemserver/1000 Persist #1969493} whose proc state 0 is better than process ProcessState{7f02fcb com.hihonor.nearby/1000 pkg=com.hihonor.nearby (sub)} proc state 4 (1 skipped)
12-13 23:19:09.778  2143  4070 W ServiceManagerCppClient: Waited one second for vendor.qti.qhcp.IQHDC/default (is service started? Number of threads started in the threadpool: 3. Are binder threads started and available?)
12-13 23:19:09.778  2253  2377 W ServiceManagerCppClient: Waited one second for vendor.qti.qhcp.IQHDC/default (is service started? Number of threads started in the threadpool: 2. Are binder threads started and available?)
12-13 23:19:09.785   983 23045 W libc    : Unable to set property "ctl.interface_start" to "aidl/vendor.qti.qhcp.IQHDC/default": PROP_ERROR_HANDLE_CONTROL_MESSAGE (0x20)
12-13 23:19:09.788   983 23046 W libc    : Unable to set property "ctl.interface_start" to "aidl/vendor.qti.qhcp.IQHDC/default": PROP_ERROR_HANDLE_CONTROL_MESSAGE (0x20)
12-13 23:19:10.190  2152 14128 I sensors-hal: handle_sns_client_event:442, accel_sample(accelcal_available:0): ts=2226610541466172 ns; value = [0.470892, 0.184344, 9.578911], status=3
12-13 23:19:10.200  9043  9043 I wpa_supplicant: nl80211: vendor command vendor_id=4980, subcmd=13
12-13 23:19:10.202  8927  8995 I WifiHAL : event received NL80211_CMD_VENDOR, vendor_id = 0x1374, subcmd = 0xd
12-13 23:19:10.203  2710  2710 I cnss-daemon: nl80211 response handler invoked
12-13 23:19:10.203  2710  2710 I cnss-daemon: nl80211_response_handler: cmd 103, vendorID 4980, subcmd 13  received
12-13 23:19:10.204  9043  9043 I wpa_supplicant: nl80211: Ignore unsupported QCA vendor event 13
12-13 23:19:10.464  9898  9898 I t.HiPushService: Explicit concurrent mark compact GC freed 316KB AllocSpace bytes, 1(20KB) LOS objects, 65% free, 3203KB/9347KB, paused 400us,4.045ms total 62.118ms
12-13 23:19:10.781  2253  2377 W ServiceManagerCppClient: Waited one second for vendor.qti.qhcp.IQHDC/default (is service started? Number of threads started in the threadpool: 2. Are binder threads started and available?)
12-13 23:19:10.783  2143  4070 W ServiceManagerCppClient: Waited one second for vendor.qti.qhcp.IQHDC/default (is service started? Number of threads started in the threadpool: 3. Are binder threads started and available?)
12-13 23:19:10.787   983 23047 W libc    : Unable to set property "ctl.interface_start" to "aidl/vendor.qti.qhcp.IQHDC/default": PROP_ERROR_HANDLE_CONTROL_MESSAGE (0x20)
12-13 23:19:10.787   983 23048 W libc    : Unable to set property "ctl.interface_start" to "aidl/vendor.qti.qhcp.IQHDC/default": PROP_ERROR_HANDLE_CONTROL_MESSAGE (0x20)
12-13 23:19:10.789  2152 14128 I sensors-hal: handle_sns_client_event:442, accel_sample(accelcal_available:0): ts=2226611141815391 ns; value = [0.439528, 0.171703, 9.583412], status=3
12-13 23:19:11.015  2510  2793 I AppEyeFwkBlock: do monitor
12-13 23:19:11.389  2152 14128 I sensors-hal: handle_sns_client_event:442, accel_sample(accelcal_available:0): ts=2226611739980391 ns; value = [0.469838, 0.203546, 9.571060], status=3
12-13 23:19:11.445  2510  6210 E HwQoEJNI: sendQoeCmd. open monitor_fd error
12-13 23:19:11.445  2510  6210 I HnDualBandManager: handle2gApStrongWifiRssiChange
12-13 23:19:11.664 17670 17675 E bms_file: file /sys/class/hw_power/charger/direct_charger/direct_charge_succ is invalid
12-13 23:19:11.665 17670 17675 E bms_file: file /sys/class/hw_power/charger/direct_charger_hsc/direct_charge_succ is invalid
12-13 23:19:11.667 17670 17675 E bms_file: file /sys/class/hw_power/charger/direct_charger/direct_charge_succ is invalid
12-13 23:19:11.668 17670 17675 E bms_file: file /sys/class/hw_power/charger/direct_charger_hsc/direct_charge_succ is invalid
12-13 23:19:11.669 17670 17675 E bms_file: file sys/class/hw_power/adsp_dts is invalid
12-13 23:19:11.670 17670 17675 E bms_file: file /sys/class/backlight/panel1-backlight/brightness is invalid
12-13 23:19:11.673 17670 17675 E bms_file: file /sys/class/hw_power/charger/direct_charger/direct_charge_succ is invalid
12-13 23:19:11.674 17670 17675 E bms_file: file /sys/class/hw_power/charger/direct_charger_hsc/direct_charge_succ is invalid
12-13 23:19:11.675 17670 17675 E bms_file: file /sys/class/hw_power/charger/direct_charger/direct_charge_succ is invalid
12-13 23:19:11.675 17670 17675 E bms_file: file /sys/class/hw_power/charger/direct_charger_hsc/direct_charge_succ is invalid
12-13 23:19:11.677 17670 17675 E bms_file: file /sys/class/hw_power/charger/direct_charger/direct_charge_succ is invalid
12-13 23:19:11.677 17670 17675 E bms_file: file /sys/class/hw_power/charger/direct_charger_hsc/direct_charge_succ is invalid
12-13 23:19:11.678 17670 17675 E bms_file: file /sys/class/hw_power/charger/charge_data/iin_thermal is invalid
12-13 23:19:11.678 17670 17675 I bms_behavior: monitor interval count 71
12-13 23:19:11.785  2143  4070 W ServiceManagerCppClient: Waited one second for vendor.qti.qhcp.IQHDC/default (is service started? Number of threads started in the threadpool: 3. Are binder threads started and available?)
12-13 23:19:11.786  2253  2377 W ServiceManagerCppClient: Waited one second for vendor.qti.qhcp.IQHDC/default (is service started? Number of threads started in the threadpool: 2. Are binder threads started and available?)
12-13 23:19:11.791   983 23051 W libc    : Unable to set property "ctl.interface_start" to "aidl/vendor.qti.qhcp.IQHDC/default": PROP_ERROR_HANDLE_CONTROL_MESSAGE (0x20)
12-13 23:19:11.793   983 23052 W libc    : Unable to set property "ctl.interface_start" to "aidl/vendor.qti.qhcp.IQHDC/default": PROP_ERROR_HANDLE_CONTROL_MESSAGE (0x20)
12-13 23:19:11.988  4254  4268 I dxzo    : (REDACTED) appOpsListener %s %s
12-13 23:19:11.989  4254  4268 I dxzo    : (REDACTED) Ignoring irrelevant audio permission changes for package %s
12-13 23:19:11.990  2152 14128 I sensors-hal: handle_sns_client_event:442, accel_sample(accelcal_available:0): ts=2226612341816954 ns; value = [0.430956, 0.193969, 9.596727], status=3
12-13 23:19:12.205  9043  9043 I wpa_supplicant: nl80211: vendor command vendor_id=4980, subcmd=13
12-13 23:19:12.211  8927  8995 I WifiHAL : event received NL80211_CMD_VENDOR, vendor_id = 0x1374, subcmd = 0xd
12-13 23:19:12.211  2710  2710 I cnss-daemon: nl80211 response handler invoked
12-13 23:19:12.211  2710  2710 I cnss-daemon: nl80211_response_handler: cmd 103, vendorID 4980, subcmd 13  received
12-13 23:19:12.214  9043  9043 I wpa_supplicant: nl80211: Ignore unsupported QCA vendor event 13
12-13 23:19:12.589  2152 14128 I sensors-hal: handle_sns_client_event:442, accel_sample(accelcal_available:0): ts=2226612940531485 ns; value = [0.433638, 0.187361, 9.592512], status=3
12-13 23:19:12.788  2143  4070 W ServiceManagerCppClient: Waited one second for vendor.qti.qhcp.IQHDC/default (is service started? Number of threads started in the threadpool: 3. Are binder threads started and available?)
12-13 23:19:12.790  2253  2377 W ServiceManagerCppClient: Waited one second for vendor.qti.qhcp.IQHDC/default (is service started? Number of threads started in the threadpool: 2. Are binder threads started and available?)
12-13 23:19:12.793   983 23053 W libc    : Unable to set property "ctl.interface_start" to "aidl/vendor.qti.qhcp.IQHDC/default": PROP_ERROR_HANDLE_CONTROL_MESSAGE (0x20)
12-13 23:19:12.795   983 23054 W libc    : Unable to set property "ctl.interface_start" to "aidl/vendor.qti.qhcp.IQHDC/default": PROP_ERROR_HANDLE_CONTROL_MESSAGE (0x20)
12-13 23:19:13.189  2152 14128 I sensors-hal: handle_sns_client_event:442, accel_sample(accelcal_available:0): ts=2226613541826068 ns; value = [0.439049, 0.189516, 9.579823], status=3
12-13 23:19:13.790  2152 14128 I sensors-hal: handle_sns_client_event:442, accel_sample(accelcal_available:0): ts=2226614140978047 ns; value = [0.451211, 0.197465, 9.592083], status=3
12-13 23:19:13.791  2143  4070 W ServiceManagerCppClient: Waited one second for vendor.qti.qhcp.IQHDC/default (is service started? Number of threads started in the threadpool: 3. Are binder threads started and available?)
12-13 23:19:13.792  2253  2377 W ServiceManagerCppClient: Waited one second for vendor.qti.qhcp.IQHDC/default (is service started? Number of threads started in the threadpool: 2. Are binder threads started and available?)
12-13 23:19:13.798   983 23055 W libc    : Unable to set property "ctl.interface_start" to "aidl/vendor.qti.qhcp.IQHDC/default": PROP_ERROR_HANDLE_CONTROL_MESSAGE (0x20)
12-13 23:19:13.798   983 23056 W libc    : Unable to set property "ctl.interface_start" to "aidl/vendor.qti.qhcp.IQHDC/default": PROP_ERROR_HANDLE_CONTROL_MESSAGE (0x20)
12-13 23:19:14.211  9043  9043 I wpa_supplicant: nl80211: vendor command vendor_id=4980, subcmd=13
12-13 23:19:14.216  2634  2634 E Thermal-daemon:hn_thermal: [ambient_temp_v2] tempNew :34  tempOld :33
12-13 23:19:14.217  2634  2634 E Thermal-daemon:hn_thermal: [ap] tempNew :33  tempOld :32
12-13 23:19:14.222  8927  8995 I WifiHAL : event received NL80211_CMD_VENDOR, vendor_id = 0x1374, subcmd = 0xd
12-13 23:19:14.222  2710  2710 I cnss-daemon: nl80211 response handler invoked
12-13 23:19:14.223  2710  2710 I cnss-daemon: nl80211_response_handler: cmd 103, vendorID 4980, subcmd 13  received
12-13 23:19:14.223  9043  9043 I wpa_supplicant: nl80211: Ignore unsupported QCA vendor event 13
12-13 23:19:14.273 26180 26180 D BoundBrokerSvc: onRebind: Intent { act=com.google.android.gms.libs.gmscorelogger.service.START dat=chimera-action:/... cmp=com.google.android.gms/.chimera.PersistentDirectBootAwareApiService }
12-13 23:19:14.325  2510  4682 I HwBatteryService: power_ui state= 1 mQuickChargeStatus=1
12-13 23:19:14.325  2510  4682 I HwBatteryService: handleWirelessTxStatus
12-13 23:19:14.325  2510  4682 I HwBatteryService: switch not open, return, mWirelessTxFlag : 0
12-13 23:19:14.325  2510  4682 W HwBatteryService: need return. Invalid value: -1
12-13 23:19:14.325  2510  4682 D HwBatteryService: setHwChargeTimeRemaining, time = -1 String time: -1
12-13 23:19:14.333  2510  6610 I BatteryService: Processing new values: info={chargerAcOnline=false,chargerUsbOnline=true,chargerWirelessOnline=false,maxChargingCurrent=500000,maxChargingVoltage=5000000,batteryStatus=2=CHARGING,batteryHealth=2=GOOD,batteryPresent=true,batteryLevel=73,batteryVoltage=4149,batteryTemperature=328,batteryFullCharge=6589000,batteryChargeCounter=3500000,batteryTechnology=Unknown,batteryCapacityLevel=3=NORMAL,chargerDockOnline=false}, mBatteryLevelCritical=false, mPlugType=2, mLastPlugType=2
12-13 23:19:14.334  2510  6610 I BatteryService: check conditions changed
12-13 23:19:14.338  2510  6610 I BatteryService: Processing new values: info={chargerAcOnline=false,chargerUsbOnline=true,chargerWirelessOnline=false,maxChargingCurrent=500000,maxChargingVoltage=5000000,batteryStatus=2=CHARGING,batteryHealth=2=GOOD,batteryPresent=true,batteryLevel=73,batteryVoltage=4149,batteryTemperature=328,batteryFullCharge=6589000,batteryChargeCounter=3500000,batteryTechnology=Unknown,batteryCapacityLevel=3=NORMAL,chargerDockOnline=false}, mBatteryLevelCritical=false, mPlugType=2, mLastPlugType=2
12-13 23:19:14.338  2510  6610 I BatteryService: check conditions changed
12-13 23:19:14.389  2152 14128 I sensors-hal: handle_sns_client_event:442, accel_sample(accelcal_available:0): ts=2226614732091745 ns; value = [0.473477, 0.195262, 9.577381], status=3
12-13 23:19:14.458  2510  6210 E HwQoEJNI: sendQoeCmd. open monitor_fd error
12-13 23:19:14.458  2510  6210 I HnDualBandManager: handle2gApStrongWifiRssiChange
12-13 23:19:14.549  2510  6210 D WifiEnhanceHomeFenceMonitor: registerHomeAwarenessFence, register back home fence.
12-13 23:19:14.550  2510  6210 I WifiEnhanceHomeFenceMonitor: processBackHomeFence, add back home fence , id : WifiEnhanceHomeFenceMonitor_backHomeFence
12-13 23:19:14.550  2510  6210 D WifiEnhanceHomeFenceMonitor: registerHomeAwarenessFence, register leave home fence.
12-13 23:19:14.550  2510  6210 I WifiEnhanceHomeFenceMonitor: processLeaveHomeFence, add leave home fence , id : WifiEnhanceHomeFenceMonitor_leaveHomeFence
12-13 23:19:14.550  2510  8336 I AwarenessClient: wait result,type=register_fence_by_listener,rId=e2156fc0-db8e-4791-b52a-40ebe1857621,key=WifiEnhanceHomeFenceMonitor_backHomeFence,isNeedCache=true,sysApp=true
12-13 23:19:14.552 23707  2954 I AWARENESS_E_D_P: regByListener rId=e2156fc0-db8e-4791-b52a-40ebe1857621,key=WifiEnhanceHomeFenceMonitor_backHomeFence
12-13 23:19:14.553 23707 23926 I AWARENESS_MFenceFF: c:LocationFence
12-13 23:19:14.553 23707 23926 I AWARENESS_MFenceFF: not support fence, LocationFence
12-13 23:19:14.553 23707 23926 E AWARENESS_ManagedFenceList: createFence fail, AwarenessFence{key='WifiEnhanceHomeFenceMonitor_backHomeFence', type='LocationFence}
12-13 23:19:14.553  2510  8336 I AwarenessClient: wait result,type=register_fence_by_listener,rId=f9cd679b-01c5-45b0-91ac-1750e5cb97f8,key=WifiEnhanceHomeFenceMonitor_leaveHomeFence,isNeedCache=true,sysApp=true
12-13 23:19:14.554 23707  2954 I AWARENESS_E_D_P: regByListener rId=f9cd679b-01c5-45b0-91ac-1750e5cb97f8,key=WifiEnhanceHomeFenceMonitor_leaveHomeFence
12-13 23:19:14.554 23707 23928 I AWARENESS_MFenceFF: c:LocationFence
12-13 23:19:14.554 23707 23928 I AWARENESS_MFenceFF: not support fence, LocationFence
12-13 23:19:14.555 23707 23928 E AWARENESS_ManagedFenceList: createFence fail, AwarenessFence{key='WifiEnhanceHomeFenceMonitor_leaveHomeFence', type='LocationFence}
12-13 23:19:14.555  2510  8336 I WifiEnhanceHomeFenceMonitor: mHomeFenceConnectListener, on result, key = WifiEnhanceHomeFenceMonitor_backHomeFence , code = 0
12-13 23:19:14.555  2510  8336 I AwarenessClient: handle wait rm for WifiEnhanceHomeFenceMonitor_backHomeFence
12-13 23:19:14.556  2510  8336 I WifiEnhanceHomeFenceMonitor: mHomeFenceConnectListener, on result, key = WifiEnhanceHomeFenceMonitor_leaveHomeFence , code = 0
12-13 23:19:14.556  2510  8336 I AwarenessClient: handle wait rm for WifiEnhanceHomeFenceMonitor_leaveHomeFence
12-13 23:19:14.556  2510  8336 I AwarenessClient: dispatch no cached for WifiEnhanceHomeFenceMonitor_backHomeFence
12-13 23:19:14.556 23707 23928 I AWARENESS_D_P_InquiryProviderCallExecMethod: invoke begin, calling pkg name: com.hihonor.awareness
12-13 23:19:14.557  2510  8336 I AwarenessClient: dispatch no cached for WifiEnhanceHomeFenceMonitor_leaveHomeFence
12-13 23:19:14.557 23707 23928 W AWARENESS_D_P_DataQueryComponentContainer: null supplier for: queryCityCode
12-13 23:19:14.557 23707 23928 I AWARENESS_D_P_InquiryProviderCallExecMethod: invoke duration is 0
12-13 23:19:14.558 23707 23928 W Intelli_Analytics_DpIQCacheHelper: inquiry value is null or invalid, refuse update cache
12-13 23:19:14.559 23707 23926 I AWARENESS_D_P_InquiryProviderCallExecMethod: invoke begin, calling pkg name: com.hihonor.awareness
12-13 23:19:14.559 23707 23926 W AWARENESS_D_P_DataQueryComponentContainer: null supplier for: queryCityCode
12-13 23:19:14.559 23707 23926 I AWARENESS_D_P_InquiryProviderCallExecMethod: invoke duration is 0
12-13 23:19:14.560 23707 23926 W Intelli_Analytics_DpIQCacheHelper: inquiry value is null or invalid, refuse update cache
12-13 23:19:14.670  2510  6610 I BatteryService: Processing new values: info={chargerAcOnline=false,chargerUsbOnline=true,chargerWirelessOnline=false,maxChargingCurrent=500000,maxChargingVoltage=5000000,batteryStatus=2=CHARGING,batteryHealth=2=GOOD,batteryPresent=true,batteryLevel=73,batteryVoltage=4149,batteryTemperature=328,batteryFullCharge=6589000,batteryChargeCounter=3500000,batteryTechnology=Unknown,batteryCapacityLevel=3=NORMAL,chargerDockOnline=false}, mBatteryLevelCritical=false, mPlugType=2, mLastPlugType=2
12-13 23:19:14.671  2510  6610 I BatteryService: check conditions changed
12-13 23:19:14.675  2510  6610 I BatteryService: Processing new values: info={chargerAcOnline=false,chargerUsbOnline=true,chargerWirelessOnline=false,maxChargingCurrent=500000,maxChargingVoltage=5000000,batteryStatus=2=CHARGING,batteryHealth=2=GOOD,batteryPresent=true,batteryLevel=73,batteryVoltage=4149,batteryTemperature=328,batteryFullCharge=6589000,batteryChargeCounter=3500000,batteryTechnology=Unknown,batteryCapacityLevel=3=NORMAL,chargerDockOnline=false}, mBatteryLevelCritical=false, mPlugType=2, mLastPlugType=2
12-13 23:19:14.676  2510  6610 I BatteryService: check conditions changed
12-13 23:19:14.794  2143  4070 W ServiceManagerCppClient: Waited one second for vendor.qti.qhcp.IQHDC/default (is service started? Number of threads started in the threadpool: 3. Are binder threads started and available?)
12-13 23:19:14.796  2253  2377 W ServiceManagerCppClient: Waited one second for vendor.qti.qhcp.IQHDC/default (is service started? Number of threads started in the threadpool: 2. Are binder threads started and available?)
12-13 23:19:14.808   983 23058 W libc    : Unable to set property "ctl.interface_start" to "aidl/vendor.qti.qhcp.IQHDC/default": PROP_ERROR_HANDLE_CONTROL_MESSAGE (0x20)
12-13 23:19:14.809   983 23057 W libc    : Unable to set property "ctl.interface_start" to "aidl/vendor.qti.qhcp.IQHDC/default": PROP_ERROR_HANDLE_CONTROL_MESSAGE (0x20)
12-13 23:19:14.975  6963 17677 I HSC_SEC_AI_PLUGIN_FreeVirusUtils: isChargingBattery status2
12-13 23:19:14.976  6963 17677 I HSC_SEC_AI_PLUGIN_FreeTimeScanUtils: free time scan event report: {"WIFI_CONNECTED_STATUS":"1","SCREEN_STATUS":"1","TEMPERATURE_STATUS":"0","START_TIME":"1765638794969","LASTING_TIME":"6"}
12-13 23:19:14.989  2152 14128 I sensors-hal: handle_sns_client_event:442, accel_sample(accelcal_available:0): ts=2226615333423777 ns; value = [0.440102, 0.185733, 9.573691], status=3
12-13 23:19:15.574  2510  2795 W Watchdog: waitState=[0] waitedHalf=[false]
12-13 23:19:15.574  2510  2795 W Watchdog: watchdogKick kickCounter=[150]
12-13 23:19:15.574  2510  2795 I AES     : hangdetect userpet kick to kernel
12-13 23:19:15.575  2510  2782 I InputReader: monitor lock
12-13 23:19:15.575  2510  2782 I EventHub: wake() called
12-13 23:19:15.576  2510  2782 I EventHub: monitor lock
12-13 23:19:15.589  2152 14128 I sensors-hal: handle_sns_client_event:442, accel_sample(accelcal_available:0): ts=2226615930663777 ns; value = [0.435984, 0.189085, 9.591263], status=3
12-13 23:19:15.797  2143  4070 W ServiceManagerCppClient: Waited one second for vendor.qti.qhcp.IQHDC/default (is service started? Number of threads started in the threadpool: 3. Are binder threads started and available?)
12-13 23:19:15.800  2253  2377 W ServiceManagerCppClient: Waited one second for vendor.qti.qhcp.IQHDC/default (is service started? Number of threads started in the threadpool: 2. Are binder threads started and available?)
12-13 23:19:15.803   983 23059 W libc    : Unable to set property "ctl.interface_start" to "aidl/vendor.qti.qhcp.IQHDC/default": PROP_ERROR_HANDLE_CONTROL_MESSAGE (0x20)
12-13 23:19:15.805   983 23060 W libc    : Unable to set property "ctl.interface_start" to "aidl/vendor.qti.qhcp.IQHDC/default": PROP_ERROR_HANDLE_CONTROL_MESSAGE (0x20)
12-13 23:19:16.099  2633  3642 I storaged: storaged_t::event: storage_info refreshed.
12-13 23:19:16.189  2152 14128 I sensors-hal: handle_sns_client_event:442, accel_sample(accelcal_available:0): ts=2226616531766849 ns; value = [0.435457, 0.189037, 9.573167], status=3
12-13 23:19:16.216  9043  9043 I wpa_supplicant: nl80211: vendor command vendor_id=4980, subcmd=13
12-13 23:19:16.222  8927  8995 I WifiHAL : event received NL80211_CMD_VENDOR, vendor_id = 0x1374, subcmd = 0xd
12-13 23:19:16.223  2710  2710 I cnss-daemon: nl80211 response handler invoked
12-13 23:19:16.223  2710  2710 I cnss-daemon: nl80211_response_handler: cmd 103, vendorID 4980, subcmd 13  received
12-13 23:19:16.226  9043  9043 I wpa_supplicant: nl80211: Ignore unsupported QCA vendor event 13
12-13 23:19:16.683 17670 17675 E bms_file: file /sys/class/hw_power/charger/direct_charger/direct_charge_succ is invalid
12-13 23:19:16.684 17670 17675 E bms_file: file /sys/class/hw_power/charger/direct_charger_hsc/direct_charge_succ is invalid
12-13 23:19:16.686 17670 17675 E bms_file: file /sys/class/hw_power/charger/direct_charger/direct_charge_succ is invalid
12-13 23:19:16.687 17670 17675 E bms_file: file /sys/class/hw_power/charger/direct_charger_hsc/direct_charge_succ is invalid
12-13 23:19:16.688 17670 17675 E bms_file: file sys/class/hw_power/adsp_dts is invalid
12-13 23:19:16.689 17670 17675 E bms_file: file /sys/class/backlight/panel1-backlight/brightness is invalid
12-13 23:19:16.692 17670 17675 E bms_file: file /sys/class/hw_power/charger/direct_charger/direct_charge_succ is invalid
12-13 23:19:16.693 17670 17675 E bms_file: file /sys/class/hw_power/charger/direct_charger_hsc/direct_charge_succ is invalid
12-13 23:19:16.694 17670 17675 E bms_file: file /sys/class/hw_power/charger/direct_charger/direct_charge_succ is invalid
12-13 23:19:16.695 17670 17675 E bms_file: file /sys/class/hw_power/charger/direct_charger_hsc/direct_charge_succ is invalid
12-13 23:19:16.697 17670 17675 E bms_file: file /sys/class/hw_power/charger/direct_charger/direct_charge_succ is invalid
12-13 23:19:16.697 17670 17675 E bms_file: file /sys/class/hw_power/charger/direct_charger_hsc/direct_charge_succ is invalid
12-13 23:19:16.698 17670 17675 E bms_file: file /sys/class/hw_power/charger/charge_data/iin_thermal is invalid
12-13 23:19:16.698 17670 17675 I bms_behavior: monitor interval count 72
12-13 23:19:16.789  2152 14128 I sensors-hal: handle_sns_client_event:442, accel_sample(accelcal_available:0): ts=2226617130953360 ns; value = [0.436654, 0.191766, 9.575708], status=3
12-13 23:19:16.800  2143  4070 W ServiceManagerCppClient: Waited one second for vendor.qti.qhcp.IQHDC/default (is service started? Number of threads started in the threadpool: 3. Are binder threads started and available?)
12-13 23:19:16.803  2253  2377 W ServiceManagerCppClient: Waited one second for vendor.qti.qhcp.IQHDC/default (is service started? Number of threads started in the threadpool: 2. Are binder threads started and available?)
12-13 23:19:16.807   983 23061 W libc    : Unable to set property "ctl.interface_start" to "aidl/vendor.qti.qhcp.IQHDC/default": PROP_ERROR_HANDLE_CONTROL_MESSAGE (0x20)
12-13 23:19:16.808   983 23062 W libc    : Unable to set property "ctl.interface_start" to "aidl/vendor.qti.qhcp.IQHDC/default": PROP_ERROR_HANDLE_CONTROL_MESSAGE (0x20)
12-13 23:19:17.015  2510  2793 I AppEyeFwkBlock: do monitor
12-13 23:19:17.389  2152 14128 I sensors-hal: handle_sns_client_event:442, accel_sample(accelcal_available:0): ts=2226617732113047 ns; value = [0.440246, 0.196220, 9.588924], status=3
12-13 23:19:17.472  2510  6210 E HwQoEJNI: sendQoeCmd. open monitor_fd error
12-13 23:19:17.472  2510  6210 I HnDualBandManager: handle2gApStrongWifiRssiChange
12-13 23:19:17.803  2143  4070 W ServiceManagerCppClient: Waited one second for vendor.qti.qhcp.IQHDC/default (is service started? Number of threads started in the threadpool: 3. Are binder threads started and available?)
12-13 23:19:17.806  2253  2377 W ServiceManagerCppClient: Waited one second for vendor.qti.qhcp.IQHDC/default (is service started? Number of threads started in the threadpool: 2. Are binder threads started and available?)
12-13 23:19:17.808   983 23063 W libc    : Unable to set property "ctl.interface_start" to "aidl/vendor.qti.qhcp.IQHDC/default": PROP_ERROR_HANDLE_CONTROL_MESSAGE (0x20)
12-13 23:19:17.810   983 23064 W libc    : Unable to set property "ctl.interface_start" to "aidl/vendor.qti.qhcp.IQHDC/default": PROP_ERROR_HANDLE_CONTROL_MESSAGE (0x20)
12-13 23:19:17.989  2152 14128 I sensors-hal: handle_sns_client_event:442, accel_sample(accelcal_available:0): ts=2226618333254141 ns; value = [0.428275, 0.194209, 9.614636], status=3
12-13 23:19:18.044 23707 23858 I AWARENESS_FenceManager: unbind BrainService
12-13 23:19:18.049 20777 20777 I Brain_AwMsgService: onDestroy
12-13 23:19:18.050 20777 20896 I Brain_Sched: [ts]start tsk applyForResourceUse
12-13 23:19:18.052  2510  2784 I WifiEnhanceMonitor: notifyUidStateChanged
12-13 23:19:18.054  6777 13635 W PowerKit_Impl: Permission Denial: can't CALL powerkit service from pid=20777, uid=10046, pkg=com.hihonor.brain, permission = com.hihonor.android.powerkit.permission.BIND
12-13 23:19:18.054  2278  2310 D AudioPolicyService: getUidState(10046) cacheIter->second.first, return cacheIter->second.second(6)
12-13 23:19:18.055 20777 20896 I Brain_PowerKitUtil: com.hihonor.brain applyForResourceUse result: false
12-13 23:19:18.056 20777 20896 I Brain_Sched: [ts]end tsk
12-13 23:19:18.061  2510  2784 I WifiEnhanceMonitor: notifyUidStateChanged
12-13 23:19:18.063  2278  2310 D AudioPolicyService: getUidState(10046) cacheIter->second.first, return cacheIter->second.second(10)
12-13 23:19:18.222  9043  9043 I wpa_supplicant: nl80211: vendor command vendor_id=4980, subcmd=13
12-13 23:19:18.227  8927  8995 I WifiHAL : event received NL80211_CMD_VENDOR, vendor_id = 0x1374, subcmd = 0xd
12-13 23:19:18.228  2710  2710 I cnss-daemon: nl80211 response handler invoked
12-13 23:19:18.228  2710  2710 I cnss-daemon: nl80211_response_handler: cmd 103, vendorID 4980, subcmd 13  received
12-13 23:19:18.229  9043  9043 I wpa_supplicant: nl80211: Ignore unsupported QCA vendor event 13
12-13 23:19:18.589  2152 14128 I sensors-hal: handle_sns_client_event:442, accel_sample(accelcal_available:0): ts=2226618940451954 ns; value = [0.421188, 0.196363, 9.586830], status=3
12-13 23:19:18.805  2143  4070 W ServiceManagerCppClient: Waited one second for vendor.qti.qhcp.IQHDC/default (is service started? Number of threads started in the threadpool: 3. Are binder threads started and available?)
12-13 23:19:18.808  2253  2377 W ServiceManagerCppClient: Waited one second for vendor.qti.qhcp.IQHDC/default (is service started? Number of threads started in the threadpool: 2. Are binder threads started and available?)
12-13 23:19:18.811   983 23065 W libc    : Unable to set property "ctl.interface_start" to "aidl/vendor.qti.qhcp.IQHDC/default": PROP_ERROR_HANDLE_CONTROL_MESSAGE (0x20)
12-13 23:19:18.817   983 23067 W libc    : Unable to set property "ctl.interface_start" to "aidl/vendor.qti.qhcp.IQHDC/default": PROP_ERROR_HANDLE_CONTROL_MESSAGE (0x20)
12-13 23:19:19.189  2152 14128 I sensors-hal: handle_sns_client_event:442, accel_sample(accelcal_available:0): ts=2226619541819037 ns; value = [0.430142, 0.190329, 9.584530], status=3
12-13 23:19:19.217  2634  2634 E Thermal-daemon:hn_thermal: [ap] tempNew :32  tempOld :33
12-13 23:19:19.680  2510  6210 I WifiNetworkStatsMonitor: total/132/312,com.resultmarketing.whatscard/60/240,com.whatsapp/72/72,unknown:0/0/0,com.autocountsoft.payroll/0/0,unknown:-5/0/0,com.hihonor.mediamaterial/0/0,authenticator.two.factor.authentication.otp/0/0,com.hihonor.android.launcher/0/0,com.openai.chatgpt/0/0,com.cimb.cimbocto/0/0
12-13 23:19:19.701  2510  4794 D ActivityManager: freezing 5325 com.hihonor.systemmanager
12-13 23:19:19.707  2510  4794 D ActivityManager: freezing 18263 com.hihonor.coauthservice
12-13 23:19:19.710  2510  4794 D ActivityManager: freezing 16627 com.hihonor.searchservice
12-13 23:19:19.714  2510  4794 D ActivityManager: freezing 16664 com.hihonor.systemmanager:security_scan
12-13 23:19:19.717  2510  4794 D ActivityManager: freezing 16745 com.hihonor.securitypluginbase:service
12-13 23:19:19.719  2510  4794 D ActivityManager: freezing 16486 com.android.keychain
12-13 23:19:19.725  2510  6242 D InetDiagMessage: Destroyed 0 sockets, proto=IPPROTO_TCP, family=AF_INET, states=14
12-13 23:19:19.727  2510  6242 D InetDiagMessage: Destroyed 0 sockets, proto=IPPROTO_TCP, family=AF_INET6, states=14
12-13 23:19:19.727  2510  6242 D InetDiagMessage: Destroyed live tcp sockets for uids={10114} in 6ms
12-13 23:19:19.729  2510  6242 D InetDiagMessage: Destroyed 0 sockets, proto=IPPROTO_TCP, family=AF_INET, states=14
12-13 23:19:19.731  2510  6242 D InetDiagMessage: Destroyed 0 sockets, proto=IPPROTO_TCP, family=AF_INET6, states=14
12-13 23:19:19.731  2510  6242 D InetDiagMessage: Destroyed live tcp sockets for uids={10123} in 3ms
12-13 23:19:19.789  2152 14128 I sensors-hal: handle_sns_client_event:442, accel_sample(accelcal_available:0): ts=2226620140905495 ns; value = [0.439049, 0.207232, 9.581753], status=3
12-13 23:19:19.809  2143  4070 W ServiceManagerCppClient: Waited one second for vendor.qti.qhcp.IQHDC/default (is service started? Number of threads started in the threadpool: 3. Are binder threads started and available?)
12-13 23:19:19.811  2253  2377 W ServiceManagerCppClient: Waited one second for vendor.qti.qhcp.IQHDC/default (is service started? Number of threads started in the threadpool: 2. Are binder threads started and available?)
12-13 23:19:19.813   983 23068 W libc    : Unable to set property "ctl.interface_start" to "aidl/vendor.qti.qhcp.IQHDC/default": PROP_ERROR_HANDLE_CONTROL_MESSAGE (0x20)
12-13 23:19:19.815   983 23069 W libc    : Unable to set property "ctl.interface_start" to "aidl/vendor.qti.qhcp.IQHDC/default": PROP_ERROR_HANDLE_CONTROL_MESSAGE (0x20)
12-13 23:19:19.836  2510  2571 I system_server: Background young concurrent mark compact GC freed 20MB AllocSpace bytes, 93(2116KB) LOS objects, 17% free, 108MB/131MB, paused 2.252ms,12.151ms total 156.744ms
12-13 23:19:20.226  9043  9043 I wpa_supplicant: nl80211: vendor command vendor_id=4980, subcmd=13
12-13 23:19:20.233  2710  2710 I cnss-daemon: nl80211 response handler invoked
12-13 23:19:20.233  2710  2710 I cnss-daemon: nl80211_response_handler: cmd 103, vendorID 4980, subcmd 13  received
12-13 23:19:20.234  8927  8995 I WifiHAL : event received NL80211_CMD_VENDOR, vendor_id = 0x1374, subcmd = 0xd
12-13 23:19:20.236  9043  9043 I wpa_supplicant: nl80211: Ignore unsupported QCA vendor event 13
12-13 23:19:20.389  2152 14128 I sensors-hal: handle_sns_client_event:442, accel_sample(accelcal_available:0): ts=2226620741809141 ns; value = [0.431483, 0.193059, 9.592051], status=3
12-13 23:19:20.482  2510  6210 E HwQoEJNI: sendQoeCmd. open monitor_fd error
12-13 23:19:20.482  2510  6210 I HnDualBandManager: handle2gApStrongWifiRssiChange
12-13 23:19:20.811  2143  4070 W ServiceManagerCppClient: Waited one second for vendor.qti.qhcp.IQHDC/default (is service started? Number of threads started in the threadpool: 3. Are binder threads started and available?)
12-13 23:19:20.813  2253  2377 W ServiceManagerCppClient: Waited one second for vendor.qti.qhcp.IQHDC/default (is service started? Number of threads started in the threadpool: 2. Are binder threads started and available?)
12-13 23:19:20.820   983 23071 W libc    : Unable to set property "ctl.interface_start" to "aidl/vendor.qti.qhcp.IQHDC/default": PROP_ERROR_HANDLE_CONTROL_MESSAGE (0x20)
12-13 23:19:20.821   983 23070 W libc    : Unable to set property "ctl.interface_start" to "aidl/vendor.qti.qhcp.IQHDC/default": PROP_ERROR_HANDLE_CONTROL_MESSAGE (0x20)
12-13 23:19:20.989  2152 14128 I sensors-hal: handle_sns_client_event:442, accel_sample(accelcal_available:0): ts=2226621341822683 ns; value = [0.434069, 0.186259, 9.573903], status=3
12-13 23:19:21.589  2152 14128 I sensors-hal: handle_sns_client_event:442, accel_sample(accelcal_available:0): ts=2226621940335704 ns; value = [0.437995, 0.176826, 9.604359], status=3
12-13 23:19:21.703 17670 17675 E bms_file: file /sys/class/hw_power/charger/direct_charger/direct_charge_succ is invalid
12-13 23:19:21.704 17670 17675 E bms_file: file /sys/class/hw_power/charger/direct_charger_hsc/direct_charge_succ is invalid
12-13 23:19:21.706 17670 17675 E bms_file: file /sys/class/hw_power/charger/direct_charger/direct_charge_succ is invalid
12-13 23:19:21.707 17670 17675 E bms_file: file /sys/class/hw_power/charger/direct_charger_hsc/direct_charge_succ is invalid
12-13 23:19:21.720 17670 17675 E bms_file: file sys/class/hw_power/adsp_dts is invalid
12-13 23:19:21.721 17670 17675 E bms_file: file /sys/class/backlight/panel1-backlight/brightness is invalid
12-13 23:19:21.723 17670 17675 E bms_file: file /sys/class/hw_power/charger/direct_charger/direct_charge_succ is invalid
12-13 23:19:21.724 17670 17675 E bms_file: file /sys/class/hw_power/charger/direct_charger_hsc/direct_charge_succ is invalid
12-13 23:19:21.725 17670 17675 E bms_file: file /sys/class/hw_power/charger/direct_charger/direct_charge_succ is invalid
12-13 23:19:21.726 17670 17675 E bms_file: file /sys/class/hw_power/charger/direct_charger_hsc/direct_charge_succ is invalid
12-13 23:19:21.727 17670 17675 E bms_file: file /sys/class/hw_power/charger/direct_charger/direct_charge_succ is invalid
12-13 23:19:21.728 17670 17675 E bms_file: file /sys/class/hw_power/charger/direct_charger_hsc/direct_charge_succ is invalid
12-13 23:19:21.728 17670 17675 E bms_file: file /sys/class/hw_power/charger/charge_data/iin_thermal is invalid
12-13 23:19:21.729 17670 17675 I bms_behavior: monitor interval count 73
12-13 23:19:21.815  2143  4070 W ServiceManagerCppClient: Waited one second for vendor.qti.qhcp.IQHDC/default (is service started? Number of threads started in the threadpool: 3. Are binder threads started and available?)
12-13 23:19:21.817  2253  2377 W ServiceManagerCppClient: Waited one second for vendor.qti.qhcp.IQHDC/default (is service started? Number of threads started in the threadpool: 2. Are binder threads started and available?)
12-13 23:19:21.822   983 23072 W libc    : Unable to set property "ctl.interface_start" to "aidl/vendor.qti.qhcp.IQHDC/default": PROP_ERROR_HANDLE_CONTROL_MESSAGE (0x20)
12-13 23:19:21.823   983 23074 W libc    : Unable to set property "ctl.interface_start" to "aidl/vendor.qti.qhcp.IQHDC/default": PROP_ERROR_HANDLE_CONTROL_MESSAGE (0x20)
12-13 23:19:22.190  2152 14128 I sensors-hal: handle_sns_client_event:442, accel_sample(accelcal_available:0): ts=2226622541497370 ns; value = [0.416783, 0.201007, 9.578647], status=3
12-13 23:19:22.232  9043  9043 I wpa_supplicant: nl80211: vendor command vendor_id=4980, subcmd=13
12-13 23:19:22.238  2710  2710 I cnss-daemon: nl80211 response handler invoked
12-13 23:19:22.238  8927  8995 I WifiHAL : event received NL80211_CMD_VENDOR, vendor_id = 0x1374, subcmd = 0xd
12-13 23:19:22.239  2710  2710 I cnss-daemon: nl80211_response_handler: cmd 103, vendorID 4980, subcmd 13  received
12-13 23:19:22.240  9043  9043 I wpa_supplicant: nl80211: Ignore unsupported QCA vendor event 13
12-13 23:19:22.488  2510  4682 I HwBatteryService: power_ui state= 1 mQuickChargeStatus=1
12-13 23:19:22.489  2510  4682 I HwBatteryService: handleWirelessTxStatus
12-13 23:19:22.489  2510  4682 I HwBatteryService: switch not open, return, mWirelessTxFlag : 0
12-13 23:19:22.489  2510  4682 W HwBatteryService: need return. Invalid value: -1
12-13 23:19:22.489  2510  4682 D HwBatteryService: setHwChargeTimeRemaining, time = -1 String time: -1
12-13 23:19:22.498  2510  7025 I BatteryService: Processing new values: info={chargerAcOnline=false,chargerUsbOnline=true,chargerWirelessOnline=false,maxChargingCurrent=500000,maxChargingVoltage=5000000,batteryStatus=2=CHARGING,batteryHealth=2=GOOD,batteryPresent=true,batteryLevel=73,batteryVoltage=4149,batteryTemperature=328,batteryFullCharge=6589000,batteryChargeCounter=3500000,batteryTechnology=Unknown,batteryCapacityLevel=3=NORMAL,chargerDockOnline=false}, mBatteryLevelCritical=false, mPlugType=2, mLastPlugType=2
12-13 23:19:22.500  2510  7025 I BatteryService: check conditions changed
12-13 23:19:22.503  2510  7025 I BatteryService: Processing new values: info={chargerAcOnline=false,chargerUsbOnline=true,chargerWirelessOnline=false,maxChargingCurrent=500000,maxChargingVoltage=5000000,batteryStatus=2=CHARGING,batteryHealth=2=GOOD,batteryPresent=true,batteryLevel=73,batteryVoltage=4149,batteryTemperature=328,batteryFullCharge=6589000,batteryChargeCounter=3500000,batteryTechnology=Unknown,batteryCapacityLevel=3=NORMAL,chargerDockOnline=false}, mBatteryLevelCritical=false, mPlugType=2, mLastPlugType=2
12-13 23:19:22.505  2510  7025 I BatteryService: check conditions changed
12-13 23:19:22.789  2152 14128 I sensors-hal: handle_sns_client_event:442, accel_sample(accelcal_available:0): ts=2226623141805756 ns; value = [0.426838, 0.197608, 9.602157], status=3
12-13 23:19:22.818  2143  4070 W ServiceManagerCppClient: Waited one second for vendor.qti.qhcp.IQHDC/default (is service started? Number of threads started in the threadpool: 3. Are binder threads started and available?)
12-13 23:19:22.819  2253  2377 W ServiceManagerCppClient: Waited one second for vendor.qti.qhcp.IQHDC/default (is service started? Number of threads started in the threadpool: 2. Are binder threads started and available?)
12-13 23:19:22.822   983 23075 W libc    : Unable to set property "ctl.interface_start" to "aidl/vendor.qti.qhcp.IQHDC/default": PROP_ERROR_HANDLE_CONTROL_MESSAGE (0x20)
12-13 23:19:22.823   983 23076 W libc    : Unable to set property "ctl.interface_start" to "aidl/vendor.qti.qhcp.IQHDC/default": PROP_ERROR_HANDLE_CONTROL_MESSAGE (0x20)
12-13 23:19:23.016  2510  2793 I AppEyeFwkBlock: do monitor
12-13 23:19:23.072  2510  6242 D InetDiagMessage: Destroyed 0 sockets, proto=IPPROTO_TCP, family=AF_INET, states=14
12-13 23:19:23.074  2510  6242 D InetDiagMessage: Destroyed 0 sockets, proto=IPPROTO_TCP, family=AF_INET6, states=14
12-13 23:19:23.074  2510  6242 D InetDiagMessage: Destroyed live tcp sockets for uids={10046} in 4ms
12-13 23:19:23.075  2510  6242 D InetDiagMessage: Destroyed 0 sockets, proto=IPPROTO_TCP, family=AF_INET, states=14
12-13 23:19:23.077  2510  6242 D InetDiagMessage: Destroyed 0 sockets, proto=IPPROTO_TCP, family=AF_INET6, states=14
12-13 23:19:23.077  2510  6242 D InetDiagMessage: Destroyed live tcp sockets for uids={20046} in 3ms
12-13 23:19:23.389  2152 14128 I sensors-hal: handle_sns_client_event:442, accel_sample(accelcal_available:0): ts=2226623732867058 ns; value = [0.423295, 0.192484, 9.568063], status=3
12-13 23:19:23.497  2510  6210 E HwQoEJNI: sendQoeCmd. open monitor_fd error
12-13 23:19:23.497  2510  6210 I HnDualBandManager: handle2gApStrongWifiRssiChange
12-13 23:19:23.820  2143  4070 W ServiceManagerCppClient: Waited one second for vendor.qti.qhcp.IQHDC/default (is service started? Number of threads started in the threadpool: 3. Are binder threads started and available?)
12-13 23:19:23.821  2253  2377 W ServiceManagerCppClient: Waited one second for vendor.qti.qhcp.IQHDC/default (is service started? Number of threads started in the threadpool: 2. Are binder threads started and available?)
12-13 23:19:23.830   983 23077 W libc    : Unable to set property "ctl.interface_start" to "aidl/vendor.qti.qhcp.IQHDC/default": PROP_ERROR_HANDLE_CONTROL_MESSAGE (0x20)
12-13 23:19:23.834   983 23078 W libc    : Unable to set property "ctl.interface_start" to "aidl/vendor.qti.qhcp.IQHDC/default": PROP_ERROR_HANDLE_CONTROL_MESSAGE (0x20)
12-13 23:19:23.990  2152 14128 I sensors-hal: handle_sns_client_event:442, accel_sample(accelcal_available:0): ts=2226624331604193 ns; value = [0.437756, 0.189324, 9.593441], status=3
12-13 23:19:24.238  9043  9043 I wpa_supplicant: nl80211: vendor command vendor_id=4980, subcmd=13
12-13 23:19:24.244  2710  2710 I cnss-daemon: nl80211 response handler invoked
12-13 23:19:24.244  2710  2710 I cnss-daemon: nl80211_response_handler: cmd 103, vendorID 4980, subcmd 13  received
12-13 23:19:24.245  8927  8995 I WifiHAL : event received NL80211_CMD_VENDOR, vendor_id = 0x1374, subcmd = 0xd
12-13 23:19:24.247  9043  9043 I wpa_supplicant: nl80211: Ignore unsupported QCA vendor event 13
12-13 23:19:24.551  2510  6210 D WifiEnhanceHomeFenceMonitor: registerHomeAwarenessFence, register back home fence.
12-13 23:19:24.552  2510  6210 I WifiEnhanceHomeFenceMonitor: processBackHomeFence, add back home fence , id : WifiEnhanceHomeFenceMonitor_backHomeFence
12-13 23:19:24.552  2510  6210 D WifiEnhanceHomeFenceMonitor: registerHomeAwarenessFence, register leave home fence.
12-13 23:19:24.552  2510  6210 I WifiEnhanceHomeFenceMonitor: processLeaveHomeFence, add leave home fence , id : WifiEnhanceHomeFenceMonitor_leaveHomeFence
12-13 23:19:24.553  2510  8336 I AwarenessClient: wait result,type=register_fence_by_listener,rId=92cc2c63-1a12-4aea-bd83-9576adb98372,key=WifiEnhanceHomeFenceMonitor_backHomeFence,isNeedCache=true,sysApp=true
12-13 23:19:24.554 23707  2954 I AWARENESS_E_D_P: regByListener rId=92cc2c63-1a12-4aea-bd83-9576adb98372,key=WifiEnhanceHomeFenceMonitor_backHomeFence
12-13 23:19:24.555 23707 23896 I AWARENESS_MFenceFF: c:LocationFence
12-13 23:19:24.555 23707 23896 I AWARENESS_MFenceFF: not support fence, LocationFence
12-13 23:19:24.555 23707 23896 E AWARENESS_ManagedFenceList: createFence fail, AwarenessFence{key='WifiEnhanceHomeFenceMonitor_backHomeFence', type='LocationFence}
12-13 23:19:24.555  2510  8336 I AwarenessClient: wait result,type=register_fence_by_listener,rId=3fd163a5-b2e9-46b1-979a-61308d3686e8,key=WifiEnhanceHomeFenceMonitor_leaveHomeFence,isNeedCache=true,sysApp=true
12-13 23:19:24.556 23707  2954 I AWARENESS_E_D_P: regByListener rId=3fd163a5-b2e9-46b1-979a-61308d3686e8,key=WifiEnhanceHomeFenceMonitor_leaveHomeFence
12-13 23:19:24.557 23707 23924 I AWARENESS_MFenceFF: c:LocationFence
12-13 23:19:24.557 23707 23924 I AWARENESS_MFenceFF: not support fence, LocationFence
12-13 23:19:24.557  2510  8336 I WifiEnhanceHomeFenceMonitor: mHomeFenceConnectListener, on result, key = WifiEnhanceHomeFenceMonitor_backHomeFence , code = 0
12-13 23:19:24.557 23707 23924 E AWARENESS_ManagedFenceList: createFence fail, AwarenessFence{key='WifiEnhanceHomeFenceMonitor_leaveHomeFence', type='LocationFence}
12-13 23:19:24.557  2510  8336 I AwarenessClient: handle wait rm for WifiEnhanceHomeFenceMonitor_backHomeFence
12-13 23:19:24.557  2510  8336 I AwarenessClient: dispatch no cached for WifiEnhanceHomeFenceMonitor_backHomeFence
12-13 23:19:24.557 23707 23896 I AWARENESS_D_P_InquiryProviderCallExecMethod: invoke begin, calling pkg name: com.hihonor.awareness
12-13 23:19:24.558 23707 23896 W AWARENESS_D_P_DataQueryComponentContainer: null supplier for: queryCityCode
12-13 23:19:24.558 23707 23896 I AWARENESS_D_P_InquiryProviderCallExecMethod: invoke duration is 1
12-13 23:19:24.558 23707 23896 W Intelli_Analytics_DpIQCacheHelper: inquiry value is null or invalid, refuse update cache
12-13 23:19:24.558  2510  8336 I WifiEnhanceHomeFenceMonitor: mHomeFenceConnectListener, on result, key = WifiEnhanceHomeFenceMonitor_leaveHomeFence , code = 0
12-13 23:19:24.558  2510  8336 I AwarenessClient: handle wait rm for WifiEnhanceHomeFenceMonitor_leaveHomeFence
12-13 23:19:24.558  2510  8336 I AwarenessClient: dispatch no cached for WifiEnhanceHomeFenceMonitor_leaveHomeFence
12-13 23:19:24.559 23707 23924 I AWARENESS_D_P_InquiryProviderCallExecMethod: invoke begin, calling pkg name: com.hihonor.awareness
12-13 23:19:24.559 23707 23924 W AWARENESS_D_P_DataQueryComponentContainer: null supplier for: queryCityCode
12-13 23:19:24.559 23707 23924 I AWARENESS_D_P_InquiryProviderCallExecMethod: invoke duration is 0
12-13 23:19:24.560 23707 23924 W Intelli_Analytics_DpIQCacheHelper: inquiry value is null or invalid, refuse update cache
12-13 23:19:24.589  2152 14128 I sensors-hal: handle_sns_client_event:442, accel_sample(accelcal_available:0): ts=2226624932293724 ns; value = [0.428945, 0.186307, 9.626621], status=3
12-13 23:19:24.823  2143  4070 W ServiceManagerCppClient: Waited one second for vendor.qti.qhcp.IQHDC/default (is service started? Number of threads started in the threadpool: 3. Are binder threads started and available?)
12-13 23:19:24.824  2253  2377 W ServiceManagerCppClient: Waited one second for vendor.qti.qhcp.IQHDC/default (is service started? Number of threads started in the threadpool: 2. Are binder threads started and available?)
12-13 23:19:24.831   983 23082 W libc    : Unable to set property "ctl.interface_start" to "aidl/vendor.qti.qhcp.IQHDC/default": PROP_ERROR_HANDLE_CONTROL_MESSAGE (0x20)
12-13 23:19:24.832   983 23079 W libc    : Unable to set property "ctl.interface_start" to "aidl/vendor.qti.qhcp.IQHDC/default": PROP_ERROR_HANDLE_CONTROL_MESSAGE (0x20)
12-13 23:19:25.189  2152 14128 I sensors-hal: handle_sns_client_event:442, accel_sample(accelcal_available:0): ts=2226625532936068 ns; value = [0.453988, 0.184392, 9.594205], status=3
12-13 23:19:25.790  2152 14128 I sensors-hal: handle_sns_client_event:442, accel_sample(accelcal_available:0): ts=2226626131585860 ns; value = [0.463900, 0.185733, 9.593676], status=3
12-13 23:19:25.827  2143  4070 W ServiceManagerCppClient: Waited one second for vendor.qti.qhcp.IQHDC/default (is service started? Number of threads started in the threadpool: 3. Are binder threads started and available?)
12-13 23:19:25.828  2253  2377 W ServiceManagerCppClient: Waited one second for vendor.qti.qhcp.IQHDC/default (is service started? Number of threads started in the threadpool: 2. Are binder threads started and available?)
12-13 23:19:25.832   983 23083 W libc    : Unable to set property "ctl.interface_start" to "aidl/vendor.qti.qhcp.IQHDC/default": PROP_ERROR_HANDLE_CONTROL_MESSAGE (0x20)
12-13 23:19:25.833   983 23084 W libc    : Unable to set property "ctl.interface_start" to "aidl/vendor.qti.qhcp.IQHDC/default": PROP_ERROR_HANDLE_CONTROL_MESSAGE (0x20)
12-13 23:19:26.242  9043  9043 I wpa_supplicant: nl80211: vendor command vendor_id=4980, subcmd=13
12-13 23:19:26.248  2710  2710 I cnss-daemon: nl80211 response handler invoked
12-13 23:19:26.249  2710  2710 I cnss-daemon: nl80211_response_handler: cmd 103, vendorID 4980, subcmd 13  received
12-13 23:19:26.250  8927  8995 I WifiHAL : event received NL80211_CMD_VENDOR, vendor_id = 0x1374, subcmd = 0xd
12-13 23:19:26.250  9043  9043 I wpa_supplicant: nl80211: Ignore unsupported QCA vendor event 13
12-13 23:19:26.389  2152 14128 I sensors-hal: handle_sns_client_event:442, accel_sample(accelcal_available:0): ts=2226626732088881 ns; value = [0.462272, 0.174720, 9.612156], status=3
